{"event":"version","sid":"20261006T113531.324236Z-Ha9d4ceab-P00009221","thread":"main","time":"2026-10-06T11:35:31.325662Z","file":"common-init.c","line":57,"evt":"4","exe":"2.50.1 (Apple Git-155)"}
{"event":"start","sid":"20261006T113531.324236Z-Ha9d4ceab-P00009221","thread":"main","time":"2026-10-06T11:35:31.325713Z","file":"common-init.c","line":58,"t_abs":0.001963,"argv":["/Library/Developer/CommandLineTools/usr/bin/git","-C","/var/folders/f1/2xjyyqkn5plc19fx4nt4tpt00000gn/T/flow-dashboard-fanout-research-99GFF9/repo-0","branch","--show-current"]}
{"event":"def_repo","sid":"20261006T113531.324236Z-Ha9d4ceab-P00009221","thread":"main","time":"2026-10-06T11:35:31.325917Z","file":"repository.c","line":241,"repo":1,"worktree":"/private/var/folders/f1/2xjyyqkn5plc19fx4nt4tpt00000gn/T/flow-dashboard-fanout-research-99GFF9/repo-0"}
{"event":"cmd_name","sid":"20261006T113531.324236Z-Ha9d4ceab-P00009221","thread":"main","time":"2026-10-06T11:35:31.325961Z","file":"git.c","line":477,"name":"branch","hierarchy":"branch"}
{"event":"exit","sid":"20261006T113531.324236Z-Ha9d4ceab-P00009221","thread":"main","time":"2026-10-06T11:35:31.326234Z","file":"git.c","line":747,"t_abs":0.002485,"code":0}
{"event":"atexit","sid":"20261006T113531.324236Z-Ha9d4ceab-P00009221","thread":"main","time":"2026-10-06T11:35:31.326243Z","file":"trace2/tr2_tgt_event.c","line":207,"t_abs":0.002494,"code":0}
{"event":"version","sid":"20261006T113531.325577Z-Ha9d4ceab-P0000921c","thread":"main","time":"2026-10-06T11:35:31.328023Z","file":"common-init.c","line":57,"evt":"4","exe":"2.50.1 (Apple Git-155)"}
{"event":"start","sid":"20261006T113531.325577Z-Ha9d4ceab-P0000921c","thread":"main","time":"2026-10-06T11:35:31.328067Z","file":"common-init.c","line":58,"t_abs":0.003135,"argv":["/Library/Developer/CommandLineTools/usr/bin/git","-C","/var/folders/f1/2xjyyqkn5plc19fx4nt4tpt00000gn/T/flow-dashboard-fanout-research-99GFF9/repo-0","rev-parse","--show-toplevel"]}
{"event":"cmd_name","sid":"20261006T113531.325577Z-Ha9d4ceab-P0000921c","thread":"main","time":"2026-10-06T11:35:31.328231Z","file":"git.c","line":477,"name":"rev-parse","hierarchy":"rev-parse"}
{"event":"def_repo","sid":"20261006T113531.325577Z-Ha9d4ceab-P0000921c","thread":"main","time":"2026-10-06T11:35:31.328631Z","file":"repository.c","line":241,"repo":1,"worktree":"/private/var/folders/f1/2xjyyqkn5plc19fx4nt4tpt00000gn/T/flow-dashboard-fanout-research-99GFF9/repo-0"}
{"event":"version","sid":"20261006T113531.327033Z-Ha9d4ceab-P00009226","thread":"main","time":"2026-10-06T11:35:31.328961Z","file":"common-init.c","line":57,"evt":"4","exe":"2.50.1 (Apple Git-155)"}
{"event":"exit","sid":"20261006T113531.325577Z-Ha9d4ceab-P0000921c","thread":"main","time":"2026-10-06T11:35:31.328973Z","file":"git.c","line":747,"t_abs":0.004042,"code":0}
{"event":"start","sid":"20261006T113531.327033Z-Ha9d4ceab-P00009226","thread":"main","time":"2026-10-06T11:35:31.329004Z","file":"common-init.c","line":58,"t_abs":0.002383,"argv":["/Library/Developer/CommandLineTools/usr/bin/git","-C","/var/folders/f1/2xjyyqkn5plc19fx4nt4tpt00000gn/T/flow-dashboard-fanout-research-99GFF9/repo-0","rev-parse","HEAD"]}
{"event":"atexit","sid":"20261006T113531.325577Z-Ha9d4ceab-P0000921c","thread":"main","time":"2026-10-06T11:35:31.329035Z","file":"trace2/tr2_tgt_event.c","line":207,"t_abs":0.004102,"code":0}
{"event":"cmd_name","sid":"20261006T113531.327033Z-Ha9d4ceab-P00009226","thread":"main","time":"2026-10-06T11:35:31.329108Z","file":"git.c","line":477,"name":"rev-parse","hierarchy":"rev-parse"}
{"event":"def_repo","sid":"20261006T113531.327033Z-Ha9d4ceab-P00009226","thread":"main","time":"2026-10-06T11:35:31.329435Z","file":"repository.c","line":241,"repo":1,"worktree":"/private/var/folders/f1/2xjyyqkn5plc19fx4nt4tpt00000gn/T/flow-dashboard-fanout-research-99GFF9/repo-0"}
{"event":"exit","sid":"20261006T113531.327033Z-Ha9d4ceab-P00009226","thread":"main","time":"2026-10-06T11:35:31.329893Z","file":"git.c","line":747,"t_abs":0.003272,"code":0}
{"event":"atexit","sid":"20261006T113531.327033Z-Ha9d4ceab-P00009226","thread":"main","time":"2026-10-06T11:35:31.329912Z","file":"trace2/tr2_tgt_event.c","line":207,"t_abs":0.003292,"code":0}
{"event":"version","sid":"20261006T113531.329693Z-Ha9d4ceab-P0000922b","thread":"main","time":"2026-10-06T11:35:31.330530Z","file":"common-init.c","line":57,"evt":"4","exe":"2.50.1 (Apple Git-155)"}
{"event":"start","sid":"20261006T113531.329693Z-Ha9d4ceab-P0000922b","thread":"main","time":"2026-10-06T11:35:31.330545Z","file":"common-init.c","line":58,"t_abs":0.001257,"argv":["/Library/Developer/CommandLineTools/usr/bin/git","-C","/var/folders/f1/2xjyyqkn5plc19fx4nt4tpt00000gn/T/flow-dashboard-fanout-research-99GFF9/repo-0","status","--porcelain","--untracked-files=normal"]}
{"event":"def_repo","sid":"20261006T113531.329693Z-Ha9d4ceab-P0000922b","thread":"main","time":"2026-10-06T11:35:31.330704Z","file":"repository.c","line":241,"repo":1,"worktree":"/private/var/folders/f1/2xjyyqkn5plc19fx4nt4tpt00000gn/T/flow-dashboard-fanout-research-99GFF9/repo-0"}
{"event":"cmd_name","sid":"20261006T113531.329693Z-Ha9d4ceab-P0000922b","thread":"main","time":"2026-10-06T11:35:31.330933Z","file":"git.c","line":477,"name":"status","hierarchy":"status"}
{"event":"region_enter","sid":"20261006T113531.329693Z-Ha9d4ceab-P0000922b","thread":"main","time":"2026-10-06T11:35:31.331145Z","file":"read-cache.c","line":2357,"repo":1,"nesting":1,"category":"index","label":"do_read_index","msg":".git/index"}
{"event":"region_enter","sid":"20261006T113531.329693Z-Ha9d4ceab-P0000922b","thread":"main","time":"2026-10-06T11:35:31.331189Z","file":"cache-tree.c","line":643,"repo":1,"nesting":2,"category":"cache_tree","label":"read"}
{"event":"region_leave","sid":"20261006T113531.329693Z-Ha9d4ceab-P0000922b","thread":"main","time":"2026-10-06T11:35:31.331200Z","file":"cache-tree.c","line":645,"repo":1,"t_rel":0.000012,"nesting":2,"category":"cache_tree","label":"read"}
{"event":"data","sid":"20261006T113531.329693Z-Ha9d4ceab-P0000922b","thread":"main","time":"2026-10-06T11:35:31.331210Z","file":"read-cache.c","line":2306,"repo":1,"t_abs":0.001922,"t_rel":0.000066,"nesting":2,"category":"index","key":"read/version","value":"2"}
{"event":"data","sid":"20261006T113531.329693Z-Ha9d4ceab-P0000922b","thread":"main","time":"2026-10-06T11:35:31.331223Z","file":"read-cache.c","line":2308,"repo":1,"t_abs":0.001934,"t_rel":0.000078,"nesting":2,"category":"index","key":"read/cache_nr","value":"1"}
{"event":"region_leave","sid":"20261006T113531.329693Z-Ha9d4ceab-P0000922b","thread":"main","time":"2026-10-06T11:35:31.331228Z","file":"read-cache.c","line":2362,"repo":1,"t_rel":0.000083,"nesting":1,"category":"index","label":"do_read_index","msg":".git/index"}
{"event":"region_enter","sid":"20261006T113531.329693Z-Ha9d4ceab-P0000922b","thread":"main","time":"2026-10-06T11:35:31.331238Z","file":"read-cache.c","line":1513,"nesting":1,"category":"index","label":"refresh"}
{"event":"data","sid":"20261006T113531.329693Z-Ha9d4ceab-P0000922b","thread":"main","time":"2026-10-06T11:35:31.331324Z","file":"read-cache.c","line":1595,"t_abs":0.002036,"t_rel":0.000087,"nesting":2,"category":"index","key":"refresh/sum_lstat","value":"1"}
{"event":"data","sid":"20261006T113531.329693Z-Ha9d4ceab-P0000922b","thread":"main","time":"2026-10-06T11:35:31.331333Z","file":"read-cache.c","line":1596,"t_abs":0.002045,"t_rel":0.000096,"nesting":2,"category":"index","key":"refresh/sum_scan","value":"0"}
{"event":"region_leave","sid":"20261006T113531.329693Z-Ha9d4ceab-P0000922b","thread":"main","time":"2026-10-06T11:35:31.331339Z","file":"read-cache.c","line":1597,"t_rel":0.000101,"nesting":1,"category":"index","label":"refresh"}
{"event":"region_enter","sid":"20261006T113531.329693Z-Ha9d4ceab-P0000922b","thread":"main","time":"2026-10-06T11:35:31.331416Z","file":"wt-status.c","line":841,"repo":1,"nesting":1,"category":"status","label":"worktrees"}
{"event":"region_enter","sid":"20261006T113531.329693Z-Ha9d4ceab-P0000922b","thread":"main","time":"2026-10-06T11:35:31.331437Z","file":"diffcore-rename.c","line":1407,"repo":1,"nesting":2,"category":"diff","label":"setup"}
{"event":"region_leave","sid":"20261006T113531.329693Z-Ha9d4ceab-P0000922b","thread":"main","time":"2026-10-06T11:35:31.331442Z","file":"diffcore-rename.c","line":1460,"repo":1,"t_rel":0.000005,"nesting":2,"category":"diff","label":"setup"}
{"event":"region_enter","sid":"20261006T113531.329693Z-Ha9d4ceab-P0000922b","thread":"main","time":"2026-10-06T11:35:31.331471Z","file":"diffcore-rename.c","line":1640,"repo":1,"nesting":2,"category":"diff","label":"write back to queue"}
{"event":"region_leave","sid":"20261006T113531.329693Z-Ha9d4ceab-P0000922b","thread":"main","time":"2026-10-06T11:35:31.331477Z","file":"diffcore-rename.c","line":1717,"repo":1,"t_rel":0.000006,"nesting":2,"category":"diff","label":"write back to queue"}
{"event":"region_leave","sid":"20261006T113531.329693Z-Ha9d4ceab-P0000922b","thread":"main","time":"2026-10-06T11:35:31.331487Z","file":"wt-status.c","line":843,"repo":1,"t_rel":0.000069,"nesting":1,"category":"status","label":"worktrees"}
{"event":"region_enter","sid":"20261006T113531.329693Z-Ha9d4ceab-P0000922b","thread":"main","time":"2026-10-06T11:35:31.331492Z","file":"wt-status.c","line":850,"repo":1,"nesting":1,"category":"status","label":"index"}
{"event":"region_enter","sid":"20261006T113531.329693Z-Ha9d4ceab-P0000922b","thread":"main","time":"2026-10-06T11:35:31.332684Z","file":"unpack-trees.c","line":1905,"repo":1,"nesting":2,"category":"unpack_trees","label":"unpack_trees"}
{"event":"region_leave","sid":"20261006T113531.329693Z-Ha9d4ceab-P0000922b","thread":"main","time":"2026-10-06T11:35:31.332861Z","file":"unpack-trees.c","line":2108,"repo":1,"t_rel":0.000179,"nesting":2,"category":"unpack_trees","label":"unpack_trees"}
{"event":"region_enter","sid":"20261006T113531.329693Z-Ha9d4ceab-P0000922b","thread":"main","time":"2026-10-06T11:35:31.332872Z","file":"diffcore-rename.c","line":1407,"repo":1,"nesting":2,"category":"diff","label":"setup"}
{"event":"region_leave","sid":"20261006T113531.329693Z-Ha9d4ceab-P0000922b","thread":"main","time":"2026-10-06T11:35:31.332879Z","file":"diffcore-rename.c","line":1460,"repo":1,"t_rel":0.000005,"nesting":2,"category":"diff","label":"setup"}
{"event":"region_enter","sid":"20261006T113531.329693Z-Ha9d4ceab-P0000922b","thread":"main","time":"2026-10-06T11:35:31.332886Z","file":"diffcore-rename.c","line":1640,"repo":1,"nesting":2,"category":"diff","label":"write back to queue"}
{"event":"region_leave","sid":"20261006T113531.329693Z-Ha9d4ceab-P0000922b","thread":"main","time":"2026-10-06T11:35:31.332894Z","file":"diffcore-rename.c","line":1717,"repo":1,"t_rel":0.000008,"nesting":2,"category":"diff","label":"write back to queue"}
{"event":"region_leave","sid":"20261006T113531.329693Z-Ha9d4ceab-P0000922b","thread":"main","time":"2026-10-06T11:35:31.332901Z","file":"wt-status.c","line":852,"repo":1,"t_rel":0.001410,"nesting":1,"category":"status","label":"index"}
{"event":"region_enter","sid":"20261006T113531.329693Z-Ha9d4ceab-P0000922b","thread":"main","time":"2026-10-06T11:35:31.332906Z","file":"wt-status.c","line":855,"repo":1,"nesting":1,"category":"status","label":"untracked"}
{"event":"region_enter","sid":"20261006T113531.329693Z-Ha9d4ceab-P0000922b","thread":"main","time":"2026-10-06T11:35:31.333016Z","file":"dir.c","line":3090,"repo":1,"nesting":2,"category":"dir","label":"read_directory"}
{"event":"region_leave","sid":"20261006T113531.329693Z-Ha9d4ceab-P0000922b","thread":"main","time":"2026-10-06T11:35:31.333056Z","file":"dir.c","line":3113,"repo":1,"t_rel":0.000039,"nesting":2,"category":"dir","label":"read_directory"}
{"event":"region_leave","sid":"20261006T113531.329693Z-Ha9d4ceab-P0000922b","thread":"main","time":"2026-10-06T11:35:31.333063Z","file":"wt-status.c","line":857,"repo":1,"t_rel":0.000156,"nesting":1,"category":"status","label":"untracked"}
{"event":"data","sid":"20261006T113531.329693Z-Ha9d4ceab-P0000922b","thread":"main","time":"2026-10-06T11:35:31.333083Z","file":"wt-status.c","line":2569,"repo":1,"t_abs":0.003794,"t_rel":0.003794,"nesting":1,"category":"status","key":"count/changed","value":"0"}
{"event":"data","sid":"20261006T113531.329693Z-Ha9d4ceab-P0000922b","thread":"main","time":"2026-10-06T11:35:31.333089Z","file":"wt-status.c","line":2571,"repo":1,"t_abs":0.003801,"t_rel":0.003801,"nesting":1,"category":"status","key":"count/untracked","value":"0"}
{"event":"data","sid":"20261006T113531.329693Z-Ha9d4ceab-P0000922b","thread":"main","time":"2026-10-06T11:35:31.333113Z","file":"wt-status.c","line":2572,"repo":1,"t_abs":0.003825,"t_rel":0.003825,"nesting":1,"category":"status","key":"count/ignored","value":"0"}
{"event":"region_enter","sid":"20261006T113531.329693Z-Ha9d4ceab-P0000922b","thread":"main","time":"2026-10-06T11:35:31.333117Z","file":"wt-status.c","line":2574,"repo":1,"nesting":1,"category":"status","label":"print"}
{"event":"region_leave","sid":"20261006T113531.329693Z-Ha9d4ceab-P0000922b","thread":"main","time":"2026-10-06T11:35:31.333123Z","file":"wt-status.c","line":2595,"repo":1,"t_rel":0.000006,"nesting":1,"category":"status","label":"print"}
{"event":"exit","sid":"20261006T113531.329693Z-Ha9d4ceab-P0000922b","thread":"main","time":"2026-10-06T11:35:31.333130Z","file":"git.c","line":747,"t_abs":0.003841,"code":0}
{"event":"data_json","sid":"20261006T113531.329693Z-Ha9d4ceab-P0000922b","thread":"main","time":"2026-10-06T11:35:31.333135Z","file":"tree-walk.c","line":186,"repo":1,"t_abs":0.003846,"t_rel":0.003846,"nesting":1,"category":"traverse_trees","key":"statistics","value":{"traverse_trees_count":1,"traverse_trees_max_depth":1}}
{"event":"atexit","sid":"20261006T113531.329693Z-Ha9d4ceab-P0000922b","thread":"main","time":"2026-10-06T11:35:31.333143Z","file":"trace2/tr2_tgt_event.c","line":207,"t_abs":0.003854,"code":0}
{"event":"version","sid":"20261006T113531.332768Z-Ha9d4ceab-P00009230","thread":"main","time":"2026-10-06T11:35:31.334600Z","file":"common-init.c","line":57,"evt":"4","exe":"2.50.1 (Apple Git-155)"}
{"event":"start","sid":"20261006T113531.332768Z-Ha9d4ceab-P00009230","thread":"main","time":"2026-10-06T11:35:31.334646Z","file":"common-init.c","line":58,"t_abs":0.002453,"argv":["/Library/Developer/CommandLineTools/usr/bin/git","-C","/var/folders/f1/2xjyyqkn5plc19fx4nt4tpt00000gn/T/flow-dashboard-fanout-research-99GFF9/repo-1","rev-parse","--show-toplevel"]}
{"event":"cmd_name","sid":"20261006T113531.332768Z-Ha9d4ceab-P00009230","thread":"main","time":"2026-10-06T11:35:31.334766Z","file":"git.c","line":477,"name":"rev-parse","hierarchy":"rev-parse"}
{"event":"def_repo","sid":"20261006T113531.332768Z-Ha9d4ceab-P00009230","thread":"main","time":"2026-10-06T11:35:31.335329Z","file":"repository.c","line":241,"repo":1,"worktree":"/private/var/folders/f1/2xjyyqkn5plc19fx4nt4tpt00000gn/T/flow-dashboard-fanout-research-99GFF9/repo-1"}
{"event":"exit","sid":"20261006T113531.332768Z-Ha9d4ceab-P00009230","thread":"main","time":"2026-10-06T11:35:31.335795Z","file":"git.c","line":747,"t_abs":0.003602,"code":0}
{"event":"atexit","sid":"20261006T113531.332768Z-Ha9d4ceab-P00009230","thread":"main","time":"2026-10-06T11:35:31.335813Z","file":"trace2/tr2_tgt_event.c","line":207,"t_abs":0.003620,"code":0}
{"event":"version","sid":"20261006T113531.335529Z-Ha9d4ceab-P00009244","thread":"main","time":"2026-10-06T11:35:31.336195Z","file":"common-init.c","line":57,"evt":"4","exe":"2.50.1 (Apple Git-155)"}
{"event":"start","sid":"20261006T113531.335529Z-Ha9d4ceab-P00009244","thread":"main","time":"2026-10-06T11:35:31.336211Z","file":"common-init.c","line":58,"t_abs":0.001176,"argv":["/Library/Developer/CommandLineTools/usr/bin/git","-C","/var/folders/f1/2xjyyqkn5plc19fx4nt4tpt00000gn/T/flow-dashboard-fanout-research-99GFF9/repo-2","rev-parse","--show-toplevel"]}
{"event":"cmd_name","sid":"20261006T113531.335529Z-Ha9d4ceab-P00009244","thread":"main","time":"2026-10-06T11:35:31.336279Z","file":"git.c","line":477,"name":"rev-parse","hierarchy":"rev-parse"}
{"event":"version","sid":"20261006T113531.335626Z-Ha9d4ceab-P00009235","thread":"main","time":"2026-10-06T11:35:31.336400Z","file":"common-init.c","line":57,"evt":"4","exe":"2.50.1 (Apple Git-155)"}
{"event":"start","sid":"20261006T113531.335626Z-Ha9d4ceab-P00009235","thread":"main","time":"2026-10-06T11:35:31.336422Z","file":"common-init.c","line":58,"t_abs":0.001269,"argv":["/Library/Developer/CommandLineTools/usr/bin/git","-C","/var/folders/f1/2xjyyqkn5plc19fx4nt4tpt00000gn/T/flow-dashboard-fanout-research-99GFF9/repo-1","branch","--show-current"]}
{"event":"def_repo","sid":"20261006T113531.335529Z-Ha9d4ceab-P00009244","thread":"main","time":"2026-10-06T11:35:31.336463Z","file":"repository.c","line":241,"repo":1,"worktree":"/private/var/folders/f1/2xjyyqkn5plc19fx4nt4tpt00000gn/T/flow-dashboard-fanout-research-99GFF9/repo-2"}
{"event":"def_repo","sid":"20261006T113531.335626Z-Ha9d4ceab-P00009235","thread":"main","time":"2026-10-06T11:35:31.336686Z","file":"repository.c","line":241,"repo":1,"worktree":"/private/var/folders/f1/2xjyyqkn5plc19fx4nt4tpt00000gn/T/flow-dashboard-fanout-research-99GFF9/repo-1"}
{"event":"cmd_name","sid":"20261006T113531.335626Z-Ha9d4ceab-P00009235","thread":"main","time":"2026-10-06T11:35:31.336719Z","file":"git.c","line":477,"name":"branch","hierarchy":"branch"}
{"event":"version","sid":"20261006T113531.335718Z-Ha9d4ceab-P0000923a","thread":"main","time":"2026-10-06T11:35:31.336732Z","file":"common-init.c","line":57,"evt":"4","exe":"2.50.1 (Apple Git-155)"}
{"event":"start","sid":"20261006T113531.335718Z-Ha9d4ceab-P0000923a","thread":"main","time":"2026-10-06T11:35:31.336745Z","file":"common-init.c","line":58,"t_abs":0.001919,"argv":["/Library/Developer/CommandLineTools/usr/bin/git","-C","/var/folders/f1/2xjyyqkn5plc19fx4nt4tpt00000gn/T/flow-dashboard-fanout-research-99GFF9/repo-1","rev-parse","HEAD"]}
{"event":"exit","sid":"20261006T113531.335529Z-Ha9d4ceab-P00009244","thread":"main","time":"2026-10-06T11:35:31.336789Z","file":"git.c","line":747,"t_abs":0.001754,"code":0}
{"event":"atexit","sid":"20261006T113531.335529Z-Ha9d4ceab-P00009244","thread":"main","time":"2026-10-06T11:35:31.336797Z","file":"trace2/tr2_tgt_event.c","line":207,"t_abs":0.001763,"code":0}
{"event":"cmd_name","sid":"20261006T113531.335718Z-Ha9d4ceab-P0000923a","thread":"main","time":"2026-10-06T11:35:31.336821Z","file":"git.c","line":477,"name":"rev-parse","hierarchy":"rev-parse"}
{"event":"def_repo","sid":"20261006T113531.335718Z-Ha9d4ceab-P0000923a","thread":"main","time":"2026-10-06T11:35:31.337103Z","file":"repository.c","line":241,"repo":1,"worktree":"/private/var/folders/f1/2xjyyqkn5plc19fx4nt4tpt00000gn/T/flow-dashboard-fanout-research-99GFF9/repo-1"}
{"event":"version","sid":"20261006T113531.336484Z-Ha9d4ceab-P0000923f","thread":"main","time":"2026-10-06T11:35:31.337147Z","file":"common-init.c","line":57,"evt":"4","exe":"2.50.1 (Apple Git-155)"}
{"event":"start","sid":"20261006T113531.336484Z-Ha9d4ceab-P0000923f","thread":"main","time":"2026-10-06T11:35:31.337161Z","file":"common-init.c","line":58,"t_abs":0.001100,"argv":["/Library/Developer/CommandLineTools/usr/bin/git","-C","/var/folders/f1/2xjyyqkn5plc19fx4nt4tpt00000gn/T/flow-dashboard-fanout-research-99GFF9/repo-1","status","--porcelain","--untracked-files=normal"]}
{"event":"exit","sid":"20261006T113531.335626Z-Ha9d4ceab-P00009235","thread":"main","time":"2026-10-06T11:35:31.337195Z","file":"git.c","line":747,"t_abs":0.002042,"code":0}
{"event":"atexit","sid":"20261006T113531.335626Z-Ha9d4ceab-P00009235","thread":"main","time":"2026-10-06T11:35:31.337208Z","file":"trace2/tr2_tgt_event.c","line":207,"t_abs":0.002055,"code":0}
{"event":"def_repo","sid":"20261006T113531.336484Z-Ha9d4ceab-P0000923f","thread":"main","time":"2026-10-06T11:35:31.337435Z","file":"repository.c","line":241,"repo":1,"worktree":"/private/var/folders/f1/2xjyyqkn5plc19fx4nt4tpt00000gn/T/flow-dashboard-fanout-research-99GFF9/repo-1"}
{"event":"exit","sid":"20261006T113531.335718Z-Ha9d4ceab-P0000923a","thread":"main","time":"2026-10-06T11:35:31.337561Z","file":"git.c","line":747,"t_abs":0.002735,"code":0}
{"event":"atexit","sid":"20261006T113531.335718Z-Ha9d4ceab-P0000923a","thread":"main","time":"2026-10-06T11:35:31.337572Z","file":"trace2/tr2_tgt_event.c","line":207,"t_abs":0.002746,"code":0}
{"event":"cmd_name","sid":"20261006T113531.336484Z-Ha9d4ceab-P0000923f","thread":"main","time":"2026-10-06T11:35:31.337670Z","file":"git.c","line":477,"name":"status","hierarchy":"status"}
{"event":"version","sid":"20261006T113531.337217Z-Ha9d4ceab-P00009249","thread":"main","time":"2026-10-06T11:35:31.337782Z","file":"common-init.c","line":57,"evt":"4","exe":"2.50.1 (Apple Git-155)"}
{"event":"start","sid":"20261006T113531.337217Z-Ha9d4ceab-P00009249","thread":"main","time":"2026-10-06T11:35:31.337798Z","file":"common-init.c","line":58,"t_abs":0.001011,"argv":["/Library/Developer/CommandLineTools/usr/bin/git","-C","/var/folders/f1/2xjyyqkn5plc19fx4nt4tpt00000gn/T/flow-dashboard-fanout-research-99GFF9/repo-2","branch","--show-current"]}
{"event":"region_enter","sid":"20261006T113531.336484Z-Ha9d4ceab-P0000923f","thread":"main","time":"2026-10-06T11:35:31.337933Z","file":"read-cache.c","line":2357,"repo":1,"nesting":1,"category":"index","label":"do_read_index","msg":".git/index"}
{"event":"region_enter","sid":"20261006T113531.336484Z-Ha9d4ceab-P0000923f","thread":"main","time":"2026-10-06T11:35:31.337984Z","file":"cache-tree.c","line":643,"repo":1,"nesting":2,"category":"cache_tree","label":"read"}
{"event":"region_leave","sid":"20261006T113531.336484Z-Ha9d4ceab-P0000923f","thread":"main","time":"2026-10-06T11:35:31.337992Z","file":"cache-tree.c","line":645,"repo":1,"t_rel":0.000008,"nesting":2,"category":"cache_tree","label":"read"}
{"event":"data","sid":"20261006T113531.336484Z-Ha9d4ceab-P0000923f","thread":"main","time":"2026-10-06T11:35:31.338006Z","file":"read-cache.c","line":2306,"repo":1,"t_abs":0.001945,"t_rel":0.000073,"nesting":2,"category":"index","key":"read/version","value":"2"}
{"event":"data","sid":"20261006T113531.336484Z-Ha9d4ceab-P0000923f","thread":"main","time":"2026-10-06T11:35:31.338012Z","file":"read-cache.c","line":2308,"repo":1,"t_abs":0.001952,"t_rel":0.000080,"nesting":2,"category":"index","key":"read/cache_nr","value":"1"}
{"event":"region_leave","sid":"20261006T113531.336484Z-Ha9d4ceab-P0000923f","thread":"main","time":"2026-10-06T11:35:31.338019Z","file":"read-cache.c","line":2362,"repo":1,"t_rel":0.000087,"nesting":1,"category":"index","label":"do_read_index","msg":".git/index"}
{"event":"region_enter","sid":"20261006T113531.336484Z-Ha9d4ceab-P0000923f","thread":"main","time":"2026-10-06T11:35:31.338029Z","file":"read-cache.c","line":1513,"nesting":1,"category":"index","label":"refresh"}
{"event":"def_repo","sid":"20261006T113531.337217Z-Ha9d4ceab-P00009249","thread":"main","time":"2026-10-06T11:35:31.338029Z","file":"repository.c","line":241,"repo":1,"worktree":"/private/var/folders/f1/2xjyyqkn5plc19fx4nt4tpt00000gn/T/flow-dashboard-fanout-research-99GFF9/repo-2"}
{"event":"cmd_name","sid":"20261006T113531.337217Z-Ha9d4ceab-P00009249","thread":"main","time":"2026-10-06T11:35:31.338068Z","file":"git.c","line":477,"name":"branch","hierarchy":"branch"}
{"event":"data","sid":"20261006T113531.336484Z-Ha9d4ceab-P0000923f","thread":"main","time":"2026-10-06T11:35:31.338114Z","file":"read-cache.c","line":1595,"t_abs":0.002053,"t_rel":0.000085,"nesting":2,"category":"index","key":"refresh/sum_lstat","value":"1"}
{"event":"data","sid":"20261006T113531.336484Z-Ha9d4ceab-P0000923f","thread":"main","time":"2026-10-06T11:35:31.338125Z","file":"read-cache.c","line":1596,"t_abs":0.002065,"t_rel":0.000097,"nesting":2,"category":"index","key":"refresh/sum_scan","value":"0"}
{"event":"region_leave","sid":"20261006T113531.336484Z-Ha9d4ceab-P0000923f","thread":"main","time":"2026-10-06T11:35:31.338132Z","file":"read-cache.c","line":1597,"t_rel":0.000102,"nesting":1,"category":"index","label":"refresh"}
{"event":"region_enter","sid":"20261006T113531.336484Z-Ha9d4ceab-P0000923f","thread":"main","time":"2026-10-06T11:35:31.338206Z","file":"wt-status.c","line":841,"repo":1,"nesting":1,"category":"status","label":"worktrees"}
{"event":"region_enter","sid":"20261006T113531.336484Z-Ha9d4ceab-P0000923f","thread":"main","time":"2026-10-06T11:35:31.338224Z","file":"diffcore-rename.c","line":1407,"repo":1,"nesting":2,"category":"diff","label":"setup"}
{"event":"region_leave","sid":"20261006T113531.336484Z-Ha9d4ceab-P0000923f","thread":"main","time":"2026-10-06T11:35:31.338230Z","file":"diffcore-rename.c","line":1460,"repo":1,"t_rel":0.000006,"nesting":2,"category":"diff","label":"setup"}
{"event":"region_enter","sid":"20261006T113531.336484Z-Ha9d4ceab-P0000923f","thread":"main","time":"2026-10-06T11:35:31.338247Z","file":"diffcore-rename.c","line":1640,"repo":1,"nesting":2,"category":"diff","label":"write back to queue"}
{"event":"region_leave","sid":"20261006T113531.336484Z-Ha9d4ceab-P0000923f","thread":"main","time":"2026-10-06T11:35:31.338253Z","file":"diffcore-rename.c","line":1717,"repo":1,"t_rel":0.000005,"nesting":2,"category":"diff","label":"write back to queue"}
{"event":"region_leave","sid":"20261006T113531.336484Z-Ha9d4ceab-P0000923f","thread":"main","time":"2026-10-06T11:35:31.338261Z","file":"wt-status.c","line":843,"repo":1,"t_rel":0.000055,"nesting":1,"category":"status","label":"worktrees"}
{"event":"region_enter","sid":"20261006T113531.336484Z-Ha9d4ceab-P0000923f","thread":"main","time":"2026-10-06T11:35:31.338266Z","file":"wt-status.c","line":850,"repo":1,"nesting":1,"category":"status","label":"index"}
{"event":"exit","sid":"20261006T113531.337217Z-Ha9d4ceab-P00009249","thread":"main","time":"2026-10-06T11:35:31.338411Z","file":"git.c","line":747,"t_abs":0.001623,"code":0}
{"event":"atexit","sid":"20261006T113531.337217Z-Ha9d4ceab-P00009249","thread":"main","time":"2026-10-06T11:35:31.338421Z","file":"trace2/tr2_tgt_event.c","line":207,"t_abs":0.001633,"code":0}
{"event":"region_enter","sid":"20261006T113531.336484Z-Ha9d4ceab-P0000923f","thread":"main","time":"2026-10-06T11:35:31.339088Z","file":"unpack-trees.c","line":1905,"repo":1,"nesting":2,"category":"unpack_trees","label":"unpack_trees"}
{"event":"region_leave","sid":"20261006T113531.336484Z-Ha9d4ceab-P0000923f","thread":"main","time":"2026-10-06T11:35:31.339177Z","file":"unpack-trees.c","line":2108,"repo":1,"t_rel":0.000090,"nesting":2,"category":"unpack_trees","label":"unpack_trees"}
{"event":"region_enter","sid":"20261006T113531.336484Z-Ha9d4ceab-P0000923f","thread":"main","time":"2026-10-06T11:35:31.339185Z","file":"diffcore-rename.c","line":1407,"repo":1,"nesting":2,"category":"diff","label":"setup"}
{"event":"region_leave","sid":"20261006T113531.336484Z-Ha9d4ceab-P0000923f","thread":"main","time":"2026-10-06T11:35:31.339189Z","file":"diffcore-rename.c","line":1460,"repo":1,"t_rel":0.000004,"nesting":2,"category":"diff","label":"setup"}
{"event":"region_enter","sid":"20261006T113531.336484Z-Ha9d4ceab-P0000923f","thread":"main","time":"2026-10-06T11:35:31.339193Z","file":"diffcore-rename.c","line":1640,"repo":1,"nesting":2,"category":"diff","label":"write back to queue"}
{"event":"region_leave","sid":"20261006T113531.336484Z-Ha9d4ceab-P0000923f","thread":"main","time":"2026-10-06T11:35:31.339197Z","file":"diffcore-rename.c","line":1717,"repo":1,"t_rel":0.000004,"nesting":2,"category":"diff","label":"write back to queue"}
{"event":"region_leave","sid":"20261006T113531.336484Z-Ha9d4ceab-P0000923f","thread":"main","time":"2026-10-06T11:35:31.339203Z","file":"wt-status.c","line":852,"repo":1,"t_rel":0.000937,"nesting":1,"category":"status","label":"index"}
{"event":"region_enter","sid":"20261006T113531.336484Z-Ha9d4ceab-P0000923f","thread":"main","time":"2026-10-06T11:35:31.339207Z","file":"wt-status.c","line":855,"repo":1,"nesting":1,"category":"status","label":"untracked"}
{"event":"region_enter","sid":"20261006T113531.336484Z-Ha9d4ceab-P0000923f","thread":"main","time":"2026-10-06T11:35:31.339260Z","file":"dir.c","line":3090,"repo":1,"nesting":2,"category":"dir","label":"read_directory"}
{"event":"region_leave","sid":"20261006T113531.336484Z-Ha9d4ceab-P0000923f","thread":"main","time":"2026-10-06T11:35:31.339290Z","file":"dir.c","line":3113,"repo":1,"t_rel":0.000030,"nesting":2,"category":"dir","label":"read_directory"}
{"event":"region_leave","sid":"20261006T113531.336484Z-Ha9d4ceab-P0000923f","thread":"main","time":"2026-10-06T11:35:31.339296Z","file":"wt-status.c","line":857,"repo":1,"t_rel":0.000088,"nesting":1,"category":"status","label":"untracked"}
{"event":"data","sid":"20261006T113531.336484Z-Ha9d4ceab-P0000923f","thread":"main","time":"2026-10-06T11:35:31.339320Z","file":"wt-status.c","line":2569,"repo":1,"t_abs":0.003260,"t_rel":0.003260,"nesting":1,"category":"status","key":"count/changed","value":"0"}
{"event":"data","sid":"20261006T113531.336484Z-Ha9d4ceab-P0000923f","thread":"main","time":"2026-10-06T11:35:31.339339Z","file":"wt-status.c","line":2571,"repo":1,"t_abs":0.003279,"t_rel":0.003279,"nesting":1,"category":"status","key":"count/untracked","value":"0"}
{"event":"data","sid":"20261006T113531.336484Z-Ha9d4ceab-P0000923f","thread":"main","time":"2026-10-06T11:35:31.339344Z","file":"wt-status.c","line":2572,"repo":1,"t_abs":0.003283,"t_rel":0.003283,"nesting":1,"category":"status","key":"count/ignored","value":"0"}
{"event":"region_enter","sid":"20261006T113531.336484Z-Ha9d4ceab-P0000923f","thread":"main","time":"2026-10-06T11:35:31.339348Z","file":"wt-status.c","line":2574,"repo":1,"nesting":1,"category":"status","label":"print"}
{"event":"region_leave","sid":"20261006T113531.336484Z-Ha9d4ceab-P0000923f","thread":"main","time":"2026-10-06T11:35:31.339353Z","file":"wt-status.c","line":2595,"repo":1,"t_rel":0.000006,"nesting":1,"category":"status","label":"print"}
{"event":"exit","sid":"20261006T113531.336484Z-Ha9d4ceab-P0000923f","thread":"main","time":"2026-10-06T11:35:31.339359Z","file":"git.c","line":747,"t_abs":0.003298,"code":0}
{"event":"data_json","sid":"20261006T113531.336484Z-Ha9d4ceab-P0000923f","thread":"main","time":"2026-10-06T11:35:31.339363Z","file":"tree-walk.c","line":186,"repo":1,"t_abs":0.003303,"t_rel":0.003303,"nesting":1,"category":"traverse_trees","key":"statistics","value":{"traverse_trees_count":1,"traverse_trees_max_depth":1}}
{"event":"atexit","sid":"20261006T113531.336484Z-Ha9d4ceab-P0000923f","thread":"main","time":"2026-10-06T11:35:31.339369Z","file":"trace2/tr2_tgt_event.c","line":207,"t_abs":0.003308,"code":0}
{"event":"version","sid":"20261006T113531.340819Z-Ha9d4ceab-P00009253","thread":"main","time":"2026-10-06T11:35:31.341304Z","file":"common-init.c","line":57,"evt":"4","exe":"2.50.1 (Apple Git-155)"}
{"event":"version","sid":"20261006T113531.340877Z-Ha9d4ceab-P0000924e","thread":"main","time":"2026-10-06T11:35:31.341317Z","file":"common-init.c","line":57,"evt":"4","exe":"2.50.1 (Apple Git-155)"}
{"event":"start","sid":"20261006T113531.340819Z-Ha9d4ceab-P00009253","thread":"main","time":"2026-10-06T11:35:31.341320Z","file":"common-init.c","line":58,"t_abs":0.000867,"argv":["/Library/Developer/CommandLineTools/usr/bin/git","-C","/var/folders/f1/2xjyyqkn5plc19fx4nt4tpt00000gn/T/flow-dashboard-fanout-research-99GFF9/repo-2","status","--porcelain","--untracked-files=normal"]}
{"event":"start","sid":"20261006T113531.340877Z-Ha9d4ceab-P0000924e","thread":"main","time":"2026-10-06T11:35:31.341329Z","file":"common-init.c","line":58,"t_abs":0.000773,"argv":["/Library/Developer/CommandLineTools/usr/bin/git","-C","/var/folders/f1/2xjyyqkn5plc19fx4nt4tpt00000gn/T/flow-dashboard-fanout-research-99GFF9/repo-2","rev-parse","HEAD"]}
{"event":"cmd_name","sid":"20261006T113531.340877Z-Ha9d4ceab-P0000924e","thread":"main","time":"2026-10-06T11:35:31.341407Z","file":"git.c","line":477,"name":"rev-parse","hierarchy":"rev-parse"}
{"event":"def_repo","sid":"20261006T113531.340819Z-Ha9d4ceab-P00009253","thread":"main","time":"2026-10-06T11:35:31.341547Z","file":"repository.c","line":241,"repo":1,"worktree":"/private/var/folders/f1/2xjyyqkn5plc19fx4nt4tpt00000gn/T/flow-dashboard-fanout-research-99GFF9/repo-2"}
{"event":"def_repo","sid":"20261006T113531.340877Z-Ha9d4ceab-P0000924e","thread":"main","time":"2026-10-06T11:35:31.341574Z","file":"repository.c","line":241,"repo":1,"worktree":"/private/var/folders/f1/2xjyyqkn5plc19fx4nt4tpt00000gn/T/flow-dashboard-fanout-research-99GFF9/repo-2"}
{"event":"cmd_name","sid":"20261006T113531.340819Z-Ha9d4ceab-P00009253","thread":"main","time":"2026-10-06T11:35:31.341824Z","file":"git.c","line":477,"name":"status","hierarchy":"status"}
{"event":"exit","sid":"20261006T113531.340877Z-Ha9d4ceab-P0000924e","thread":"main","time":"2026-10-06T11:35:31.341899Z","file":"git.c","line":747,"t_abs":0.001342,"code":0}
{"event":"atexit","sid":"20261006T113531.340877Z-Ha9d4ceab-P0000924e","thread":"main","time":"2026-10-06T11:35:31.341929Z","file":"trace2/tr2_tgt_event.c","line":207,"t_abs":0.001372,"code":0}
{"event":"version","sid":"20261006T113531.341568Z-Ha9d4ceab-P00009258","thread":"main","time":"2026-10-06T11:35:31.342021Z","file":"common-init.c","line":57,"evt":"4","exe":"2.50.1 (Apple Git-155)"}
{"event":"start","sid":"20261006T113531.341568Z-Ha9d4ceab-P00009258","thread":"main","time":"2026-10-06T11:35:31.342034Z","file":"common-init.c","line":58,"t_abs":0.000832,"argv":["/Library/Developer/CommandLineTools/usr/bin/git","-C","/var/folders/f1/2xjyyqkn5plc19fx4nt4tpt00000gn/T/flow-dashboard-fanout-research-99GFF9/repo-3","rev-parse","--show-toplevel"]}
{"event":"region_enter","sid":"20261006T113531.340819Z-Ha9d4ceab-P00009253","thread":"main","time":"2026-10-06T11:35:31.342096Z","file":"read-cache.c","line":2357,"repo":1,"nesting":1,"category":"index","label":"do_read_index","msg":".git/index"}
{"event":"cmd_name","sid":"20261006T113531.341568Z-Ha9d4ceab-P00009258","thread":"main","time":"2026-10-06T11:35:31.342117Z","file":"git.c","line":477,"name":"rev-parse","hierarchy":"rev-parse"}
{"event":"region_enter","sid":"20261006T113531.340819Z-Ha9d4ceab-P00009253","thread":"main","time":"2026-10-06T11:35:31.342156Z","file":"cache-tree.c","line":643,"repo":1,"nesting":2,"category":"cache_tree","label":"read"}
{"event":"region_leave","sid":"20261006T113531.340819Z-Ha9d4ceab-P00009253","thread":"main","time":"2026-10-06T11:35:31.342164Z","file":"cache-tree.c","line":645,"repo":1,"t_rel":0.000009,"nesting":2,"category":"cache_tree","label":"read"}
{"event":"data","sid":"20261006T113531.340819Z-Ha9d4ceab-P00009253","thread":"main","time":"2026-10-06T11:35:31.342172Z","file":"read-cache.c","line":2306,"repo":1,"t_abs":0.001720,"t_rel":0.000076,"nesting":2,"category":"index","key":"read/version","value":"2"}
{"event":"data","sid":"20261006T113531.340819Z-Ha9d4ceab-P00009253","thread":"main","time":"2026-10-06T11:35:31.342192Z","file":"read-cache.c","line":2308,"repo":1,"t_abs":0.001740,"t_rel":0.000096,"nesting":2,"category":"index","key":"read/cache_nr","value":"1"}
{"event":"region_leave","sid":"20261006T113531.340819Z-Ha9d4ceab-P00009253","thread":"main","time":"2026-10-06T11:35:31.342200Z","file":"read-cache.c","line":2362,"repo":1,"t_rel":0.000103,"nesting":1,"category":"index","label":"do_read_index","msg":".git/index"}
{"event":"region_enter","sid":"20261006T113531.340819Z-Ha9d4ceab-P00009253","thread":"main","time":"2026-10-06T11:35:31.342208Z","file":"read-cache.c","line":1513,"nesting":1,"category":"index","label":"refresh"}
{"event":"data","sid":"20261006T113531.340819Z-Ha9d4ceab-P00009253","thread":"main","time":"2026-10-06T11:35:31.342352Z","file":"read-cache.c","line":1595,"t_abs":0.001899,"t_rel":0.000143,"nesting":2,"category":"index","key":"refresh/sum_lstat","value":"1"}
{"event":"data","sid":"20261006T113531.340819Z-Ha9d4ceab-P00009253","thread":"main","time":"2026-10-06T11:35:31.342360Z","file":"read-cache.c","line":1596,"t_abs":0.001907,"t_rel":0.000151,"nesting":2,"category":"index","key":"refresh/sum_scan","value":"0"}
{"event":"region_leave","sid":"20261006T113531.340819Z-Ha9d4ceab-P00009253","thread":"main","time":"2026-10-06T11:35:31.342365Z","file":"read-cache.c","line":1597,"t_rel":0.000156,"nesting":1,"category":"index","label":"refresh"}
{"event":"def_repo","sid":"20261006T113531.341568Z-Ha9d4ceab-P00009258","thread":"main","time":"2026-10-06T11:35:31.342368Z","file":"repository.c","line":241,"repo":1,"worktree":"/private/var/folders/f1/2xjyyqkn5plc19fx4nt4tpt00000gn/T/flow-dashboard-fanout-research-99GFF9/repo-3"}
{"event":"region_enter","sid":"20261006T113531.340819Z-Ha9d4ceab-P00009253","thread":"main","time":"2026-10-06T11:35:31.342424Z","file":"wt-status.c","line":841,"repo":1,"nesting":1,"category":"status","label":"worktrees"}
{"event":"region_enter","sid":"20261006T113531.340819Z-Ha9d4ceab-P00009253","thread":"main","time":"2026-10-06T11:35:31.342440Z","file":"diffcore-rename.c","line":1407,"repo":1,"nesting":2,"category":"diff","label":"setup"}
{"event":"region_leave","sid":"20261006T113531.340819Z-Ha9d4ceab-P00009253","thread":"main","time":"2026-10-06T11:35:31.342458Z","file":"diffcore-rename.c","line":1460,"repo":1,"t_rel":0.000019,"nesting":2,"category":"diff","label":"setup"}
{"event":"region_enter","sid":"20261006T113531.340819Z-Ha9d4ceab-P00009253","thread":"main","time":"2026-10-06T11:35:31.342462Z","file":"diffcore-rename.c","line":1640,"repo":1,"nesting":2,"category":"diff","label":"write back to queue"}
{"event":"region_leave","sid":"20261006T113531.340819Z-Ha9d4ceab-P00009253","thread":"main","time":"2026-10-06T11:35:31.342466Z","file":"diffcore-rename.c","line":1717,"repo":1,"t_rel":0.000004,"nesting":2,"category":"diff","label":"write back to queue"}
{"event":"region_leave","sid":"20261006T113531.340819Z-Ha9d4ceab-P00009253","thread":"main","time":"2026-10-06T11:35:31.342472Z","file":"wt-status.c","line":843,"repo":1,"t_rel":0.000053,"nesting":1,"category":"status","label":"worktrees"}
{"event":"region_enter","sid":"20261006T113531.340819Z-Ha9d4ceab-P00009253","thread":"main","time":"2026-10-06T11:35:31.342476Z","file":"wt-status.c","line":850,"repo":1,"nesting":1,"category":"status","label":"index"}
{"event":"version","sid":"20261006T113531.342177Z-Ha9d4ceab-P00009262","thread":"main","time":"2026-10-06T11:35:31.342531Z","file":"common-init.c","line":57,"evt":"4","exe":"2.50.1 (Apple Git-155)"}
{"event":"start","sid":"20261006T113531.342177Z-Ha9d4ceab-P00009262","thread":"main","time":"2026-10-06T11:35:31.342539Z","file":"common-init.c","line":58,"t_abs":0.000798,"argv":["/Library/Developer/CommandLineTools/usr/bin/git","-C","/var/folders/f1/2xjyyqkn5plc19fx4nt4tpt00000gn/T/flow-dashboard-fanout-research-99GFF9/repo-3","rev-parse","HEAD"]}
{"event":"exit","sid":"20261006T113531.341568Z-Ha9d4ceab-P00009258","thread":"main","time":"2026-10-06T11:35:31.342546Z","file":"git.c","line":747,"t_abs":0.001344,"code":0}
{"event":"atexit","sid":"20261006T113531.341568Z-Ha9d4ceab-P00009258","thread":"main","time":"2026-10-06T11:35:31.342553Z","file":"trace2/tr2_tgt_event.c","line":207,"t_abs":0.001352,"code":0}
{"event":"cmd_name","sid":"20261006T113531.342177Z-Ha9d4ceab-P00009262","thread":"main","time":"2026-10-06T11:35:31.342580Z","file":"git.c","line":477,"name":"rev-parse","hierarchy":"rev-parse"}
{"event":"def_repo","sid":"20261006T113531.342177Z-Ha9d4ceab-P00009262","thread":"main","time":"2026-10-06T11:35:31.342678Z","file":"repository.c","line":241,"repo":1,"worktree":"/private/var/folders/f1/2xjyyqkn5plc19fx4nt4tpt00000gn/T/flow-dashboard-fanout-research-99GFF9/repo-3"}
{"event":"version","sid":"20261006T113531.342217Z-Ha9d4ceab-P0000925d","thread":"main","time":"2026-10-06T11:35:31.342712Z","file":"common-init.c","line":57,"evt":"4","exe":"2.50.1 (Apple Git-155)"}
{"event":"start","sid":"20261006T113531.342217Z-Ha9d4ceab-P0000925d","thread":"main","time":"2026-10-06T11:35:31.342737Z","file":"common-init.c","line":58,"t_abs":0.000965,"argv":["/Library/Developer/CommandLineTools/usr/bin/git","-C","/var/folders/f1/2xjyyqkn5plc19fx4nt4tpt00000gn/T/flow-dashboard-fanout-research-99GFF9/repo-3","branch","--show-current"]}
{"event":"def_repo","sid":"20261006T113531.342217Z-Ha9d4ceab-P0000925d","thread":"main","time":"2026-10-06T11:35:31.342994Z","file":"repository.c","line":241,"repo":1,"worktree":"/private/var/folders/f1/2xjyyqkn5plc19fx4nt4tpt00000gn/T/flow-dashboard-fanout-research-99GFF9/repo-3"}
{"event":"exit","sid":"20261006T113531.342177Z-Ha9d4ceab-P00009262","thread":"main","time":"2026-10-06T11:35:31.343018Z","file":"git.c","line":747,"t_abs":0.001277,"code":0}
{"event":"cmd_name","sid":"20261006T113531.342217Z-Ha9d4ceab-P0000925d","thread":"main","time":"2026-10-06T11:35:31.343028Z","file":"git.c","line":477,"name":"branch","hierarchy":"branch"}
{"event":"atexit","sid":"20261006T113531.342177Z-Ha9d4ceab-P00009262","thread":"main","time":"2026-10-06T11:35:31.343029Z","file":"trace2/tr2_tgt_event.c","line":207,"t_abs":0.001288,"code":0}
{"event":"region_enter","sid":"20261006T113531.340819Z-Ha9d4ceab-P00009253","thread":"main","time":"2026-10-06T11:35:31.343303Z","file":"unpack-trees.c","line":1905,"repo":1,"nesting":2,"category":"unpack_trees","label":"unpack_trees"}
{"event":"exit","sid":"20261006T113531.342217Z-Ha9d4ceab-P0000925d","thread":"main","time":"2026-10-06T11:35:31.343326Z","file":"git.c","line":747,"t_abs":0.001554,"code":0}
{"event":"atexit","sid":"20261006T113531.342217Z-Ha9d4ceab-P0000925d","thread":"main","time":"2026-10-06T11:35:31.343340Z","file":"trace2/tr2_tgt_event.c","line":207,"t_abs":0.001568,"code":0}
{"event":"region_leave","sid":"20261006T113531.340819Z-Ha9d4ceab-P00009253","thread":"main","time":"2026-10-06T11:35:31.343393Z","file":"unpack-trees.c","line":2108,"repo":1,"t_rel":0.000089,"nesting":2,"category":"unpack_trees","label":"unpack_trees"}
{"event":"region_enter","sid":"20261006T113531.340819Z-Ha9d4ceab-P00009253","thread":"main","time":"2026-10-06T11:35:31.343402Z","file":"diffcore-rename.c","line":1407,"repo":1,"nesting":2,"category":"diff","label":"setup"}
{"event":"region_leave","sid":"20261006T113531.340819Z-Ha9d4ceab-P00009253","thread":"main","time":"2026-10-06T11:35:31.343406Z","file":"diffcore-rename.c","line":1460,"repo":1,"t_rel":0.000004,"nesting":2,"category":"diff","label":"setup"}
{"event":"region_enter","sid":"20261006T113531.340819Z-Ha9d4ceab-P00009253","thread":"main","time":"2026-10-06T11:35:31.343410Z","file":"diffcore-rename.c","line":1640,"repo":1,"nesting":2,"category":"diff","label":"write back to queue"}
{"event":"region_leave","sid":"20261006T113531.340819Z-Ha9d4ceab-P00009253","thread":"main","time":"2026-10-06T11:35:31.343414Z","file":"diffcore-rename.c","line":1717,"repo":1,"t_rel":0.000004,"nesting":2,"category":"diff","label":"write back to queue"}
{"event":"region_leave","sid":"20261006T113531.340819Z-Ha9d4ceab-P00009253","thread":"main","time":"2026-10-06T11:35:31.343419Z","file":"wt-status.c","line":852,"repo":1,"t_rel":0.000942,"nesting":1,"category":"status","label":"index"}
{"event":"region_enter","sid":"20261006T113531.340819Z-Ha9d4ceab-P00009253","thread":"main","time":"2026-10-06T11:35:31.343422Z","file":"wt-status.c","line":855,"repo":1,"nesting":1,"category":"status","label":"untracked"}
{"event":"region_enter","sid":"20261006T113531.340819Z-Ha9d4ceab-P00009253","thread":"main","time":"2026-10-06T11:35:31.343472Z","file":"dir.c","line":3090,"repo":1,"nesting":2,"category":"dir","label":"read_directory"}
{"event":"region_leave","sid":"20261006T113531.340819Z-Ha9d4ceab-P00009253","thread":"main","time":"2026-10-06T11:35:31.343502Z","file":"dir.c","line":3113,"repo":1,"t_rel":0.000030,"nesting":2,"category":"dir","label":"read_directory"}
{"event":"region_leave","sid":"20261006T113531.340819Z-Ha9d4ceab-P00009253","thread":"main","time":"2026-10-06T11:35:31.343507Z","file":"wt-status.c","line":857,"repo":1,"t_rel":0.000085,"nesting":1,"category":"status","label":"untracked"}
{"event":"data","sid":"20261006T113531.340819Z-Ha9d4ceab-P00009253","thread":"main","time":"2026-10-06T11:35:31.343527Z","file":"wt-status.c","line":2569,"repo":1,"t_abs":0.003075,"t_rel":0.003075,"nesting":1,"category":"status","key":"count/changed","value":"0"}
{"event":"data","sid":"20261006T113531.340819Z-Ha9d4ceab-P00009253","thread":"main","time":"2026-10-06T11:35:31.343532Z","file":"wt-status.c","line":2571,"repo":1,"t_abs":0.003080,"t_rel":0.003080,"nesting":1,"category":"status","key":"count/untracked","value":"0"}
{"event":"data","sid":"20261006T113531.340819Z-Ha9d4ceab-P00009253","thread":"main","time":"2026-10-06T11:35:31.343537Z","file":"wt-status.c","line":2572,"repo":1,"t_abs":0.003084,"t_rel":0.003084,"nesting":1,"category":"status","key":"count/ignored","value":"0"}
{"event":"region_enter","sid":"20261006T113531.340819Z-Ha9d4ceab-P00009253","thread":"main","time":"2026-10-06T11:35:31.343541Z","file":"wt-status.c","line":2574,"repo":1,"nesting":1,"category":"status","label":"print"}
{"event":"region_leave","sid":"20261006T113531.340819Z-Ha9d4ceab-P00009253","thread":"main","time":"2026-10-06T11:35:31.343546Z","file":"wt-status.c","line":2595,"repo":1,"t_rel":0.000005,"nesting":1,"category":"status","label":"print"}
{"event":"exit","sid":"20261006T113531.340819Z-Ha9d4ceab-P00009253","thread":"main","time":"2026-10-06T11:35:31.343563Z","file":"git.c","line":747,"t_abs":0.003110,"code":0}
{"event":"data_json","sid":"20261006T113531.340819Z-Ha9d4ceab-P00009253","thread":"main","time":"2026-10-06T11:35:31.343568Z","file":"tree-walk.c","line":186,"repo":1,"t_abs":0.003115,"t_rel":0.003115,"nesting":1,"category":"traverse_trees","key":"statistics","value":{"traverse_trees_count":1,"traverse_trees_max_depth":1}}
{"event":"atexit","sid":"20261006T113531.340819Z-Ha9d4ceab-P00009253","thread":"main","time":"2026-10-06T11:35:31.343573Z","file":"trace2/tr2_tgt_event.c","line":207,"t_abs":0.003121,"code":0}
{"event":"version","sid":"20261006T113531.344037Z-Ha9d4ceab-P00009267","thread":"main","time":"2026-10-06T11:35:31.344381Z","file":"common-init.c","line":57,"evt":"4","exe":"2.50.1 (Apple Git-155)"}
{"event":"start","sid":"20261006T113531.344037Z-Ha9d4ceab-P00009267","thread":"main","time":"2026-10-06T11:35:31.344394Z","file":"common-init.c","line":58,"t_abs":0.000633,"argv":["/Library/Developer/CommandLineTools/usr/bin/git","-C","/var/folders/f1/2xjyyqkn5plc19fx4nt4tpt00000gn/T/flow-dashboard-fanout-research-99GFF9/repo-3","status","--porcelain","--untracked-files=normal"]}
{"event":"def_repo","sid":"20261006T113531.344037Z-Ha9d4ceab-P00009267","thread":"main","time":"2026-10-06T11:35:31.344551Z","file":"repository.c","line":241,"repo":1,"worktree":"/private/var/folders/f1/2xjyyqkn5plc19fx4nt4tpt00000gn/T/flow-dashboard-fanout-research-99GFF9/repo-3"}
{"event":"cmd_name","sid":"20261006T113531.344037Z-Ha9d4ceab-P00009267","thread":"main","time":"2026-10-06T11:35:31.344722Z","file":"git.c","line":477,"name":"status","hierarchy":"status"}
{"event":"region_enter","sid":"20261006T113531.344037Z-Ha9d4ceab-P00009267","thread":"main","time":"2026-10-06T11:35:31.344887Z","file":"read-cache.c","line":2357,"repo":1,"nesting":1,"category":"index","label":"do_read_index","msg":".git/index"}
{"event":"region_enter","sid":"20261006T113531.344037Z-Ha9d4ceab-P00009267","thread":"main","time":"2026-10-06T11:35:31.344919Z","file":"cache-tree.c","line":643,"repo":1,"nesting":2,"category":"cache_tree","label":"read"}
{"event":"region_leave","sid":"20261006T113531.344037Z-Ha9d4ceab-P00009267","thread":"main","time":"2026-10-06T11:35:31.344926Z","file":"cache-tree.c","line":645,"repo":1,"t_rel":0.000006,"nesting":2,"category":"cache_tree","label":"read"}
{"event":"data","sid":"20261006T113531.344037Z-Ha9d4ceab-P00009267","thread":"main","time":"2026-10-06T11:35:31.344937Z","file":"read-cache.c","line":2306,"repo":1,"t_abs":0.001176,"t_rel":0.000050,"nesting":2,"category":"index","key":"read/version","value":"2"}
{"event":"data","sid":"20261006T113531.344037Z-Ha9d4ceab-P00009267","thread":"main","time":"2026-10-06T11:35:31.344942Z","file":"read-cache.c","line":2308,"repo":1,"t_abs":0.001182,"t_rel":0.000056,"nesting":2,"category":"index","key":"read/cache_nr","value":"1"}
{"event":"region_leave","sid":"20261006T113531.344037Z-Ha9d4ceab-P00009267","thread":"main","time":"2026-10-06T11:35:31.344948Z","file":"read-cache.c","line":2362,"repo":1,"t_rel":0.000062,"nesting":1,"category":"index","label":"do_read_index","msg":".git/index"}
{"event":"region_enter","sid":"20261006T113531.344037Z-Ha9d4ceab-P00009267","thread":"main","time":"2026-10-06T11:35:31.344957Z","file":"read-cache.c","line":1513,"nesting":1,"category":"index","label":"refresh"}
{"event":"data","sid":"20261006T113531.344037Z-Ha9d4ceab-P00009267","thread":"main","time":"2026-10-06T11:35:31.345024Z","file":"read-cache.c","line":1595,"t_abs":0.001264,"t_rel":0.000068,"nesting":2,"category":"index","key":"refresh/sum_lstat","value":"1"}
{"event":"data","sid":"20261006T113531.344037Z-Ha9d4ceab-P00009267","thread":"main","time":"2026-10-06T11:35:31.345030Z","file":"read-cache.c","line":1596,"t_abs":0.001269,"t_rel":0.000073,"nesting":2,"category":"index","key":"refresh/sum_scan","value":"0"}
{"event":"region_leave","sid":"20261006T113531.344037Z-Ha9d4ceab-P00009267","thread":"main","time":"2026-10-06T11:35:31.345053Z","file":"read-cache.c","line":1597,"t_rel":0.000097,"nesting":1,"category":"index","label":"refresh"}
{"event":"region_enter","sid":"20261006T113531.344037Z-Ha9d4ceab-P00009267","thread":"main","time":"2026-10-06T11:35:31.345098Z","file":"wt-status.c","line":841,"repo":1,"nesting":1,"category":"status","label":"worktrees"}
{"event":"region_enter","sid":"20261006T113531.344037Z-Ha9d4ceab-P00009267","thread":"main","time":"2026-10-06T11:35:31.345111Z","file":"diffcore-rename.c","line":1407,"repo":1,"nesting":2,"category":"diff","label":"setup"}
{"event":"region_leave","sid":"20261006T113531.344037Z-Ha9d4ceab-P00009267","thread":"main","time":"2026-10-06T11:35:31.345115Z","file":"diffcore-rename.c","line":1460,"repo":1,"t_rel":0.000004,"nesting":2,"category":"diff","label":"setup"}
{"event":"region_enter","sid":"20261006T113531.344037Z-Ha9d4ceab-P00009267","thread":"main","time":"2026-10-06T11:35:31.345119Z","file":"diffcore-rename.c","line":1640,"repo":1,"nesting":2,"category":"diff","label":"write back to queue"}
{"event":"region_leave","sid":"20261006T113531.344037Z-Ha9d4ceab-P00009267","thread":"main","time":"2026-10-06T11:35:31.345122Z","file":"diffcore-rename.c","line":1717,"repo":1,"t_rel":0.000003,"nesting":2,"category":"diff","label":"write back to queue"}
{"event":"region_leave","sid":"20261006T113531.344037Z-Ha9d4ceab-P00009267","thread":"main","time":"2026-10-06T11:35:31.345128Z","file":"wt-status.c","line":843,"repo":1,"t_rel":0.000031,"nesting":1,"category":"status","label":"worktrees"}
{"event":"region_enter","sid":"20261006T113531.344037Z-Ha9d4ceab-P00009267","thread":"main","time":"2026-10-06T11:35:31.345132Z","file":"wt-status.c","line":850,"repo":1,"nesting":1,"category":"status","label":"index"}
{"event":"region_enter","sid":"20261006T113531.344037Z-Ha9d4ceab-P00009267","thread":"main","time":"2026-10-06T11:35:31.345839Z","file":"unpack-trees.c","line":1905,"repo":1,"nesting":2,"category":"unpack_trees","label":"unpack_trees"}
{"event":"region_leave","sid":"20261006T113531.344037Z-Ha9d4ceab-P00009267","thread":"main","time":"2026-10-06T11:35:31.345911Z","file":"unpack-trees.c","line":2108,"repo":1,"t_rel":0.000072,"nesting":2,"category":"unpack_trees","label":"unpack_trees"}
{"event":"region_enter","sid":"20261006T113531.344037Z-Ha9d4ceab-P00009267","thread":"main","time":"2026-10-06T11:35:31.345917Z","file":"diffcore-rename.c","line":1407,"repo":1,"nesting":2,"category":"diff","label":"setup"}
{"event":"region_leave","sid":"20261006T113531.344037Z-Ha9d4ceab-P00009267","thread":"main","time":"2026-10-06T11:35:31.345920Z","file":"diffcore-rename.c","line":1460,"repo":1,"t_rel":0.000004,"nesting":2,"category":"diff","label":"setup"}
{"event":"region_enter","sid":"20261006T113531.344037Z-Ha9d4ceab-P00009267","thread":"main","time":"2026-10-06T11:35:31.345924Z","file":"diffcore-rename.c","line":1640,"repo":1,"nesting":2,"category":"diff","label":"write back to queue"}
{"event":"region_leave","sid":"20261006T113531.344037Z-Ha9d4ceab-P00009267","thread":"main","time":"2026-10-06T11:35:31.345928Z","file":"diffcore-rename.c","line":1717,"repo":1,"t_rel":0.000004,"nesting":2,"category":"diff","label":"write back to queue"}
{"event":"region_leave","sid":"20261006T113531.344037Z-Ha9d4ceab-P00009267","thread":"main","time":"2026-10-06T11:35:31.345933Z","file":"wt-status.c","line":852,"repo":1,"t_rel":0.000802,"nesting":1,"category":"status","label":"index"}
{"event":"region_enter","sid":"20261006T113531.344037Z-Ha9d4ceab-P00009267","thread":"main","time":"2026-10-06T11:35:31.345937Z","file":"wt-status.c","line":855,"repo":1,"nesting":1,"category":"status","label":"untracked"}
{"event":"region_enter","sid":"20261006T113531.344037Z-Ha9d4ceab-P00009267","thread":"main","time":"2026-10-06T11:35:31.345984Z","file":"dir.c","line":3090,"repo":1,"nesting":2,"category":"dir","label":"read_directory"}
{"event":"region_leave","sid":"20261006T113531.344037Z-Ha9d4ceab-P00009267","thread":"main","time":"2026-10-06T11:35:31.346011Z","file":"dir.c","line":3113,"repo":1,"t_rel":0.000027,"nesting":2,"category":"dir","label":"read_directory"}
{"event":"region_leave","sid":"20261006T113531.344037Z-Ha9d4ceab-P00009267","thread":"main","time":"2026-10-06T11:35:31.346028Z","file":"wt-status.c","line":857,"repo":1,"t_rel":0.000092,"nesting":1,"category":"status","label":"untracked"}
{"event":"data","sid":"20261006T113531.344037Z-Ha9d4ceab-P00009267","thread":"main","time":"2026-10-06T11:35:31.346046Z","file":"wt-status.c","line":2569,"repo":1,"t_abs":0.002286,"t_rel":0.002286,"nesting":1,"category":"status","key":"count/changed","value":"0"}
{"event":"data","sid":"20261006T113531.344037Z-Ha9d4ceab-P00009267","thread":"main","time":"2026-10-06T11:35:31.346051Z","file":"wt-status.c","line":2571,"repo":1,"t_abs":0.002290,"t_rel":0.002290,"nesting":1,"category":"status","key":"count/untracked","value":"0"}
{"event":"data","sid":"20261006T113531.344037Z-Ha9d4ceab-P00009267","thread":"main","time":"2026-10-06T11:35:31.346055Z","file":"wt-status.c","line":2572,"repo":1,"t_abs":0.002294,"t_rel":0.002294,"nesting":1,"category":"status","key":"count/ignored","value":"0"}
{"event":"region_enter","sid":"20261006T113531.344037Z-Ha9d4ceab-P00009267","thread":"main","time":"2026-10-06T11:35:31.346059Z","file":"wt-status.c","line":2574,"repo":1,"nesting":1,"category":"status","label":"print"}
{"event":"region_leave","sid":"20261006T113531.344037Z-Ha9d4ceab-P00009267","thread":"main","time":"2026-10-06T11:35:31.346063Z","file":"wt-status.c","line":2595,"repo":1,"t_rel":0.000005,"nesting":1,"category":"status","label":"print"}
{"event":"exit","sid":"20261006T113531.344037Z-Ha9d4ceab-P00009267","thread":"main","time":"2026-10-06T11:35:31.346069Z","file":"git.c","line":747,"t_abs":0.002308,"code":0}
{"event":"data_json","sid":"20261006T113531.344037Z-Ha9d4ceab-P00009267","thread":"main","time":"2026-10-06T11:35:31.346073Z","file":"tree-walk.c","line":186,"repo":1,"t_abs":0.002313,"t_rel":0.002313,"nesting":1,"category":"traverse_trees","key":"statistics","value":{"traverse_trees_count":1,"traverse_trees_max_depth":1}}
{"event":"atexit","sid":"20261006T113531.344037Z-Ha9d4ceab-P00009267","thread":"main","time":"2026-10-06T11:35:31.346078Z","file":"trace2/tr2_tgt_event.c","line":207,"t_abs":0.002317,"code":0}
