{"event":"version","sid":"20261006T113531.245347Z-Ha9d4ceab-P00009210","thread":"main","time":"2026-10-06T11:35:31.245893Z","file":"common-init.c","line":57,"evt":"4","exe":"2.50.1 (Apple Git-155)"}
{"event":"version","sid":"20261006T113531.245362Z-Ha9d4ceab-P0000920b","thread":"main","time":"2026-10-06T11:35:31.245925Z","file":"common-init.c","line":57,"evt":"4","exe":"2.50.1 (Apple Git-155)"}
{"event":"start","sid":"20261006T113531.245347Z-Ha9d4ceab-P00009210","thread":"main","time":"2026-10-06T11:35:31.245944Z","file":"common-init.c","line":58,"t_abs":0.001126,"argv":["/Library/Developer/CommandLineTools/usr/bin/git","-C","/var/folders/f1/2xjyyqkn5plc19fx4nt4tpt00000gn/T/flow-dashboard-fanout-research-99GFF9/repo-0","status","--porcelain","--untracked-files=normal"]}
{"event":"start","sid":"20261006T113531.245362Z-Ha9d4ceab-P0000920b","thread":"main","time":"2026-10-06T11:35:31.245947Z","file":"common-init.c","line":58,"t_abs":0.001123,"argv":["/Library/Developer/CommandLineTools/usr/bin/git","-C","/var/folders/f1/2xjyyqkn5plc19fx4nt4tpt00000gn/T/flow-dashboard-fanout-research-99GFF9/repo-0","rev-parse","HEAD"]}
{"event":"cmd_name","sid":"20261006T113531.245362Z-Ha9d4ceab-P0000920b","thread":"main","time":"2026-10-06T11:35:31.246013Z","file":"git.c","line":477,"name":"rev-parse","hierarchy":"rev-parse"}
{"event":"version","sid":"20261006T113531.245370Z-Ha9d4ceab-P00009201","thread":"main","time":"2026-10-06T11:35:31.246065Z","file":"common-init.c","line":57,"evt":"4","exe":"2.50.1 (Apple Git-155)"}
{"event":"start","sid":"20261006T113531.245370Z-Ha9d4ceab-P00009201","thread":"main","time":"2026-10-06T11:35:31.246077Z","file":"common-init.c","line":58,"t_abs":0.001247,"argv":["/Library/Developer/CommandLineTools/usr/bin/git","-C","/var/folders/f1/2xjyyqkn5plc19fx4nt4tpt00000gn/T/flow-dashboard-fanout-research-99GFF9/repo-0","rev-parse","--show-toplevel"]}
{"event":"cmd_name","sid":"20261006T113531.245370Z-Ha9d4ceab-P00009201","thread":"main","time":"2026-10-06T11:35:31.246126Z","file":"git.c","line":477,"name":"rev-parse","hierarchy":"rev-parse"}
{"event":"version","sid":"20261006T113531.245504Z-Ha9d4ceab-P00009206","thread":"main","time":"2026-10-06T11:35:31.246125Z","file":"common-init.c","line":57,"evt":"4","exe":"2.50.1 (Apple Git-155)"}
{"event":"def_repo","sid":"20261006T113531.245362Z-Ha9d4ceab-P0000920b","thread":"main","time":"2026-10-06T11:35:31.246142Z","file":"repository.c","line":241,"repo":1,"worktree":"/private/var/folders/f1/2xjyyqkn5plc19fx4nt4tpt00000gn/T/flow-dashboard-fanout-research-99GFF9/repo-0"}
{"event":"def_repo","sid":"20261006T113531.245347Z-Ha9d4ceab-P00009210","thread":"main","time":"2026-10-06T11:35:31.246149Z","file":"repository.c","line":241,"repo":1,"worktree":"/private/var/folders/f1/2xjyyqkn5plc19fx4nt4tpt00000gn/T/flow-dashboard-fanout-research-99GFF9/repo-0"}
{"event":"start","sid":"20261006T113531.245504Z-Ha9d4ceab-P00009206","thread":"main","time":"2026-10-06T11:35:31.246148Z","file":"common-init.c","line":58,"t_abs":0.001236,"argv":["/Library/Developer/CommandLineTools/usr/bin/git","-C","/var/folders/f1/2xjyyqkn5plc19fx4nt4tpt00000gn/T/flow-dashboard-fanout-research-99GFF9/repo-0","branch","--show-current"]}
{"event":"def_repo","sid":"20261006T113531.245370Z-Ha9d4ceab-P00009201","thread":"main","time":"2026-10-06T11:35:31.246314Z","file":"repository.c","line":241,"repo":1,"worktree":"/private/var/folders/f1/2xjyyqkn5plc19fx4nt4tpt00000gn/T/flow-dashboard-fanout-research-99GFF9/repo-0"}
{"event":"def_repo","sid":"20261006T113531.245504Z-Ha9d4ceab-P00009206","thread":"main","time":"2026-10-06T11:35:31.246570Z","file":"repository.c","line":241,"repo":1,"worktree":"/private/var/folders/f1/2xjyyqkn5plc19fx4nt4tpt00000gn/T/flow-dashboard-fanout-research-99GFF9/repo-0"}
{"event":"cmd_name","sid":"20261006T113531.245347Z-Ha9d4ceab-P00009210","thread":"main","time":"2026-10-06T11:35:31.246573Z","file":"git.c","line":477,"name":"status","hierarchy":"status"}
{"event":"cmd_name","sid":"20261006T113531.245504Z-Ha9d4ceab-P00009206","thread":"main","time":"2026-10-06T11:35:31.246609Z","file":"git.c","line":477,"name":"branch","hierarchy":"branch"}
{"event":"exit","sid":"20261006T113531.245362Z-Ha9d4ceab-P0000920b","thread":"main","time":"2026-10-06T11:35:31.246635Z","file":"git.c","line":747,"t_abs":0.001811,"code":0}
{"event":"exit","sid":"20261006T113531.245370Z-Ha9d4ceab-P00009201","thread":"main","time":"2026-10-06T11:35:31.246625Z","file":"git.c","line":747,"t_abs":0.001794,"code":0}
{"event":"atexit","sid":"20261006T113531.245362Z-Ha9d4ceab-P0000920b","thread":"main","time":"2026-10-06T11:35:31.246656Z","file":"trace2/tr2_tgt_event.c","line":207,"t_abs":0.001831,"code":0}
{"event":"atexit","sid":"20261006T113531.245370Z-Ha9d4ceab-P00009201","thread":"main","time":"2026-10-06T11:35:31.246659Z","file":"trace2/tr2_tgt_event.c","line":207,"t_abs":0.001829,"code":0}
{"event":"region_enter","sid":"20261006T113531.245347Z-Ha9d4ceab-P00009210","thread":"main","time":"2026-10-06T11:35:31.246833Z","file":"read-cache.c","line":2357,"repo":1,"nesting":1,"category":"index","label":"do_read_index","msg":".git/index"}
{"event":"region_enter","sid":"20261006T113531.245347Z-Ha9d4ceab-P00009210","thread":"main","time":"2026-10-06T11:35:31.246880Z","file":"cache-tree.c","line":643,"repo":1,"nesting":2,"category":"cache_tree","label":"read"}
{"event":"region_leave","sid":"20261006T113531.245347Z-Ha9d4ceab-P00009210","thread":"main","time":"2026-10-06T11:35:31.246888Z","file":"cache-tree.c","line":645,"repo":1,"t_rel":0.000008,"nesting":2,"category":"cache_tree","label":"read"}
{"event":"data","sid":"20261006T113531.245347Z-Ha9d4ceab-P00009210","thread":"main","time":"2026-10-06T11:35:31.246896Z","file":"read-cache.c","line":2306,"repo":1,"t_abs":0.002078,"t_rel":0.000063,"nesting":2,"category":"index","key":"read/version","value":"2"}
{"event":"data","sid":"20261006T113531.245347Z-Ha9d4ceab-P00009210","thread":"main","time":"2026-10-06T11:35:31.246903Z","file":"read-cache.c","line":2308,"repo":1,"t_abs":0.002084,"t_rel":0.000069,"nesting":2,"category":"index","key":"read/cache_nr","value":"1"}
{"event":"region_leave","sid":"20261006T113531.245347Z-Ha9d4ceab-P00009210","thread":"main","time":"2026-10-06T11:35:31.246911Z","file":"read-cache.c","line":2362,"repo":1,"t_rel":0.000078,"nesting":1,"category":"index","label":"do_read_index","msg":".git/index"}
{"event":"region_enter","sid":"20261006T113531.245347Z-Ha9d4ceab-P00009210","thread":"main","time":"2026-10-06T11:35:31.246920Z","file":"read-cache.c","line":1513,"nesting":1,"category":"index","label":"refresh"}
{"event":"exit","sid":"20261006T113531.245504Z-Ha9d4ceab-P00009206","thread":"main","time":"2026-10-06T11:35:31.246973Z","file":"git.c","line":747,"t_abs":0.002061,"code":0}
{"event":"atexit","sid":"20261006T113531.245504Z-Ha9d4ceab-P00009206","thread":"main","time":"2026-10-06T11:35:31.246984Z","file":"trace2/tr2_tgt_event.c","line":207,"t_abs":0.002072,"code":0}
{"event":"data","sid":"20261006T113531.245347Z-Ha9d4ceab-P00009210","thread":"main","time":"2026-10-06T11:35:31.247018Z","file":"read-cache.c","line":1595,"t_abs":0.002200,"t_rel":0.000098,"nesting":2,"category":"index","key":"refresh/sum_lstat","value":"1"}
{"event":"data","sid":"20261006T113531.245347Z-Ha9d4ceab-P00009210","thread":"main","time":"2026-10-06T11:35:31.247028Z","file":"read-cache.c","line":1596,"t_abs":0.002211,"t_rel":0.000109,"nesting":2,"category":"index","key":"refresh/sum_scan","value":"0"}
{"event":"region_leave","sid":"20261006T113531.245347Z-Ha9d4ceab-P00009210","thread":"main","time":"2026-10-06T11:35:31.247034Z","file":"read-cache.c","line":1597,"t_rel":0.000114,"nesting":1,"category":"index","label":"refresh"}
{"event":"region_enter","sid":"20261006T113531.245347Z-Ha9d4ceab-P00009210","thread":"main","time":"2026-10-06T11:35:31.247084Z","file":"wt-status.c","line":841,"repo":1,"nesting":1,"category":"status","label":"worktrees"}
{"event":"region_enter","sid":"20261006T113531.245347Z-Ha9d4ceab-P00009210","thread":"main","time":"2026-10-06T11:35:31.247102Z","file":"diffcore-rename.c","line":1407,"repo":1,"nesting":2,"category":"diff","label":"setup"}
{"event":"region_leave","sid":"20261006T113531.245347Z-Ha9d4ceab-P00009210","thread":"main","time":"2026-10-06T11:35:31.247106Z","file":"diffcore-rename.c","line":1460,"repo":1,"t_rel":0.000005,"nesting":2,"category":"diff","label":"setup"}
{"event":"region_enter","sid":"20261006T113531.245347Z-Ha9d4ceab-P00009210","thread":"main","time":"2026-10-06T11:35:31.247125Z","file":"diffcore-rename.c","line":1640,"repo":1,"nesting":2,"category":"diff","label":"write back to queue"}
{"event":"region_leave","sid":"20261006T113531.245347Z-Ha9d4ceab-P00009210","thread":"main","time":"2026-10-06T11:35:31.247129Z","file":"diffcore-rename.c","line":1717,"repo":1,"t_rel":0.000004,"nesting":2,"category":"diff","label":"write back to queue"}
{"event":"region_leave","sid":"20261006T113531.245347Z-Ha9d4ceab-P00009210","thread":"main","time":"2026-10-06T11:35:31.247136Z","file":"wt-status.c","line":843,"repo":1,"t_rel":0.000052,"nesting":1,"category":"status","label":"worktrees"}
{"event":"region_enter","sid":"20261006T113531.245347Z-Ha9d4ceab-P00009210","thread":"main","time":"2026-10-06T11:35:31.247140Z","file":"wt-status.c","line":850,"repo":1,"nesting":1,"category":"status","label":"index"}
{"event":"region_enter","sid":"20261006T113531.245347Z-Ha9d4ceab-P00009210","thread":"main","time":"2026-10-06T11:35:31.248108Z","file":"unpack-trees.c","line":1905,"repo":1,"nesting":2,"category":"unpack_trees","label":"unpack_trees"}
{"event":"region_leave","sid":"20261006T113531.245347Z-Ha9d4ceab-P00009210","thread":"main","time":"2026-10-06T11:35:31.248216Z","file":"unpack-trees.c","line":2108,"repo":1,"t_rel":0.000110,"nesting":2,"category":"unpack_trees","label":"unpack_trees"}
{"event":"region_enter","sid":"20261006T113531.245347Z-Ha9d4ceab-P00009210","thread":"main","time":"2026-10-06T11:35:31.248229Z","file":"diffcore-rename.c","line":1407,"repo":1,"nesting":2,"category":"diff","label":"setup"}
{"event":"region_leave","sid":"20261006T113531.245347Z-Ha9d4ceab-P00009210","thread":"main","time":"2026-10-06T11:35:31.248233Z","file":"diffcore-rename.c","line":1460,"repo":1,"t_rel":0.000005,"nesting":2,"category":"diff","label":"setup"}
{"event":"region_enter","sid":"20261006T113531.245347Z-Ha9d4ceab-P00009210","thread":"main","time":"2026-10-06T11:35:31.248238Z","file":"diffcore-rename.c","line":1640,"repo":1,"nesting":2,"category":"diff","label":"write back to queue"}
{"event":"region_leave","sid":"20261006T113531.245347Z-Ha9d4ceab-P00009210","thread":"main","time":"2026-10-06T11:35:31.248242Z","file":"diffcore-rename.c","line":1717,"repo":1,"t_rel":0.000003,"nesting":2,"category":"diff","label":"write back to queue"}
{"event":"region_leave","sid":"20261006T113531.245347Z-Ha9d4ceab-P00009210","thread":"main","time":"2026-10-06T11:35:31.248247Z","file":"wt-status.c","line":852,"repo":1,"t_rel":0.001108,"nesting":1,"category":"status","label":"index"}
{"event":"region_enter","sid":"20261006T113531.245347Z-Ha9d4ceab-P00009210","thread":"main","time":"2026-10-06T11:35:31.248252Z","file":"wt-status.c","line":855,"repo":1,"nesting":1,"category":"status","label":"untracked"}
{"event":"region_enter","sid":"20261006T113531.245347Z-Ha9d4ceab-P00009210","thread":"main","time":"2026-10-06T11:35:31.248306Z","file":"dir.c","line":3090,"repo":1,"nesting":2,"category":"dir","label":"read_directory"}
{"event":"region_leave","sid":"20261006T113531.245347Z-Ha9d4ceab-P00009210","thread":"main","time":"2026-10-06T11:35:31.248345Z","file":"dir.c","line":3113,"repo":1,"t_rel":0.000039,"nesting":2,"category":"dir","label":"read_directory"}
{"event":"region_leave","sid":"20261006T113531.245347Z-Ha9d4ceab-P00009210","thread":"main","time":"2026-10-06T11:35:31.248352Z","file":"wt-status.c","line":857,"repo":1,"t_rel":0.000100,"nesting":1,"category":"status","label":"untracked"}
{"event":"data","sid":"20261006T113531.245347Z-Ha9d4ceab-P00009210","thread":"main","time":"2026-10-06T11:35:31.248375Z","file":"wt-status.c","line":2569,"repo":1,"t_abs":0.003557,"t_rel":0.003557,"nesting":1,"category":"status","key":"count/changed","value":"0"}
{"event":"data","sid":"20261006T113531.245347Z-Ha9d4ceab-P00009210","thread":"main","time":"2026-10-06T11:35:31.248380Z","file":"wt-status.c","line":2571,"repo":1,"t_abs":0.003563,"t_rel":0.003563,"nesting":1,"category":"status","key":"count/untracked","value":"0"}
{"event":"data","sid":"20261006T113531.245347Z-Ha9d4ceab-P00009210","thread":"main","time":"2026-10-06T11:35:31.248403Z","file":"wt-status.c","line":2572,"repo":1,"t_abs":0.003586,"t_rel":0.003586,"nesting":1,"category":"status","key":"count/ignored","value":"0"}
{"event":"region_enter","sid":"20261006T113531.245347Z-Ha9d4ceab-P00009210","thread":"main","time":"2026-10-06T11:35:31.248408Z","file":"wt-status.c","line":2574,"repo":1,"nesting":1,"category":"status","label":"print"}
{"event":"region_leave","sid":"20261006T113531.245347Z-Ha9d4ceab-P00009210","thread":"main","time":"2026-10-06T11:35:31.248414Z","file":"wt-status.c","line":2595,"repo":1,"t_rel":0.000006,"nesting":1,"category":"status","label":"print"}
{"event":"exit","sid":"20261006T113531.245347Z-Ha9d4ceab-P00009210","thread":"main","time":"2026-10-06T11:35:31.248420Z","file":"git.c","line":747,"t_abs":0.003603,"code":0}
{"event":"data_json","sid":"20261006T113531.245347Z-Ha9d4ceab-P00009210","thread":"main","time":"2026-10-06T11:35:31.248424Z","file":"tree-walk.c","line":186,"repo":1,"t_abs":0.003607,"t_rel":0.003607,"nesting":1,"category":"traverse_trees","key":"statistics","value":{"traverse_trees_count":1,"traverse_trees_max_depth":1}}
{"event":"atexit","sid":"20261006T113531.245347Z-Ha9d4ceab-P00009210","thread":"main","time":"2026-10-06T11:35:31.248429Z","file":"trace2/tr2_tgt_event.c","line":207,"t_abs":0.003612,"code":0}
