✔ confirmed parent and child use one headline slot while other directions fill both top threes (2.269ms)
✔ child blockers and decisions stay independently visible without changing parent priority or facts (0.479417ms)
✔ a planning parent never suppresses an active child (6.965042ms)
✔ a delivered parent never suppresses an active child (0.191542ms)
✔ a parent with incomplete human facts does not borrow its child summary (0.144542ms)
✔ an unknown relation with a registered target remains separate (0.174ms)
✔ stale, missing and cyclic parent sources cannot group children (0.296042ms)
✔ legacy names and undeclared relationships preserve prior priority ordering (0.111ms)
✔ signals sort by explicit owner priority, stable ID ties, and unknown last without reading severity words (0.229417ms)
✔ signal grouping keeps every child and original parent record without synthesizing parent signals (0.226917ms)
✔ unknown relation with targetId, invalid kind or stale parent never creates a signal family (0.692667ms)
✔ normalizes legacy minute UTC (2.284ms)
✔ normalizes legacy second UTC (0.443333ms)
✔ normalizes legacy minute Z (0.128125ms)
✔ normalizes legacy second Z (0.111792ms)
✔ normalizes space separator and Z (0.102ms)
✔ normalizes millisecond Z (0.07775ms)
✔ normalizes one fractional digit UTC (0.095875ms)
✔ normalizes two fractional digits offset (0.078875ms)
✔ normalizes reported TUI UTC record (0.081708ms)
✔ normalizes reported COST UTC record (0.09675ms)
✔ normalizes truncate without rounding into next second (0.075458ms)
✔ normalizes minute offset (0.06725ms)
✔ normalizes Gregorian leap day (0.079417ms)
✔ normalizes early leap year (0.066041ms)
✔ normalizes year zero is not 1900 (0.086875ms)
✔ normalizes early ordinary year (0.06625ms)
✔ normalizes end-of-day minute (0.090292ms)
✔ normalizes end-of-day zero fraction crosses year (0.086458ms)
✔ normalizes wrapped update followed by main sync (0.331125ms)
✔ rejects 2026-00-06T16:10Z without throwing or damaging other fields (0.1345ms)
✔ rejects 2026-13-06T16:10Z without throwing or damaging other fields (0.070958ms)
✔ rejects 2026-10-00T16:10Z without throwing or damaging other fields (0.060542ms)
✔ rejects 2026-04-31T16:10Z without throwing or damaging other fields (0.057084ms)
✔ rejects 2026-02-29T16:10Z without throwing or damaging other fields (0.059625ms)
✔ rejects 1900-02-29T16:10Z without throwing or damaging other fields (0.063042ms)
✔ rejects 0100-02-29T16:10Z without throwing or damaging other fields (0.052417ms)
✔ rejects 2026-10-06T25:00Z without throwing or damaging other fields (0.058667ms)
✔ rejects 2026-10-06T24:01Z without throwing or damaging other fields (0.050834ms)
✔ rejects 2026-10-06T24:00:01Z without throwing or damaging other fields (0.060458ms)
✔ rejects 2026-10-06T24:00:00.000001Z without throwing or damaging other fields (0.050667ms)
✔ rejects 2026-10-06T16:60Z without throwing or damaging other fields (0.056875ms)
✔ rejects 2026-10-06T16:10:60Z without throwing or damaging other fields (0.056375ms)
✔ rejects 2026-10-06T16:10 without throwing or damaging other fields (0.0495ms)
✔ rejects 2026-10-06T16:10 GMT without throwing or damaging other fields (0.046708ms)
✔ rejects 2026-10-06T16:10+01:00 without throwing or damaging other fields (0.046458ms)
✔ rejects 2026-10-06T16:10-00:00 without throwing or damaging other fields (0.045833ms)
✔ rejects 2026-10-06T16:10+00:000 without throwing or damaging other fields (0.04675ms)
✔ rejects 2026-10-06T16:10+00:00:00 without throwing or damaging other fields (0.048167ms)
✔ rejects 2026-10-06T16:10Z+01:00 without throwing or damaging other fields (0.046125ms)
✔ rejects 2026-10-06T16:10UTCjunk without throwing or damaging other fields (0.046833ms)
✔ rejects 2026-10-06T16:10:36.Z without throwing or damaging other fields (0.045833ms)
✔ rejects 2026-10-06T16:10:36.123.456Z without throwing or damaging other fields (0.048667ms)
✔ rejects 2026-10-06T16:10.5Z without throwing or damaging other fields (0.291208ms)
✔ rejects 2026-1-06T16:10Z without throwing or damaging other fields (0.082709ms)
✔ rejects 026-10-06T16:10Z without throwing or damaging other fields (0.06175ms)
✔ rejects 12026-10-06T16:10Z without throwing or damaging other fields (0.053666ms)
✔ rejects -0001-10-06T16:10Z without throwing or damaging other fields (0.050417ms)
✔ rejects 更新时间待确认 without throwing or damaging other fields (0.053667ms)
✔ rejects empty update without throwing or damaging other fields (0.107375ms)
✔ equivalent UTC representations yield one instant without changing unrelated status (0.169375ms)
✔ never rescues invalid first update 2026-13-06T16:10Z with later main sync (0.062791ms)
✔ never rescues invalid first update 2026-10-06T16:10+00:000 with later main sync (0.047708ms)
✔ never rescues invalid first update 2026-xx-06T16:10Z with later main sync (0.065916ms)
✔ never rescues invalid first update 026-10-06T16:10Z with later main sync (0.047125ms)
✔ main synchronization cannot supply a missing or malformed primary update: 更新时间待确认；main 同步 2026-10-07T01:00Z (0.060458ms)
✔ main synchronization cannot supply a missing or malformed primary update: 更新 2026/13/06 16:10 UTC；main 同步 2026-10-07T01:00Z (0.059542ms)
✔ main synchronization cannot supply a missing or malformed primary update: 更新时间待确认；`main` 同步 `2026-10-07T01:00Z` (0.053292ms)
✔ main synchronization cannot supply a missing or malformed primary update: update pending; MAIN sync 2026-10-07T01:00Z (0.0555ms)
✔ allows a task identifier in the explanatory prefix: 任务 WPF-DPERF05-01 更新于2026-10-06T16:10:36Z (0.065792ms)
✔ allows a task identifier in the explanatory prefix: 任务 `WPF-DPERF05-01` 更新于 `2026-10-06T16:10:36Z`；main 同步待确认 (0.052541ms)
✔ old first update remains old even when main sync is newer (0.055375ms)
✔ future timestamp is preserved for the unchanged aggregate policy to evaluate (0.053333ms)
✔ task timing has its own whole-field contract and preserves owner provenance (0.180625ms)
✔ missing optional task timing leaves legacy status and progress intact (0.069166ms)
✔ invalid task start UNKNOWN cannot be rescued by update or another date (0.312542ms)
✔ invalid task start (empty) cannot be rescued by update or another date (0.065667ms)
✔ invalid task start 2026-10-07T01:00:00 cannot be rescued by update or another date (0.09375ms)
✔ invalid task start 2026-10-07 01:00 UTC cannot be rescued by update or another date (0.062292ms)
✔ invalid task start 2026-10-07T01:00:00+01:00 cannot be rescued by update or another date (0.057417ms)
✔ invalid task start 2026-02-29T01:00:00Z cannot be rescued by update or another date (0.062209ms)
✔ invalid task start 2026-10-07T24:00:00Z cannot be rescued by update or another date (0.060417ms)
✔ invalid task start 2026-10-07T01:00:00Z later 2026-10-07T02:00:00Z cannot be rescued by update or another date (0.0595ms)
✔ invalid task start opened 2026-10-07T01:00:00Z cannot be rescued by update or another date (0.056917ms)
✔ duplicate 任务开工时间 is isolated from legacy errors and cannot choose last value (0.090958ms)
✔ duplicate 任务完成时间 is isolated from legacy errors and cannot choose last value (0.06675ms)
✔ duplicate 任务时间来源 is isolated from legacy errors and cannot choose last value (0.0615ms)
✔ known completion preserves seconds precision; reversed interval is a timing-only issue (0.131333ms)
✔ UNKNOWN end is distinct from NOT_COMPLETED and source absence does not authorize timing (0.067292ms)
✔ completion alone, future declarations and branch completion never supply a start (0.105708ms)
✔ waiting records remain source text, including OPEN/UNKNOWN and overlapping intervals (0.197459ms)
✔ ordinary duplicated status fields retain existing errors (0.068959ms)
✔ waiting OPEN, UNKNOWN and known completion are distinct; escaped text stays literal (0.123ms)
✔ malformed and duplicate waiting rows cannot invalidate valid task elapsed declarations (0.2895ms)
✔ wrong waiting headers retain raw evidence without inventing rows (0.140583ms)
✔ local times preserve year and distinguish the DST fold by per-instant offset (5.287041ms)
✔ OPEN waiting loses currency after refresh; UNKNOWN never becomes still waiting (0.367709ms)
✖ shipped dashboard and browser entry remain syntactically valid (0.599833ms)
ℹ tests 98
ℹ suites 0
ℹ pass 97
ℹ fail 1
ℹ cancelled 0
ℹ skipped 0
ℹ todo 0
ℹ duration_ms 41.36625

✖ failing tests:

test at apps/execution-dashboard/test/status-timestamps.test.mjs:285:1
✖ shipped dashboard and browser entry remain syntactically valid (0.599833ms)
  evalmachine.<anonymous>:567
  await refresh();
  ^^^^^
  
  SyntaxError: await is only valid in async functions and the top level bodies of modules
      at new Script (node:vm:117:7)
      at TestContext.<anonymous> (file:///Users/citrine/Projects/AgentHarness/Flow-worktrees/dashboard-task-timing-readability/apps/execution-dashboard/test/status-timestamps.test.mjs:286:3)
      at Test.runInAsyncScope (node:async_hooks:227:14)
      at Test.run (node:internal/test_runner/test:1397:25)
      at Test.processPendingSubtests (node:internal/test_runner/test:969:18)
      at Test.postRun (node:internal/test_runner/test:1537:19)
      at Test.run (node:internal/test_runner/test:1462:12)
      at async Test.processPendingSubtests (node:internal/test_runner/test:969:7)
