
 RUN  v4.0.18 /Users/citrine/Projects/AgentHarness/Flow-worktrees/conversation-queue

 ❯ apps/server/src/conversation-queue/queue.test.ts (1 test | 1 failed) 1432ms
   × persists an immutable enqueue receipt through ACK loss and exposes current cancellation with independent revision 87ms

⎯⎯⎯⎯⎯⎯⎯ Failed Tests 1 ⎯⎯⎯⎯⎯⎯⎯

 FAIL  apps/server/src/conversation-queue/queue.test.ts > persists an immutable enqueue receipt through ACK loss and exposes current cancellation with independent revision
AssertionError: expected 500 to be 202 // Object.is equality

- Expected
+ Received

- 202
+ 500

 ❯ apps/server/src/conversation-queue/queue.test.ts:68:27
     66|   const key = randomUUID(); const input = { expectedQueueRevision: 0, …
     67|   const accepted = await request(path, input, key);
     68|   expect(accepted.status).toBe(202);
       |                           ^
     69|   expect(accepted.body).toMatchObject({ queueRevision: 1, item: { sequ…
     70|   const replay = await request(path, input, key);

⎯⎯⎯⎯⎯⎯⎯⎯⎯⎯⎯⎯⎯⎯⎯⎯⎯⎯⎯⎯⎯⎯⎯⎯[1/1]⎯


 Test Files  1 failed (1)
      Tests  1 failed (1)
   Start at  21:23:38
   Duration  2.49s (transform 530ms, setup 0ms, import 874ms, tests 1.43s, environment 0ms)

