
 RUN  v4.0.18 /Users/citrine/Projects/AgentHarness/Flow-worktrees/conversation-queue

 ❯ apps/server/src/conversation-queue/queue.test.ts (1 test | 1 failed) 799ms
   × persists an immutable enqueue receipt through ACK loss and exposes current cancellation with independent revision 46ms

⎯⎯⎯⎯⎯⎯ Failed Suites 1 ⎯⎯⎯⎯⎯⎯⎯

 FAIL  apps/server/src/conversation-queue/queue.test.ts [ apps/server/src/conversation-queue/queue.test.ts ]
Error: expect.poll() must be called inside a test
 ❯ apps/server/src/conversation-queue/queue.test.ts:50:20
     48|     await pool?.end();
     49|     if (created) {
     50|       await expect.poll(async () => Number((await admin.query('SELECT …
       |                    ^
     51|       await admin.query(`DROP DATABASE "${databaseName}"`);
     52|     }

⎯⎯⎯⎯⎯⎯⎯⎯⎯⎯⎯⎯⎯⎯⎯⎯⎯⎯⎯⎯⎯⎯⎯⎯[1/2]⎯


⎯⎯⎯⎯⎯⎯⎯ Failed Tests 1 ⎯⎯⎯⎯⎯⎯⎯

 FAIL  apps/server/src/conversation-queue/queue.test.ts > persists an immutable enqueue receipt through ACK loss and exposes current cancellation with independent revision
AssertionError: expected 500 to be 202 // Object.is equality

- Expected
+ Received

- 202
+ 500

 ❯ apps/server/src/conversation-queue/queue.test.ts:62:27
     60|   const key = randomUUID(); const input = { expectedQueueRevision: 0, …
     61|   const accepted = await request(path, input, key);
     62|   expect(accepted.status).toBe(202);
       |                           ^
     63|   expect(accepted.body).toMatchObject({ queueRevision: 1, item: { sequ…
     64|   const replay = await request(path, input, key);

⎯⎯⎯⎯⎯⎯⎯⎯⎯⎯⎯⎯⎯⎯⎯⎯⎯⎯⎯⎯⎯⎯⎯⎯[2/2]⎯


 Test Files  1 failed (1)
      Tests  1 failed (1)
   Start at  21:23:21
   Duration  1.15s (transform 152ms, setup 0ms, import 271ms, tests 799ms, environment 0ms)

