[1006/121812.315060:ERROR:third_party/crashpad/crashpad/util/file/file_io_posix.cc:208] open /Users/citrine/Library/Application Support/Google/Chrome/Crashpad/settings.dat: Operation not permitted (1)
[1006/121812.315383:ERROR:third_party/crashpad/crashpad/util/file/file_io_posix.cc:208] open /Users/citrine/Library/Application Support/Google/Chrome/Crashpad/settings.dat: Operation not permitted (1)
[67309:79076285:1006/121812.561938:ERROR:third_party/crashpad/crashpad/util/file/file_io_posix.cc:208] open /Users/citrine/Library/Application Support/Google/Chrome/Crashpad/settings.dat: Operation not permitted (1)
sandbox initialization failed: Operation not permitted
Failed to initialize sandbox.sandbox initialization failed: Operation not permitted
Failed to initialize sandbox.Failed to initialize sandbox.
DevTools listening on ws://127.0.0.1:65499/devtools/browser/c0594768-b77b-4fb1-a41c-15903644e3ad
[1006/121812.609986:ERROR:third_party/crashpad/crashpad/util/file/file_io_posix.cc:208] open /Users/citrine/Library/Application Support/Google/Chrome/Crashpad/settings.dat: Operation not permitted (1)
[1006/121812.610423:ERROR:third_party/crashpad/crashpad/util/file/file_io_posix.cc:153] open /Users/citrine/Library/Application Support/Google/Chrome/Crashpad/new/dc40f111-6794-4bb6-80a3-841e6e8056c2.dmp: Operation not permitted (1)
[1006/121812.620308:ERROR:third_party/crashpad/crashpad/util/file/file_io_posix.cc:153] open /Users/citrine/Library/Application Support/Google/Chrome/Crashpad/new/735d8f92-3017-467a-b865-655737f09b45.dmp: Operation not permitted (1)
[1006/121812.629742:ERROR:third_party/crashpad/crashpad/util/file/file_io_posix.cc:153] open /Users/citrine/Library/Application Support/Google/Chrome/Crashpad/new/27f37f8b-6c49-44c6-a763-e60bc72ddb58.dmp: Operation not permitted (1)
Failed to initialize sandbox.Failed to initialize sandbox.Failed to initialize sandbox.[1006/121812.734142:ERROR:third_party/crashpad/crashpad/util/file/file_io_posix.cc:153] open /Users/citrine/Library/Application Support/Google/Chrome/Crashpad/new/386899fd-4d4a-4c9c-8cd9-74341847b705.dmp: Operation not permitted (1)
[1006/121812.743391:ERROR:third_party/crashpad/crashpad/util/file/file_io_posix.cc:153] open /Users/citrine/Library/Application Support/Google/Chrome/Crashpad/new/7a81d546-275a-4ac2-be6d-a87485e2cabe.dmp: Operation not permitted (1)
[1006/121812.752324:ERROR:third_party/crashpad/crashpad/util/file/file_io_posix.cc:153] open /Users/citrine/Library/Application Support/Google/Chrome/Crashpad/new/8ef57258-2c11-4265-b483-24a895d000ec.dmp: Operation not permitted (1)
Trying to load the allocator multiple times. This is *not* supported.
Failed to initialize sandbox.Failed to initialize sandbox.[67309:79073609:1006/121813.135280:ERROR:content/browser/network_service_instance_impl.cc:653] Network service crashed or was terminated, restarting service.
[67309:79073609:1006/121813.135796:ERROR:content/browser/gpu/gpu_process_host.cc:1130] GPU process exited unexpectedly: exit_code=6
Failed to initialize sandbox.[1006/121813.144565:ERROR:third_party/crashpad/crashpad/util/file/file_io_posix.cc:153] open /Users/citrine/Library/Application Support/Google/Chrome/Crashpad/new/2b0675da-a2b6-472b-bb11-bedf16cdff70.dmp: Operation not permitted (1)
sandbox initialization failed: Operation not permitted
Failed to initialize sandbox.sandbox initialization failed: Operation not permitted
Failed to initialize sandbox.[1006/121813.153541:ERROR:third_party/crashpad/crashpad/util/file/file_io_posix.cc:153] open /Users/citrine/Library/Application Support/Google/Chrome/Crashpad/new/437a73b8-6a28-4efc-9ff3-42d2f4c29f7b.dmp: Operation not permitted (1)
[1006/121813.163479:ERROR:third_party/crashpad/crashpad/util/file/file_io_posix.cc:153] open /Users/citrine/Library/Application Support/Google/Chrome/Crashpad/new/7fd62c48-f568-462a-b34b-0a6009ad107d.dmp: Operation not permitted (1)
Failed to initialize sandbox.[1006/121813.173068:ERROR:third_party/crashpad/crashpad/util/file/file_io_posix.cc:153] open /Users/citrine/Library/Application Support/Google/Chrome/Crashpad/new/4e858ed9-3442-457b-88c4-bde4d286db39.dmp: Operation not permitted (1)
[67309:79073609:1006/121813.174511:ERROR:content/browser/network_service_instance_impl.cc:653] Network service crashed or was terminated, restarting service.
[1006/121813.182746:ERROR:third_party/crashpad/crashpad/util/file/file_io_posix.cc:153] open /Users/citrine/Library/Application Support/Google/Chrome/Crashpad/new/cd083dc4-7c9a-41e9-b823-fd9fde928553.dmp: Operation not permitted (1)
[67309:79073609:1006/121813.183141:ERROR:content/browser/gpu/gpu_process_host.cc:1130] GPU process exited unexpectedly: exit_code=6
sandbox initialization failed: Operation not permitted
Failed to initialize sandbox.[1006/121813.192341:ERROR:third_party/crashpad/crashpad/util/file/file_io_posix.cc:153] open /Users/citrine/Library/Application Support/Google/Chrome/Crashpad/new/9a9c2e70-e11f-4d77-b7ed-fc6202d59655.dmp: Operation not permitted (1)
sandbox initialization failed: Operation not permitted
Failed to initialize sandbox.Failed to initialize sandbox.Failed to initialize sandbox.[1006/121813.201320:ERROR:third_party/crashpad/crashpad/util/file/file_io_posix.cc:153] open /Users/citrine/Library/Application Support/Google/Chrome/Crashpad/new/3086c542-e8c3-431a-bd9e-99048d43b256.dmp: Operation not permitted (1)
[67309:79073609:1006/121813.202130:ERROR:content/browser/network_service_instance_impl.cc:653] Network service crashed or was terminated, restarting service.
[1006/121813.210345:ERROR:third_party/crashpad/crashpad/util/file/file_io_posix.cc:153] open /Users/citrine/Library/Application Support/Google/Chrome/Crashpad/new/43638003-fc25-4e72-af5e-798062a39a64.dmp: Operation not permitted (1)
[67309:79073609:1006/121813.210649:ERROR:content/browser/gpu/gpu_process_host.cc:1130] GPU process exited unexpectedly: exit_code=6
sandbox initialization failed: Operation not permitted
Failed to initialize sandbox.sandbox initialization failed: Operation not permitted
[1006/121813.220618:ERROR:third_party/crashpad/crashpad/util/file/file_io_posix.cc:153] open /Users/citrine/Library/Application Support/Google/Chrome/Crashpad/new/9f04daad-30ab-4a7e-ba2a-12fa3faa525e.dmp: Operation not permitted (1)
Failed to initialize sandbox.[1006/121813.231417:ERROR:third_party/crashpad/crashpad/util/file/file_io_posix.cc:153] open /Users/citrine/Library/Application Support/Google/Chrome/Crashpad/new/45115605-c4e4-4189-a657-60e04e3d566b.dmp: Operation not permitted (1)
Failed to initialize sandbox.[1006/121813.240858:ERROR:third_party/crashpad/crashpad/util/file/file_io_posix.cc:153] open /Users/citrine/Library/Application Support/Google/Chrome/Crashpad/new/39c5f700-e450-4fce-a9e2-8486dc4e1294.dmp: Operation not permitted (1)
[67309:79073609:1006/121813.241953:ERROR:content/browser/network_service_instance_impl.cc:653] Network service crashed or was terminated, restarting service.
[1006/121813.250110:ERROR:third_party/crashpad/crashpad/util/file/file_io_posix.cc:153] open /Users/citrine/Library/Application Support/Google/Chrome/Crashpad/new/d4725d6c-0fa1-416e-b383-6a910c5b7bf8.dmp: Operation not permitted (1)
[67309:79073609:1006/121813.250791:ERROR:content/browser/gpu/gpu_process_host.cc:1130] GPU process exited unexpectedly: exit_code=6
sandbox initialization failed: Operation not permitted
Failed to initialize sandbox.[1006/121813.259627:ERROR:third_party/crashpad/crashpad/util/file/file_io_posix.cc:153] open /Users/citrine/Library/Application Support/Google/Chrome/Crashpad/new/a5290004-fc61-422d-94d7-dc2dd323f4b8.dmp: Operation not permitted (1)
sandbox initialization failed: Operation not permitted
Failed to initialize sandbox.Failed to initialize sandbox.Failed to initialize sandbox.Failed to initialize sandbox.[1006/121813.269293:ERROR:third_party/crashpad/crashpad/util/file/file_io_posix.cc:153] open /Users/citrine/Library/Application Support/Google/Chrome/Crashpad/new/fe138bfa-697b-449f-8ab0-c198204a6dd1.dmp: Operation not permitted (1)
[67309:79073609:1006/121813.270456:ERROR:content/browser/network_service_instance_impl.cc:653] Network service crashed or was terminated, restarting service.
[1006/121813.278442:ERROR:third_party/crashpad/crashpad/util/file/file_io_posix.cc:153] open /Users/citrine/Library/Application Support/Google/Chrome/Crashpad/new/ebe87da5-e445-44de-9383-6cc057082545.dmp: Operation not permitted (1)
[67309:79073609:1006/121813.278946:ERROR:content/browser/gpu/gpu_process_host.cc:1130] GPU process exited unexpectedly: exit_code=6
sandbox initialization failed: Operation not permitted
Failed to initialize sandbox.[1006/121813.288190:ERROR:third_party/crashpad/crashpad/util/file/file_io_posix.cc:153] open /Users/citrine/Library/Application Support/Google/Chrome/Crashpad/new/37a6fbd2-087b-4c81-b6a1-3d74e7ffdef6.dmp: Operation not permitted (1)
sandbox initialization failed: Operation not permitted
Failed to initialize sandbox.Failed to initialize sandbox.[1006/121813.297320:ERROR:third_party/crashpad/crashpad/util/file/file_io_posix.cc:153] open /Users/citrine/Library/Application Support/Google/Chrome/Crashpad/new/b61f0372-dc25-4b50-b0a1-fb56a4926c52.dmp: Operation not permitted (1)
[1006/121813.305802:ERROR:third_party/crashpad/crashpad/util/file/file_io_posix.cc:153] open /Users/citrine/Library/Application Support/Google/Chrome/Crashpad/new/8dcb875a-7086-4cfa-bfda-21230468ed33.dmp: Operation not permitted (1)
[1006/121813.315738:ERROR:third_party/crashpad/crashpad/util/file/file_io_posix.cc:153] open /Users/citrine/Library/Application Support/Google/Chrome/Crashpad/new/04513424-5188-4d65-8f4c-5e07b53e772a.dmp: Operation not permitted (1)
[67309:79073609:1006/121813.316513:ERROR:content/browser/network_service_instance_impl.cc:653] Network service crashed or was terminated, restarting service.
[1006/121813.325280:ERROR:third_party/crashpad/crashpad/util/file/file_io_posix.cc:153] open /Users/citrine/Library/Application Support/Google/Chrome/Crashpad/new/76a13a84-51df-482d-9957-a5a357c746b8.dmp: Operation not permitted (1)
[67309:79073609:1006/121813.325633:ERROR:content/browser/gpu/gpu_process_host.cc:1130] GPU process exited unexpectedly: exit_code=6
[67309:79073609:1006/121813.325662:FATAL:content/browser/gpu/gpu_data_manager_impl_private.cc:417] GPU process isn't usable. Goodbye.
sandbox initialization failed: Operation not permitted
Failed to initialize sandbox.[1006/121813.334150:ERROR:third_party/crashpad/crashpad/util/file/file_io_posix.cc:153] open /Users/citrine/Library/Application Support/Google/Chrome/Crashpad/new/b9cfe383-023c-406a-bc79-69edfadaa2b1.dmp: Operation not permitted (1)
[1006/121813.568469:ERROR:third_party/crashpad/crashpad/util/file/file_io_posix.cc:153] open /Users/citrine/Library/Application Support/Google/Chrome/Crashpad/new/bab2022e-c2f9-4eae-b9d0-7ac7c72cbf7f.dmp: Operation not permitted (1)
[1006/121813.579725:ERROR:third_party/crashpad/crashpad/util/file/file_io_posix.cc:153] open /Users/citrine/Library/Application Support/Google/Chrome/Crashpad/new/df97c3a2-fd2a-41ba-9f40-827929948271.dmp: Operation not permitted (1)
