
⎯⎯⎯⎯⎯⎯⎯ Failed Tests 1 ⎯⎯⎯⎯⎯⎯⎯

 FAIL  experiments/runner-capacity/mixed/observe-pg.test.ts > classifies the fixed P04 shared fence query through the observed client without broadening nearby SQL
AssertionError: expected [ 'other', 'runner-row-share', …(2) ] to deeply equal [ 'runner-row-share', 'other', …(2) ]

- Expected
+ Received

  [
-   "runner-row-share",
    "other",
+   "runner-row-share",
    "runner-row",
    "other",
  ]

 ❯ experiments/runner-capacity/mixed/observe-pg.test.ts:68:8
     66|     await client.query('SELECT id,revoked FROM flow.other WHERE id=$1 …
     67|     expect(events.filter(event => event.kind === 'sql').map(event => e…
     68|       .toEqual(['runner-row-share', 'other', 'runner-row', 'other']);
       |        ^
     69|     expect(JSON.stringify(events)).not.toContain('SELECT');
     70|   } finally { observer.restore(); }

⎯⎯⎯⎯⎯⎯⎯⎯⎯⎯⎯⎯⎯⎯⎯⎯⎯⎯⎯⎯⎯⎯⎯⎯[1/1]⎯

