
 RUN  v4.0.18 /Users/citrine/Projects/AgentHarness/Flow-worktrees/m2-shared-foundation

 ❯ packages/client/src/context-history-production.test.ts (1 test | 1 failed) 1253ms
   × mounts 027 and binds durable history to the authenticated report transaction across replay and restart 4ms

⎯⎯⎯⎯⎯⎯⎯ Failed Tests 1 ⎯⎯⎯⎯⎯⎯⎯

 FAIL  packages/client/src/context-history-production.test.ts > mounts 027 and binds durable history to the authenticated report transaction across replay and restart
AssertionError: expected false to be true // Object.is equality

- Expected
+ Received

- true
+ false

 ❯ packages/client/src/context-history-production.test.ts:42:83
     40| 
     41| it('mounts 027 and binds durable history to the authenticated report t…
     42|   expect(app!.hasRoute({ method: 'GET', url: '/api/tasks/:id/context/h…
       |                                                                                   ^
     43|   expect((await pool.query('SELECT version FROM flow.migrations WHERE …
     44|   const registration = await owner.registerRunner({ name: 'Context his…

⎯⎯⎯⎯⎯⎯⎯⎯⎯⎯⎯⎯⎯⎯⎯⎯⎯⎯⎯⎯⎯⎯⎯⎯[1/1]⎯


 Test Files  1 failed (1)
      Tests  1 failed (1)
   Start at  04:41:51
   Duration  2.31s (transform 397ms, setup 0ms, import 968ms, tests 1.25s, environment 0ms)

