
⎯⎯⎯⎯⎯⎯⎯ Failed Tests 3 ⎯⎯⎯⎯⎯⎯⎯

 FAIL  experiments/runner-capacity/mixed/preparation-git.test.ts > at14.9seconds synchronous Git gets at most100ms from the absolute preparation deadline
AssertionError: expected 5000 to be 100 // Object.is equality

- Expected
+ Received

- 100
+ 5000

 ❯ experiments/runner-capacity/mixed/preparation-git.test.ts:7:18
      5|  const budget=accounting(); let timeout=0;
      6|  const bytes=preparedGit(15000,budget,limit=>{timeout=limit;return Buf…
      7|  expect(timeout).toBe(100);expect(bytes.toString()).toBe('ok');expect(…
       |                  ^
      8| });
      9| test('an exhausted preparation clock executes zero Git commands even w…

⎯⎯⎯⎯⎯⎯⎯⎯⎯⎯⎯⎯⎯⎯⎯⎯⎯⎯⎯⎯⎯⎯⎯⎯[1/3]⎯

 FAIL  experiments/runner-capacity/mixed/preparation-git.test.ts > an exhausted preparation clock executes zero Git commands even when outer time remains
AssertionError: expected [Function] to throw an error

- Expected: 
null

+ Received: 
undefined

 ❯ experiments/runner-capacity/mixed/preparation-git.test.ts:11:94
      9| test('an exhausted preparation clock executes zero Git commands even w…
     10|  let calls=0;
     11|  expect(()=>preparedGit(15000,accounting(),()=>{calls++;return Buffer.…
       |                                                                                              ^
     12|  expect(calls).toBe(0);
     13| });

⎯⎯⎯⎯⎯⎯⎯⎯⎯⎯⎯⎯⎯⎯⎯⎯⎯⎯⎯⎯⎯⎯⎯⎯[2/3]⎯

 FAIL  experiments/runner-capacity/mixed/preparation-git.test.ts > a late synchronous return is charged then rejected, never made successful by a blocked timer
AssertionError: expected [Function] to throw an error

- Expected: 
null

+ Received: 
undefined

 ❯ experiments/runner-capacity/mixed/preparation-git.test.ts:16:92
     14| test('a late synchronous return is charged then rejected, never made s…
     15|  let now=14900; const budget=accounting();
     16|  expect(()=>preparedGit(15000,budget,()=>{now=15001;return Buffer.from…
       |                                                                                            ^
     17|  expect(budget.bytes).toBe(4);
     18| });

⎯⎯⎯⎯⎯⎯⎯⎯⎯⎯⎯⎯⎯⎯⎯⎯⎯⎯⎯⎯⎯⎯⎯⎯[3/3]⎯

