node:internal/modules/package_json_reader:301
  throw new ERR_MODULE_NOT_FOUND(packageName, fileURLToPath(base), null);
        ^

Error [ERR_MODULE_NOT_FOUND]: Cannot find package 'pg' imported from /Users/citrine/Projects/AgentHarness/Flow-worktrees/dashboard-git-snapshot/apps/execution-dashboard/src/coordination/ledger.mjs
    at Object.getPackageJSONURL (node:internal/modules/package_json_reader:301:9)
    at packageResolve (node:internal/modules/esm/resolve:784:25)
    at moduleResolve (node:internal/modules/esm/resolve:873:18)
    at defaultResolve (node:internal/modules/esm/resolve:1006:11)
    at #cachedDefaultResolve (node:internal/modules/esm/loader:705:20)
    at #resolveAndMaybeBlockOnLoaderThread (node:internal/modules/esm/loader:725:38)
    at ModuleLoader.resolveSync (node:internal/modules/esm/loader:763:56)
    at #resolve (node:internal/modules/esm/loader:687:17)
    at ModuleLoader.getOrCreateModuleJob (node:internal/modules/esm/loader:607:35)
    at ModuleJob.syncLink (node:internal/modules/esm/module_job:276:33) {
  code: 'ERR_MODULE_NOT_FOUND'
}

Node.js v24.20.0
✖ apps/execution-dashboard/test/git-snapshot.test.mjs (38.508209ms)
ℹ tests 1
ℹ suites 0
ℹ pass 0
ℹ fail 1
ℹ cancelled 0
ℹ skipped 0
ℹ todo 0
ℹ duration_ms 42.560042

✖ failing tests:

test at apps/execution-dashboard/test/git-snapshot.test.mjs:1:1
✖ apps/execution-dashboard/test/git-snapshot.test.mjs (38.508209ms)
  'test failed'
