12:06:09 AM [vite] (client) Re-optimizing dependencies because vite config has changed
PASS pending/running user anchor is visible, initial and folded native/events/body reads are zero
PASS Enter expands current native page only, actual Tool and Reasoning lazy bodies cache
PASS TaskSummary update refreshes displayed metadata without body requests or automatic history drain
PASS native hidden resume retains disclosure and draft with zero extra activity reads
PASS split panes use local message context; generic source reads only on explicit selection
PASS footer menu and button are real plugin actions; disable removes activity without cancelling
PASS light/dark narrow keyboard geometry keeps footer in full message row
PASS redacted thinking reads no body and truncated JSON displays an honest prefix
locator.click: Timeout 8000ms exceeded.
Call log:
[2m  - waiting for getByRole('button', { name: 'Show chat list', exact: true })[22m

    at <anonymous> (/Users/citrine/Projects/AgentHarness/Flow-worktrees/web-conversation-activity-integration/apps/web/test/conversation-activity-integration.browser.ts:93:121)
    at async check (/Users/citrine/Projects/AgentHarness/Flow-worktrees/web-conversation-activity-integration/apps/web/test/conversation-activity-integration.browser.ts:56:55)
    at async <anonymous> (/Users/citrine/Projects/AgentHarness/Flow-worktrees/web-conversation-activity-integration/apps/web/test/conversation-activity-integration.browser.ts:92:2) {
  log: [
    "  - waiting for getByRole('button', { name: 'Show chat list', exact: true })"
  ],
  name: 'TimeoutError'
}
