
DevTools listening on ws://127.0.0.1:64787/devtools/browser/d4884d16-77df-4074-80da-0bac8a90237c
Trying to load the allocator multiple times. This is *not* supported.
[89600:69787547:1006/094740.646132:ERROR:ui/display/mac/cv_display_link_mac.mm:188] CVDisplayLinkCreateWithCGDisplay failed. CVReturn: -6670
[89600:69787710:1006/094740.646440:ERROR:ui/display/mac/cv_display_link_mac.mm:188] CVDisplayLinkCreateWithCGDisplay failed. CVReturn: -6670
[89600:69787547:1006/094740.648407:ERROR:ui/display/mac/cv_display_link_mac.mm:188] CVDisplayLinkCreateWithCGDisplay failed. CVReturn: -6670
[89600:69787710:1006/094740.648495:ERROR:ui/display/mac/cv_display_link_mac.mm:188] CVDisplayLinkCreateWithCGDisplay failed. CVReturn: -6670
[89600:69787547:1006/094740.649087:ERROR:ui/display/mac/cv_display_link_mac.mm:188] CVDisplayLinkCreateWithCGDisplay failed. CVReturn: -6670
[89600:69787710:1006/094740.649140:ERROR:ui/display/mac/cv_display_link_mac.mm:188] CVDisplayLinkCreateWithCGDisplay failed. CVReturn: -6670
[89600:69787547:1006/094740.649244:ERROR:ui/display/mac/cv_display_link_mac.mm:188] CVDisplayLinkCreateWithCGDisplay failed. CVReturn: -6670
[89600:69787710:1006/094740.649286:ERROR:ui/display/mac/cv_display_link_mac.mm:188] CVDisplayLinkCreateWithCGDisplay failed. CVReturn: -6670
[89600:69787547:1006/094740.649385:ERROR:ui/display/mac/cv_display_link_mac.mm:188] CVDisplayLinkCreateWithCGDisplay failed. CVReturn: -6670
[89600:69787710:1006/094740.649423:ERROR:ui/display/mac/cv_display_link_mac.mm:188] CVDisplayLinkCreateWithCGDisplay failed. CVReturn: -6670
[89600:69787547:1006/094740.658845:ERROR:ui/display/mac/cv_display_link_mac.mm:188] CVDisplayLinkCreateWithCGDisplay failed. CVReturn: -6670
[89600:69787710:1006/094740.658902:ERROR:ui/display/mac/cv_display_link_mac.mm:188] CVDisplayLinkCreateWithCGDisplay failed. CVReturn: -6670
[89600:69787547:1006/094741.383228:ERROR:ui/display/mac/cv_display_link_mac.mm:188] CVDisplayLinkCreateWithCGDisplay failed. CVReturn: -6670
[89600:69787710:1006/094741.383286:ERROR:ui/display/mac/cv_display_link_mac.mm:188] CVDisplayLinkCreateWithCGDisplay failed. CVReturn: -6670
[89600:69787547:1006/094741.564904:ERROR:ui/display/mac/cv_display_link_mac.mm:188] CVDisplayLinkCreateWithCGDisplay failed. CVReturn: -6670
[89600:69787710:1006/094741.564964:ERROR:ui/display/mac/cv_display_link_mac.mm:188] CVDisplayLinkCreateWithCGDisplay failed. CVReturn: -6670
[89600:69787547:1006/094741.565342:ERROR:ui/display/mac/cv_display_link_mac.mm:188] CVDisplayLinkCreateWithCGDisplay failed. CVReturn: -6670
[89600:69787710:1006/094741.565381:ERROR:ui/display/mac/cv_display_link_mac.mm:188] CVDisplayLinkCreateWithCGDisplay failed. CVReturn: -6670
[89600:69787547:1006/094741.565789:ERROR:ui/display/mac/cv_display_link_mac.mm:188] CVDisplayLinkCreateWithCGDisplay failed. CVReturn: -6670
[89600:69787710:1006/094741.565839:ERROR:ui/display/mac/cv_display_link_mac.mm:188] CVDisplayLinkCreateWithCGDisplay failed. CVReturn: -6670
[89600:69787547:1006/094741.705004:ERROR:ui/display/mac/cv_display_link_mac.mm:188] CVDisplayLinkCreateWithCGDisplay failed. CVReturn: -6670
[89600:69787710:1006/094741.705069:ERROR:ui/display/mac/cv_display_link_mac.mm:188] CVDisplayLinkCreateWithCGDisplay failed. CVReturn: -6670
[89600:69787547:1006/094742.507935:ERROR:ui/display/mac/cv_display_link_mac.mm:188] CVDisplayLinkCreateWithCGDisplay failed. CVReturn: -6670
[89600:69787710:1006/094742.507996:ERROR:ui/display/mac/cv_display_link_mac.mm:188] CVDisplayLinkCreateWithCGDisplay failed. CVReturn: -6670
[89600:69787547:1006/094742.663833:ERROR:ui/display/mac/cv_display_link_mac.mm:188] CVDisplayLinkCreateWithCGDisplay failed. CVReturn: -6670
[89600:69787710:1006/094742.663891:ERROR:ui/display/mac/cv_display_link_mac.mm:188] CVDisplayLinkCreateWithCGDisplay failed. CVReturn: -6670
[89600:69787547:1006/094742.668395:ERROR:ui/display/mac/cv_display_link_mac.mm:188] CVDisplayLinkCreateWithCGDisplay failed. CVReturn: -6670
[89600:69787710:1006/094742.668468:ERROR:ui/display/mac/cv_display_link_mac.mm:188] CVDisplayLinkCreateWithCGDisplay failed. CVReturn: -6670
[89600:69787547:1006/094742.703204:ERROR:ui/display/mac/cv_display_link_mac.mm:188] CVDisplayLinkCreateWithCGDisplay failed. CVReturn: -6670
[89600:69787710:1006/094742.703264:ERROR:ui/display/mac/cv_display_link_mac.mm:188] CVDisplayLinkCreateWithCGDisplay failed. CVReturn: -6670
[89600:69787547:1006/094742.746102:ERROR:ui/display/mac/cv_display_link_mac.mm:188] CVDisplayLinkCreateWithCGDisplay failed. CVReturn: -6670
[89600:69787710:1006/094742.746169:ERROR:ui/display/mac/cv_display_link_mac.mm:188] CVDisplayLinkCreateWithCGDisplay failed. CVReturn: -6670
[89600:69787547:1006/094743.131405:ERROR:ui/display/mac/cv_display_link_mac.mm:188] CVDisplayLinkCreateWithCGDisplay failed. CVReturn: -6670
[89600:69787710:1006/094743.131500:ERROR:ui/display/mac/cv_display_link_mac.mm:188] CVDisplayLinkCreateWithCGDisplay failed. CVReturn: -6670
[89600:69787547:1006/094743.134719:ERROR:ui/display/mac/cv_display_link_mac.mm:188] CVDisplayLinkCreateWithCGDisplay failed. CVReturn: -6670
[89600:69787710:1006/094743.134786:ERROR:ui/display/mac/cv_display_link_mac.mm:188] CVDisplayLinkCreateWithCGDisplay failed. CVReturn: -6670
[87401:69787498:1006/094743.139215:ERROR:google_apis/gcm/engine/registration_request.cc:291] Registration response error message: QUOTA_EXCEEDED
[87401:69787544:1006/094743.430441:ERROR:base/process/process_mac.cc:53] task_policy_set TASK_CATEGORY_POLICY: (os/kern) invalid argument (4)
[87401:69787544:1006/094743.430457:ERROR:base/process/process_mac.cc:98] task_policy_set TASK_SUPPRESSION_POLICY: (os/kern) invalid argument (4)
[89600:69787547:1006/094743.433683:ERROR:gpu/command_buffer/service/shared_image/shared_image_manager.cc:260] SharedImageManager::ProduceSkia: Trying to Produce a Skia representation from a non-existent mailbox.
[89600:69787547:1006/094743.433771:ERROR:gpu/command_buffer/service/shared_image/shared_image_manager.cc:260] SharedImageManager::ProduceSkia: Trying to Produce a Skia representation from a non-existent mailbox.
[89600:69787547:1006/094743.433795:ERROR:gpu/command_buffer/service/shared_image/shared_image_manager.cc:260] SharedImageManager::ProduceSkia: Trying to Produce a Skia representation from a non-existent mailbox.
[89600:69787547:1006/094743.433814:ERROR:gpu/command_buffer/service/shared_image/shared_image_manager.cc:260] SharedImageManager::ProduceSkia: Trying to Produce a Skia representation from a non-existent mailbox.
[89600:69787547:1006/094743.433831:ERROR:gpu/command_buffer/service/shared_image/shared_image_manager.cc:260] SharedImageManager::ProduceSkia: Trying to Produce a Skia representation from a non-existent mailbox.
[87401:69787498:1006/094743.497576:ERROR:google_apis/gcm/engine/registration_request.cc:275] Registration URL fetching failed.
[87401:69787498:1006/094743.497614:ERROR:google_apis/gcm/engine/registration_request.cc:275] Registration URL fetching failed.
[87401:69787498:1006/094743.497657:ERROR:google_apis/gcm/engine/connection_factory_impl.cc:484] ConnectionHandler failed with net error: -2
