
DevTools listening on ws://127.0.0.1:54108/devtools/browser/2f0fdc87-01ea-4ea8-b76e-c94f8ab5aa3a
Trying to load the allocator multiple times. This is *not* supported.
[3314:150475072:1007/090213.096062:ERROR:ui/display/mac/cv_display_link_mac.mm:188] CVDisplayLinkCreateWithCGDisplay failed. CVReturn: -6670
[3314:150475349:1007/090213.096342:ERROR:ui/display/mac/cv_display_link_mac.mm:188] CVDisplayLinkCreateWithCGDisplay failed. CVReturn: -6670
[3314:150475072:1007/090213.096571:ERROR:ui/display/mac/cv_display_link_mac.mm:188] CVDisplayLinkCreateWithCGDisplay failed. CVReturn: -6670
[3314:150475349:1007/090213.096615:ERROR:ui/display/mac/cv_display_link_mac.mm:188] CVDisplayLinkCreateWithCGDisplay failed. CVReturn: -6670
[3314:150475072:1007/090213.096711:ERROR:ui/display/mac/cv_display_link_mac.mm:188] CVDisplayLinkCreateWithCGDisplay failed. CVReturn: -6670
[3314:150475349:1007/090213.096747:ERROR:ui/display/mac/cv_display_link_mac.mm:188] CVDisplayLinkCreateWithCGDisplay failed. CVReturn: -6670
[3314:150475072:1007/090213.096830:ERROR:ui/display/mac/cv_display_link_mac.mm:188] CVDisplayLinkCreateWithCGDisplay failed. CVReturn: -6670
[3314:150475349:1007/090213.096870:ERROR:ui/display/mac/cv_display_link_mac.mm:188] CVDisplayLinkCreateWithCGDisplay failed. CVReturn: -6670
[3314:150475072:1007/090213.096955:ERROR:ui/display/mac/cv_display_link_mac.mm:188] CVDisplayLinkCreateWithCGDisplay failed. CVReturn: -6670
[3314:150475349:1007/090213.096989:ERROR:ui/display/mac/cv_display_link_mac.mm:188] CVDisplayLinkCreateWithCGDisplay failed. CVReturn: -6670
[3314:150475072:1007/090213.101310:ERROR:ui/display/mac/cv_display_link_mac.mm:188] CVDisplayLinkCreateWithCGDisplay failed. CVReturn: -6670
[3314:150475349:1007/090213.101360:ERROR:ui/display/mac/cv_display_link_mac.mm:188] CVDisplayLinkCreateWithCGDisplay failed. CVReturn: -6670
[3314:150475072:1007/090213.222041:ERROR:ui/display/mac/cv_display_link_mac.mm:188] CVDisplayLinkCreateWithCGDisplay failed. CVReturn: -6670
[3314:150475349:1007/090213.222094:ERROR:ui/display/mac/cv_display_link_mac.mm:188] CVDisplayLinkCreateWithCGDisplay failed. CVReturn: -6670
[3314:150475072:1007/090213.223541:ERROR:ui/display/mac/cv_display_link_mac.mm:188] CVDisplayLinkCreateWithCGDisplay failed. CVReturn: -6670
[3314:150475349:1007/090213.223596:ERROR:ui/display/mac/cv_display_link_mac.mm:188] CVDisplayLinkCreateWithCGDisplay failed. CVReturn: -6670
[3314:150475072:1007/090213.224087:ERROR:ui/display/mac/cv_display_link_mac.mm:188] CVDisplayLinkCreateWithCGDisplay failed. CVReturn: -6670
[3314:150475349:1007/090213.224125:ERROR:ui/display/mac/cv_display_link_mac.mm:188] CVDisplayLinkCreateWithCGDisplay failed. CVReturn: -6670
[3314:150475072:1007/090213.224234:ERROR:ui/display/mac/cv_display_link_mac.mm:188] CVDisplayLinkCreateWithCGDisplay failed. CVReturn: -6670
[3314:150475349:1007/090213.224276:ERROR:ui/display/mac/cv_display_link_mac.mm:188] CVDisplayLinkCreateWithCGDisplay failed. CVReturn: -6670
[3314:150475072:1007/090213.224369:ERROR:ui/display/mac/cv_display_link_mac.mm:188] CVDisplayLinkCreateWithCGDisplay failed. CVReturn: -6670
[3314:150475349:1007/090213.224409:ERROR:ui/display/mac/cv_display_link_mac.mm:188] CVDisplayLinkCreateWithCGDisplay failed. CVReturn: -6670
[99294:150475070:1007/090213.293475:ERROR:base/process/process_mac.cc:53] task_policy_set TASK_CATEGORY_POLICY: (os/kern) invalid argument (4)
[99294:150475070:1007/090213.293487:ERROR:base/process/process_mac.cc:98] task_policy_set TASK_SUPPRESSION_POLICY: (os/kern) invalid argument (4)
[3314:150475072:1007/090213.354737:ERROR:ui/display/mac/cv_display_link_mac.mm:188] CVDisplayLinkCreateWithCGDisplay failed. CVReturn: -6670
[3314:150475349:1007/090213.354791:ERROR:ui/display/mac/cv_display_link_mac.mm:188] CVDisplayLinkCreateWithCGDisplay failed. CVReturn: -6670
[3314:150475072:1007/090213.355511:ERROR:ui/display/mac/cv_display_link_mac.mm:188] CVDisplayLinkCreateWithCGDisplay failed. CVReturn: -6670
[3314:150475349:1007/090213.355553:ERROR:ui/display/mac/cv_display_link_mac.mm:188] CVDisplayLinkCreateWithCGDisplay failed. CVReturn: -6670
[3314:150475072:1007/090213.355877:ERROR:ui/display/mac/cv_display_link_mac.mm:188] CVDisplayLinkCreateWithCGDisplay failed. CVReturn: -6670
[3314:150475349:1007/090213.355918:ERROR:ui/display/mac/cv_display_link_mac.mm:188] CVDisplayLinkCreateWithCGDisplay failed. CVReturn: -6670
[3314:150475072:1007/090213.356017:ERROR:ui/display/mac/cv_display_link_mac.mm:188] CVDisplayLinkCreateWithCGDisplay failed. CVReturn: -6670
[3314:150475349:1007/090213.356065:ERROR:ui/display/mac/cv_display_link_mac.mm:188] CVDisplayLinkCreateWithCGDisplay failed. CVReturn: -6670
[3314:150475072:1007/090213.356163:ERROR:ui/display/mac/cv_display_link_mac.mm:188] CVDisplayLinkCreateWithCGDisplay failed. CVReturn: -6670
[3314:150475349:1007/090213.356207:ERROR:ui/display/mac/cv_display_link_mac.mm:188] CVDisplayLinkCreateWithCGDisplay failed. CVReturn: -6670
[99294:150475070:1007/090213.462713:ERROR:base/process/process_mac.cc:53] task_policy_set TASK_CATEGORY_POLICY: (os/kern) invalid argument (4)
[99294:150475070:1007/090213.462725:ERROR:base/process/process_mac.cc:98] task_policy_set TASK_SUPPRESSION_POLICY: (os/kern) invalid argument (4)
[3314:150475072:1007/090213.525347:ERROR:ui/display/mac/cv_display_link_mac.mm:188] CVDisplayLinkCreateWithCGDisplay failed. CVReturn: -6670
[3314:150475349:1007/090213.525385:ERROR:ui/display/mac/cv_display_link_mac.mm:188] CVDisplayLinkCreateWithCGDisplay failed. CVReturn: -6670
[3314:150475072:1007/090213.525904:ERROR:ui/display/mac/cv_display_link_mac.mm:188] CVDisplayLinkCreateWithCGDisplay failed. CVReturn: -6670
[3314:150475349:1007/090213.525930:ERROR:ui/display/mac/cv_display_link_mac.mm:188] CVDisplayLinkCreateWithCGDisplay failed. CVReturn: -6670
[3314:150475072:1007/090213.526236:ERROR:ui/display/mac/cv_display_link_mac.mm:188] CVDisplayLinkCreateWithCGDisplay failed. CVReturn: -6670
[3314:150475349:1007/090213.526262:ERROR:ui/display/mac/cv_display_link_mac.mm:188] CVDisplayLinkCreateWithCGDisplay failed. CVReturn: -6670
[3314:150475072:1007/090213.526344:ERROR:ui/display/mac/cv_display_link_mac.mm:188] CVDisplayLinkCreateWithCGDisplay failed. CVReturn: -6670
[3314:150475349:1007/090213.526370:ERROR:ui/display/mac/cv_display_link_mac.mm:188] CVDisplayLinkCreateWithCGDisplay failed. CVReturn: -6670
[3314:150475072:1007/090213.526448:ERROR:ui/display/mac/cv_display_link_mac.mm:188] CVDisplayLinkCreateWithCGDisplay failed. CVReturn: -6670
[3314:150475349:1007/090213.526472:ERROR:ui/display/mac/cv_display_link_mac.mm:188] CVDisplayLinkCreateWithCGDisplay failed. CVReturn: -6670
[3314:150475072:1007/090215.143192:ERROR:ui/display/mac/cv_display_link_mac.mm:188] CVDisplayLinkCreateWithCGDisplay failed. CVReturn: -6670
[3314:150475349:1007/090215.143244:ERROR:ui/display/mac/cv_display_link_mac.mm:188] CVDisplayLinkCreateWithCGDisplay failed. CVReturn: -6670
[3314:150475072:1007/090215.198710:ERROR:ui/display/mac/cv_display_link_mac.mm:188] CVDisplayLinkCreateWithCGDisplay failed. CVReturn: -6670
[3314:150475349:1007/090215.198785:ERROR:ui/display/mac/cv_display_link_mac.mm:188] CVDisplayLinkCreateWithCGDisplay failed. CVReturn: -6670
[3314:150475072:1007/090215.224280:ERROR:ui/display/mac/cv_display_link_mac.mm:188] CVDisplayLinkCreateWithCGDisplay failed. CVReturn: -6670
[3314:150475349:1007/090215.224329:ERROR:ui/display/mac/cv_display_link_mac.mm:188] CVDisplayLinkCreateWithCGDisplay failed. CVReturn: -6670
[3314:150475072:1007/090215.264094:ERROR:ui/display/mac/cv_display_link_mac.mm:188] CVDisplayLinkCreateWithCGDisplay failed. CVReturn: -6670
[3314:150475349:1007/090215.264145:ERROR:ui/display/mac/cv_display_link_mac.mm:188] CVDisplayLinkCreateWithCGDisplay failed. CVReturn: -6670
[3314:150475072:1007/090215.289644:ERROR:ui/display/mac/cv_display_link_mac.mm:188] CVDisplayLinkCreateWithCGDisplay failed. CVReturn: -6670
[3314:150475349:1007/090215.289701:ERROR:ui/display/mac/cv_display_link_mac.mm:188] CVDisplayLinkCreateWithCGDisplay failed. CVReturn: -6670
[3314:150475072:1007/090215.335008:ERROR:ui/display/mac/cv_display_link_mac.mm:188] CVDisplayLinkCreateWithCGDisplay failed. CVReturn: -6670
[3314:150475349:1007/090215.335073:ERROR:ui/display/mac/cv_display_link_mac.mm:188] CVDisplayLinkCreateWithCGDisplay failed. CVReturn: -6670
[3314:150475072:1007/090215.362149:ERROR:ui/display/mac/cv_display_link_mac.mm:188] CVDisplayLinkCreateWithCGDisplay failed. CVReturn: -6670
[3314:150475349:1007/090215.362209:ERROR:ui/display/mac/cv_display_link_mac.mm:188] CVDisplayLinkCreateWithCGDisplay failed. CVReturn: -6670
[3314:150475072:1007/090217.137762:ERROR:gpu/command_buffer/service/shared_image/shared_image_manager.cc:376] SharedImageManager::ProduceOverlay: Trying to Produce a Overlay representation from a non-existent mailbox.
[3314:150475072:1007/090217.137780:ERROR:components/viz/service/display_embedder/skia_output_device_buffer_queue.cc:258] Invalid mailbox.
[3314:150475072:1007/090217.137782:ERROR:gpu/command_buffer/service/shared_image/shared_image_manager.cc:376] SharedImageManager::ProduceOverlay: Trying to Produce a Overlay representation from a non-existent mailbox.
[3314:150475072:1007/090217.137784:ERROR:components/viz/service/display_embedder/skia_output_device_buffer_queue.cc:258] Invalid mailbox.
[3314:150475072:1007/090217.137785:ERROR:gpu/command_buffer/service/shared_image/shared_image_manager.cc:376] SharedImageManager::ProduceOverlay: Trying to Produce a Overlay representation from a non-existent mailbox.
[3314:150475072:1007/090217.137787:ERROR:components/viz/service/display_embedder/skia_output_device_buffer_queue.cc:258] Invalid mailbox.
[99294:150475070:1007/090217.142108:ERROR:base/process/process_mac.cc:53] task_policy_set TASK_CATEGORY_POLICY: (os/kern) invalid argument (4)
[99294:150475070:1007/090217.142119:ERROR:base/process/process_mac.cc:98] task_policy_set TASK_SUPPRESSION_POLICY: (os/kern) invalid argument (4)
[3314:150475072:1007/090217.212034:ERROR:ui/display/mac/cv_display_link_mac.mm:188] CVDisplayLinkCreateWithCGDisplay failed. CVReturn: -6670
[3314:150475349:1007/090217.212092:ERROR:ui/display/mac/cv_display_link_mac.mm:188] CVDisplayLinkCreateWithCGDisplay failed. CVReturn: -6670
[3314:150475072:1007/090217.212769:ERROR:ui/display/mac/cv_display_link_mac.mm:188] CVDisplayLinkCreateWithCGDisplay failed. CVReturn: -6670
[3314:150475349:1007/090217.212823:ERROR:ui/display/mac/cv_display_link_mac.mm:188] CVDisplayLinkCreateWithCGDisplay failed. CVReturn: -6670
[3314:150475072:1007/090217.212992:ERROR:ui/display/mac/cv_display_link_mac.mm:188] CVDisplayLinkCreateWithCGDisplay failed. CVReturn: -6670
[3314:150475349:1007/090217.213034:ERROR:ui/display/mac/cv_display_link_mac.mm:188] CVDisplayLinkCreateWithCGDisplay failed. CVReturn: -6670
[3314:150475072:1007/090217.213164:ERROR:ui/display/mac/cv_display_link_mac.mm:188] CVDisplayLinkCreateWithCGDisplay failed. CVReturn: -6670
[3314:150475349:1007/090217.213195:ERROR:ui/display/mac/cv_display_link_mac.mm:188] CVDisplayLinkCreateWithCGDisplay failed. CVReturn: -6670
[3314:150475072:1007/090217.213288:ERROR:ui/display/mac/cv_display_link_mac.mm:188] CVDisplayLinkCreateWithCGDisplay failed. CVReturn: -6670
[3314:150475349:1007/090217.213324:ERROR:ui/display/mac/cv_display_link_mac.mm:188] CVDisplayLinkCreateWithCGDisplay failed. CVReturn: -6670
[99294:150475070:1007/090220.634358:ERROR:base/process/process_mac.cc:53] task_policy_set TASK_CATEGORY_POLICY: (os/kern) invalid argument (4)
[99294:150475070:1007/090220.634370:ERROR:base/process/process_mac.cc:98] task_policy_set TASK_SUPPRESSION_POLICY: (os/kern) invalid argument (4)
[3314:150475072:1007/090220.695412:ERROR:ui/display/mac/cv_display_link_mac.mm:188] CVDisplayLinkCreateWithCGDisplay failed. CVReturn: -6670
[3314:150475349:1007/090220.695475:ERROR:ui/display/mac/cv_display_link_mac.mm:188] CVDisplayLinkCreateWithCGDisplay failed. CVReturn: -6670
[3314:150475072:1007/090220.696152:ERROR:ui/display/mac/cv_display_link_mac.mm:188] CVDisplayLinkCreateWithCGDisplay failed. CVReturn: -6670
[3314:150475349:1007/090220.696179:ERROR:ui/display/mac/cv_display_link_mac.mm:188] CVDisplayLinkCreateWithCGDisplay failed. CVReturn: -6670
[3314:150475072:1007/090220.696477:ERROR:ui/display/mac/cv_display_link_mac.mm:188] CVDisplayLinkCreateWithCGDisplay failed. CVReturn: -6670
[3314:150475349:1007/090220.696503:ERROR:ui/display/mac/cv_display_link_mac.mm:188] CVDisplayLinkCreateWithCGDisplay failed. CVReturn: -6670
[3314:150475072:1007/090220.696583:ERROR:ui/display/mac/cv_display_link_mac.mm:188] CVDisplayLinkCreateWithCGDisplay failed. CVReturn: -6670
[3314:150475349:1007/090220.696611:ERROR:ui/display/mac/cv_display_link_mac.mm:188] CVDisplayLinkCreateWithCGDisplay failed. CVReturn: -6670
[3314:150475072:1007/090220.696681:ERROR:ui/display/mac/cv_display_link_mac.mm:188] CVDisplayLinkCreateWithCGDisplay failed. CVReturn: -6670
[3314:150475349:1007/090220.696713:ERROR:ui/display/mac/cv_display_link_mac.mm:188] CVDisplayLinkCreateWithCGDisplay failed. CVReturn: -6670
[99294:150475070:1007/090224.153049:ERROR:base/process/process_mac.cc:53] task_policy_set TASK_CATEGORY_POLICY: (os/kern) invalid argument (4)
[99294:150475070:1007/090224.153060:ERROR:base/process/process_mac.cc:98] task_policy_set TASK_SUPPRESSION_POLICY: (os/kern) invalid argument (4)
[3314:150475072:1007/090224.207656:ERROR:ui/display/mac/cv_display_link_mac.mm:188] CVDisplayLinkCreateWithCGDisplay failed. CVReturn: -6670
[3314:150475349:1007/090224.207700:ERROR:ui/display/mac/cv_display_link_mac.mm:188] CVDisplayLinkCreateWithCGDisplay failed. CVReturn: -6670
[3314:150475072:1007/090224.208447:ERROR:ui/display/mac/cv_display_link_mac.mm:188] CVDisplayLinkCreateWithCGDisplay failed. CVReturn: -6670
[3314:150475349:1007/090224.208483:ERROR:ui/display/mac/cv_display_link_mac.mm:188] CVDisplayLinkCreateWithCGDisplay failed. CVReturn: -6670
[3314:150475072:1007/090224.208818:ERROR:ui/display/mac/cv_display_link_mac.mm:188] CVDisplayLinkCreateWithCGDisplay failed. CVReturn: -6670
[3314:150475349:1007/090224.208852:ERROR:ui/display/mac/cv_display_link_mac.mm:188] CVDisplayLinkCreateWithCGDisplay failed. CVReturn: -6670
[3314:150475072:1007/090224.208937:ERROR:ui/display/mac/cv_display_link_mac.mm:188] CVDisplayLinkCreateWithCGDisplay failed. CVReturn: -6670
[3314:150475349:1007/090224.208962:ERROR:ui/display/mac/cv_display_link_mac.mm:188] CVDisplayLinkCreateWithCGDisplay failed. CVReturn: -6670
[3314:150475072:1007/090224.209043:ERROR:ui/display/mac/cv_display_link_mac.mm:188] CVDisplayLinkCreateWithCGDisplay failed. CVReturn: -6670
[3314:150475349:1007/090224.209070:ERROR:ui/display/mac/cv_display_link_mac.mm:188] CVDisplayLinkCreateWithCGDisplay failed. CVReturn: -6670
[15629:150495378:1007/090231.752924:VERBOSE1:chrome/updater/updater.cc:364] Version: 156.0.8067.0, opt, ARM_64, command line: /Users/citrine/Library/Application Support/Google/GoogleUpdater/156.0.8067.0/GoogleUpdater.app/Contents/MacOS/GoogleUpdater --wake-all --enable-logging --vmodule=*/components/update_client/*=2,*/chrome/enterprise_companion/*=2,*/chrome/updater/*=2
[15629:150495378:1007/090231.753500:VERBOSE1:chrome/updater/updater.cc:367] OS version: 26.6.2, arch: arm64, System uptime (seconds): 863723, parent pid: 99294
[15629:150495378:1007/090231.755300:VERBOSE1:chrome/updater/updater.cc:372] Available disk space in install directory (/Users/citrine/Library/Application Support/Google/GoogleUpdater): 20186128384B (18.800GiB) / 994662584320B (926.352GiB)
[15629:150495378:1007/090231.755326:VERBOSE1:chrome/updater/updater.cc:376] Available disk space in temporary directory (/private/tmp/rel01-recovery-c1/scratch/temp): 20186128384B (18.800GiB) / 994662584320B (926.352GiB)
[15629:150495378:1007/090231.755377:VERBOSE2:chrome/updater/event_history.cc:266] Emitted a UPDATER_PROCESS START event to the history log
[15642:150495394:1007/090231.763179:VERBOSE1:chrome/updater/updater.cc:364] Version: 156.0.8067.0, opt, ARM_64, command line: /Users/citrine/Library/Application Support/Google/GoogleUpdater/156.0.8067.0/GoogleUpdater.app/Contents/MacOS/GoogleUpdater --crash-handler --database=/Users/citrine/Library/Application Support/Google/GoogleUpdater/156.0.8067.0/Crashpad --url=https://clients2.google.com/cr/report --annotation=prod=Update4 --annotation=ver=156.0.8067.0 --handshake-fd=6 --enable-logging --vmodule=*/components/update_client/*=2,*/chrome/enterprise_companion/*=2,*/chrome/updater/*=2
[15642:150495394:1007/090231.763699:VERBOSE1:chrome/updater/updater.cc:367] OS version: 26.6.2, arch: arm64, System uptime (seconds): 863723, parent pid: 1
[15642:150495394:1007/090231.765582:VERBOSE1:chrome/updater/updater.cc:372] Available disk space in install directory (/Users/citrine/Library/Application Support/Google/GoogleUpdater): 20186128384B (18.800GiB) / 994662584320B (926.352GiB)
[15642:150495394:1007/090231.765605:VERBOSE1:chrome/updater/updater.cc:376] Available disk space in temporary directory (/private/tmp/rel01-recovery-c1/scratch/temp): 20186128384B (18.800GiB) / 994662584320B (926.352GiB)
[15642:150495394:1007/090231.765658:VERBOSE2:chrome/updater/event_history.cc:266] Emitted a UPDATER_PROCESS START event to the history log
[15629:150495378:1007/090231.766066:VERBOSE1:chrome/updater/crash_reporter.cc:123] Crash handler launched and ready.
[15629:150495378:1007/090231.766691:VERBOSE1:chrome/updater/crash_client.cc:108] Found 0 completed crash reports
[15629:150495378:1007/090231.766775:VERBOSE1:chrome/updater/crash_client.cc:132] Found 0 pending crash reports
[15629:150495378:1007/090231.766883:ERROR:third_party/crashpad/crashpad/util/file/file_io_posix.cc:145] open /Users/citrine/Library/Application Support/Google/RLZ/Crashpad/settings.dat: No such file or directory (2)
[15629:150495378:1007/090231.766895:ERROR:third_party/crashpad/crashpad/util/file/file_io_posix.cc:145] open /Users/citrine/Library/Application Support/Google/Measurement/Crashpad/settings.dat: No such file or directory (2)
[15629:150495378:1007/090231.766904:ERROR:third_party/crashpad/crashpad/util/file/file_io_posix.cc:145] open /Users/citrine/Library/Application Support/Google/consentOptions/Crashpad/settings.dat: No such file or directory (2)
[15629:150495378:1007/090231.766912:ERROR:third_party/crashpad/crashpad/util/file/file_io_posix.cc:145] open /Users/citrine/Library/Application Support/Google/Chrome for Testing/Crashpad/settings.dat: No such file or directory (2)
[15629:150495378:1007/090231.766920:ERROR:third_party/crashpad/crashpad/util/file/file_io_posix.cc:145] open /Users/citrine/Library/Application Support/Google/AndroidStudio2024.1/Crashpad/settings.dat: No such file or directory (2)
[15629:150495378:1007/090231.767162:VERBOSE1:chrome/updater/updater.cc:105] Crash reporting initialized.
[15629:150495419:1007/090231.767445:VERBOSE1:chrome/updater/app/app_wakeall.cc:58] Launching `/Users/citrine/Library/Application Support/Google/GoogleUpdater/156.0.8067.0/GoogleUpdater.app/Contents/MacOS/GoogleUpdater --wake`
[15653:150495423:1007/090231.774560:VERBOSE1:chrome/updater/updater.cc:364] Version: 156.0.8067.0, opt, ARM_64, command line: /Users/citrine/Library/Application Support/Google/GoogleUpdater/156.0.8067.0/GoogleUpdater.app/Contents/MacOS/GoogleUpdater --wake --enable-logging --vmodule=*/components/update_client/*=2,*/chrome/enterprise_companion/*=2,*/chrome/updater/*=2
[15653:150495423:1007/090231.775055:VERBOSE1:chrome/updater/updater.cc:367] OS version: 26.6.2, arch: arm64, System uptime (seconds): 863723, parent pid: 15629
[15653:150495423:1007/090231.776811:VERBOSE1:chrome/updater/updater.cc:372] Available disk space in install directory (/Users/citrine/Library/Application Support/Google/GoogleUpdater): 20186120192B (18.800GiB) / 994662584320B (926.352GiB)
[15653:150495423:1007/090231.776858:VERBOSE1:chrome/updater/updater.cc:376] Available disk space in temporary directory (/private/tmp/rel01-recovery-c1/scratch/temp): 20186120192B (18.800GiB) / 994662584320B (926.352GiB)
[15653:150495423:1007/090231.776910:VERBOSE2:chrome/updater/event_history.cc:266] Emitted a UPDATER_PROCESS START event to the history log
[15665:150495444:1007/090231.784327:VERBOSE1:chrome/updater/updater.cc:364] Version: 156.0.8067.0, opt, ARM_64, command line: /Users/citrine/Library/Application Support/Google/GoogleUpdater/156.0.8067.0/GoogleUpdater.app/Contents/MacOS/GoogleUpdater --crash-handler --database=/Users/citrine/Library/Application Support/Google/GoogleUpdater/156.0.8067.0/Crashpad --url=https://clients2.google.com/cr/report --annotation=prod=Update4 --annotation=ver=156.0.8067.0 --handshake-fd=6 --enable-logging --vmodule=*/components/update_client/*=2,*/chrome/enterprise_companion/*=2,*/chrome/updater/*=2
[15665:150495444:1007/090231.784942:VERBOSE1:chrome/updater/updater.cc:367] OS version: 26.6.2, arch: arm64, System uptime (seconds): 863723, parent pid: 1
[15665:150495444:1007/090231.787043:VERBOSE1:chrome/updater/updater.cc:372] Available disk space in install directory (/Users/citrine/Library/Application Support/Google/GoogleUpdater): 20186120192B (18.800GiB) / 994662584320B (926.352GiB)
[15665:150495444:1007/090231.787071:VERBOSE1:chrome/updater/updater.cc:376] Available disk space in temporary directory (/private/tmp/rel01-recovery-c1/scratch/temp): 20186120192B (18.800GiB) / 994662584320B (926.352GiB)
[15665:150495444:1007/090231.787126:VERBOSE2:chrome/updater/event_history.cc:266] Emitted a UPDATER_PROCESS START event to the history log
[15653:150495423:1007/090231.787564:VERBOSE1:chrome/updater/crash_reporter.cc:123] Crash handler launched and ready.
[15653:150495423:1007/090231.788196:VERBOSE1:chrome/updater/crash_client.cc:108] Found 0 completed crash reports
[15653:150495423:1007/090231.788296:VERBOSE1:chrome/updater/crash_client.cc:132] Found 0 pending crash reports
[15653:150495423:1007/090231.788409:ERROR:third_party/crashpad/crashpad/util/file/file_io_posix.cc:145] open /Users/citrine/Library/Application Support/Google/RLZ/Crashpad/settings.dat: No such file or directory (2)
[15653:150495423:1007/090231.788423:ERROR:third_party/crashpad/crashpad/util/file/file_io_posix.cc:145] open /Users/citrine/Library/Application Support/Google/Measurement/Crashpad/settings.dat: No such file or directory (2)
[15653:150495423:1007/090231.788431:ERROR:third_party/crashpad/crashpad/util/file/file_io_posix.cc:145] open /Users/citrine/Library/Application Support/Google/consentOptions/Crashpad/settings.dat: No such file or directory (2)
[15653:150495423:1007/090231.788440:ERROR:third_party/crashpad/crashpad/util/file/file_io_posix.cc:145] open /Users/citrine/Library/Application Support/Google/Chrome for Testing/Crashpad/settings.dat: No such file or directory (2)
[15653:150495423:1007/090231.788447:ERROR:third_party/crashpad/crashpad/util/file/file_io_posix.cc:145] open /Users/citrine/Library/Application Support/Google/AndroidStudio2024.1/Crashpad/settings.dat: No such file or directory (2)
[15653:150495423:1007/090231.788661:VERBOSE1:chrome/updater/updater.cc:105] Crash reporting initialized.
[15653:150495423:1007/090231.788832:VERBOSE1:chrome/updater/ipc/update_service_internal_proxy_mojo.cc:61] Run
[99294:150475070:1007/090235.488281:ERROR:base/process/process_mac.cc:53] task_policy_set TASK_CATEGORY_POLICY: (os/kern) invalid argument (4)
[99294:150475070:1007/090235.488294:ERROR:base/process/process_mac.cc:98] task_policy_set TASK_SUPPRESSION_POLICY: (os/kern) invalid argument (4)
[15653:150495423:1007/090248.270304:VERBOSE1:chrome/updater/app/app.cc:52] Shutdown: 0
[15653:150495423:1007/090248.270591:VERBOSE2:chrome/updater/event_history.cc:266] Emitted a UPDATER_PROCESS END event to the history log
[15653:150495423:1007/090248.270607:VERBOSE1:chrome/updater/updater.cc:409] UpdaterMain (--wake) returned 0.
[15629:150495419:1007/090248.369418:VERBOSE1:chrome/updater/app/app_wakeall.cc:68] `/Users/citrine/Library/Application Support/Google/GoogleUpdater/156.0.8067.0/GoogleUpdater.app/Contents/MacOS/GoogleUpdater --wake` exited 0
[15629:150495378:1007/090248.369636:VERBOSE1:chrome/updater/app/app.cc:52] Shutdown: 0
[15629:150495378:1007/090248.370069:VERBOSE2:chrome/updater/event_history.cc:266] Emitted a UPDATER_PROCESS END event to the history log
[15629:150495378:1007/090248.370095:VERBOSE1:chrome/updater/updater.cc:409] UpdaterMain (--wake-all) returned 0.
[15665:150495444:1007/090258.280754:VERBOSE2:chrome/updater/event_history.cc:266] Emitted a UPDATER_PROCESS END event to the history log
[15665:150495444:1007/090258.280790:VERBOSE1:chrome/updater/updater.cc:409] UpdaterMain (--crash-handler) returned 0.
[15642:150495394:1007/090258.282387:VERBOSE2:chrome/updater/event_history.cc:266] Emitted a UPDATER_PROCESS END event to the history log
[15642:150495394:1007/090258.282442:VERBOSE1:chrome/updater/updater.cc:409] UpdaterMain (--crash-handler) returned 0.
