
 RUN  v4.0.18 /Users/citrine/Projects/AgentHarness/Flow-worktrees/knowledge-source-store

 ❯ apps/server/src/knowledge/knowledge.test.ts (1 test | 1 failed) 838ms
   × owner creates exact text and resolves immutable UTF8 citation after restart 45ms

⎯⎯⎯⎯⎯⎯⎯ Failed Tests 1 ⎯⎯⎯⎯⎯⎯⎯

 FAIL  apps/server/src/knowledge/knowledge.test.ts > owner creates exact text and resolves immutable UTF8 citation after restart
AssertionError: expected 501 to be 201 // Object.is equality

- Expected
+ Received

- 201
+ 501

 ❯ apps/server/src/knowledge/knowledge.test.ts:14:27
     12|   const projectId = await f.project(); const text = '原文\r\n\\path 😀';…
     13|   const accepted = await f.http(sourcePath(projectId), { expectedVersi…
     14|   expect(accepted.status).toBe(201);
       |                           ^
     15|   expect(accepted.body.version.contentDigest).toBe(hash(text));
     16|   const citation = { projectId, sourceId: accepted.body.source.id, ver…

⎯⎯⎯⎯⎯⎯⎯⎯⎯⎯⎯⎯⎯⎯⎯⎯⎯⎯⎯⎯⎯⎯⎯⎯[1/1]⎯


 Test Files  1 failed (1)
      Tests  1 failed (1)
   Start at  22:15:47
   Duration  1.30s (transform 181ms, setup 0ms, import 385ms, tests 838ms, environment 0ms)

