{"passed":false,"checks":[],"failure":"Error: expect(received).toBeLessThanOrEqual(expected)\n\nExpected: <= 1\nReceived:    327\n\nCall Log:\n- Timeout 5000ms exceeded while waiting on the predicate\n    at captureRawStack (/Users/citrine/Projects/AgentHarness/Flow/node_modules/.pnpm/playwright-core@1.63.0/node_modules/playwright-core/lib/coreBundle.js:8588:17)\n    at callMatcherAsStep (/Users/citrine/Projects/AgentHarness/Flow/node_modules/.pnpm/playwright@1.63.0/node_modules/playwright/lib/matchers/expect.js:13310:57)\n    at Object.toBeLessThanOrEqual (/Users/citrine/Projects/AgentHarness/Flow/node_modules/.pnpm/playwright@1.63.0/node_modules/playwright/lib/matchers/expect.js:13302:23)\n    at expectFit (/Users/citrine/Projects/AgentHarness/Flow-worktrees/dashboard-architecture-first-fit/apps/execution-dashboard/test/architecture-viewport.browser.mjs:60:8)\n    at /Users/citrine/Projects/AgentHarness/Flow-worktrees/dashboard-architecture-first-fit/apps/execution-dashboard/test/architecture-viewport.browser.mjs:69:11"}
node:internal/modules/run_main:107
    triggerUncaughtException(
    ^

ExpectError: expect(received).toBeLessThanOrEqual(expected)

Expected: <= 1
Received:    327

Call Log:
- Timeout 5000ms exceeded while waiting on the predicate
    at captureRawStack (/Users/citrine/Projects/AgentHarness/Flow/node_modules/.pnpm/playwright-core@1.63.0/node_modules/playwright-core/lib/coreBundle.js:8588:17)
    at callMatcherAsStep (/Users/citrine/Projects/AgentHarness/Flow/node_modules/.pnpm/playwright@1.63.0/node_modules/playwright/lib/matchers/expect.js:13310:57)
    at Object.toBeLessThanOrEqual (/Users/citrine/Projects/AgentHarness/Flow/node_modules/.pnpm/playwright@1.63.0/node_modules/playwright/lib/matchers/expect.js:13302:23)
    at expectFit (/Users/citrine/Projects/AgentHarness/Flow-worktrees/dashboard-architecture-first-fit/apps/execution-dashboard/test/architecture-viewport.browser.mjs:60:8)
    at /Users/citrine/Projects/AgentHarness/Flow-worktrees/dashboard-architecture-first-fit/apps/execution-dashboard/test/architecture-viewport.browser.mjs:69:11 {
  matcherResult: {
    pass: false,
    message: 'expect(received).toBeLessThanOrEqual(expected)\n' +
      '\n' +
      'Expected: <= 1\n' +
      'Received:    327\n' +
      '\n' +
      'Call Log:\n' +
      '- Timeout 5000ms exceeded while waiting on the predicate',
    name: 'toBeLessThanOrEqual'
  }
}

Node.js v24.20.0
