{"passed":false,"checks":["direct #architecture first positive-width layout fits at1280x720"],"failure":"Error: expect(received).toBeGreaterThan(expected)\n\nExpected: > 2\nReceived:   2\n\nCall Log:\n- Timeout 5000ms exceeded while waiting on the predicate\n    at captureRawStack (/Users/citrine/Projects/AgentHarness/Flow/node_modules/.pnpm/playwright-core@1.63.0/node_modules/playwright-core/lib/coreBundle.js:8588:17)\n    at callMatcherAsStep (/Users/citrine/Projects/AgentHarness/Flow/node_modules/.pnpm/playwright@1.63.0/node_modules/playwright/lib/matchers/expect.js:13310:57)\n    at Object.toBeGreaterThan (/Users/citrine/Projects/AgentHarness/Flow/node_modules/.pnpm/playwright@1.63.0/node_modules/playwright/lib/matchers/expect.js:13302:23)\n    at /Users/citrine/Projects/AgentHarness/Flow-worktrees/dashboard-architecture-first-fit/apps/execution-dashboard/test/architecture-viewport.browser.mjs:100:40"}
node:internal/modules/run_main:107
    triggerUncaughtException(
    ^

ExpectError: expect(received).toBeGreaterThan(expected)

Expected: > 2
Received:   2

Call Log:
- Timeout 5000ms exceeded while waiting on the predicate
    at captureRawStack (/Users/citrine/Projects/AgentHarness/Flow/node_modules/.pnpm/playwright-core@1.63.0/node_modules/playwright-core/lib/coreBundle.js:8588:17)
    at callMatcherAsStep (/Users/citrine/Projects/AgentHarness/Flow/node_modules/.pnpm/playwright@1.63.0/node_modules/playwright/lib/matchers/expect.js:13310:57)
    at Object.toBeGreaterThan (/Users/citrine/Projects/AgentHarness/Flow/node_modules/.pnpm/playwright@1.63.0/node_modules/playwright/lib/matchers/expect.js:13302:23)
    at /Users/citrine/Projects/AgentHarness/Flow-worktrees/dashboard-architecture-first-fit/apps/execution-dashboard/test/architecture-viewport.browser.mjs:100:40 {
  matcherResult: {
    pass: false,
    message: 'expect(received).toBeGreaterThan(expected)\n' +
      '\n' +
      'Expected: > 2\n' +
      'Received:   2\n' +
      '\n' +
      'Call Log:\n' +
      '- Timeout 5000ms exceeded while waiting on the predicate',
    name: 'toBeGreaterThan'
  }
}

Node.js v24.20.0
