
[1m[46m RUN [49m[22m [36mv4.0.18 [39m[90m/Users/citrine/Projects/AgentHarness/Flow-worktrees/native-activity-body-wiring[39m

 [31m❯[39m apps/runner/src/runtime-shutdown.test.ts [2m([22m[2m10 tests[22m[2m | [22m[31m1 failed[39m[2m | [22m[33m8 skipped[39m[2m)[22m[32m 103[2mms[22m[39m
   [2m[90m↓[39m[22m drains a definite null claim across normal stop and can claim after same-directory restart
   [32m✓[39m persists a late assignment without starting it or manufacturing completion after normal stop[32m 76[2mms[22m[39m
[31m   [31m×[31m uses the original request deadline during normal stop and keeps its unresolved intent across restart[39m[32m 26[2mms[22m[39m
   [2m[90m↓[39m[22m retains the same intent on connection reset without a replacement claim
   [2m[90m↓[39m[22m retains the same intent on malformed response without a replacement claim
   [2m[90m↓[39m[22m sends no request if normal stop already happened before admission
   [2m[90m↓[39m[22m retains only the unused opportunity without sending a claim when normal stop occurs while real durable rename is returning
   [2m[90m↓[39m[22m fatal host authentication 401 still preempts a pending claim and awaits the active adapter
   [2m[90m↓[39m[22m fatal host authentication 403 still preempts a pending claim and awaits the active adapter
   [2m[90m↓[39m[22m retains a real in-flight intent after killing its owned child and blocks same-directory restart
 [32m✓[39m apps/runner/src/runtime-claim-recovery.test.ts [2m([22m[2m8 tests[22m[2m | [22m[33m6 skipped[39m[2m)[22m[32m 93[2mms[22m[39m
 [32m✓[39m packages/client/src/browser-session.test.ts [2m([22m[2m3 tests[22m[2m)[22m[32m 42[2mms[22m[39m
 [32m✓[39m packages/client/src/runner-claim.test.ts [2m([22m[2m3 tests[22m[2m)[22m[32m 39[2mms[22m[39m
 [32m✓[39m packages/client/src/native-activity.test.ts [2m([22m[2m1 test[22m[2m)[22m[32m 19[2mms[22m[39m

[2m Test Files [22m [1m[31m1 failed[39m[22m[2m | [22m[1m[32m4 passed[39m[22m[90m (5)[39m
[2m      Tests [22m [1m[31m1 failed[39m[22m[2m | [22m[1m[32m10 passed[39m[22m[2m | [22m[33m14 skipped[39m[90m (25)[39m
[2m   Start at [22m 00:27:18
[2m   Duration [22m 1.39s[2m (transform 267ms, setup 0ms, import 706ms, tests 296ms, environment 0ms)[22m

