PASS 32 resident protected views reject new allocation without changing route; existing protected view reopens
ExpectError: expect(locator).toBeVisible() failed

Locator:  locator('[id="panel-conversation:chat-32"]')
Expected: visible
Received: hidden
Timeout:  2500ms

Call log:
  - Expect "toBeVisible" locator('[id="panel-conversation:chat-32"]') with timeout 2500ms
  - waiting for locator('[id="panel-conversation:chat-32"]')
    9 × locator resolved to <div hidden="" role="tabpanel" class="flow-tab-body" id="panel-conversation:chat-32" aria-labelledby="tab-conversation:chat-32">…</div>
      - unexpected value "hidden"

    at captureRawStack (/Users/citrine/Projects/AgentHarness/Flow-worktrees/web-workspace-cache/node_modules/.pnpm/playwright-core@1.63.0/node_modules/playwright-core/lib/coreBundle.js:8588:17)
    at callMatcherAsStep (/Users/citrine/Projects/AgentHarness/Flow-worktrees/web-workspace-cache/node_modules/.pnpm/playwright@1.63.0/node_modules/playwright/lib/matchers/expect.js:13310:57)
    at Object.toBeVisible (/Users/citrine/Projects/AgentHarness/Flow-worktrees/web-workspace-cache/node_modules/.pnpm/playwright@1.63.0/node_modules/playwright/lib/matchers/expect.js:13302:23)
    at <anonymous> (/Users/citrine/Projects/AgentHarness/Flow-worktrees/web-workspace-cache/apps/web/test/workspace-retention.browser.ts:94:122)
    at async check (/Users/citrine/Projects/AgentHarness/Flow-worktrees/web-workspace-cache/apps/web/test/workspace-retention.browser.ts:38:203)
    at async <anonymous> (/Users/citrine/Projects/AgentHarness/Flow-worktrees/web-workspace-cache/apps/web/test/workspace-retention.browser.ts:93:3) {
  matcherResult: {
    message: 'expect(locator).toBeVisible() failed\n' +
      '\n' +
      `Locator:  locator('[id="panel-conversation:chat-32"]')\n` +
      'Expected: visible\n' +
      'Received: hidden\n' +
      'Timeout:  2500ms\n' +
      '\n' +
      'Call log:\n' +
      `  - Expect "toBeVisible" locator('[id="panel-conversation:chat-32"]') with timeout 2500ms\n` +
      `  - waiting for locator('[id="panel-conversation:chat-32"]')\n` +
      '    9 × locator resolved to <div hidden="" role="tabpanel" class="flow-tab-body" id="panel-conversation:chat-32" aria-labelledby="tab-conversation:chat-32">…</div>\n' +
      '      - unexpected value "hidden"\n',
    pass: false,
    actual: 'hidden',
    name: 'toBeVisible',
    expected: 'visible',
    log: [
      `  - Expect "toBeVisible" locator('[id="panel-conversation:chat-32"]') with timeout 2500ms`,
      `  - waiting for locator('[id="panel-conversation:chat-32"]')`,
      '    9 × locator resolved to <div hidden="" role="tabpanel" class="flow-tab-body" id="panel-conversation:chat-32" aria-labelledby="tab-conversation:chat-32">…</div>',
      '      - unexpected value "hidden"'
    ],
    timeout: 2500,
    ariaSnapshot: '- link "Skip to main content":\n' +
      '  - /url: "#main"\n' +
      '- navigation "Workspace tools":\n' +
      '  - text: F\n' +
      '  - button "Work overview"\n' +
      '  - button "Chats"\n' +
      '  - button "Files"\n' +
      '  - button "Terminal"\n' +
      '  - button "Use dark theme"\n' +
      '  - button "Extension actions"\n' +
      '  - button "Extensions and appearance"\n' +
      '  - button "Change connection"\n' +
      '- complementary "Chats":\n' +
      '  - text: Personal\n' +
      '  - button "Hide chat list"\n' +
      '  - button "New chat"\n' +
      '  - textbox "Find chats":\n' +
      '    - /placeholder: Find a chat\n' +
      '  - text: Chats\n' +
      '  - button "Refresh conversations"\n' +
      '  - navigation "Conversations":\n' +
      '    - button "Conversation 1"\n' +
      '    - button "Conversation 10"\n' +
      '    - button "Conversation 11"\n' +
      '    - button "Conversation 12"\n' +
      '    - button "Conversation 13"\n' +
      '    - button "Conversation 14"\n' +
      '    - button "Conversation 15"\n' +
      '    - button "Conversation 16"\n' +
      '    - button "Conversation 17"\n' +
      '    - button "Conversation 18"\n' +
      '    - button "Conversation 19"\n' +
      '    - button "Conversation 2"\n' +
      '    - button "Conversation 20"\n' +
      '    - button "Conversation 21"\n' +
      '    - button "Conversation 22"\n' +
      '    - button "Conversation 23"\n' +
      '    - button "Conversation 24"\n' +
      '    - button "Conversation 25"\n' +
      '    - button "Conversation 26"\n' +
      '    - button "Conversation 27"\n' +
      '    - button "Conversation 28"\n' +
      '    - button "Conversation 29"\n' +
      '    - button "Conversation 3"\n' +
      '    - button "Conversation 30"\n' +
      '    - button "Conversation 31"\n' +
      '    - button "Conversation 32"\n' +
      '    - button "Conversation 33"\n' +
      '    - button "Conversation 4"\n' +
      '    - button "Conversation 5"\n' +
      '    - button "Conversation 6"\n' +
      '    - button "Conversation 7"\n' +
      '    - button "Conversation 8"\n' +
      '    - button "Conversation 9"\n' +
      '  - paragraph: HTTP fixture · simulated\n' +
      '- main:\n' +
      '  - text: Flow Fixture preview\n' +
      '  - button "New chat"\n' +
      '  - button "Split chat" [disabled]\n' +
      '  - button "Merge tabs"\n' +
      '  - button "Toggle workspace panel"\n' +
      '  - button "Retained chats"\n' +
      '  - tablist "Chat group main":\n' +
      '    - tab "New chat"\n' +
      '    - button "Close New chat"\n' +
      '    - tab "Conversation 3" [selected]\n' +
      '    - button "Close Conversation 3"\n' +
      '  - tabpanel "Conversation 3":\n' +
      '    - region "Conversation 3":\n' +
      '      - paragraph: hi\n' +
      '      - group: Activity · succeeded\n' +
      '      - button "Open task controls"\n' +
      '      - button "More actions"\n' +
      '      - paragraph: Hi! What would you like to talk about?\n' +
      '      - button "Copy"\n' +
      '      - button "More"\n' +
      '      - button "Task output"\n' +
      '      - region "Conversation queue":\n' +
      '        - button "0 waiting loaded Center queue"\n' +
      '      - region "Locked execution profile":\n' +
      `        - 'button "Conversation settings: runner-default"': Runner default Read-only Locked\n` +
      '      - group "Message delivery":\n' +
      '        - radio "Send now" [checked]\n' +
      '        - text: Send now\n' +
      '        - radio "Queue next"\n' +
      '        - text: Queue next\n' +
      '      - textbox "Message input":\n' +
      '        - /placeholder: Message Flow…\n' +
      '        - text: Protected 3\n' +
      '      - button "Insert note"\n' +
      '      - button "Knowledge"\n' +
      '      - button "Send message"\n' +
      '      - paragraph: HTTP fixture · simulated · no model\n' +
      '  - tablist "Chat group group-1373e778-f020-47d0-b571-cc4af8d9f67b":\n' +
      '    - tab "Conversation 32"\n' +
      '    - button "Close Conversation 32"\n' +
      '    - tab "Conversation 31" [selected]\n' +
      '    - button "Close Conversation 31"\n' +
      '  - tabpanel "Conversation 31":\n' +
      '    - region "Conversation 31":\n' +
      '      - paragraph: Cache sample 31\n' +
      '      - group: Activity · succeeded\n' +
      '      - button "Open task controls"\n' +
      '      - button "More actions"\n' +
      '      - paragraph: Hi! What would you like to talk about?\n' +
      '      - button "Copy"\n' +
      '      - button "More"\n' +
      '      - button "Task output"\n' +
      '      - region "Conversation queue":\n' +
      '        - button "0 waiting loaded Center queue"\n' +
      '      - region "Locked execution profile":\n' +
      `        - 'button "Conversation settings: runner-default"': Runner default Read-only Locked\n` +
      '      - group "Message delivery":\n' +
      '        - radio "Send now" [checked]\n' +
      '        - text: Send now\n' +
      '        - radio "Queue next"\n' +
      '        - text: Queue next\n' +
      '      - textbox "Message input":\n' +
      '        - /placeholder: Message Flow…\n' +
      '        - text: Protected 31\n' +
      '      - button "Insert note"\n' +
      '      - button "Knowledge"\n' +
      '      - button "Send message"\n' +
      '      - paragraph: HTTP fixture · simulated · no model'
  }
}
{"checks":1,"failure":"Error: expect(locator).toBeVisible() failed\n\nLocator:  locator('[id=\"panel-conversation:chat-32\"]')\nExpected: visible\nReceived: hidden\nTimeout:  2500ms\n\nCall log:\n  - Expect \"toBeVisible\" locator('[id=\"panel-conversation:chat-32\"]') with timeout 2500ms\n  - waiting for locator('[id=\"panel-conversation:chat-32\"]')\n    9 × locator resolved to <div hidden=\"\" role=\"tabpanel\" class=\"flow-tab-body\" id=\"panel-conversation:chat-32\" aria-labelledby=\"tab-conversation:chat-32\">…</div>\n      - unexpected value \"hidden\"\n","elapsedMs":13765,"cleanup":[{"name":"browser","state":"fulfilled"},{"name":"fixture","state":"fulfilled"}],"evidenceBytes":351493}
