ExpectError: expect(locator).toContainText(expected) failed

Locator: getByRole('dialog', { name: 'Retained chats', exact: true })
Expected substring: "0 / 32"
Received string:    "Retained chats1 / 32 conversation views in this connection. Close an empty chat to free a place. Drafts and receipts are kept until you resolve them.Release closed aliasClosed, retained · No local materialClose retained chatsClose"

Call log:
  - Expect "toContainText" getByRole('dialog', { name: 'Retained chats', exact: true }) with timeout 2500ms
  - waiting for getByRole('dialog', { name: 'Retained chats', exact: true })
    7 × locator resolved to <div role="dialog" tabindex="-1" id="radix-_r_3_" data-state="open" aria-labelledby="radix-_r_4_" aria-describedby="radix-_r_5_" class="fixed left-[50%] top-[50%] z-50 grid w-full max-w-lg translate-x-[-50%] translate-y-[-50%] gap-4 border bg-background p-6 shadow-lg duration-200 data-[state=open]:animate-in data-[state=closed]:animate-out data-[state=closed]:fade-out-0 data-[state=open]:fade-in-0 data-[state=closed]:zoom-out-95 data-[state=open]:zoom-in-95 data-[state=closed]:slide-out-to-left-1/2…>…</div>
      - unexpected value "Retained chats1 / 32 conversation views in this connection. Close an empty chat to free a place. Drafts and receipts are kept until you resolve them.Release closed aliasClosed, retained · No local materialClose retained chatsClose"
  - Target page, context or browser has been closed

    at captureRawStack (/Users/citrine/Projects/AgentHarness/Flow-worktrees/web-workspace-cache/node_modules/.pnpm/playwright-core@1.63.0/node_modules/playwright-core/lib/coreBundle.js:8588:17)
    at callMatcherAsStep (/Users/citrine/Projects/AgentHarness/Flow-worktrees/web-workspace-cache/node_modules/.pnpm/playwright@1.63.0/node_modules/playwright/lib/matchers/expect.js:13310:57)
    at Object.toContainText (/Users/citrine/Projects/AgentHarness/Flow-worktrees/web-workspace-cache/node_modules/.pnpm/playwright@1.63.0/node_modules/playwright/lib/matchers/expect.js:13302:23)
    at <anonymous> (/Users/citrine/Projects/AgentHarness/Flow-worktrees/web-workspace-cache/apps/web/test/workspace-retention.browser.ts:106:90)
    at async check (/Users/citrine/Projects/AgentHarness/Flow-worktrees/web-workspace-cache/apps/web/test/workspace-retention.browser.ts:38:403)
    at async <anonymous> (/Users/citrine/Projects/AgentHarness/Flow-worktrees/web-workspace-cache/apps/web/test/workspace-retention.browser.ts:98:3) {
  matcherResult: {
    name: 'toContainText',
    expected: '0 / 32',
    message: 'expect(locator).toContainText(expected) failed\n' +
      '\n' +
      "Locator: getByRole('dialog', { name: 'Retained chats', exact: true })\n" +
      'Expected substring: "0 / 32"\n' +
      'Received string:    "Retained chats1 / 32 conversation views in this connection. Close an empty chat to free a place. Drafts and receipts are kept until you resolve them.Release closed aliasClosed, retained · No local materialClose retained chatsClose"\n' +
      '\n' +
      'Call log:\n' +
      `  - Expect "toContainText" getByRole('dialog', { name: 'Retained chats', exact: true }) with timeout 2500ms\n` +
      "  - waiting for getByRole('dialog', { name: 'Retained chats', exact: true })\n" +
      '    7 × locator resolved to <div role="dialog" tabindex="-1" id="radix-_r_3_" data-state="open" aria-labelledby="radix-_r_4_" aria-describedby="radix-_r_5_" class="fixed left-[50%] top-[50%] z-50 grid w-full max-w-lg translate-x-[-50%] translate-y-[-50%] gap-4 border bg-background p-6 shadow-lg duration-200 data-[state=open]:animate-in data-[state=closed]:animate-out data-[state=closed]:fade-out-0 data-[state=open]:fade-in-0 data-[state=closed]:zoom-out-95 data-[state=open]:zoom-in-95 data-[state=closed]:slide-out-to-left-1/2…>…</div>\n' +
      '      - unexpected value "Retained chats1 / 32 conversation views in this connection. Close an empty chat to free a place. Drafts and receipts are kept until you resolve them.Release closed aliasClosed, retained · No local materialClose retained chatsClose"\n' +
      '  - Target page, context or browser has been closed\n',
    pass: false,
    actual: 'Retained chats1 / 32 conversation views in this connection. Close an empty chat to free a place. Drafts and receipts are kept until you resolve them.Release closed aliasClosed, retained · No local materialClose retained chatsClose',
    log: [
      `  - Expect "toContainText" getByRole('dialog', { name: 'Retained chats', exact: true }) with timeout 2500ms`,
      "  - waiting for getByRole('dialog', { name: 'Retained chats', exact: true })",
      '    7 × locator resolved to <div role="dialog" tabindex="-1" id="radix-_r_3_" data-state="open" aria-labelledby="radix-_r_4_" aria-describedby="radix-_r_5_" class="fixed left-[50%] top-[50%] z-50 grid w-full max-w-lg translate-x-[-50%] translate-y-[-50%] gap-4 border bg-background p-6 shadow-lg duration-200 data-[state=open]:animate-in data-[state=closed]:animate-out data-[state=closed]:fade-out-0 data-[state=open]:fade-in-0 data-[state=closed]:zoom-out-95 data-[state=open]:zoom-in-95 data-[state=closed]:slide-out-to-left-1/2…>…</div>',
      '      - unexpected value "Retained chats1 / 32 conversation views in this connection. Close an empty chat to free a place. Drafts and receipts are kept until you resolve them.Release closed aliasClosed, retained · No local materialClose retained chatsClose"',
      '  - Target page, context or browser has been closed'
    ],
    timeout: undefined,
    ariaSnapshot: '- dialog "Retained chats":\n' +
      '  - heading "Retained chats" [level=2]\n' +
      '  - paragraph: 1 / 32 conversation views in this connection. Close an empty chat to free a place. Drafts and receipts are kept until you resolve them.\n' +
      '  - list:\n' +
      '    - listitem:\n' +
      '      - button "Release closed alias"\n' +
      '      - paragraph: Closed, retained · No local material\n' +
      '  - button "Close retained chats"\n' +
      '  - button "Close"'
  }
}
{"checks":0,"failure":"Error: expect(locator).toContainText(expected) failed\n\nLocator: getByRole('dialog', { name: 'Retained chats', exact: true })\nExpected substring: \"0 / 32\"\nReceived string:    \"Retained chats1 / 32 conversation views in this connection. Close an empty chat to free a place. Drafts and receipts are kept until you resolve them.Release closed aliasClosed, retained · No local materialClose retained chatsClose\"\n\nCall log:\n  - Expect \"toContainText\" getByRole('dialog', { name: 'Retained chats', exact: true }) with timeout 2500ms\n  - waiting for getByRole('dialog', { name: 'Retained chats', exact: true })\n    7 × locator resolved to <div role=\"dialog\" tabindex=\"-1\" id=\"radix-_r_3_\" data-state=\"open\" aria-labelledby=\"radix-_r_4_\" aria-describedby=\"radix-_r_5_\" class=\"fixed left-[50%] top-[50%] z-50 grid w-full max-w-lg translate-x-[-50%] translate-y-[-50%] gap-4 border bg-background p-6 shadow-lg duration-200 data-[state=open]:animate-in data-[state=closed]:animate-out data-[state=closed]:fade-out-0 data-[state=open]:fade-in-0 data-[state=closed]:zoom-out-95 data-[state=open]:zoom-in-95 data-[state=closed]:slide-out-to-left-1/2…>…</div>\n      - unexpected value \"Retained chats1 / 32 conversation views in this connection. Close an empty chat to free a place. Drafts and receipts are kept until you resolve them.Release closed aliasClosed, retained · No local materialClose retained chatsClose\"\n  - Target page, context or browser has been closed\n","elapsedMs":9034,"cleanup":[{"name":"browser","state":"fulfilled"},{"name":"fixture","state":"fulfilled"}],"evidenceBytes":728768}
