ExpectError: expect(received).toBe(expected) // Object.is equality

Expected: 2
Received: 0
    at captureRawStack (/Users/citrine/Projects/AgentHarness/Flow-worktrees/web-workspace-cache/node_modules/.pnpm/playwright-core@1.63.0/node_modules/playwright-core/lib/coreBundle.js:8588:17)
    at callMatcherAsStep (/Users/citrine/Projects/AgentHarness/Flow-worktrees/web-workspace-cache/node_modules/.pnpm/playwright@1.63.0/node_modules/playwright/lib/matchers/expect.js:13310:57)
    at Object.toBe (/Users/citrine/Projects/AgentHarness/Flow-worktrees/web-workspace-cache/node_modules/.pnpm/playwright@1.63.0/node_modules/playwright/lib/matchers/expect.js:13302:23)
    at <anonymous> (/Users/citrine/Projects/AgentHarness/Flow-worktrees/web-workspace-cache/apps/web/test/workspace-retention.browser.ts:56:76)
    at async check (/Users/citrine/Projects/AgentHarness/Flow-worktrees/web-workspace-cache/apps/web/test/workspace-retention.browser.ts:38:80)
    at async <anonymous> (/Users/citrine/Projects/AgentHarness/Flow-worktrees/web-workspace-cache/apps/web/test/workspace-retention.browser.ts:52:3) {
  matcherResult: {
    actual: 0,
    expected: 2,
    message: 'expect(received).toBe(expected) // Object.is equality\n' +
      '\n' +
      'Expected: 2\n' +
      'Received: 0',
    name: 'toBe',
    pass: false
  }
}
{"checks":0,"failure":"Error: expect(received).toBe(expected) // Object.is equality\n\nExpected: 2\nReceived: 0","elapsedMs":8243,"cleanup":[{"name":"browser","state":"fulfilled"},{"name":"fixture","state":"fulfilled"}],"evidenceBytes":192095}
