
 RUN  v4.0.18 /Users/citrine/Projects/AgentHarness/Flow-worktrees/web-workspace-cache

 ❯ apps/web/test/conversation-projection.test.ts (86 tests | 4 failed) 58ms
     ✓ uses the shared decoder for a non-HTTP port's invalid revision success 6ms
     ✓ uses the shared decoder for a non-HTTP port's invalid task timestamp success 1ms
     ✓ uses the shared decoder for a non-HTTP port's invalid effective source success 0ms
     ✓ prepares zero-turn conversation using one CREATE receipt, then sends without recreating 1ms
     ✓ requires a supported fixed project and checks full ordered knowledge in Send ACK 2ms
     ✓ retains project undefined and rejects changed GET identity without replacing known facts 2ms
     ✓ retains project project-a and rejects changed GET identity without replacing known facts 0ms
     ✓ rejects snapshot/page project mismatch project-a / project-b 0ms
     ✓ rejects snapshot/page project mismatch project-a / undefined 0ms
     ✓ rejects snapshot/page project mismatch undefined / project-a 0ms
     ✓ accepts matching project undefined CREATE and first turn receipts 1ms
     ✓ accepts matching project project-a CREATE and first turn receipts 0ms
     ✓ keeps known project identity when a later history page or turn receipt omits it 1ms
     ✓ keeps mismatched project CREATE project-a / undefined unknown and retries the original identity 0ms
     ✓ keeps mismatched project CREATE project-a / project-b unknown and retries the original identity 0ms
     ✓ keeps mismatched project CREATE undefined / project-a unknown and retries the original identity 0ms
     ✓ accepts optional knowledgeContext=undefined without fetching context or reply details 0ms
     ✓ accepts optional knowledgeContext=false without fetching context or reply details 0ms
     ✓ accepts optional knowledgeContext=true without fetching context or reply details 0ms
     ✓ rejects malformed knowledgeContext=null instead of inferring support 0ms
     ✓ rejects malformed knowledgeContext=true instead of inferring support 0ms
     ✓ rejects malformed knowledgeContext=1 instead of inferring support 0ms
     ✓ retains context metadata in snapshots and history while only actual user/assistant text becomes messages 0ms
     ✓ uses explicit queue intent while preserving active execution and the visible observer lifecycle 1ms
     ✓ does not activate queue methods for a false capability even when the public client supports them 0ms
     ✓ reads queue=false while keeping active-turn sending unavailable in this Web version 0ms
     ✓ reads queue=true while keeping active-turn sending unavailable in this Web version 0ms
     ✓ accepts queue=false CREATE receipts and submits only explicit follow-up turns 0ms
     ✓ accepts queue=true CREATE receipts and submits only explicit follow-up turns 0ms
     ✓ rejects non-boolean queue capability undefined instead of treating it as supported 0ms
     ✓ rejects non-boolean queue capability null instead of treating it as supported 0ms
     ✓ rejects non-boolean queue capability true instead of treating it as supported 0ms
     ✓ rejects non-boolean queue capability 1 instead of treating it as supported 0ms
     ✓ does not widen other unsupported capabilities while accepting a boolean queue flag 0ms
     ✓ keeps a missing pin mismatch in a CREATE receipt unknown and does not submit a turn 0ms
     ✓ keeps a id pin mismatch in a CREATE receipt unknown and does not submit a turn 0ms
     ✓ keeps a runnerId pin mismatch in a CREATE receipt unknown and does not submit a turn 0ms
     ✓ keeps a configDigest pin mismatch in a CREATE receipt unknown and does not submit a turn 0ms
     ✓ rejects an unexpected CREATE pin for an explicit legacy conversation 0ms
     ✓ keeps the acknowledged creation locked after a rejected first turn and never creates with the later selection 0ms
     ✓ checks pinned creation on later GET pages and turn receipts without overwriting accepted configuration 0ms
     ✓ retains legacy unpinned configuration on an existing conversation 0ms
     ✓ refreshes a same-revision asynchronous reply and reads its exact version only on demand 1ms
     ✓ keeps a failed initial snapshot unknown and blocks send until it is loaded 0ms
     ✓ does not recreate an acknowledged conversation when the first turn response is lost 0ms
     ✓ treats 409 as a definite rejection and refreshes without changing the key/revision or automatically resending 0ms
     ✓ pauses observations without aborting an already sent command or its late receipt 0ms
     ✓ does not let an older in-flight snapshot overwrite a newly accepted turn/revision 0ms
     ✓ does not downgrade a final reply when an older admission ACK arrives last 0ms
     ✓ confirms queue=false retried saved receipts without regressing a final reply already read from the center 0ms
     ✓ confirms queue=true retried saved receipts without regressing a final reply already read from the center 0ms
     ✓ surfaces a request timeout instead of treating it as a visibility cancellation 1ms
     ✓ deduplicates overlapping turn pages and preserves typed user/assistant entries 0ms
     ✓ exposes a loadable middle gap after another tab admits several turns while this view is hidden 0ms
     ✓ rejects mismatched lazy detail versions and lets explicit retry succeed 0ms
     ✓ keeps a previously unknown result unknown after a retry authentication failure 0ms
     ✓ does not accept malformed or mismatched success receipts as proof of admission 0ms
     ✓ validates typed source digests and namespaces identical detail IDs by source identity 1ms
     ✓ does not move a disposed connection's delayed receipt or detail into a same-ID new connection 0ms
     ✓ reads live=undefined with queue=false without enabling a stream consumer 11ms
     ✓ reads live=false with queue=false without enabling a stream consumer 0ms
     ✓ reads live=true with queue=false without enabling a stream consumer 0ms
     ✓ accepts CREATE live=undefined with queue=false, then submits one ordinary turn 1ms
     ✓ accepts CREATE live=false with queue=false, then submits one ordinary turn 1ms
     ✓ accepts CREATE live=true with queue=false, then submits one ordinary turn 0ms
     ✓ reads live=undefined with queue=true without enabling a stream consumer 0ms
     ✓ reads live=false with queue=true without enabling a stream consumer 0ms
     ✓ reads live=true with queue=true without enabling a stream consumer 0ms
     ✓ accepts CREATE live=undefined with queue=true, then submits one ordinary turn 0ms
     ✓ accepts CREATE live=false with queue=true, then submits one ordinary turn 0ms
     ✓ accepts CREATE live=true with queue=true, then submits one ordinary turn 0ms
     ✓ rejects malformed GET live=null without replacing known facts 0ms
     ✓ rejects malformed GET live="true" without replacing known facts 0ms
     ✓ rejects malformed GET live=1 without replacing known facts 0ms
     ✓ rejects malformed GET live={} without replacing known facts 0ms
     ✓ keeps malformed CREATE live=null unknown and retries the frozen receipt 2ms
     ✓ keeps malformed CREATE live="true" unknown and retries the frozen receipt 0ms
     ✓ keeps malformed CREATE live=1 unknown and retries the frozen receipt 0ms
     ✓ keeps malformed CREATE live={} unknown and retries the frozen receipt 0ms
     ✓ does not let true bypass GET conversation, turn or task identities 0ms
     ✓ does not let true bypass a mismatched project CREATE identity 1ms
     ✓ does not let true bypass a mismatched profile CREATE identity 0ms
     × releases only read bodies while preserving a rejected message receipt 2ms
     × bounds reply/error records and explicitly reloads an evicted body 2ms
     × does not let an old hidden read rejection or finally replace a new read 1ms
     × ignores hidden history success and finally while a new generation is loading 0ms
 ❯ apps/web/test/conversation-queue.test.ts (28 tests | 2 failed) 47ms
     ✓ queues knowledge only with current fixed project capability, while unknown retry retains original refs 7ms
     ✓ serializes the frozen citations through the real client unchanged across unknown ACK replay 11ms
     ✓ deep-freezes queued knowledge and retries the same key after loss while the next draft changes 1ms
     ✓ keeps missing knowledge acknowledgement unknown until an exact original-key replay 2ms
     ✓ keeps reversed knowledge acknowledgement unknown until an exact original-key replay 1ms
     ✓ keeps tuple knowledge acknowledgement unknown until an exact original-key replay 0ms
     ✓ keeps extra knowledge acknowledgement unknown until an exact original-key replay 0ms
     ✓ keeps malformed knowledge acknowledgement unknown until an exact original-key replay 0ms
     ✓ rejects invalid reference input before HTTP and keeps definite budget rejection payload intact 1ms
     ✓ rejects unrequested nonempty context while plain and explicit-empty requests keep their wire shape 0ms
     ✓ preserves optional context metadata in waiting items and accepts metadata-bearing receipts without context reads 0ms
     ✓ rejects 16000 UTF-8 byte overflow before allocating a receipt or HTTP command 0ms
     ✓ freezes each payload/key; unknown followed by unauthorized stays unknown and original enqueue retries unchanged 0ms
     ✓ rejects malformed success receipts as unknown without applying their alleged queue facts 0ms
     ✓ does not treat immutable old admission replay as current waiting membership 0ms
     ✓ accepts changing currentTurn/blocked at the same revision and rejects lower-revision reads 0ms
     ✓ keeps pages ordered without guessing total and replaces removed items on a refreshed loaded window 0ms
     ✓ serializes refresh, pauses hidden reads, and ignores an old generation after a forced read 7ms
     ✓ capability false performs no queue or detail reads and does not offer enqueue 0ms
     ✓ loads detail only on demand, caches its text, and rejects a different conversation identity 0ms
     ✓ unknown pause replay is historical; fresh GET selects current task and cancel is a separate key/result 1ms
     ✓ a newer task between confirmation and cancellation stops the stale cancellation 0ms
     ✓ continue freezes task identity from a fresh GET and 409 only refreshes without a fresh-key resend 0ms
     ✓ same-page offline/visible changes preserve unknown payload/key and never cancel the task 0ms
     ✓ a hidden page receives an already-sent command receipt without starting background queue reads 0ms
     ✓ timeout becomes visible unknown while dispose ignores a late response 7ms
     × bounds all detail records and preserves every command receipt when clearing reads 4ms
     × ignores a late detail error and keeps the new generation flight 1ms
 ✓ apps/web/test/workspace-retention.test.ts (7 tests) 2ms

⎯⎯⎯⎯⎯⎯⎯ Failed Tests 6 ⎯⎯⎯⎯⎯⎯⎯

 FAIL  apps/web/test/conversation-projection.test.ts > bounded reply reads and view read generations > releases only read bodies while preserving a rejected message receipt
TypeError: projection.clearReadCache is not a function
 ❯ apps/web/test/conversation-projection.test.ts:521:46
    519|     await projection.loadReply("turn-1"); client.submitConversationTur…
    520|     await projection.send("keep this material"); const receipt = proje…
    521|     projection.setVisible(false); projection.clearReadCache();
       |                                              ^
    522|     expect(projection.getSnapshot().details).toEqual({}); expect(proje…
    523|     expect(receipt?.state).toBe("rejected");

⎯⎯⎯⎯⎯⎯⎯⎯⎯⎯⎯⎯⎯⎯⎯⎯⎯⎯⎯⎯⎯⎯⎯⎯[1/6]⎯

 FAIL  apps/web/test/conversation-projection.test.ts > bounded reply reads and view read generations > bounds reply/error records and explicitly reloads an evicted body
AssertionError: expected [ …(3) ] to have a length of 2 but got 3

- Expected
+ Received

- 2
+ 3

 ❯ apps/web/test/conversation-projection.test.ts:530:59
    528|     projection.setVisible(true); await projection.refresh();
    529|     for (const n of [1,2,3]) await projection.loadReply(`turn-${n}`);
    530|     expect(Object.keys(projection.getSnapshot().details)).toHaveLength…
       |                                                           ^
    531|     await projection.loadReply("turn-1"); expect(client.conversationDe…
    532|     client.conversationDetail.mockResolvedValueOnce(JSON.parse('{"cont…

⎯⎯⎯⎯⎯⎯⎯⎯⎯⎯⎯⎯⎯⎯⎯⎯⎯⎯⎯⎯⎯⎯⎯⎯[2/6]⎯

 FAIL  apps/web/test/conversation-projection.test.ts > bounded reply reads and view read generations > does not let an old hidden read rejection or finally replace a new read
AssertionError: expected [ { error: 'old failure' } ] to deeply equal [ { loading: true } ]

- Expected
+ Received

  [
    {
-     "loading": true,
+     "error": "old failure",
    },
  ]

 ❯ apps/web/test/conversation-projection.test.ts:542:61
    540|     const first = projection.loadReply("turn-1"); projection.setVisibl…
    541|     const second = projection.loadReply("turn-1"); old.reject(Error("o…
    542|     expect(Object.values(projection.getSnapshot().details)).toEqual([{…
       |                                                             ^
    543|     const duplicate = projection.loadReply("turn-1"); expect(duplicate…
    544|     next.resolve({ id:"detail", title:"Reply",kind:"artifact",content:…

⎯⎯⎯⎯⎯⎯⎯⎯⎯⎯⎯⎯⎯⎯⎯⎯⎯⎯⎯⎯⎯⎯⎯⎯[3/6]⎯

 FAIL  apps/web/test/conversation-projection.test.ts > bounded reply reads and view read generations > ignores hidden history success and finally while a new generation is loading
AssertionError: expected false to be true // Object.is equality

- Expected
+ Received

- true
+ false

 ❯ apps/web/test/conversation-projection.test.ts:556:50
    554|     client.conversationTurns.mockReturnValueOnce(next.promise); const …
    555|     old.resolve({conversation:snapshot(turn(3)).conversation,turns:[tu…
    556|     expect(projection.getSnapshot().loadingMore).toBe(true); expect(pr…
       |                                                  ^
    557|     next.resolve({conversation:snapshot(turn(3)).conversation,turns:[t…
    558|     expect(projection.getSnapshot().loadingMore).toBe(false); expect(p…

⎯⎯⎯⎯⎯⎯⎯⎯⎯⎯⎯⎯⎯⎯⎯⎯⎯⎯⎯⎯⎯⎯⎯⎯[4/6]⎯

 FAIL  apps/web/test/conversation-queue.test.ts > queue body cache lifetime > bounds all detail records and preserves every command receipt when clearing reads
AssertionError: expected [ 'item-1', 'item-2', 'item-3', …(2) ] to have a length of 4 but got 5

- Expected
+ Received

- 4
+ 5

 ❯ apps/web/test/conversation-queue.test.ts:231:54
    229|     api.conversationQueueItem.mockImplementation(async (_id,id) => ({c…
    230|     for (let n=1;n<=5;n++) await queue.loadDetail(`item-${n}`);
    231|     expect(Object.keys(queue.getSnapshot().details)).toHaveLength(4);
       |                                                      ^
    232|     await queue.loadDetail("item-1"); expect(api.conversationQueueItem…
    233|     await queue.pause(); const receipts=queue.getSnapshot().receipts;

⎯⎯⎯⎯⎯⎯⎯⎯⎯⎯⎯⎯⎯⎯⎯⎯⎯⎯⎯⎯⎯⎯⎯⎯[5/6]⎯

 FAIL  apps/web/test/conversation-queue.test.ts > queue body cache lifetime > ignores a late detail error and keeps the new generation flight
AssertionError: expected { error: 'old error' } to deeply equal { loading: true }

- Expected
+ Received

  {
-   "loading": true,
+   "error": "old error",
  }

 ❯ apps/web/test/conversation-queue.test.ts:242:92
    240|     api.conversationQueueItem.mockReturnValueOnce(new Promise((_,no)=>…
    241|     const first=queue.loadDetail("item-1"); queue.setVisible(false); q…
    242|     reject(Error("old error")); await first; expect(queue.getSnapshot(…
       |                                                                                            ^
    243|     resolve({conversationId:"chat",item:{...item(1),text:"message 1"}}…
    244|   });

⎯⎯⎯⎯⎯⎯⎯⎯⎯⎯⎯⎯⎯⎯⎯⎯⎯⎯⎯⎯⎯⎯⎯⎯[6/6]⎯


 Test Files  2 failed | 1 passed (3)
      Tests  6 failed | 115 passed (121)
   Start at  04:37:35
   Duration  890ms (transform 320ms, setup 0ms, import 550ms, tests 107ms, environment 0ms)

