node:internal/modules/run_main:107
    triggerUncaughtException(
    ^

ExpectError: expect(locator).toContainText(expected) failed

Locator: getByRole('region', { name: 'Pane 1', exact: true }).locator('.flow-reply-detail pre')
Expected substring: "A thoughtful reply"
Timeout: 5000ms
Error: element(s) not found

Call log:
  - Expect "toContainText" getByRole('region', { name: 'Pane 1', exact: true }).locator('.flow-reply-detail pre') with timeout 5000ms
  - waiting for getByRole('region', { name: 'Pane 1', exact: true }).locator('.flow-reply-detail pre')

    at captureRawStack (/Users/citrine/Projects/AgentHarness/Flow-worktrees/web-data-renderers/node_modules/.pnpm/playwright-core@1.63.0/node_modules/playwright-core/lib/coreBundle.js:8588:17)
    at callMatcherAsStep (/Users/citrine/Projects/AgentHarness/Flow-worktrees/web-data-renderers/node_modules/.pnpm/playwright@1.63.0/node_modules/playwright/lib/matchers/expect.js:13310:57)
    at Object.toContainText (/Users/citrine/Projects/AgentHarness/Flow-worktrees/web-data-renderers/node_modules/.pnpm/playwright@1.63.0/node_modules/playwright/lib/matchers/expect.js:13302:23)
    at main (/Users/citrine/Projects/AgentHarness/Flow-worktrees/web-data-renderers/apps/web/test/data-renderers.browser.ts:47:147)
    at async <anonymous> (/Users/citrine/Projects/AgentHarness/Flow-worktrees/web-data-renderers/apps/web/test/data-renderers.browser.ts:78:1) {
  matcherResult: {
    name: 'toContainText',
    expected: 'A thoughtful reply',
    message: 'expect(locator).toContainText(expected) failed\n' +
      '\n' +
      "Locator: getByRole('region', { name: 'Pane 1', exact: true }).locator('.flow-reply-detail pre')\n" +
      'Expected substring: "A thoughtful reply"\n' +
      'Timeout: 5000ms\n' +
      'Error: element(s) not found\n' +
      '\n' +
      'Call log:\n' +
      `  - Expect "toContainText" getByRole('region', { name: 'Pane 1', exact: true }).locator('.flow-reply-detail pre') with timeout 5000ms\n` +
      "  - waiting for getByRole('region', { name: 'Pane 1', exact: true }).locator('.flow-reply-detail pre')\n",
    pass: false,
    actual: undefined,
    log: [
      `  - Expect "toContainText" getByRole('region', { name: 'Pane 1', exact: true }).locator('.flow-reply-detail pre') with timeout 5000ms`,
      "  - waiting for getByRole('region', { name: 'Pane 1', exact: true }).locator('.flow-reply-detail pre')"
    ],
    timeout: 5000,
    ariaSnapshot: '- banner:\n' +
      '  - text: HTTP fixture · no model · active\n' +
      '  - button "Activate renderer"\n' +
      '  - button "Disable renderer"\n' +
      '  - button "Broken renderer"\n' +
      '  - button "Hide first pane"\n' +
      '  - button "Close first pane"\n' +
      '  - button "Change connection"\n' +
      '  - button "Change theme"\n' +
      '  - text: Data mode\n' +
      '  - combobox "Data mode":\n' +
      '    - option "valid" [selected]\n' +
      '    - option "unknown"\n' +
      '    - option "version"\n' +
      '    - option "schema"\n' +
      '    - option "wrongturn"\n' +
      '- main:\n' +
      '  - region "Pane 1":\n' +
      '    - heading "Conversation 1 · connection 1" [level=2]\n' +
      '    - status "Provider registrations": 1/1\n' +
      '    - paragraph: A long reply please\n' +
      '    - paragraph: A thoughtful reply with a longer explanation. A thoughtful reply with a longer explanation. A thoughtful reply with a longer explanation. A thoughtful reply with a longer explanation. A thoughtful reply with a longer explanation. A thoughtful reply with a longer explanation. A thoughtful reply with a longer explanation. A thoughtful reply with a longer explanation. A thoughtful reply with a longer explanation. A thoughtful reply with a longer explanation. A thoughtful reply with a longer explanation. A thoughtful reply with a longer explanation. A thoughtful reply with a longer explanation. A thoughtful reply with a longer explanation. A thoughtful reply with a longer explanation. A thoughtful reply with a longer explanation. A thoughtful reply with a longer explanation. A thoughtful reply with a longer explanation. A thoughtful reply with a longer explanation. A thoughtful reply with a longer explanation. A thoughtful reply with a longer explanation. A thoughtful reply with a longer explanation. A thoughtful reply with a longer explanation. A thoughtful reply with a longer explanation. A thoughtful reply with a longer explanation. A thoughtful reply with a longer explanation. A thoughtful reply with a longer explanation. A thoughtful reply with a longer explanation. A thoughtful reply with a longer explanation. A thoughtful reply with a longer explanation. A thoughtful reply with a longer explanation. A thoughtful reply with a longer explanation. A thoughtful reply with a longer explanation. A thoughtful reply with a longer explanation. A thoughtful reply with a longer explanation. A thoughtful reply with a longer explanation. A thoughtful reply with a longer explanation. A thoughtful reply with a longer explanation. A thoughtful reply with a longer explanation. A thoughtful reply with a longer explanation. A thoughtful reply with a longer explanation. A thoughtful reply with a longer explanation. A thoughtful reply with a longer explanation. A thoughtful reply with a longer explanation. A thoughtful reply with a longer explanation. A thoughtful reply with a longer explanation. A thoughtful reply with a longer explanation. A thoughtful reply with a longer explanation. A thoughtful reply with a longer explanation. A thoughtful reply with a longer explanation. A thoughtful reply with a longer explanation. A thoughtful reply with a longer explanation. A thoughtful reply with a longer explanation. A thoughtful reply with a longer explanation. A thoughtful reply with a longer explanation. A thoughtful reply with a longer explanation. A thoughtful reply with a longer explanation. A thoughtful reply with a longer explanation. A thoughtful reply with a longer explanation. A thoughtful reply with a longer explanation. A thoughtful reply with a longer explanation. A thoughtful reply with a longer explanation. A thoughtful reply with a longer explanation. A thoughtful reply with a longer explanation. A thoughtful reply with a longer explanation. A thoughtful reply with a longer explanation. A thoughtful reply with a longer explanation. A thoughtful reply with a longer explanation. A thoughtful reply with a longer explanation. A thoughtful reply with a longer explanation. A thoughtful reply with a longer explanation. A thoughtful reply with a longer explanation. A thoughtful reply with a longer explanation. A thoughtful reply with a longer explanation. A thoughtful reply with a longer explanation. A thoughtful reply with a longer explanation. A thoughtful reply with a longer explanation. A thoughtful reply with a longer explanation. A thoughtful reply with a longer explanation. A thoughtful reply with a longer explanation. A thoughtful reply with a longer explanation. A thoughtful reply with a longer explanation. A thoughtful reply with a longer explanation. A thoughtful reply with a longer explanation. A thoughtful reply with a longer explanation. A thoughtful reply with a longer explanation. A thoughtful reply with a longer explanation\n' +
      '    - paragraph: This reply is shortened.\n' +
      '    - button "Read full reply"\n' +
      '    - button "Copy"\n' +
      '    - button "More"\n' +
      '    - textbox "Message input":\n' +
      '      - /placeholder: Draft 1\n' +
      '      - text: Keep this new draft\n' +
      '    - button "Create task"\n' +
      '  - region "Pane 2":\n' +
      '    - heading "Conversation 2 · connection 1" [level=2]\n' +
      '    - status "Provider registrations": 1/1\n' +
      '    - paragraph: hi\n' +
      '    - paragraph: Hi! What would you like to talk about?\n' +
      '    - paragraph: Another long reply\n' +
      '    - paragraph: A thoughtful reply with a longer explanation. A thoughtful reply with a longer explanation. A thoughtful reply with a longer explanation. A thoughtful reply with a longer explanation. A thoughtful reply with a longer explanation. A thoughtful reply with a longer explanation. A thoughtful reply with a longer explanation. A thoughtful reply with a longer explanation. A thoughtful reply with a longer explanation. A thoughtful reply with a longer explanation. A thoughtful reply with a longer explanation. A thoughtful reply with a longer explanation. A thoughtful reply with a longer explanation. A thoughtful reply with a longer explanation. A thoughtful reply with a longer explanation. A thoughtful reply with a longer explanation. A thoughtful reply with a longer explanation. A thoughtful reply with a longer explanation. A thoughtful reply with a longer explanation. A thoughtful reply with a longer explanation. A thoughtful reply with a longer explanation. A thoughtful reply with a longer explanation. A thoughtful reply with a longer explanation. A thoughtful reply with a longer explanation. A thoughtful reply with a longer explanation. A thoughtful reply with a longer explanation. A thoughtful reply with a longer explanation. A thoughtful reply with a longer explanation. A thoughtful reply with a longer explanation. A thoughtful reply with a longer explanation. A thoughtful reply with a longer explanation. A thoughtful reply with a longer explanation. A thoughtful reply with a longer explanation. A thoughtful reply with a longer explanation. A thoughtful reply with a longer explanation. A thoughtful reply with a longer explanation. A thoughtful reply with a longer explanation. A thoughtful reply with a longer explanation. A thoughtful reply with a longer explanation. A thoughtful reply with a longer explanation. A thoughtful reply with a longer explanation. A thoughtful reply with a longer explanation. A thoughtful reply with a longer explanation. A thoughtful reply with a longer explanation. A thoughtful reply with a longer explanation. A thoughtful reply with a longer explanation. A thoughtful reply with a longer explanation. A thoughtful reply with a longer explanation. A thoughtful reply with a longer explanation. A thoughtful reply with a longer explanation. A thoughtful reply with a longer explanation. A thoughtful reply with a longer explanation. A thoughtful reply with a longer explanation. A thoughtful reply with a longer explanation. A thoughtful reply with a longer explanation. A thoughtful reply with a longer explanation. A thoughtful reply with a longer explanation. A thoughtful reply with a longer explanation. A thoughtful reply with a longer explanation. A thoughtful reply with a longer explanation. A thoughtful reply with a longer explanation. A thoughtful reply with a longer explanation. A thoughtful reply with a longer explanation. A thoughtful reply with a longer explanation. A thoughtful reply with a longer explanation. A thoughtful reply with a longer explanation. A thoughtful reply with a longer explanation. A thoughtful reply with a longer explanation. A thoughtful reply with a longer explanation. A thoughtful reply with a longer explanation. A thoughtful reply with a longer explanation. A thoughtful reply with a longer explanation. A thoughtful reply with a longer explanation. A thoughtful reply with a longer explanation. A thoughtful reply with a longer explanation. A thoughtful reply with a longer explanation. A thoughtful reply with a longer explanation. A thoughtful reply with a longer explanation. A thoughtful reply with a longer explanation. A thoughtful reply with a longer explanation. A thoughtful reply with a longer explanation. A thoughtful reply with a longer explanation. A thoughtful reply with a longer explanation. A thoughtful reply with a longer explanation. A thoughtful reply with a longer explanation. A thoughtful reply with a longer explanation. A thoughtful reply with a longer explanation\n' +
      '    - paragraph: This reply is shortened.\n' +
      '    - button "Read full reply"\n' +
      '    - button "Copy"\n' +
      '    - button "More"\n' +
      '    - textbox "Message input":\n' +
      '      - /placeholder: Draft 2\n' +
      '    - button "Create task" [disabled]'
  }
}

Node.js v24.20.0
