PASS pending/running user anchor is visible, initial and folded native/events/body reads are zero
PASS Enter expands current native page only, actual Tool and Reasoning lazy bodies cache
PASS TaskSummary update refreshes displayed metadata without body requests or automatic history drain
PASS native hidden resume retains disclosure and draft with zero extra activity reads
PASS split panes use local message context; generic source reads only on explicit selection
PASS footer menu and button are real plugin actions; disable removes activity without cancelling
PASS light/dark narrow keyboard geometry keeps footer in full message row
PASS redacted thinking reads no body and truncated JSON displays an honest prefix
PASS footer button opens the bound task; queue Enter/button retain delivery intent and draft
PASS old center delayed body cannot populate new same-ID conversation
ExpectError: expect(locator).toBeVisible() failed

Locator: locator('[id="panel-conversation:chat-2"]').locator('details[data-conversation-activity]').first()
Expected: visible
Timeout: 5000ms
Error: element(s) not found

Call log:
  - Expect "toBeVisible" locator('[id="panel-conversation:chat-2"]').locator('details[data-conversation-activity]').first() with timeout 5000ms
  - waiting for locator('[id="panel-conversation:chat-2"]').locator('details[data-conversation-activity]').first()

    at captureRawStack (/Users/citrine/Projects/AgentHarness/Flow-worktrees/web-activity-readability/node_modules/.pnpm/playwright-core@1.63.0/node_modules/playwright-core/lib/coreBundle.js:8588:17)
    at callMatcherAsStep (/Users/citrine/Projects/AgentHarness/Flow-worktrees/web-activity-readability/node_modules/.pnpm/playwright@1.63.0/node_modules/playwright/lib/matchers/expect.js:13310:57)
    at Object.toBeVisible (/Users/citrine/Projects/AgentHarness/Flow-worktrees/web-activity-readability/node_modules/.pnpm/playwright@1.63.0/node_modules/playwright/lib/matchers/expect.js:13302:23)
    at <anonymous> (/Users/citrine/Projects/AgentHarness/Flow-worktrees/web-activity-readability/apps/web/test/conversation-activity-integration.browser.ts:114:95)
    at async check (/Users/citrine/Projects/AgentHarness/Flow-worktrees/web-activity-readability/apps/web/test/conversation-activity-integration.browser.ts:66:106)
    at async <anonymous> (/Users/citrine/Projects/AgentHarness/Flow-worktrees/web-activity-readability/apps/web/test/conversation-activity-integration.browser.ts:113:2) {
  matcherResult: {
    message: 'expect(locator).toBeVisible() failed\n' +
      '\n' +
      `Locator: locator('[id="panel-conversation:chat-2"]').locator('details[data-conversation-activity]').first()\n` +
      'Expected: visible\n' +
      'Timeout: 5000ms\n' +
      'Error: element(s) not found\n' +
      '\n' +
      'Call log:\n' +
      `  - Expect "toBeVisible" locator('[id="panel-conversation:chat-2"]').locator('details[data-conversation-activity]').first() with timeout 5000ms\n` +
      `  - waiting for locator('[id="panel-conversation:chat-2"]').locator('details[data-conversation-activity]').first()\n`,
    pass: false,
    actual: undefined,
    name: 'toBeVisible',
    expected: 'visible',
    log: [
      `  - Expect "toBeVisible" locator('[id="panel-conversation:chat-2"]').locator('details[data-conversation-activity]').first() with timeout 5000ms`,
      `  - waiting for locator('[id="panel-conversation:chat-2"]').locator('details[data-conversation-activity]').first()`
    ],
    timeout: 5000,
    ariaSnapshot: '- link "Skip to main content":\n' +
      '  - /url: "#main"\n' +
      '- navigation "Workspace tools":\n' +
      '  - text: F\n' +
      '  - button "Work overview"\n' +
      '  - button "Chats"\n' +
      '  - button "Files"\n' +
      '  - button "Terminal"\n' +
      '  - button "Use light theme"\n' +
      '  - button "Extension actions"\n' +
      '  - button "Extensions and appearance"\n' +
      '  - button "Change connection"\n' +
      '- complementary "Chats":\n' +
      '  - text: Personal\n' +
      '  - button "Hide chat list"\n' +
      '  - button "New chat"\n' +
      '  - textbox "Find chats":\n' +
      '    - /placeholder: Find a chat\n' +
      '  - text: Chats\n' +
      '  - button "Refresh conversations"\n' +
      '  - navigation "Conversations":\n' +
      '    - button "Conversation 1"\n' +
      '    - button "Conversation 2"\n' +
      '    - button "Conversation 3"\n' +
      '    - button "Conversation 4"\n' +
      '    - button "Conversation 5"\n' +
      '    - button "Conversation 6"\n' +
      '    - button "Conversation 7"\n' +
      '    - button "Conversation 8"\n' +
      '  - paragraph: HTTP fixture · simulated\n' +
      '- main:\n' +
      '  - text: Flow Fixture preview\n' +
      '  - button "New chat"\n' +
      '  - button "Split chat"\n' +
      '  - button "Toggle workspace panel"\n' +
      '  - tablist "Chat group main":\n' +
      '    - tab "Conversation 1"\n' +
      '    - button "Close Conversation 1"\n' +
      '    - tab "Task" [selected]\n' +
      '    - button "Close Task"\n' +
      '  - tabpanel "Task":\n' +
      '    - region "New conversation":\n' +
      '      - status: Loading conversation\n' +
      '      - alert:\n' +
      '        - text: Failed to fetch\n' +
      '        - button "Retry conversation"\n' +
      '      - status: Loading conversation configuration…\n' +
      '      - group "Message delivery":\n' +
      '        - radio "Send now" [checked]\n' +
      '        - text: Send now\n' +
      '        - radio "Queue next" [disabled]\n' +
      '        - text: Queue next\n' +
      '      - textbox "Message input":\n' +
      '        - /placeholder: Message Flow…\n' +
      '      - button "Insert note"\n' +
      '      - button "Knowledge"\n' +
      '      - button "Send message" [disabled]\n' +
      '      - paragraph: HTTP fixture · simulated · no model\n' +
      '      - status: Wait for this conversation to load.'
  }
}
