
 RUN  v4.0.18 /Users/citrine/Projects/AgentHarness/Flow-worktrees/goal-knowledge-context

Center shutdown: HTTP drain deadline reached; remaining connections closed, unacknowledged outcomes unknown.
 ❯ apps/server/src/goal-context/claim.test.ts (3 tests | 1 failed | 2 skipped) 2274ms
   × returns the complete frozen private prompt from the real authenticated claim while public projections stay raw 2273ms
   ↓ rolls back attempt and ownership writes when the declared goal input is corrupt
   ↓ executes the frozen prompt through the existing runner and fixture adapter without adding a runner field

⎯⎯⎯⎯⎯⎯⎯ Failed Tests 1 ⎯⎯⎯⎯⎯⎯⎯

 FAIL  apps/server/src/goal-context/claim.test.ts > returns the complete frozen private prompt from the real authenticated claim while public projections stay raw
AssertionError: expected '{"goal":{"originalGoal":"Exact goal",…' to be 'Goal execution input:\n{"goal":{"orig…' // Object.is equality

- Expected
+ Received

- Goal execution input:
  {"goal":{"originalGoal":"Exact goal","constraints":"No model","acceptance":"Verified"},"input":{"goal":"Use selected reference","knowledge":[{"locator":{"end":46,"kind":"utf8-bytes","start":0},"version":1,"sourceId":"abdb3f44-bfd3-49a1-a804-4d6b4879de94","projectId":"a9108eed-4f11-4cce-b64c-c8a7fb95531e","contentDigest":"7da29333d1ba1e976dab6e4c5574d882e366eb16ea8c7dbfc9b946e340112438"}],"acceptance":"Verified","constraints":"","verification":{"kind":"nonempty"}},"dependencies":[]}
-
- Selected source excerpts (reference material):
- [{"byteLength":46,"citation":{"contentDigest":"7da29333d1ba1e976dab6e4c5574d882e366eb16ea8c7dbfc9b946e340112438","locator":{"end":46,"kind":"utf8-bytes","start":0},"projectId":"a9108eed-4f11-4cce-b64c-c8a7fb95531e","sourceId":"abdb3f44-bfd3-49a1-a804-4d6b4879de94","version":1},"currentVersionAtFreeze":1,"isCurrentAtFreeze":true,"text":"Only private claim sees this knowledge 古😀"}]

 ❯ apps/server/src/goal-context/claim.test.ts:31:47


⎯⎯⎯⎯⎯⎯⎯⎯⎯⎯⎯⎯⎯⎯⎯⎯⎯⎯⎯⎯⎯⎯⎯⎯[1/1]⎯


 Test Files  1 failed (1)
      Tests  1 failed | 2 skipped (3)
   Start at  23:23:48
   Duration  2.75s (transform 258ms, setup 0ms, import 405ms, tests 2.27s, environment 0ms)

