
 RUN  v4.0.18 /Users/citrine/Projects/AgentHarness/Flow-worktrees/goal-knowledge-context

 ❯ apps/server/src/goal-context/input.test.ts (1 test | 1 failed) 5ms
   × empty knowledge is a semantic no-op without altering old request shape or adding undefined keys 5ms

⎯⎯⎯⎯⎯⎯⎯ Failed Tests 1 ⎯⎯⎯⎯⎯⎯⎯

 FAIL  apps/server/src/goal-context/input.test.ts > empty knowledge is a semantic no-op without altering old request shape or adding undefined keys
AssertionError: expected { goal: 'Build exact output', …(4) } to deeply equal { goal: 'Build exact output', …(3) }

- Expected
+ Received

  {
    "acceptance": "Verified",
    "constraints": "",
    "goal": "Build exact output",
+   "knowledge": [],
    "verification": {
      "kind": "nonempty",
    },
  }

 ❯ apps/server/src/goal-context/input.test.ts:11:22
      9|   expect(Object.hasOwn(explicitEmpty, 'knowledge')).toBe(true);
     10|   const normalized = normalizeGoalInput(explicitEmpty);
     11|   expect(normalized).toEqual(raw); expect(Object.hasOwn(normalized, 'k…
       |                      ^
     12|   expect(explicitEmpty.knowledge).toEqual([]); // The original request…
     13|   expect(normalizeGoalInput(plain)).toEqual(raw);

⎯⎯⎯⎯⎯⎯⎯⎯⎯⎯⎯⎯⎯⎯⎯⎯⎯⎯⎯⎯⎯⎯⎯⎯[1/1]⎯


 Test Files  1 failed (1)
      Tests  1 failed (1)
   Start at  23:08:26
   Duration  163ms (transform 30ms, setup 0ms, import 75ms, tests 5ms, environment 0ms)

