vite v8.3.2 building client environment for production...
transforming...
✓ 3132 modules transformed.
rendering chunks...
computing gzip size...
../../docs/evidence/wpf-attach-i02/production-artifact/index.html                              0.70 kB │ gzip:   0.36 kB
../../docs/evidence/wpf-attach-i02/production-artifact/assets/assistant-ui-CcdakA0V.css        0.96 kB │ gzip:   0.33 kB
../../docs/evidence/wpf-attach-i02/production-artifact/assets/PluginManagement-Dok11XwQ.css    2.84 kB │ gzip:   0.87 kB
../../docs/evidence/wpf-attach-i02/production-artifact/assets/index-DzESKX8S.css             112.16 kB │ gzip:  19.97 kB
../../docs/evidence/wpf-attach-i02/production-artifact/assets/rolldown-runtime-qXqUbbKo.js     0.77 kB │ gzip:   0.44 kB
../../docs/evidence/wpf-attach-i02/production-artifact/assets/theme-BtweVK9E.js                0.80 kB │ gzip:   0.49 kB
../../docs/evidence/wpf-attach-i02/production-artifact/assets/workspace-Qs7g1oqj.js            1.90 kB │ gzip:   0.88 kB
../../docs/evidence/wpf-attach-i02/production-artifact/assets/PluginManagement-A83k3W8t.js     9.85 kB │ gzip:   2.65 kB
../../docs/evidence/wpf-attach-i02/production-artifact/assets/assistant-ui-C7NurJFc.js       667.36 kB │ gzip: 199.92 kB
../../docs/evidence/wpf-attach-i02/production-artifact/assets/index-CS6oUEtx.js              790.63 kB │ gzip: 230.10 kB

✓ built in 351ms
[plugin builtin:vite-reporter] 
(!) Some chunks are larger than 500 kB after minification. Consider:
- Using dynamic import() to code-split the application
- Use build.rolldownOptions.output.codeSplitting to improve chunking: https://rolldown.rs/reference/OutputOptions.codeSplitting
- Adjust chunk size limit for this warning via build.chunkSizeWarningLimit.
