PASS explicit project preparation preserves the text and performs zero turns
PASS P01 Files entry loads only explicit metadata; Enter preview is lazy and cached
PASS real Send v2 bad-200 becomes unknown; retry preserves key/body and next draft
PASS official upload adapter and Queue Enter use a frozen v2 receipt, never cancel the task
PASS offline before submit prevents receipt/POST and preserves original uploaded material
PASS disable/enable and native hidden retain materials without automatic reads; protected close is retained
PASS 390 light/dark keyboard and metadata-only retained material
PASS unknown upload survives browser reload; sixth public receipt lookup recovers without a new POST or automatic attachment
PASS @file uses the same plugin panel; official drag input uploads and explicit chip removal preserves recovery
Error: expect(received).not.toHaveProperty(path)

Expected path: not "attachments"

Received value: [{"contentDigest": "7ea7667ba324fe844c26f0a1dddcc4139b8168759c1f94b6845d6852436cf074", "kind": "upload", "projectId": "1ba21125-e621-4d74-a604-bf424c449430", "resourceId": "6a5bd0f5-f4e6-4c78-9cba-017203a72b68", "version": 1}]
    at captureRawStack (/Users/citrine/Projects/AgentHarness/Flow-worktrees/web-attachment-production/node_modules/.pnpm/playwright-core@1.63.0/node_modules/playwright-core/lib/coreBundle.js:8588:17)
    at callMatcherAsStep (/Users/citrine/Projects/AgentHarness/Flow-worktrees/web-attachment-production/node_modules/.pnpm/playwright@1.63.0/node_modules/playwright/lib/matchers/expect.js:13310:57)
    at Object.toHaveProperty (/Users/citrine/Projects/AgentHarness/Flow-worktrees/web-attachment-production/node_modules/.pnpm/playwright@1.63.0/node_modules/playwright/lib/matchers/expect.js:13302:23)
    at <anonymous> (/Users/citrine/Projects/AgentHarness/Flow-worktrees/web-attachment-production/apps/web/test/attachment-integration.browser.ts:158:81)
    at async check (/Users/citrine/Projects/AgentHarness/Flow-worktrees/web-attachment-production/apps/web/test/attachment-integration.browser.ts:43:109)
    at async work (/Users/citrine/Projects/AgentHarness/Flow-worktrees/web-attachment-production/apps/web/test/attachment-integration.browser.ts:152:5)
    at async <anonymous> (/Users/citrine/Projects/AgentHarness/Flow-worktrees/web-attachment-production/apps/web/test/attachment-integration.browser.ts:171:7)
Center shutdown: HTTP drain deadline reached; remaining connections closed, unacknowledged outcomes unknown.
undefined
/Users/citrine/Projects/AgentHarness/Flow-worktrees/web-attachment-production/apps/web:
 ERR_PNPM_RECURSIVE_EXEC_FIRST_FAIL  Command failed with exit code 1: tsx test/attachment-integration.browser.ts production-twelfth
