PASS explicit project preparation preserves the text and performs zero turns
PASS P01 Files entry loads only explicit metadata; Enter preview is lazy and cached
PASS real Send v2 bad-200 becomes unknown; retry preserves key/body and next draft
PASS official upload adapter and Queue Enter use a frozen v2 receipt, never cancel the task
PASS offline before submit prevents receipt/POST and preserves original uploaded material
PASS disable/enable and native hidden retain materials without automatic reads; protected close is retained
locator.click: Timeout 8000ms exceeded.
Call log:
[2m  - waiting for locator('[data-composer-view]').getByRole('button', { name: 'Files', exact: true }).visible().first()[22m
[2m    - locator resolved to <button type="button">Files</button>[22m
[2m  - attempting click action[22m
[2m    2 × waiting for element to be visible, enabled and stable[22m
[2m      - element is visible, enabled and stable[22m
[2m      - scrolling into view if needed[22m
[2m      - done scrolling[22m
[2m      - <aside aria-label="Chats" class="flow-sidebar">…</aside> intercepts pointer events[22m
[2m    - retrying click action[22m
[2m    - waiting 20ms[22m
[2m    2 × waiting for element to be visible, enabled and stable[22m
[2m      - element is visible, enabled and stable[22m
[2m      - scrolling into view if needed[22m
[2m      - done scrolling[22m
[2m      - <aside aria-label="Chats" class="flow-sidebar">…</aside> intercepts pointer events[22m
[2m    - retrying click action[22m
[2m      - waiting 100ms[22m
[2m    15 × waiting for element to be visible, enabled and stable[22m
[2m       - element is visible, enabled and stable[22m
[2m       - scrolling into view if needed[22m
[2m       - done scrolling[22m
[2m       - <aside aria-label="Chats" class="flow-sidebar">…</aside> intercepts pointer events[22m
[2m     - retrying click action[22m
[2m       - waiting 500ms[22m

    at <anonymous> (/Users/citrine/Projects/AgentHarness/Flow-worktrees/web-attachment-production/apps/web/test/attachment-integration.browser.ts:105:86)
    at async check (/Users/citrine/Projects/AgentHarness/Flow-worktrees/web-attachment-production/apps/web/test/attachment-integration.browser.ts:37:109)
    at async work (/Users/citrine/Projects/AgentHarness/Flow-worktrees/web-attachment-production/apps/web/test/attachment-integration.browser.ts:104:5)
    at async <anonymous> (/Users/citrine/Projects/AgentHarness/Flow-worktrees/web-attachment-production/apps/web/test/attachment-integration.browser.ts:140:7)
Center shutdown: HTTP drain deadline reached; remaining connections closed, unacknowledged outcomes unknown.
undefined
/Users/citrine/Projects/AgentHarness/Flow-worktrees/web-attachment-production/apps/web:
 ERR_PNPM_RECURSIVE_EXEC_FIRST_FAIL  Command failed with exit code 1: tsx test/attachment-integration.browser.ts production-seventh
