PASS explicit project preparation preserves the text and performs zero turns
PASS P01 Files entry loads only explicit metadata; Enter preview is lazy and cached
PASS real Send v2 bad-200 becomes unknown; retry preserves key/body and next draft
PASS official upload adapter and Queue Enter use a frozen v2 receipt, never cancel the task
Error: expect(locator).toBeVisible() failed

Locator: getByRole('region', { name: 'Unsent material recovery' })
Expected: visible
Timeout: 5000ms
Error: element(s) not found

Call log:
  - Expect "toBeVisible" getByRole('region', { name: 'Unsent material recovery' }) with timeout 5000ms
  - waiting for getByRole('region', { name: 'Unsent material recovery' })

    at captureRawStack (/Users/citrine/Projects/AgentHarness/Flow-worktrees/web-attachment-production/node_modules/.pnpm/playwright-core@1.63.0/node_modules/playwright-core/lib/coreBundle.js:8588:17)
    at callMatcherAsStep (/Users/citrine/Projects/AgentHarness/Flow-worktrees/web-attachment-production/node_modules/.pnpm/playwright@1.63.0/node_modules/playwright/lib/matchers/expect.js:13310:57)
    at Object.toBeVisible (/Users/citrine/Projects/AgentHarness/Flow-worktrees/web-attachment-production/node_modules/.pnpm/playwright@1.63.0/node_modules/playwright/lib/matchers/expect.js:13302:23)
    at <anonymous> (/Users/citrine/Projects/AgentHarness/Flow-worktrees/web-attachment-production/apps/web/test/attachment-integration.browser.ts:86:84)
    at async check (/Users/citrine/Projects/AgentHarness/Flow-worktrees/web-attachment-production/apps/web/test/attachment-integration.browser.ts:37:109)
    at async work (/Users/citrine/Projects/AgentHarness/Flow-worktrees/web-attachment-production/apps/web/test/attachment-integration.browser.ts:79:5)
    at async <anonymous> (/Users/citrine/Projects/AgentHarness/Flow-worktrees/web-attachment-production/apps/web/test/attachment-integration.browser.ts:141:7)
undefined
/Users/citrine/Projects/AgentHarness/Flow-worktrees/web-attachment-production/apps/web:
 ERR_PNPM_RECURSIVE_EXEC_FIRST_FAIL  Command failed with exit code 1: tsx test/attachment-integration.browser.ts production-sixth
