PASS explicit project preparation preserves the text and performs zero turns
PASS P01 Files entry loads only explicit metadata; Enter preview is lazy and cached
Error: expect(locator).toBeVisible() failed

Locator: getByText('existing.txt · v1', { exact: true }).first()
Expected: visible
Timeout: 5000ms
Error: element(s) not found

Call log:
  - Expect "toBeVisible" getByText('existing.txt · v1', { exact: true }).first() with timeout 5000ms
  - waiting for getByText('existing.txt · v1', { exact: true }).first()

    at captureRawStack (/Users/citrine/Projects/AgentHarness/Flow-worktrees/web-attachment-production/node_modules/.pnpm/playwright-core@1.63.0/node_modules/playwright-core/lib/coreBundle.js:8588:17)
    at callMatcherAsStep (/Users/citrine/Projects/AgentHarness/Flow-worktrees/web-attachment-production/node_modules/.pnpm/playwright@1.63.0/node_modules/playwright/lib/matchers/expect.js:13310:57)
    at Object.toBeVisible (/Users/citrine/Projects/AgentHarness/Flow-worktrees/web-attachment-production/node_modules/.pnpm/playwright@1.63.0/node_modules/playwright/lib/matchers/expect.js:13302:23)
    at <anonymous> (/Users/citrine/Projects/AgentHarness/Flow-worktrees/web-attachment-production/apps/web/test/attachment-integration.browser.ts:61:140)
    at async check (/Users/citrine/Projects/AgentHarness/Flow-worktrees/web-attachment-production/apps/web/test/attachment-integration.browser.ts:34:109)
    at async work (/Users/citrine/Projects/AgentHarness/Flow-worktrees/web-attachment-production/apps/web/test/attachment-integration.browser.ts:54:5)
    at async <anonymous> (/Users/citrine/Projects/AgentHarness/Flow-worktrees/web-attachment-production/apps/web/test/attachment-integration.browser.ts:119:7)
Center shutdown: HTTP drain deadline reached; remaining connections closed, unacknowledged outcomes unknown.
undefined
/Users/citrine/Projects/AgentHarness/Flow-worktrees/web-attachment-production/apps/web:
 ERR_PNPM_RECURSIVE_EXEC_FIRST_FAIL  Command failed with exit code 1: tsx test/attachment-integration.browser.ts production-fourth
