
> @flow/web@0.1.0 build /Users/citrine/Projects/AgentHarness/Flow-worktrees/web-conversation-readability/apps/web
> vite build

vite v8.3.2 building client environment for production...
transforming...
✓ 3101 modules transformed.
rendering chunks...
computing gzip size...
dist/index.html                              0.70 kB │ gzip:   0.36 kB
dist/assets/assistant-ui-CcdakA0V.css        0.96 kB │ gzip:   0.33 kB
dist/assets/PluginManagement-Dok11XwQ.css    2.84 kB │ gzip:   0.87 kB
dist/assets/index-5W26Yecv.css             102.54 kB │ gzip:  18.23 kB
dist/assets/rolldown-runtime-qXqUbbKo.js     0.77 kB │ gzip:   0.44 kB
dist/assets/theme-Cm0CCXbw.js                0.80 kB │ gzip:   0.49 kB
dist/assets/workspace-B85a5bY0.js            1.90 kB │ gzip:   0.88 kB
dist/assets/PluginManagement-CD55oqRe.js     9.85 kB │ gzip:   2.66 kB
dist/assets/assistant-ui-BW1JBgq4.js       658.87 kB │ gzip: 197.42 kB
dist/assets/index-tYM2O_-E.js              660.94 kB │ gzip: 192.48 kB

[plugin builtin:vite-reporter] 
(!) Some chunks are larger than 500 kB after minification. Consider:
- Using dynamic import() to code-split the application
- Use build.rolldownOptions.output.codeSplitting to improve chunking: https://rolldown.rs/reference/OutputOptions.codeSplitting
- Adjust chunk size limit for this warning via build.chunkSizeWarningLimit.
✓ built in 540ms
