/Users/citrine/Projects/AgentHarness/Flow-worktrees/web-conversation-readability/apps/web/test/conversation-readability.browser.ts:143
if (failure || errors.length) throw Error(failure ?? errors.join("\n"));
                                    ^

Error: Error: expect(locator).toBeVisible() failed

Locator: getByRole('dialog', { name: 'Conversation settings', exact: true }).getByText('configured-readonly', { exact: true })
Expected: visible
Error: strict mode violation: getByRole('dialog', { name: 'Conversation settings', exact: true }).getByText('configured-readonly', { exact: true }) resolved to 2 elements:
    1) <dd>configured-readonly</dd> aka getByRole('region', { name: 'Requested configuration' }).getByText('configured-readonly')
    2) <dd>configured-readonly</dd> aka getByRole('region', { name: 'Conversation behavior' }).getByText('configured-readonly')

Call log:
  - Expect "toBeVisible" getByRole('dialog', { name: 'Conversation settings', exact: true }).getByText('configured-readonly', { exact: true }) with timeout 5000ms
  - waiting for getByRole('dialog', { name: 'Conversation settings', exact: true }).getByText('configured-readonly', { exact: true })

    at captureRawStack (/Users/citrine/Projects/AgentHarness/Flow-worktrees/web-conversation-readability/node_modules/.pnpm/playwright-core@1.63.0/node_modules/playwright-core/lib/coreBundle.js:8588:17)
    at callMatcherAsStep (/Users/citrine/Projects/AgentHarness/Flow-worktrees/web-conversation-readability/node_modules/.pnpm/playwright@1.63.0/node_modules/playwright/lib/matchers/expect.js:13310:57)
    at Object.toBeVisible (/Users/citrine/Projects/AgentHarness/Flow-worktrees/web-conversation-readability/node_modules/.pnpm/playwright@1.63.0/node_modules/playwright/lib/matchers/expect.js:13302:23)
    at <anonymous> (/Users/citrine/Projects/AgentHarness/Flow-worktrees/web-conversation-readability/apps/web/test/conversation-readability.browser.ts:62:114)
    at async check (/Users/citrine/Projects/AgentHarness/Flow-worktrees/web-conversation-readability/apps/web/test/conversation-readability.browser.ts:45:67)
    at async <anonymous> (/Users/citrine/Projects/AgentHarness/Flow-worktrees/web-conversation-readability/apps/web/test/conversation-readability.browser.ts:57:5)
    at <anonymous> (/Users/citrine/Projects/AgentHarness/Flow-worktrees/web-conversation-readability/apps/web/test/conversation-readability.browser.ts:143:37)
    at process.processTicksAndRejections (node:internal/process/task_queues:104:5)

Node.js v24.20.0
