PASS locked settings modal keeps draft, readable requested/effective details, keyboard loop and both return-focus paths
/Users/citrine/Projects/AgentHarness/Flow-worktrees/web-conversation-readability/apps/web/test/conversation-readability.browser.ts:161
if (failure || errors.length) throw Error(failure ?? errors.join("\n"));
                                    ^

Error: Error: expect(locator).toBeFocused() failed

Locator: getByRole('tab', { name: 'Task output', exact: true })
Expected: focused
Timeout: 5000ms
Error: element(s) not found

Call log:
  - Expect "toBeFocused" getByRole('tab', { name: 'Task output', exact: true }) with timeout 5000ms
  - waiting for getByRole('tab', { name: 'Task output', exact: true })

    at captureRawStack (/Users/citrine/Projects/AgentHarness/Flow-worktrees/web-conversation-readability/node_modules/.pnpm/playwright-core@1.63.0/node_modules/playwright-core/lib/coreBundle.js:8588:17)
    at callMatcherAsStep (/Users/citrine/Projects/AgentHarness/Flow-worktrees/web-conversation-readability/node_modules/.pnpm/playwright@1.63.0/node_modules/playwright/lib/matchers/expect.js:13310:57)
    at Object.toBeFocused (/Users/citrine/Projects/AgentHarness/Flow-worktrees/web-conversation-readability/node_modules/.pnpm/playwright@1.63.0/node_modules/playwright/lib/matchers/expect.js:13302:23)
    at <anonymous> (/Users/citrine/Projects/AgentHarness/Flow-worktrees/web-conversation-readability/apps/web/test/conversation-readability.browser.ts:80:30)
    at async check (/Users/citrine/Projects/AgentHarness/Flow-worktrees/web-conversation-readability/apps/web/test/conversation-readability.browser.ts:45:67)
    at async <anonymous> (/Users/citrine/Projects/AgentHarness/Flow-worktrees/web-conversation-readability/apps/web/test/conversation-readability.browser.ts:73:5)
    at <anonymous> (/Users/citrine/Projects/AgentHarness/Flow-worktrees/web-conversation-readability/apps/web/test/conversation-readability.browser.ts:161:37)
    at process.processTicksAndRejections (node:internal/process/task_queues:104:5)

Node.js v24.20.0
