PASS locked settings modal keeps draft, readable requested/effective details, keyboard loop and both return-focus paths
PASS execution navigation closes settings and hands focus to interactive workspace/task while preserving conversation draft
PASS collapsed queue exposes stale error, pause and blockers; disclosure Enter/Space retains keyboard focus
PASS official running queue input preserves IME and Shift+Enter and sends exactly once from Enter and button
1:34:30 AM [vite] http proxy error: /api/conversations/chat-2/queue
Error: socket hang up
    at Socket.socketOnEnd (node:_http_client:790:25)
    at Socket.emit (node:events:526:24)
    at endReadableNT (node:internal/streams/readable:1757:12)
    at process.processTicksAndRejections (node:internal/process/task_queues:90:21)
PASS unknown queue receipt stays visible while collapsed, retry preserves original key/body and independent draft
PASS new chat profile selection and Enter retain the draft and settle one canonical answer
/Users/citrine/Projects/AgentHarness/Flow-worktrees/web-conversation-readability/apps/web/test/conversation-readability.browser.ts:161
if (failure || errors.length) throw Error(failure ?? errors.join("\n"));
                                    ^

Error: locator.click: Timeout 10000ms exceeded.
Call log:
[2m  - waiting for locator('[id="panel-conversation:chat-3"]').getByRole('button', { name: /^Conversation settings:/ })[22m
[2m    - locator resolved to <button type="button" data-state="closed" aria-expanded="false" aria-haspopup="dialog" aria-label="Conversation settings: runner-default" class="inline-flex items-center justify-center gap-2 whitespace-nowrap rounded-md text-sm font-medium transition-colors focus-visible:outline-none focus-visible:ring-1 focus-visible:ring-ring disabled:pointer-events-none disabled:opacity-50 [&_svg]:pointer-events-none [&_svg]:size-4 [&_svg]:shrink-0 border border-input bg-background shadow-sm hover:bg-accent hover:t…>…</button>[22m
[2m  - attempting click action[22m
[2m    2 × waiting for element to be visible, enabled and stable[22m
[2m      - element is visible, enabled and stable[22m
[2m      - scrolling into view if needed[22m
[2m      - done scrolling[22m
[2m      - <section tabindex="0" role="tabpanel" id="_r_2q_-panel-files" class="flow-workspace-panel" aria-labelledby="_r_2q_-tab-files">…</section> from <div class="flow-panel-mount">…</div> subtree intercepts pointer events[22m
[2m    - retrying click action[22m
[2m    - waiting 20ms[22m
[2m    2 × waiting for element to be visible, enabled and stable[22m
[2m      - element is visible, enabled and stable[22m
[2m      - scrolling into view if needed[22m
[2m      - done scrolling[22m
[2m      - <section tabindex="0" role="tabpanel" id="_r_2q_-panel-files" class="flow-workspace-panel" aria-labelledby="_r_2q_-tab-files">…</section> from <div class="flow-panel-mount">…</div> subtree intercepts pointer events[22m
[2m    - retrying click action[22m
[2m      - waiting 100ms[22m
[2m    19 × waiting for element to be visible, enabled and stable[22m
[2m       - element is visible, enabled and stable[22m
[2m       - scrolling into view if needed[22m
[2m       - done scrolling[22m
[2m       - <section tabindex="0" role="tabpanel" id="_r_2q_-panel-files" class="flow-workspace-panel" aria-labelledby="_r_2q_-tab-files">…</section> from <div class="flow-panel-mount">…</div> subtree intercepts pointer events[22m
[2m     - retrying click action[22m
[2m       - waiting 500ms[22m

    at <anonymous> (/Users/citrine/Projects/AgentHarness/Flow-worktrees/web-conversation-readability/apps/web/test/conversation-readability.browser.ts:146:105)
    at async check (/Users/citrine/Projects/AgentHarness/Flow-worktrees/web-conversation-readability/apps/web/test/conversation-readability.browser.ts:45:67)
    at async <anonymous> (/Users/citrine/Projects/AgentHarness/Flow-worktrees/web-conversation-readability/apps/web/test/conversation-readability.browser.ts:137:5)
    at <anonymous> (/Users/citrine/Projects/AgentHarness/Flow-worktrees/web-conversation-readability/apps/web/test/conversation-readability.browser.ts:161:37)
    at process.processTicksAndRejections (node:internal/process/task_queues:104:5)

Node.js v24.20.0
