✔ structured summaries never mine historical risks or no-decision prose (1347.950583ms)
✔ active work is bounded and priority ordered; completed history is separate (529.532542ms)
✔ metadata-only changes retain exact implementation approval, including dirty docs (830.96375ms)
✔ tracked changes, additions, deletions and untracked implementation invalidate approval (775.473084ms)
✔ new code outside a narrow scope is unknown, not metadata approval (402.943583ms)
✔ missing/unsafe/nonexistent scopes and absent target never turn green (792.4165ms)
From /var/folders/f1/2xjyyqkn5plc19fx4nt4tpt00000gn/T/flow-d01-test-sdvKf9/T01
 * branch            494ed56ccb29fc692a4a4fd6782b273989803f0a -> FETCH_HEAD
✔ main ancestry survives unrelated main metadata commits without owner status rewrites (944.831125ms)
✔ scope-tree integration requires existing target and no omitted new implementation (1095.509125ms)
✔ registry sources have unique valid identities and bounded canonical Web platform paths (3.989208ms)
✔ executable files under docs are not silently treated as metadata (879.995958ms)
✔ top three never hide other active work, while historical missing summaries stay in history (12.599125ms)
From /var/folders/f1/2xjyyqkn5plc19fx4nt4tpt00000gn/T/flow-d01-test-P2kLLY/T01
 * branch            8d568f69622701501d52253013c79be3e2f9e5af -> FETCH_HEAD
✔ historical main ancestry cannot approve later implementation changes, deletions or dirty paths (4582.998416ms)
✔ global phase comes only from the explicit short phase source (577.002292ms)
✔ one matching task target starts one comparison; a second snapshot performs fresh reads (1879.171458ms)
ℹ {"phase":"same-target","gitStarts":24,"targetComparisons":1}
✔ different review target is still independently compared and can invalidate approval (819.735542ms)
✔ dirty edits, deletion, and restoration are fresh in subsequent same-process snapshots (967.254375ms)
✔ missing target, missing scope and missing review remain unknown, never cached green (859.388292ms)
✔ 128 literal declarations use one tree read without changing public proof or next-snapshot freshness (1888.419292ms)
✔ overlapping directories and duplicate declarations preserve full NUL records including unusual descendant names (644.807917ms)
✔ missing individual scope is unknown even when another scope or similarly named directory returns entries (266.517666ms)
✔ main deletion is a changed tree, not a missing source or green proof (255.255792ms)
✔ different repositories or commits cannot reuse a successful tree (407.368292ms)
✔ combined stdout overflow falls back serially and retains scopes that fit the original per-scope limit (773.036625ms)
✔ one scope larger than maxBuffer remains unknown without retry or relabeling as missing (801.572042ms)
✔ bad target fails without tree retries, and invalid declarations retain validation semantics (127.298791ms)
✔ argument overflow splits the batch but an oversized literal remains unknown (534.204125ms)
✔ ordinary Git failure and timeout stay unknown without splitting or retry (5669.646375ms)
ℹ tests 27
ℹ suites 0
ℹ pass 27
ℹ fail 0
ℹ cancelled 0
ℹ skipped 0
ℹ todo 0
ℹ duration_ms 12968.360208
