✔ structured summaries never mine historical risks or no-decision prose (1838.897292ms)
✔ active work is bounded and priority ordered; completed history is separate (689.493334ms)
✔ metadata-only changes retain exact implementation approval, including dirty docs (1137.034791ms)
✔ tracked changes, additions, deletions and untracked implementation invalidate approval (832.843041ms)
✔ new code outside a narrow scope is unknown, not metadata approval (418.274875ms)
✔ missing/unsafe/nonexistent scopes and absent target never turn green (1820.460792ms)
From /var/folders/f1/2xjyyqkn5plc19fx4nt4tpt00000gn/T/flow-d01-test-pVrTUn/T01
 * branch            f7e7c4795230c81e75818abda2312e1a8afcb64a -> FETCH_HEAD
✔ main ancestry survives unrelated main metadata commits without owner status rewrites (1748.52875ms)
✔ scope-tree integration requires existing target and no omitted new implementation (1578.846791ms)
✔ registry sources have unique valid identities and bounded canonical Web platform paths (0.583416ms)
✔ executable files under docs are not silently treated as metadata (848.662791ms)
✔ top three never hide other active work, while historical missing summaries stay in history (8.246291ms)
From /var/folders/f1/2xjyyqkn5plc19fx4nt4tpt00000gn/T/flow-d01-test-4vUBgn/T01
 * branch            4ea80d60c96ad628e2cbc04061befaba335118fb -> FETCH_HEAD
✔ historical main ancestry cannot approve later implementation changes, deletions or dirty paths (3230.585417ms)
✔ global phase comes only from the explicit short phase source (404.904875ms)
✔ one matching task target starts one comparison; a second snapshot performs fresh reads (2512.659625ms)
ℹ {"phase":"same-target","gitStarts":24,"targetComparisons":1}
✔ different review target is still independently compared and can invalidate approval (1081.157666ms)
✔ dirty edits, deletion, and restoration are fresh in subsequent same-process snapshots (1006.99225ms)
✔ missing target, missing scope and missing review remain unknown, never cached green (1345.21675ms)
✔ 128 literal declarations use one tree read without changing public proof or next-snapshot freshness (2216.700458ms)
✔ overlapping directories and duplicate declarations preserve full NUL records including unusual descendant names (946.495792ms)
✔ missing individual scope is unknown even when another scope or similarly named directory returns entries (377.060042ms)
✔ main deletion is a changed tree, not a missing source or green proof (289.002708ms)
✔ different repositories or commits cannot reuse a successful tree (402.067542ms)
✔ combined stdout overflow falls back serially and retains scopes that fit the original per-scope limit (845.291042ms)
✔ one scope larger than maxBuffer remains unknown without retry or relabeling as missing (1924.689041ms)
✔ bad target fails without tree retries, and invalid declarations retain validation semantics (387.132292ms)
✔ argument overflow splits the batch but an oversized literal remains unknown (752.215375ms)
✔ ordinary Git failure and timeout stay unknown without splitting or retry (5745.642042ms)
ℹ tests 27
ℹ suites 0
ℹ pass 27
ℹ fail 0
ℹ cancelled 0
ℹ skipped 0
ℹ todo 0
ℹ duration_ms 14689.537
