✖ 128 literal declarations use one tree read without changing public proof or next-snapshot freshness (3222.656667ms)
ℹ tests 1
ℹ suites 0
ℹ pass 0
ℹ fail 1
ℹ cancelled 0
ℹ skipped 0
ℹ todo 0
ℹ duration_ms 3288.928167

✖ failing tests:

test at apps/execution-dashboard/test/proof-tree-batch.test.mjs:42:1
✖ 128 literal declarations use one tree read without changing public proof or next-snapshot freshness (3222.656667ms)
  AssertionError [ERR_ASSERTION]: Expected values to be strictly equal:
  
  128 !== 1
  
      at TestContext.<anonymous> (file:///Users/citrine/Projects/AgentHarness/Flow-worktrees/dashboard-proof-batching/apps/execution-dashboard/test/proof-tree-batch.test.mjs:48:10)
      at async Test.run (node:internal/test_runner/test:1404:7)
      at async startSubtestAfterBootstrap (node:internal/test_runner/harness:387:3) {
    generatedMessage: true,
    code: 'ERR_ASSERTION',
    actual: 128,
    expected: 1,
    operator: 'strictEqual',
    diff: 'simple'
  }
