✔ reads only authoritative owners and reflects independent status changes over HTTP (450.740333ms)
✔ empty review never means approval; historical checks remain unknown without explicit field (330.782709ms)
✔ missing status uses frozen baseline and marks unknown without affecting another task (303.249416ms)
✔ malformed, duplicate, stale and future status cannot silently become current (441.6305ms)
✔ branch changes conflict and registry explicitly switches to a new owner worktree (311.215959ms)
✔ documents reject traversal, encoded traversal, absolute paths and arbitrary task files (277.244291ms)
✔ referenced symlinks cannot escape task scope inside or outside registered worktree (283.619417ms)
✔ untrusted text stays text with read-only HTTP and restrictive browser headers (284.261291ms)
✔ invalid registry, duplicate owners and oversized files are rejected (242.073375ms)
✔ delivered slice leaves next deliveries despite open future TODO and changed main scope (3.091167ms)
✔ review and integration remain actionable after author completion, planning does not (7.39925ms)
✔ invalid explicit stage stays unknown instead of falling back to active branch (0.719208ms)
✔ legacy author completion is labelled legacy and preserves review/main uncertainty (0.627ms)
✔ current blocked work has delivery priority; stale and invalid facts never become candidates (0.487625ms)
✔ structured summaries never mine historical risks or no-decision prose (491.825417ms)
✔ active work is bounded and priority ordered; completed history is separate (357.656792ms)
✔ metadata-only changes retain exact implementation approval, including dirty docs (722.149875ms)
✔ tracked changes, additions, deletions and untracked implementation invalidate approval (823.757ms)
✔ new code outside a narrow scope is unknown, not metadata approval (431.224791ms)
✔ missing/unsafe/nonexistent scopes and absent target never turn green (692.684166ms)
From /var/folders/f1/2xjyyqkn5plc19fx4nt4tpt00000gn/T/flow-d01-test-wHFcXN/T01
 * branch            0e84abb98bbdf8cac36d39c528d873220adaa810 -> FETCH_HEAD
✔ main ancestry survives unrelated main metadata commits without owner status rewrites (665.91925ms)
✔ scope-tree integration requires existing target and no omitted new implementation (555.542583ms)
✔ registry sources have unique valid identities and bounded canonical Web platform paths (0.596292ms)
✔ executable files under docs are not silently treated as metadata (331.606333ms)
✔ top three never hide other active work, while historical missing summaries stay in history (7.276791ms)
From /var/folders/f1/2xjyyqkn5plc19fx4nt4tpt00000gn/T/flow-d01-test-FV2G9k/T01
 * branch            ce2dab20355f305dd0b956fd12197b6e099b3177 -> FETCH_HEAD
✔ historical main ancestry cannot approve later implementation changes, deletions or dirty paths (1219.579084ms)
✔ global phase comes only from the explicit short phase source (256.250458ms)
✔ one matching task target starts one comparison; a second snapshot performs fresh reads (915.264333ms)
ℹ {"phase":"same-target","gitStarts":24,"targetComparisons":1}
✔ different review target is still independently compared and can invalidate approval (693.171166ms)
✔ dirty edits, deletion, and restoration are fresh in subsequent same-process snapshots (1000.93775ms)
✔ missing target, missing scope and missing review remain unknown, never cached green (792.542042ms)
✔ explicit two-level declarations resolve without changing progress or inferring slash-separated leads (1.767208ms)
✔ explicit big task can omit its redundant self ID, but old tasks do not become big implicitly (0.140542ms)
✔ duplicate fields and multi-value parents remain unknown and retain declarations (0.194917ms)
✔ the actual status parser retains duplicate rows instead of trusting the last value (2.409666ms)
✔ ID and canonical plan path must both match before creating a navigation action (0.175ms)
✔ self, cycle, and third level are unknown, including MATURE-shaped IDs (0.144542ms)
✔ unknown parent is pending registration; registered legacy parent remains unknown (0.072333ms)
✔ registered missing parent stays inspectable but never known (0.080125ms)
✔ registered frozen parent stays inspectable but never known (0.076083ms)
✔ registered stale parent stays inspectable but never known (0.107708ms)
✔ invalid own source invalidates relation and co-lead, without borrowing parent ownership (0.073166ms)
✔ contradictory big identity, layer or self plan does not resolve (0.158416ms)
✔ external and malicious link declarations never become locations, bounded raw text remains visible (0.224208ms)
✔ actual aggregation follows status changes, missing/frozen sources, and registered-only documents (591.647584ms)
ℹ tests 45
ℹ suites 0
ℹ pass 45
ℹ fail 0
ℹ cancelled 0
ℹ skipped 0
ℹ todo 0
ℹ duration_ms 6631.62525
