✔ curated architecture cites existing files at its fixed source commit and valid graph nodes (1064.110375ms)
✔ architecture static assets stay within existing read-only loopback server policy (35.154959ms)
✔ fixed snapshot separates integrated Web and center capabilities from later UI work (104.037542ms)
✔ integrated queue and graph proposal descriptions preserve explicit admission and application (66.162458ms)
✔ transport optimization and shutdown do not imply parallel execution or safe cancellation (38.309208ms)
✔ state graph covers every active completed outcome and uncertain route without reviving the old task (0.174458ms)
✔ current PG content and assistant provenance never become an implemented blob edge (13.842709ms)
✔ knowledge and context are exact PG references, not automatically selected Web material (54.488666ms)
✔ graph run authority and native graph tools retain separate purposes and bounded commands (69.613167ms)
✔ package download is opt-in durable work and does not install or execute plugins (58.446333ms)
✔ typed activities and renderer are mounted, while stream App integration is still later work (59.638875ms)
✔ assistant patches have explicit negotiation and durable settlement, not a task success signal (125.898584ms)
✔ durable steering and native host remain explicitly disabled by ordinary production entrypoints (96.149ms)
ℹ tests 13
ℹ suites 0
ℹ pass 13
ℹ fail 0
ℹ cancelled 0
ℹ skipped 0
ℹ todo 0
ℹ duration_ms 1868.9955
