
> @flow/web@0.1.0 build /Users/citrine/Projects/AgentHarness/Flow-worktrees/web-data-renderer-integration/apps/web
> vite build

vite v8.3.2 building client environment for production...
transforming...
✓ 3084 modules transformed.
rendering chunks...
computing gzip size...
dist/index.html                              0.70 kB │ gzip:   0.36 kB
dist/assets/assistant-ui-CcdakA0V.css        0.96 kB │ gzip:   0.33 kB
dist/assets/PluginManagement-Dok11XwQ.css    2.84 kB │ gzip:   0.87 kB
dist/assets/index-C9jPWYF2.css              98.65 kB │ gzip:  17.63 kB
dist/assets/rolldown-runtime-qXqUbbKo.js     0.77 kB │ gzip:   0.44 kB
dist/assets/theme-CAUb6x2Q.js                0.80 kB │ gzip:   0.49 kB
dist/assets/workspace-BQZJ0GrI.js            1.90 kB │ gzip:   0.88 kB
dist/assets/PluginManagement-B58UCVn-.js     9.85 kB │ gzip:   2.65 kB
dist/assets/assistant-ui-BVxBYM--.js       562.08 kB │ gzip: 169.70 kB
dist/assets/index-DfrGBhOt.js              684.36 kB │ gzip: 199.65 kB

[plugin builtin:vite-reporter] 
(!) Some chunks are larger than 500 kB after minification. Consider:
- Using dynamic import() to code-split the application
- Use build.rolldownOptions.output.codeSplitting to improve chunking: https://rolldown.rs/reference/OutputOptions.codeSplitting
- Adjust chunk size limit for this warning via build.chunkSizeWarningLimit.
✓ built in 718ms
