[
  {
    "name": "AV03 real PostgreSQL > 036 rejects unverifiable history atomically and positively backfills compatible old tool writers",
    "file": "/Users/citrine/Projects/AgentHarness/Flow-worktrees/plugin-artifact-verifier/docs/evidence/x01-artifact-verifier/av03-pg/inputs/apps/server/src/plugin-runtime/verification-pg.test.ts"
  },
  {
    "name": "AV03 real PostgreSQL > 036 enforces immutable kind and exact source attempt with deferred mandatory verifier reference",
    "file": "/Users/citrine/Projects/AgentHarness/Flow-worktrees/plugin-artifact-verifier/docs/evidence/x01-artifact-verifier/av03-pg/inputs/apps/server/src/plugin-runtime/verification-pg.test.ts"
  },
  {
    "name": "AV03 real PostgreSQL > v1 v2 v3 and explicit v4 filter the mixed queue before LIMIT",
    "file": "/Users/citrine/Projects/AgentHarness/Flow-worktrees/plugin-artifact-verifier/docs/evidence/x01-artifact-verifier/av03-pg/inputs/apps/server/src/plugin-runtime/verification-pg.test.ts"
  },
  {
    "name": "AV03 real PostgreSQL > v4 concurrent receipt identity survives server restart and refuses changed protocol or qualification",
    "file": "/Users/citrine/Projects/AgentHarness/Flow-worktrees/plugin-artifact-verifier/docs/evidence/x01-artifact-verifier/av03-pg/inputs/apps/server/src/plugin-runtime/verification-pg.test.ts"
  },
  {
    "name": "AV03 real PostgreSQL > source project and grant writer lock fence allocation without attempt or receipt residue",
    "file": "/Users/citrine/Projects/AgentHarness/Flow-worktrees/plugin-artifact-verifier/docs/evidence/x01-artifact-verifier/av03-pg/inputs/apps/server/src/plugin-runtime/verification-pg.test.ts"
  }
]
