PASS actual empty App and long Markdown keep readable pane/code/table bounds at desktop and 390
PASS four Appearance choices use scheme, opaque removes blur, persisted choice survives real reload
PASS plugin palette still applies and disabled contributed theme falls back by dark scheme
PASS real typed Tool and Reasoning stay lazy, readable and keyboard-operable
PASS streaming pane and split preserve independent drafts without page overflow
PASS visible queue error and keyboard focus remain usable in both narrow themes
ExpectError: expect(received).toBeGreaterThan(expected)

Expected: > 0
Received:   0
    at captureRawStack (/Users/citrine/Projects/AgentHarness/Flow-worktrees/web-visual-shell/node_modules/.pnpm/playwright-core@1.63.0/node_modules/playwright-core/lib/coreBundle.js:8588:17)
    at callMatcherAsStep (/Users/citrine/Projects/AgentHarness/Flow-worktrees/web-visual-shell/node_modules/.pnpm/playwright@1.63.0/node_modules/playwright/lib/matchers/expect.js:13310:57)
    at Object.toBeGreaterThan (/Users/citrine/Projects/AgentHarness/Flow-worktrees/web-visual-shell/node_modules/.pnpm/playwright@1.63.0/node_modules/playwright/lib/matchers/expect.js:13302:23)
    at <anonymous> (/Users/citrine/Projects/AgentHarness/Flow-worktrees/web-visual-shell/apps/web/test/visual-shell.browser.ts:147:27)
    at async check (/Users/citrine/Projects/AgentHarness/Flow-worktrees/web-visual-shell/apps/web/test/visual-shell.browser.ts:59:67)
    at async <anonymous> (/Users/citrine/Projects/AgentHarness/Flow-worktrees/web-visual-shell/apps/web/test/visual-shell.browser.ts:136:5) {
  matcherResult: {
    message: 'expect(received).toBeGreaterThan(expected)\n\nExpected: > 0\nReceived:   0',
    pass: false,
    name: 'toBeGreaterThan'
  }
}
