PASS 8/16/32 cumulative actual conversation panes; hidden reads pause
PASS two split panes remain independently visible and observed
PASS closed clean panes remove DOM, stop reads; reopen history requests are recorded
PASS closed protected draft and knowledge restore without eager body
4:00:55 AM [vite] http proxy error: /api/conversations/chat-4/turns
Error: socket hang up
    at Socket.socketOnEnd (node:_http_client:790:25)
    at Socket.emit (node:events:526:24)
    at endReadableNT (node:internal/streams/readable:1757:12)
    at process.processTicksAndRejections (node:internal/process/task_queues:90:21)
PASS closed unknown Send restores original key/body and independent new draft
4:00:56 AM [vite] http proxy error: /api/conversations/chat-5/queue
Error: socket hang up
    at Socket.socketOnEnd (node:_http_client:790:25)
    at Socket.emit (node:events:526:24)
    at endReadableNT (node:internal/streams/readable:1757:12)
    at process.processTicksAndRejections (node:internal/process/task_queues:90:21)
PASS closed unknown Queue restores original key/body without cancellation
PASS late reply detail after closing is observed separately from DOM removal
node:internal/process/promises:394
    triggerUncaughtException(err, true /* fromPromise */);
    ^

Error: aborted
    at abortIncoming (node:_http_server:921:17)
    at socketOnClose (node:_http_server:914:3)
    at Socket.emit (node:events:526:24)
    at TCP.<anonymous> (node:net:362:12) {
  code: 'ECONNRESET'
}

Node.js v24.20.0
