
 RUN  v4.0.18 /Users/citrine/Projects/AgentHarness/Flow-worktrees/goal-persistent-progression

 ❯ apps/server/src/goal-progression/progression.test.ts (0 test)

⎯⎯⎯⎯⎯⎯ Failed Suites 1 ⎯⎯⎯⎯⎯⎯⎯

 FAIL  apps/server/src/goal-progression/progression.test.ts [ apps/server/src/goal-progression/progression.test.ts ]
Error: Transform failed with 1 error:
/Users/citrine/Projects/AgentHarness/Flow-worktrees/goal-persistent-progression/apps/server/src/goal-progression/fixture.ts:31:33: ERROR: Expected ")" but found "??="
  Plugin: vite:esbuild
  File: /Users/citrine/Projects/AgentHarness/Flow-worktrees/goal-persistent-progression/apps/server/src/goal-progression/fixture.ts:31:33
  
  Expected ")" but found "??="
  29 |      await migrateGoalProgressions(pool); registerGoalProgressionRoutes(app, pool);
  30 |      app.addHook('onError', async (_request, _reply, error) => {
  31 |        (facts.errors as unknown[] ??= []).push({ name: error.name, code: error.code, message: error.message });
     |                                   ^
  32 |      });
  33 |      app.addHook('onSend', async (request, reply) => { if (drop && request.url === drop && reply.statusCode < 300) { d...
  
 ❯ failureErrorWithLog ../continuous-goal-journey/node_modules/.pnpm/esbuild@0.28.2/node_modules/esbuild/lib/main.js:1752:15
 ❯ ../continuous-goal-journey/node_modules/.pnpm/esbuild@0.28.2/node_modules/esbuild/lib/main.js:1019:50
 ❯ responseCallbacks.<computed> ../continuous-goal-journey/node_modules/.pnpm/esbuild@0.28.2/node_modules/esbuild/lib/main.js:886:9
 ❯ handleIncomingPacket ../continuous-goal-journey/node_modules/.pnpm/esbuild@0.28.2/node_modules/esbuild/lib/main.js:941:12
 ❯ Socket.readFromStdout ../continuous-goal-journey/node_modules/.pnpm/esbuild@0.28.2/node_modules/esbuild/lib/main.js:864:7

⎯⎯⎯⎯⎯⎯⎯⎯⎯⎯⎯⎯⎯⎯⎯⎯⎯⎯⎯⎯⎯⎯⎯⎯[1/1]⎯


 Test Files  1 failed (1)
      Tests  no tests
   Start at  07:35:07
   Duration  349ms (transform 73ms, setup 0ms, import 0ms, tests 0ms, environment 0ms)

