
 RUN  v4.0.18 /Users/citrine/Projects/AgentHarness/Flow-worktrees/goal-persistent-progression

 ❯ apps/server/src/goal-progression/progression.test.ts (10 tests | 1 failed | 9 skipped) 3589ms
   ↓ bounds finite authorization, rejects duplicate nodes, excess budget, unknown policy and malformed expiry
   × continues two fixed inputs through injected SDK, restart and lost authorization ACK without semantic acceptance 1832ms
   ↓ halts failed verification without admitting its dependent and preserves the artifact
   ↓ keeps unknown attempts and their links through restart without admitting a new execution
   ↓ stops for a genuine decision and revocation never cancels that running task
   ↓ checks readonly profile revocation before any task is admitted
   ↓ freezes graph and actual input versions and requires explicit replacement permission
   ↓ exhausts finite admission budget without silently extending the authorized work
   ↓ rolls back task/wake/link atomically and reuses the authorization after a transaction failure
   ↓ preserves immutable authority and exact goal identity, while snapshots stay body-free

⎯⎯⎯⎯⎯⎯⎯ Failed Tests 1 ⎯⎯⎯⎯⎯⎯⎯

 FAIL  apps/server/src/goal-progression/progression.test.ts > continues two fixed inputs through injected SDK, restart and lost authorization ACK without semantic acceptance
TypeError: Cannot read properties of undefined (reading '1')
 ❯ apps/server/src/goal-progression/progression.test.ts:56:70


⎯⎯⎯⎯⎯⎯⎯⎯⎯⎯⎯⎯⎯⎯⎯⎯⎯⎯⎯⎯⎯⎯⎯⎯[1/1]⎯


 Test Files  1 failed (1)
      Tests  1 failed | 9 skipped (10)
   Start at  07:35:52
   Duration  4.83s (transform 507ms, setup 0ms, import 1.15s, tests 3.59s, environment 0ms)

