
 RUN  v4.0.18 /Users/citrine/Projects/AgentHarness/Flow-worktrees/goal-persistent-progression

 ❯ apps/server/src/goal-progression/progression.test.ts (10 tests | 3 failed) 5724ms
   ✓ bounds finite authorization, rejects duplicate nodes, excess budget, unknown policy and malformed expiry 106ms
   ✓ continues two fixed inputs through injected SDK, restart and lost authorization ACK without semantic acceptance  1685ms
   × halts failed verification without admitting its dependent and preserves the artifact 416ms
   ✓ keeps unknown attempts and their links through restart without admitting a new execution  975ms
   × stops for a genuine decision and revocation never cancels that running task 508ms
   ✓ checks readonly profile revocation before any task is admitted 88ms
   ✓ freezes graph and actual input versions and requires explicit replacement permission 171ms
   ✓ exhausts finite admission budget without silently extending the authorized work  356ms
   ✓ rolls back task/wake/link atomically and reuses the authorization after a transaction failure 90ms
   × preserves immutable authority and exact goal identity, while snapshots stay body-free 71ms

⎯⎯⎯⎯⎯⎯⎯ Failed Tests 3 ⎯⎯⎯⎯⎯⎯⎯

 FAIL  apps/server/src/goal-progression/progression.test.ts > halts failed verification without admitting its dependent and preserves the artifact
AssertionError: expected false to be true // Object.is equality

- Expected
+ Received

- true
+ false

 ❯ apps/server/src/goal-progression/progression.test.ts:71:160
     69|   const view = await f.read(s.goalId, s.id); expect(view).toMatchObjec…
     70|   expect(view.nodes[0]!.task?.verificationStatus).toBe('failed'); expe…
     71|   const task = (await f.http(`/api/tasks/${view.nodes[0]!.task!.id}`))…
       |                                                                                                                                                                ^
     72| });
     73| 

⎯⎯⎯⎯⎯⎯⎯⎯⎯⎯⎯⎯⎯⎯⎯⎯⎯⎯⎯⎯⎯⎯⎯⎯[1/3]⎯

 FAIL  apps/server/src/goal-progression/progression.test.ts > stops for a genuine decision and revocation never cancels that running task
AssertionError: {"error":{"code":"invalid_events","message":"Invalid event batch."}}: expected 400 to be 200 // Object.is equality

- Expected
+ Received

- 200
+ 400

 ❯ apps/server/src/goal-progression/progression.test.ts:86:102
     84|   const response = await f.http('/api/runner/events', { attemptId: ass…
     85|     { id: randomUUID(), sequence: 1, type: 'started', sessionId: rando…
     86|   ] }, randomUUID(), s.harness.runner.token); expect(response.status, …
       |                                                                                                      ^
     87|   await f.sweep(); expect(await f.read(s.goalId, s.id)).toMatchObject(…
     88|   expect((await f.read(s.goalId, s.id)).nodes[0]!.task!.decisionId).to…

⎯⎯⎯⎯⎯⎯⎯⎯⎯⎯⎯⎯⎯⎯⎯⎯⎯⎯⎯⎯⎯⎯⎯⎯[2/3]⎯

 FAIL  apps/server/src/goal-progression/progression.test.ts > preserves immutable authority and exact goal identity, while snapshots stay body-free
AssertionError: expected 403 to be 401 // Object.is equality

- Expected
+ Received

- 401
+ 403

 ❯ apps/server/src/goal-progression/progression.test.ts:128:129
    126|   const s = await granted({ count: 1 }); const other = await setup({ c…
    127|   expect((await f.http(`/api/goals/${other.goalId}/progressions/${s.id…
    128|   expect((await f.http(`/api/goals/${s.goalId}/progressions/${s.id}`, …
       |                                                                                                                                 ^
    129|   await expect(f.pool.query('UPDATE flow.goal_progressions SET manifes…
    130|   await expect(f.pool.query('DELETE FROM flow.goal_progressions WHERE …

⎯⎯⎯⎯⎯⎯⎯⎯⎯⎯⎯⎯⎯⎯⎯⎯⎯⎯⎯⎯⎯⎯⎯⎯[3/3]⎯


 Test Files  1 failed (1)
      Tests  3 failed | 7 passed (10)
   Start at  07:36:25
   Duration  7.22s (transform 593ms, setup 0ms, import 1.41s, tests 5.72s, environment 0ms)

