✔ confirmed parent and child use one headline slot while other directions fill both top threes (2.281791ms)
✔ child blockers and decisions stay independently visible without changing parent priority or facts (0.468916ms)
✔ a planning parent never suppresses an active child (7.019083ms)
✔ a delivered parent never suppresses an active child (0.131333ms)
✔ a parent with incomplete human facts does not borrow its child summary (0.118667ms)
✔ an unknown relation with a registered target remains separate (0.099125ms)
✔ stale, missing and cyclic parent sources cannot group children (0.226666ms)
✔ legacy names and undeclared relationships preserve prior priority ordering (0.095292ms)
✔ signals sort by explicit owner priority, stable ID ties, and unknown last without reading severity words (0.212041ms)
✔ signal grouping keeps every child and original parent record without synthesizing parent signals (0.216375ms)
✔ unknown relation with targetId, invalid kind or stale parent never creates a signal family (0.166958ms)
✔ normalizes legacy minute UTC (2.398417ms)
✔ normalizes legacy second UTC (0.445667ms)
✔ normalizes legacy minute Z (0.128334ms)
✔ normalizes legacy second Z (0.126041ms)
✔ normalizes space separator and Z (0.102583ms)
✔ normalizes millisecond Z (0.086583ms)
✔ normalizes one fractional digit UTC (0.083833ms)
✔ normalizes two fractional digits offset (0.091ms)
✔ normalizes reported TUI UTC record (0.086625ms)
✔ normalizes reported COST UTC record (0.105958ms)
✔ normalizes truncate without rounding into next second (0.085084ms)
✔ normalizes minute offset (0.06825ms)
✔ normalizes Gregorian leap day (0.076291ms)
✔ normalizes early leap year (0.062041ms)
✔ normalizes year zero is not 1900 (0.088709ms)
✔ normalizes early ordinary year (0.110834ms)
✔ normalizes end-of-day minute (0.064792ms)
✔ normalizes end-of-day zero fraction crosses year (0.088083ms)
✔ normalizes wrapped update followed by main sync (0.0805ms)
✔ rejects 2026-00-06T16:10Z without throwing or damaging other fields (0.290791ms)
✔ rejects 2026-13-06T16:10Z without throwing or damaging other fields (0.058417ms)
✔ rejects 2026-10-00T16:10Z without throwing or damaging other fields (0.061583ms)
✔ rejects 2026-04-31T16:10Z without throwing or damaging other fields (0.054334ms)
✔ rejects 2026-02-29T16:10Z without throwing or damaging other fields (0.056667ms)
✔ rejects 1900-02-29T16:10Z without throwing or damaging other fields (0.062625ms)
✔ rejects 0100-02-29T16:10Z without throwing or damaging other fields (0.0555ms)
✔ rejects 2026-10-06T25:00Z without throwing or damaging other fields (0.062625ms)
✔ rejects 2026-10-06T24:01Z without throwing or damaging other fields (0.054333ms)
✔ rejects 2026-10-06T24:00:01Z without throwing or damaging other fields (0.060583ms)
✔ rejects 2026-10-06T24:00:00.000001Z without throwing or damaging other fields (0.062792ms)
✔ rejects 2026-10-06T16:60Z without throwing or damaging other fields (0.059042ms)
✔ rejects 2026-10-06T16:10:60Z without throwing or damaging other fields (0.064125ms)
✔ rejects 2026-10-06T16:10 without throwing or damaging other fields (0.046583ms)
✔ rejects 2026-10-06T16:10 GMT without throwing or damaging other fields (0.051084ms)
✔ rejects 2026-10-06T16:10+01:00 without throwing or damaging other fields (0.043583ms)
✔ rejects 2026-10-06T16:10-00:00 without throwing or damaging other fields (0.05125ms)
✔ rejects 2026-10-06T16:10+00:000 without throwing or damaging other fields (0.043417ms)
✔ rejects 2026-10-06T16:10+00:00:00 without throwing or damaging other fields (0.05425ms)
✔ rejects 2026-10-06T16:10Z+01:00 without throwing or damaging other fields (0.045125ms)
✔ rejects 2026-10-06T16:10UTCjunk without throwing or damaging other fields (0.051583ms)
✔ rejects 2026-10-06T16:10:36.Z without throwing or damaging other fields (0.049209ms)
✔ rejects 2026-10-06T16:10:36.123.456Z without throwing or damaging other fields (0.051333ms)
✔ rejects 2026-10-06T16:10.5Z without throwing or damaging other fields (0.056208ms)
✔ rejects 2026-1-06T16:10Z without throwing or damaging other fields (0.211625ms)
✔ rejects 026-10-06T16:10Z without throwing or damaging other fields (0.117292ms)
✔ rejects 12026-10-06T16:10Z without throwing or damaging other fields (0.068375ms)
✔ rejects -0001-10-06T16:10Z without throwing or damaging other fields (0.057167ms)
✔ rejects 更新时间待确认 without throwing or damaging other fields (0.062334ms)
✔ rejects empty update without throwing or damaging other fields (0.122333ms)
✔ equivalent UTC representations yield one instant without changing unrelated status (0.187166ms)
✔ never rescues invalid first update 2026-13-06T16:10Z with later main sync (0.06375ms)
✔ never rescues invalid first update 2026-10-06T16:10+00:000 with later main sync (0.06175ms)
✔ never rescues invalid first update 2026-xx-06T16:10Z with later main sync (0.0755ms)
✔ never rescues invalid first update 026-10-06T16:10Z with later main sync (0.05325ms)
✔ main synchronization cannot supply a missing or malformed primary update: 更新时间待确认；main 同步 2026-10-07T01:00Z (0.060083ms)
✔ main synchronization cannot supply a missing or malformed primary update: 更新 2026/13/06 16:10 UTC；main 同步 2026-10-07T01:00Z (0.062833ms)
✔ main synchronization cannot supply a missing or malformed primary update: 更新时间待确认；`main` 同步 `2026-10-07T01:00Z` (0.062625ms)
✔ main synchronization cannot supply a missing or malformed primary update: update pending; MAIN sync 2026-10-07T01:00Z (0.056708ms)
✔ allows a task identifier in the explanatory prefix: 任务 WPF-DPERF05-01 更新于2026-10-06T16:10:36Z (0.068459ms)
✔ allows a task identifier in the explanatory prefix: 任务 `WPF-DPERF05-01` 更新于 `2026-10-06T16:10:36Z`；main 同步待确认 (0.053333ms)
✔ old first update remains old even when main sync is newer (0.072875ms)
✔ future timestamp is preserved for the unchanged aggregate policy to evaluate (0.060333ms)
✔ task timing has its own whole-field contract and preserves owner provenance (0.202083ms)
✔ missing optional task timing leaves legacy status and progress intact (0.07275ms)
✔ invalid task start UNKNOWN cannot be rescued by update or another date (0.140541ms)
✔ invalid task start (empty) cannot be rescued by update or another date (0.252666ms)
✔ invalid task start 2026-10-07T01:00:00 cannot be rescued by update or another date (0.108541ms)
✔ invalid task start 2026-10-07 01:00 UTC cannot be rescued by update or another date (0.068333ms)
✔ invalid task start 2026-10-07T01:00:00+01:00 cannot be rescued by update or another date (0.058625ms)
✔ invalid task start 2026-02-29T01:00:00Z cannot be rescued by update or another date (0.069ms)
✔ invalid task start 2026-10-07T24:00:00Z cannot be rescued by update or another date (0.07025ms)
✔ invalid task start 2026-10-07T01:00:00Z later 2026-10-07T02:00:00Z cannot be rescued by update or another date (0.0565ms)
✔ invalid task start opened 2026-10-07T01:00:00Z cannot be rescued by update or another date (0.059875ms)
✔ duplicate 任务开工时间 is isolated from legacy errors and cannot choose last value (0.08875ms)
✔ duplicate 任务完成时间 is isolated from legacy errors and cannot choose last value (0.083167ms)
✔ duplicate 任务时间来源 is isolated from legacy errors and cannot choose last value (0.057167ms)
✔ known completion preserves seconds precision; reversed interval is a timing-only issue (0.148875ms)
✔ UNKNOWN end is distinct from NOT_COMPLETED and source absence does not authorize timing (0.071709ms)
✔ completion alone, future declarations and branch completion never supply a start (0.107833ms)
✔ waiting records remain source text, including OPEN/UNKNOWN and overlapping intervals (0.205458ms)
✔ ordinary duplicated status fields retain existing errors (0.077666ms)
✔ waiting OPEN, UNKNOWN and known completion are distinct; escaped text stays literal (0.133292ms)
✔ malformed and duplicate waiting rows cannot invalidate valid task elapsed declarations (0.2785ms)
✔ wrong waiting headers retain raw evidence without inventing rows (0.1335ms)
✔ local times preserve year and distinguish the DST fold by per-instant offset (5.923083ms)
✔ OPEN waiting loses currency after refresh; UNKNOWN never becomes still waiting (0.40025ms)
✔ shipped dashboard module body has valid async syntax (0.442625ms)
ℹ tests 98
ℹ suites 0
ℹ pass 98
ℹ fail 0
ℹ cancelled 0
ℹ skipped 0
ℹ todo 0
ℹ duration_ms 40.815542
