
 RUN  v4.0.18 /Users/citrine/Projects/AgentHarness/Flow-worktrees/protocol-dispatch

 ❯ apps/runner/src/protocol-dispatch/runtime.test.ts (9 tests | 1 failed | 8 skipped) 3465ms
   ↓ bound remote Task survives runner and center restart, then imports one version and independently verifies it
   ↓ a crash after the durable send permit but before its ACK does not dispatch or replay
   ↓ a crash after remote acceptance but before its ACK preserves an uncertain outcome and never resends
   ↓ a crash after binding commits but before its ACK recovers by GetTask without another SendMessage
   ↓ cancel acceptance remains pending across restart until the remote Task actually stops
   ↓ replays a persisted artifact ACK gap without duplicating its version and completes independent verification
   ↓ remote execution success does not conceal an independently failed text verifier
   ↓ heartbeat loss stops remote observation and an expired attempt cannot be revived or dispatched again
   × a lost center dispatch ACK times out even while heartbeats remain healthy, without remote replay 3464ms

⎯⎯⎯⎯⎯⎯⎯ Failed Tests 1 ⎯⎯⎯⎯⎯⎯⎯

 FAIL  apps/runner/src/protocol-dispatch/runtime.test.ts > a lost center dispatch ACK times out even while heartbeats remain healthy, without remote replay
AssertionError: expected 'running' to be 'uncertain' // Object.is equality

Expected: "uncertain"
Received: "running"

 ❯ apps/runner/src/protocol-dispatch/runtime.test.ts:212:84
    210|   const child = await launch(token);
    211|   await blocked;
    212|   await expect.poll(async () => (await client.show(id)).status, { time…
       |                                                                                    ^
    213|   expect(child.exitCode).toBeNull(); expect(child.signalCode).toBeNull…
    214|   expect(peer.counts.sends).toBe(0);

Caused by: Error: Matcher did not succeed in time.
 ❯ apps/runner/src/protocol-dispatch/runtime.test.ts:212:3

⎯⎯⎯⎯⎯⎯⎯⎯⎯⎯⎯⎯⎯⎯⎯⎯⎯⎯⎯⎯⎯⎯⎯⎯[1/1]⎯


 Test Files  1 failed (1)
      Tests  1 failed | 8 skipped (9)
   Start at  19:51:24
   Duration  3.86s (transform 128ms, setup 0ms, import 313ms, tests 3.47s, environment 0ms)

