
 RUN  v4.0.18 /Users/citrine/Projects/AgentHarness/Flow-worktrees/protocol-dispatch

 ✓ apps/server/src/protocol-dispatch/dispatch.test.ts (3 tests) 3004ms
   ✓ one durable dispatch permit and binding survive center restart without another send permission  1037ms
   ✓ recovery of a sending intent without remote ID becomes uncertain and never grants another send  1019ms
   ✓ binding and cancellation remain fenced; expiry cannot be revived by recovery  948ms
 ✓ apps/runner/src/protocol-dispatch/runtime.test.ts (10 tests) 14309ms
   ✓ bound remote Task survives runner and center restart, then imports one version and independently verifies it  1340ms
   ✓ a crash after the durable send permit but before its ACK does not dispatch or replay  1157ms
   ✓ a crash after remote acceptance but before its ACK preserves an uncertain outcome and never resends  1205ms
   ✓ a crash after binding commits but before its ACK recovers by GetTask without another SendMessage  1203ms
   ✓ cancel acceptance remains pending across restart until the remote Task actually stops  1355ms
   ✓ replays a persisted artifact ACK gap without duplicating its version and completes independent verification  1279ms
   ✓ remote execution success does not conceal an independently failed text verifier  1046ms
   ✓ heartbeat loss stops remote observation and an expired attempt cannot be revived or dispatched again  1603ms
   ✓ a lost center dispatch ACK times out even while heartbeats remain healthy, without remote replay  1909ms
   ✓ production server, runner and CLI entry points dispatch and inspect one verified remote task  2211ms

 Test Files  2 passed (2)
      Tests  13 passed (13)
   Start at  19:54:56
   Duration  17.85s (transform 122ms, setup 0ms, import 374ms, tests 17.31s, environment 0ms)

JSON report written to /tmp/flow-p02-production-checks.json
