PASS explicit bounded project pages, no default and empty project plaintext
1:54:43 AM [vite] http proxy error: /api/conversations
Error: socket hang up
    at Socket.socketOnEnd (node:_http_client:790:25)
    at Socket.emit (node:events:526:24)
    at endReadableNT (node:internal/streams/readable:1757:12)
    at process.processTicksAndRejections (node:internal/process/task_queues:90:21)
PASS prepare-only lost CREATE uses original key and freezes project/profile with zero turns
PASS search whole citations, zero eager body, explicit lazy body/cache, close and keyboard preserve draft
Error: expect(locator).toBeVisible() failed

Locator: getByText('1 knowledge references selected for your next message', { exact: true })
Expected: visible
Timeout: 5000ms
Error: element(s) not found

Call log:
  - Expect "toBeVisible" getByText('1 knowledge references selected for your next message', { exact: true }) with timeout 5000ms
  - waiting for getByText('1 knowledge references selected for your next message', { exact: true })

    at captureRawStack (/Users/citrine/Projects/AgentHarness/Flow-worktrees/web-context-integration/node_modules/.pnpm/playwright-core@1.63.0/node_modules/playwright-core/lib/coreBundle.js:8588:17)
    at callMatcherAsStep (/Users/citrine/Projects/AgentHarness/Flow-worktrees/web-context-integration/node_modules/.pnpm/playwright@1.63.0/node_modules/playwright/lib/matchers/expect.js:13310:57)
    at Object.toBeVisible (/Users/citrine/Projects/AgentHarness/Flow-worktrees/web-context-integration/node_modules/.pnpm/playwright@1.63.0/node_modules/playwright/lib/matchers/expect.js:13302:23)
    at <anonymous> (/Users/citrine/Projects/AgentHarness/Flow-worktrees/web-context-integration/apps/web/test/conversation-context-integration.browser.ts:40:512)
    at async check (/Users/citrine/Projects/AgentHarness/Flow-worktrees/web-context-integration/apps/web/test/conversation-context-integration.browser.ts:16:56)
    at async <anonymous> (/Users/citrine/Projects/AgentHarness/Flow-worktrees/web-context-integration/apps/web/test/conversation-context-integration.browser.ts:37:2)
undefined
/Users/citrine/Projects/AgentHarness/Flow-worktrees/web-context-integration/apps/web:
 ERR_PNPM_RECURSIVE_EXEC_FIRST_FAIL  Command failed with exit code 1: tsx test/conversation-context-integration.browser.ts
