
 RUN  v4.0.18 /Users/citrine/Projects/AgentHarness/Flow-worktrees/event-state-persistence

stdout | apps/server/src/event-state.test.ts
{"kind":"s01p05-cleanup","databaseName":"flow_s01p05_8ee63e9fe9ac437d8d4efcb2085fb596","postgresVersionNumber":"160013","taskCount":1,"connectionsClosed":true,"databaseAbsent":true,"adminClosed":true}

 ❯ apps/server/src/event-state.test.ts (9 tests | 1 failed | 8 skipped) 2258ms
   × persists one task UPDATE per accepted batch with all materialized values and attempt first 60ms
   ↓ preserves unknown usage and exact latest artifact verification across unrelated batches
   ↓ pure replay after terminal and expired lease preserves timestamps and every persisted side effect
   ↓ mixed replay writes only the accepted suffix and conflicting or gapped batches roll back
   ↓ reportEvents rolls back all side effects on final task write rejection and late verification error
   ↓ finalizeSteering commits seal final artifact and receipt once and replays unchanged after completion
   ↓ finalizeSteering rolls back seal artifact final and receipt on verifier or task write failure
   ↓ rejects stale owner current-attempt mismatch expired and uncertain new events without writes
   ↓ preserves nonnull conversation and goal bindings and enabled UPDATE OF immutable guards

⎯⎯⎯⎯⎯⎯⎯ Failed Tests 1 ⎯⎯⎯⎯⎯⎯⎯

 FAIL  apps/server/src/event-state.test.ts > persists one task UPDATE per accepted batch with all materialized values and attempt first
AssertionError: expected [ { sequence: 5, …(2) }, …(2) ] to have a length of 1 but got 3

- Expected
+ Received

- 1
+ 3

 ❯ expectSingleWrite apps/server/src/event-state.test.ts:117:16
    115| async function expectSingleWrite(a: Assigned) {
    116|   const rows = (await writes(a.taskId)).rows;
    117|   expect(rows).toHaveLength(1);
       |                ^
    118|   expect(rows[0]!.sequence).toBe(a.sequence);
    119|   expect(rows[0]!.event_at).toBeInstanceOf(Date);
 ❯ apps/server/src/event-state.test.ts:144:3

⎯⎯⎯⎯⎯⎯⎯⎯⎯⎯⎯⎯⎯⎯⎯⎯⎯⎯⎯⎯⎯⎯⎯⎯[1/1]⎯


 Test Files  1 failed (1)
      Tests  1 failed | 8 skipped (9)
   Start at  05:56:37
   Duration  3.17s (transform 368ms, setup 0ms, import 823ms, tests 2.26s, environment 0ms)

