apps/server/src/active-steering/finalization.ts(46,181): error TS2339: Property 'proposalId' does not exist on type 'SteeringFinalizationInput'.
apps/server/src/active-steering/finalization.ts(48,15): error TS2339: Property 'afterSequence' does not exist on type 'SteeringFinalizationInput'.
apps/server/src/active-steering/finalization.ts(49,15): error TS2339: Property 'expectedRevision' does not exist on type 'SteeringFinalizationInput'.
apps/server/src/active-steering/finalization.ts(53,53): error TS2339: Property 'resultId' does not exist on type 'SteeringFinalizationInput'.
apps/server/src/active-steering/finalization.ts(59,71): error TS2339: Property 'afterSequence' does not exist on type 'SteeringFinalizationInput'.
apps/server/src/active-steering/finalization.ts(61,15): error TS2339: Property 'nativeSessionId' does not exist on type 'SteeringFinalizationInput'.
apps/server/src/active-steering/finalization.ts(61,97): error TS2339: Property 'nativeSessionId' does not exist on type 'SteeringFinalizationInput'.
apps/server/src/active-steering/finalization.ts(62,42): error TS2339: Property 'nativeSessionId' does not exist on type 'SteeringFinalizationInput'.
apps/server/src/active-steering/finalization.ts(62,93): error TS2339: Property 'resultId' does not exist on type 'SteeringFinalizationInput'.
apps/server/src/active-steering/finalization.ts(65,61): error TS2339: Property 'attemptId' does not exist on type 'SteeringFinalizationInput'.
apps/server/src/active-steering/finalization.ts(65,92): error TS2339: Property 'ownerVersion' does not exist on type 'SteeringFinalizationInput'.
apps/server/src/active-steering/finalization.ts(65,130): error TS2339: Property 'expectedRevision' does not exist on type 'SteeringFinalizationInput'.
apps/server/src/active-steering/finalization.ts(65,180): error TS2339: Property 'nativeSessionId' does not exist on type 'SteeringFinalizationInput'.
apps/server/src/active-steering/finalization.ts(65,220): error TS2339: Property 'resultId' does not exist on type 'SteeringFinalizationInput'.
apps/server/src/active-steering/finalization.ts(72,73): error TS2339: Property 'proposalId' does not exist on type 'SteeringFinalizationInput'.
apps/server/src/active-steering/finalization.ts(73,134): error TS2339: Property 'proposalId' does not exist on type 'SteeringFinalizationInput'.
apps/server/src/active-steering/index.ts(2,38): error TS2307: Cannot find module 'fastify' or its corresponding type declarations.
apps/server/src/active-steering/index.ts(27,77): error TS7006: Parameter 'request' implicitly has an 'any' type.
apps/server/src/active-steering/index.ts(27,86): error TS7006: Parameter 'reply' implicitly has an 'any' type.
apps/server/src/active-steering/index.ts(30,88): error TS18046: 'query' is of type 'unknown'.
apps/server/src/active-steering/index.ts(32,74): error TS7006: Parameter 'request' implicitly has an 'any' type.
apps/server/src/active-steering/index.ts(32,83): error TS7006: Parameter 'reply' implicitly has an 'any' type.
apps/server/src/active-steering/index.ts(38,44): error TS7006: Parameter 'request' implicitly has an 'any' type.
apps/server/src/active-steering/index.ts(39,45): error TS7006: Parameter 'request' implicitly has an 'any' type.
apps/server/src/active-steering/index.ts(40,53): error TS7006: Parameter 'request' implicitly has an 'any' type.
apps/server/src/active-steering/index.ts(41,45): error TS7006: Parameter 'request' implicitly has an 'any' type.
apps/server/src/active-steering/index.ts(42,67): error TS7006: Parameter 'request' implicitly has an 'any' type.
apps/server/src/active-steering/index.ts(42,76): error TS7006: Parameter 'reply' implicitly has an 'any' type.
apps/server/src/active-steering/index.ts(45,51): error TS18046: 'query' is of type 'unknown'.
apps/server/src/active-steering/index.ts(45,64): error TS18046: 'query' is of type 'unknown'.
apps/server/src/active-steering/index.ts(45,77): error TS18046: 'query' is of type 'unknown'.
apps/server/src/active-steering/index.ts(47,73): error TS7006: Parameter 'request' implicitly has an 'any' type.
apps/server/src/active-steering/index.ts(47,82): error TS7006: Parameter 'reply' implicitly has an 'any' type.
apps/server/src/active-steering/index.ts(50,51): error TS18046: 'query' is of type 'unknown'.
apps/server/src/active-steering/index.ts(50,64): error TS18046: 'query' is of type 'unknown'.
apps/server/src/active-steering/index.ts(52,102): error TS7006: Parameter 'request' implicitly has an 'any' type.
apps/server/src/active-steering/index.ts(52,111): error TS7006: Parameter 'reply' implicitly has an 'any' type.
apps/server/src/assistant-stream-compatibility/index.ts(1,38): error TS2307: Cannot find module 'fastify' or its corresponding type declarations.
apps/server/src/assistant-stream/index.ts(1,38): error TS2307: Cannot find module 'fastify' or its corresponding type declarations.
apps/server/src/assistant-stream/index.ts(18,109): error TS7006: Parameter 'request' implicitly has an 'any' type.
apps/server/src/assistant-stream/index.ts(22,135): error TS7006: Parameter 'request' implicitly has an 'any' type.
apps/server/src/assistant-stream/index.ts(26,91): error TS7006: Parameter 'request' implicitly has an 'any' type.
apps/server/src/assistant/index.ts(1,38): error TS2307: Cannot find module 'fastify' or its corresponding type declarations.
apps/server/src/assistant/index.ts(19,125): error TS7006: Parameter 'request' implicitly has an 'any' type.
apps/server/src/assistant/index.ts(24,70): error TS7006: Parameter 'request' implicitly has an 'any' type.
apps/server/src/attachments/index.ts(3,38): error TS2307: Cannot find module 'fastify' or its corresponding type declarations.
apps/server/src/attachments/index.ts(38,27): error TS7006: Parameter 'routes' implicitly has an 'any' type.
apps/server/src/attachments/index.ts(40,77): error TS7006: Parameter '_request' implicitly has an 'any' type.
apps/server/src/attachments/index.ts(40,87): error TS7006: Parameter 'body' implicitly has an 'any' type.
apps/server/src/attachments/index.ts(40,93): error TS7006: Parameter 'done' implicitly has an 'any' type.
apps/server/src/attachments/index.ts(47,5): error TS2347: Untyped function calls may not accept type arguments.
apps/server/src/attachments/index.ts(47,90): error TS7006: Parameter 'request' implicitly has an 'any' type.
apps/server/src/attachments/index.ts(48,5): error TS2347: Untyped function calls may not accept type arguments.
apps/server/src/attachments/index.ts(48,108): error TS7006: Parameter 'request' implicitly has an 'any' type.
apps/server/src/attachments/index.ts(48,117): error TS7006: Parameter 'reply' implicitly has an 'any' type.
apps/server/src/attachments/index.ts(49,5): error TS2347: Untyped function calls may not accept type arguments.
apps/server/src/attachments/index.ts(49,77): error TS7006: Parameter 'request' implicitly has an 'any' type.
apps/server/src/attachments/index.ts(51,79): error TS18046: 'query' is of type 'unknown'.
apps/server/src/attachments/index.ts(51,92): error TS18046: 'query' is of type 'unknown'.
apps/server/src/attachments/index.ts(51,105): error TS18046: 'query' is of type 'unknown'.
apps/server/src/attachments/index.ts(53,5): error TS2347: Untyped function calls may not accept type arguments.
apps/server/src/attachments/index.ts(53,92): error TS7006: Parameter 'request' implicitly has an 'any' type.
apps/server/src/attachments/index.ts(55,81): error TS18046: 'query' is of type 'unknown'.
apps/server/src/attachments/index.ts(55,94): error TS18046: 'query' is of type 'unknown'.
apps/server/src/attachments/index.ts(57,5): error TS2347: Untyped function calls may not accept type arguments.
apps/server/src/attachments/index.ts(57,90): error TS7006: Parameter 'request' implicitly has an 'any' type.
apps/server/src/attachments/index.ts(58,5): error TS2347: Untyped function calls may not accept type arguments.
apps/server/src/attachments/index.ts(58,138): error TS7006: Parameter 'request' implicitly has an 'any' type.
apps/server/src/attachments/index.ts(60,239): error TS18046: 'query' is of type 'unknown'.
apps/server/src/attachments/storage.ts(120,17): error TS7006: Parameter 'ref' implicitly has an 'any' type.
apps/server/src/attachments/storage.ts(122,153): error TS7006: Parameter 'ref' implicitly has an 'any' type.
apps/server/src/context-transparency/routes.ts(1,38): error TS2307: Cannot find module 'fastify' or its corresponding type declarations.
apps/server/src/context-transparency/routes.ts(10,80): error TS7006: Parameter 'request' implicitly has an 'any' type.
apps/server/src/context-transparency/routes.ts(10,89): error TS7006: Parameter 'reply' implicitly has an 'any' type.
apps/server/src/context-transparency/store.ts(50,50): error TS7006: Parameter 'item' implicitly has an 'any' type.
apps/server/src/context-transparency/store.ts(94,397): error TS7006: Parameter 'item' implicitly has an 'any' type.
apps/server/src/conversation-context/index.ts(1,38): error TS2307: Cannot find module 'fastify' or its corresponding type declarations.
apps/server/src/conversation-context/index.ts(19,128): error TS7006: Parameter 'request' implicitly has an 'any' type.
apps/server/src/conversation-queue/index.ts(1,38): error TS2307: Cannot find module 'fastify' or its corresponding type declarations.
apps/server/src/conversation-queue/index.ts(29,78): error TS7006: Parameter 'request' implicitly has an 'any' type.
apps/server/src/conversation-queue/index.ts(30,86): error TS7006: Parameter 'request' implicitly has an 'any' type.
apps/server/src/conversation-queue/index.ts(30,95): error TS7006: Parameter 'reply' implicitly has an 'any' type.
apps/server/src/conversation-queue/index.ts(31,79): error TS7006: Parameter 'request' implicitly has an 'any' type.
apps/server/src/conversation-queue/index.ts(31,88): error TS7006: Parameter 'reply' implicitly has an 'any' type.
apps/server/src/conversation-queue/index.ts(32,71): error TS7006: Parameter 'request' implicitly has an 'any' type.
apps/server/src/conversation-queue/index.ts(34,59): error TS18046: 'query' is of type 'unknown'.
apps/server/src/conversation-queue/index.ts(34,72): error TS18046: 'query' is of type 'unknown'.
apps/server/src/conversation-queue/index.ts(36,95): error TS7006: Parameter 'request' implicitly has an 'any' type.
apps/server/src/conversation-queue/index.ts(37,103): error TS7006: Parameter 'request' implicitly has an 'any' type.
apps/server/src/conversations/index.ts(2,38): error TS2307: Cannot find module 'fastify' or its corresponding type declarations.
apps/server/src/conversations/index.ts(26,41): error TS7006: Parameter 'request' implicitly has an 'any' type.
apps/server/src/conversations/index.ts(26,50): error TS7006: Parameter 'reply' implicitly has an 'any' type.
apps/server/src/conversations/index.ts(27,79): error TS7006: Parameter 'request' implicitly has an 'any' type.
apps/server/src/conversations/index.ts(27,88): error TS7006: Parameter 'reply' implicitly has an 'any' type.
apps/server/src/conversations/index.ts(28,33): error TS7006: Parameter 'request' implicitly has an 'any' type.
apps/server/src/conversations/index.ts(30,35): error TS18046: 'query' is of type 'unknown'.
apps/server/src/conversations/index.ts(30,48): error TS18046: 'query' is of type 'unknown'.
apps/server/src/conversations/index.ts(32,72): error TS7006: Parameter 'request' implicitly has an 'any' type.
apps/server/src/conversations/index.ts(32,81): error TS7006: Parameter 'reply' implicitly has an 'any' type.
apps/server/src/conversations/index.ts(38,71): error TS7006: Parameter 'request' implicitly has an 'any' type.
apps/server/src/conversations/index.ts(40,63): error TS18046: 'query' is of type 'unknown'.
apps/server/src/conversations/index.ts(40,76): error TS18046: 'query' is of type 'unknown'.
apps/server/src/conversations/index.ts(42,131): error TS7006: Parameter 'request' implicitly has an 'any' type.
apps/server/src/conversations/queries.ts(16,94): error TS2339: Property 'projectId' does not exist on type 'ConversationSummary'.
apps/server/src/conversations/replies.ts(31,75): error TS2345: Argument of type 'string | null' is not assignable to parameter of type 'string'.
  Type 'null' is not assignable to type 'string'.
apps/server/src/conversations/replies.ts(32,59): error TS7006: Parameter 'value' implicitly has an 'any' type.
apps/server/src/conversations/replies.ts(32,100): error TS7006: Parameter 'value' implicitly has an 'any' type.
apps/server/src/conversations/state.ts(18,82): error TS2353: Object literal may only specify known properties, and 'title' does not exist in type 'ConversationSummary'.
apps/server/src/engineering/index.ts(1,38): error TS2307: Cannot find module 'fastify' or its corresponding type declarations.
apps/server/src/engineering/index.ts(10,47): error TS7006: Parameter 'request' implicitly has an 'any' type.
apps/server/src/engineering/index.ts(15,94): error TS7006: Parameter 'request' implicitly has an 'any' type.
apps/server/src/engineering/index.ts(15,103): error TS7006: Parameter 'reply' implicitly has an 'any' type.
apps/server/src/engineering/verification.ts(11,45): error TS2339: Property 'verifierId' does not exist on type 'never'.
apps/server/src/engineering/verification.ts(23,89): error TS2339: Property 'result' does not exist on type 'never'.
apps/server/src/engineering/verification.ts(24,14): error TS2339: Property 'inputDigest' does not exist on type 'never'.
apps/server/src/engineering/verification.ts(24,72): error TS2339: Property 'artifactVersion' does not exist on type 'never'.
apps/server/src/engineering/verification.ts(45,67): error TS2345: Argument of type 'any' is not assignable to parameter of type 'never'.
apps/server/src/event-state.test.ts(229,69): error TS2339: Property 'proposalId' does not exist on type 'SteeringFinalizationInput'.
apps/server/src/event-state.test.ts(240,63): error TS2353: Object literal may only specify known properties, and 'expectedRevision' does not exist in type 'SteeringFinalizationInput'.
apps/server/src/event-state.test.ts(241,63): error TS2353: Object literal may only specify known properties, and 'ownerVersion' does not exist in type 'SteeringFinalizationInput'.
apps/server/src/event-state.test.ts(257,110): error TS2339: Property 'proposalId' does not exist on type 'SteeringFinalizationInput'.
apps/server/src/evidence.ts(27,66): error TS2345: Argument of type 'any' is not assignable to parameter of type 'never'.
apps/server/src/execution-profiles/index.ts(2,38): error TS2307: Cannot find module 'fastify' or its corresponding type declarations.
apps/server/src/execution-profiles/index.ts(18,45): error TS7006: Parameter 'request' implicitly has an 'any' type.
apps/server/src/execution-profiles/index.ts(23,92): error TS7006: Parameter 'request' implicitly has an 'any' type.
apps/server/src/execution-profiles/index.ts(23,101): error TS7006: Parameter 'reply' implicitly has an 'any' type.
apps/server/src/execution-profiles/index.ts(28,56): error TS7006: Parameter '_' implicitly has an 'any' type.
apps/server/src/execution-profiles/index.ts(28,59): error TS7006: Parameter 'index' implicitly has an 'any' type.
apps/server/src/goal-context/freshness.ts(6,79): error TS7006: Parameter 'ref' implicitly has an 'any' type.
apps/server/src/goal-context/freshness.ts(13,40): error TS7006: Parameter 'ref' implicitly has an 'any' type.
apps/server/src/goal-context/index.ts(2,38): error TS2307: Cannot find module 'fastify' or its corresponding type declarations.
apps/server/src/goal-context/index.ts(19,136): error TS7006: Parameter 'request' implicitly has an 'any' type.
apps/server/src/goal-delivery/details.ts(9,46): error TS2353: Object literal may only specify known properties, and 'projectId' does not exist in type 'GoalView'.
apps/server/src/goal-delivery/explanations.ts(1,19): error TS2307: Cannot find module 'zod' or its corresponding type declarations.
apps/server/src/goal-delivery/index.ts(1,38): error TS2307: Cannot find module 'fastify' or its corresponding type declarations.
apps/server/src/goal-delivery/index.ts(25,73): error TS7006: Parameter 'request' implicitly has an 'any' type.
apps/server/src/goal-delivery/index.ts(25,82): error TS7006: Parameter 'reply' implicitly has an 'any' type.
apps/server/src/goal-delivery/metadata.ts(24,5): error TS2322: Type 'Map<string, { version: number; input: { knowledge: any; } | { knowledge?: undefined; }; }>' is not assignable to type 'Map<string, { version: number; input: Pick<z.infer<any>, "knowledge">; }>'.
  Type '{ version: number; input: { knowledge: any; } | { knowledge?: undefined; }; }' is not assignable to type '{ version: number; input: Pick<z.infer<any>, "knowledge">; }'.
    Types of property 'input' are incompatible.
      Type '{ knowledge: any; } | { knowledge?: undefined; }' is not assignable to type 'Pick<z.infer<any>, "knowledge">'.
        Type '{ knowledge?: undefined; }' is not assignable to type 'Pick<z.infer<any>, "knowledge">'.
          Property 'knowledge' is optional in type '{ knowledge?: undefined; }' but required in type 'Pick<z.infer<any>, "knowledge">'.
apps/server/src/goal-graph-proposals/graph.ts(18,52): error TS7006: Parameter 'reference' implicitly has an 'any' type.
apps/server/src/goal-graph-proposals/index.ts(1,38): error TS2307: Cannot find module 'fastify' or its corresponding type declarations.
apps/server/src/goal-graph-proposals/index.ts(23,122): error TS7006: Parameter 'request' implicitly has an 'any' type.
apps/server/src/goal-graph-proposals/index.ts(23,131): error TS7006: Parameter 'reply' implicitly has an 'any' type.
apps/server/src/goal-graph-proposals/index.ts(25,73): error TS7006: Parameter 'request' implicitly has an 'any' type.
apps/server/src/goal-graph-proposals/index.ts(27,68): error TS18046: 'page' is of type 'unknown'.
apps/server/src/goal-graph-proposals/index.ts(27,80): error TS18046: 'page' is of type 'unknown'.
apps/server/src/goal-graph-proposals/index.ts(29,72): error TS7006: Parameter 'request' implicitly has an 'any' type.
apps/server/src/goal-graph-proposals/index.ts(30,79): error TS7006: Parameter 'request' implicitly has an 'any' type.
apps/server/src/goal-graph-proposals/store.ts(46,107): error TS7006: Parameter 'sum' implicitly has an 'any' type.
apps/server/src/goal-graph-proposals/store.ts(46,112): error TS7006: Parameter 'node' implicitly has an 'any' type.
apps/server/src/goal-graph-runs/index.ts(4,38): error TS2307: Cannot find module 'fastify' or its corresponding type declarations.
apps/server/src/goal-graph-runs/index.ts(27,76): error TS7006: Parameter 'request' implicitly has an 'any' type.
apps/server/src/goal-graph-runs/index.ts(27,85): error TS7006: Parameter 'reply' implicitly has an 'any' type.
apps/server/src/goal-graph-runs/index.ts(28,67): error TS7006: Parameter 'request' implicitly has an 'any' type.
apps/server/src/goal-graph-runs/index.ts(29,75): error TS7006: Parameter 'request' implicitly has an 'any' type.
apps/server/src/goal-graph-runs/index.ts(29,135): error TS2571: Object is of type 'unknown'.
apps/server/src/goal-graph-runs/index.ts(30,73): error TS7006: Parameter 'request' implicitly has an 'any' type.
apps/server/src/goal-graph-runs/index.ts(31,122): error TS18046: 'page' is of type 'unknown'.
apps/server/src/goal-graph-runs/index.ts(31,134): error TS18046: 'page' is of type 'unknown'.
apps/server/src/goal-graph-runs/index.ts(33,44): error TS7006: Parameter 'request' implicitly has an 'any' type.
apps/server/src/goal-graph-runs/index.ts(34,43): error TS7006: Parameter 'request' implicitly has an 'any' type.
apps/server/src/goal-graph-runs/index.ts(35,47): error TS7006: Parameter 'request' implicitly has an 'any' type.
apps/server/src/goal-graph-runs/index.ts(36,69): error TS7006: Parameter 'request' implicitly has an 'any' type.
apps/server/src/goal-graph-runs/runner.ts(51,41): error TS7006: Parameter 'node' implicitly has an 'any' type.
apps/server/src/goal-graph-runs/runner.ts(53,96): error TS7006: Parameter 'allowed' implicitly has an 'any' type.
apps/server/src/goal-native-executions/index.ts(1,38): error TS2307: Cannot find module 'fastify' or its corresponding type declarations.
apps/server/src/goal-native-executions/index.ts(10,83): error TS7006: Parameter 'request' implicitly has an 'any' type.
apps/server/src/goal-native-executions/index.ts(10,92): error TS7006: Parameter 'reply' implicitly has an 'any' type.
apps/server/src/goal-tool-runs/index.ts(2,38): error TS2307: Cannot find module 'fastify' or its corresponding type declarations.
apps/server/src/goal-tool-runs/index.ts(28,44): error TS7006: Parameter 'request' implicitly has an 'any' type.
apps/server/src/goal-tool-runs/index.ts(29,47): error TS7006: Parameter 'request' implicitly has an 'any' type.
apps/server/src/goal-tool-runs/index.ts(31,59): error TS18046: 'input' is of type 'unknown'.
apps/server/src/goal-tool-runs/index.ts(33,44): error TS7006: Parameter 'request' implicitly has an 'any' type.
apps/server/src/goal-tool-runs/index.ts(34,46): error TS7006: Parameter 'request' implicitly has an 'any' type.
apps/server/src/goal-tool-runs/index.ts(35,75): error TS7006: Parameter 'request' implicitly has an 'any' type.
apps/server/src/goal-tool-runs/index.ts(35,84): error TS7006: Parameter 'reply' implicitly has an 'any' type.
apps/server/src/goal-tool-runs/index.ts(36,66): error TS7006: Parameter 'request' implicitly has an 'any' type.
apps/server/src/goal-tool-runs/index.ts(37,74): error TS7006: Parameter 'request' implicitly has an 'any' type.
apps/server/src/goal-tool-runs/index.ts(37,134): error TS2571: Object is of type 'unknown'.
apps/server/src/goal-tool-runs/index.ts(38,72): error TS7006: Parameter 'request' implicitly has an 'any' type.
apps/server/src/goal-tool-runs/index.ts(40,60): error TS18046: 'query' is of type 'unknown'.
apps/server/src/goal-tool-runs/index.ts(40,73): error TS18046: 'query' is of type 'unknown'.
apps/server/src/goal-tool-runs/store.ts(30,70): error TS2339: Property 'originalGoal' does not exist on type 'GoalView'.
apps/server/src/goal-tool-runs/store.ts(30,108): error TS2339: Property 'constraints' does not exist on type 'GoalView'.
apps/server/src/goal-tool-runs/store.ts(30,144): error TS2339: Property 'acceptance' does not exist on type 'GoalView'.
apps/server/src/goals/commands.ts(57,46): error TS2339: Property 'projectId' does not exist on type 'GoalView'.
apps/server/src/goals/commands.ts(71,54): error TS2339: Property 'projectId' does not exist on type 'GoalView'.
apps/server/src/goals/commands.ts(72,42): error TS2345: Argument of type 'GoalState' is not assignable to parameter of type 'GoalValidityState'.
  Types of property 'goal' are incompatible.
    Property 'projectId' is missing in type 'GoalView' but required in type 'Pick<GoalView, "projectId">'.
apps/server/src/goals/commands.ts(76,68): error TS2339: Property 'originalGoal' does not exist on type 'GoalView'.
apps/server/src/goals/commands.ts(76,106): error TS2339: Property 'constraints' does not exist on type 'GoalView'.
apps/server/src/goals/commands.ts(76,142): error TS2339: Property 'acceptance' does not exist on type 'GoalView'.
apps/server/src/goals/commands.ts(113,26): error TS2345: Argument of type 'GoalState' is not assignable to parameter of type 'GoalValidityState'.
  Types of property 'goal' are incompatible.
    Property 'projectId' is missing in type 'GoalView' but required in type 'Pick<GoalView, "projectId">'.
apps/server/src/goals/index.ts(4,38): error TS2307: Cannot find module 'fastify' or its corresponding type declarations.
apps/server/src/goals/index.ts(25,33): error TS7006: Parameter 'request' implicitly has an 'any' type.
apps/server/src/goals/index.ts(25,42): error TS7006: Parameter 'reply' implicitly has an 'any' type.
apps/server/src/goals/index.ts(29,57): error TS7006: Parameter 'request' implicitly has an 'any' type.
apps/server/src/goals/index.ts(33,67): error TS7006: Parameter 'request' implicitly has an 'any' type.
apps/server/src/goals/index.ts(35,88): error TS7006: Parameter 'request' implicitly has an 'any' type.
apps/server/src/goals/index.ts(38,43): error TS2345: Argument of type 'unknown' is not assignable to parameter of type 'string'.
apps/server/src/goals/index.ts(39,21): error TS18046: 'query' is of type 'unknown'.
apps/server/src/goals/index.ts(39,55): error TS2345: Argument of type 'unknown' is not assignable to parameter of type 'string'.
apps/server/src/goals/index.ts(44,68): error TS7006: Parameter 'request' implicitly has an 'any' type.
apps/server/src/goals/index.ts(46,43): error TS2345: Argument of type 'unknown' is not assignable to parameter of type 'string'.
apps/server/src/goals/index.ts(47,186): error TS18046: 'query' is of type 'unknown'.
apps/server/src/goals/index.ts(47,200): error TS18046: 'query' is of type 'unknown'.
apps/server/src/goals/index.ts(47,221): error TS18046: 'query' is of type 'unknown'.
apps/server/src/goals/index.ts(48,46): error TS2345: Argument of type 'unknown' is not assignable to parameter of type 'string'.
apps/server/src/goals/index.ts(48,67): error TS18046: 'query' is of type 'unknown'.
apps/server/src/goals/index.ts(50,40): error TS2345: Argument of type 'GoalState' is not assignable to parameter of type 'GoalValidityState'.
  Types of property 'goal' are incompatible.
    Property 'projectId' is missing in type 'GoalView' but required in type 'Pick<GoalView, "projectId">'.
apps/server/src/goals/index.ts(51,113): error TS18046: 'query' is of type 'unknown'.
apps/server/src/goals/index.ts(51,131): error TS18046: 'query' is of type 'unknown'.
apps/server/src/goals/state.ts(38,42): error TS2353: Object literal may only specify known properties, and 'projectId' does not exist in type 'GoalView'.
apps/server/src/goals/state.ts(67,24): error TS2344: Type '"projectId"' does not satisfy the constraint 'keyof GoalView'.
apps/server/src/goals/state.ts(97,98): error TS2345: Argument of type 'unknown' is not assignable to parameter of type 'string'.
apps/server/src/goals/state.ts(113,38): error TS2345: Argument of type 'GoalState' is not assignable to parameter of type 'GoalValidityState'.
  Types of property 'goal' are incompatible.
    Property 'projectId' is missing in type 'GoalView' but required in type 'Pick<GoalView, "projectId">'.
apps/server/src/goals/state.ts(122,97): error TS2339: Property 'projectId' does not exist on type 'GoalView'.
apps/server/src/index.ts(24,21): error TS2307: Cannot find module 'fastify' or its corresponding type declarations.
apps/server/src/index.ts(25,18): error TS2307: Cannot find module '@fastify/cors' or its corresponding type declarations.
apps/server/src/index.ts(46,16): error TS2664: Invalid module name in augmentation, module 'fastify' cannot be found.
apps/server/src/index.ts(125,24): error TS7006: Parameter 'error' implicitly has an 'any' type.
apps/server/src/index.ts(125,31): error TS7006: Parameter '_request' implicitly has an 'any' type.
apps/server/src/index.ts(125,41): error TS7006: Parameter 'reply' implicitly has an 'any' type.
apps/server/src/index.ts(131,35): error TS7006: Parameter 'request' implicitly has an 'any' type.
apps/server/src/index.ts(173,34): error TS7006: Parameter 'request' implicitly has an 'any' type.
apps/server/src/index.ts(178,33): error TS7006: Parameter 'request' implicitly has an 'any' type.
apps/server/src/index.ts(179,67): error TS7006: Parameter 'request' implicitly has an 'any' type.
apps/server/src/index.ts(180,37): error TS7006: Parameter 'request' implicitly has an 'any' type.
apps/server/src/index.ts(185,34): error TS7006: Parameter 'request' implicitly has an 'any' type.
apps/server/src/index.ts(190,33): error TS7006: Parameter 'request' implicitly has an 'any' type.
apps/server/src/index.ts(190,42): error TS7006: Parameter 'reply' implicitly has an 'any' type.
apps/server/src/index.ts(196,57): error TS7006: Parameter 'request' implicitly has an 'any' type.
apps/server/src/index.ts(197,113): error TS7006: Parameter 'request' implicitly has an 'any' type.
apps/server/src/index.ts(198,59): error TS7006: Parameter 'request' implicitly has an 'any' type.
apps/server/src/index.ts(199,67): error TS7006: Parameter 'request' implicitly has an 'any' type.
apps/server/src/index.ts(204,65): error TS7006: Parameter 'request' implicitly has an 'any' type.
apps/server/src/index.ts(205,79): error TS7006: Parameter 'request' implicitly has an 'any' type.
apps/server/src/knowledge/index.ts(1,38): error TS2307: Cannot find module 'fastify' or its corresponding type declarations.
apps/server/src/knowledge/index.ts(28,92): error TS7006: Parameter 'request' implicitly has an 'any' type.
apps/server/src/knowledge/index.ts(28,101): error TS7006: Parameter 'reply' implicitly has an 'any' type.
apps/server/src/knowledge/index.ts(29,84): error TS7006: Parameter 'request' implicitly has an 'any' type.
apps/server/src/knowledge/index.ts(31,73): error TS18046: 'query' is of type 'unknown'.
apps/server/src/knowledge/index.ts(31,86): error TS18046: 'query' is of type 'unknown'.
apps/server/src/knowledge/index.ts(33,93): error TS7006: Parameter 'request' implicitly has an 'any' type.
apps/server/src/knowledge/index.ts(34,110): error TS7006: Parameter 'request' implicitly has an 'any' type.
apps/server/src/knowledge/index.ts(34,119): error TS7006: Parameter 'reply' implicitly has an 'any' type.
apps/server/src/knowledge/index.ts(35,133): error TS7006: Parameter 'request' implicitly has an 'any' type.
apps/server/src/knowledge/index.ts(36,83): error TS7006: Parameter 'request' implicitly has an 'any' type.
apps/server/src/knowledge/index.ts(38,75): error TS18046: 'query' is of type 'unknown'.
apps/server/src/knowledge/index.ts(38,84): error TS18046: 'query' is of type 'unknown'.
apps/server/src/knowledge/index.ts(40,85): error TS7006: Parameter 'request' implicitly has an 'any' type.
apps/server/src/knowledge/index.ts(40,161): error TS2571: Object is of type 'unknown'.
apps/server/src/m2-workspace.ts(2,38): error TS2307: Cannot find module 'fastify' or its corresponding type declarations.
apps/server/src/m2-workspace.ts(24,99): error TS7006: Parameter 'request' implicitly has an 'any' type.
apps/server/src/native-activity/index.ts(1,38): error TS2307: Cannot find module 'fastify' or its corresponding type declarations.
apps/server/src/native-activity/index.ts(17,110): error TS7006: Parameter 'request' implicitly has an 'any' type.
apps/server/src/native-activity/index.ts(22,62): error TS7006: Parameter 'request' implicitly has an 'any' type.
apps/server/src/package-artifacts/input.ts(1,17): error TS2307: Cannot find module 'npm-package-arg' or its corresponding type declarations.
apps/server/src/package-artifacts/source.ts(3,20): error TS2307: Cannot find module 'pacote' or its corresponding type declarations.
apps/server/src/package-artifacts/source.ts(73,47): error TS7006: Parameter 'stream' implicitly has an 'any' type.
apps/server/src/package-artifacts/storage.ts(5,18): error TS2307: Cannot find module 'ssri' or its corresponding type declarations.
apps/server/src/plugin-package-fetches/routes.ts(1,38): error TS2307: Cannot find module 'fastify' or its corresponding type declarations.
apps/server/src/plugin-package-fetches/routes.ts(20,159): error TS7006: Parameter 'request' implicitly has an 'any' type.
apps/server/src/plugin-package-fetches/routes.ts(20,168): error TS7006: Parameter 'reply' implicitly has an 'any' type.
apps/server/src/plugin-package-fetches/routes.ts(25,67): error TS7006: Parameter 'request' implicitly has an 'any' type.
apps/server/src/plugin-package-fetches/routes.ts(26,131): error TS7006: Parameter 'request' implicitly has an 'any' type.
apps/server/src/plugin-package-fetches/routes.ts(26,140): error TS7006: Parameter 'reply' implicitly has an 'any' type.
apps/server/src/plugin-package-fetches/routes.ts(31,130): error TS7006: Parameter 'request' implicitly has an 'any' type.
apps/server/src/plugin-package-fetches/routes.ts(41,130): error TS7006: Parameter 'request' implicitly has an 'any' type.
apps/server/src/plugins/commands.ts(34,58): error TS7006: Parameter 'field' implicitly has an 'any' type.
apps/server/src/plugins/commands.ts(37,26): error TS2339: Property 'kind' does not exist on type '{}'.
apps/server/src/plugins/commands.ts(38,16): error TS2339: Property 'kind' does not exist on type '{}'.
apps/server/src/plugins/commands.ts(38,108): error TS2339: Property 'min' does not exist on type '{}'.
apps/server/src/plugins/commands.ts(38,130): error TS2339: Property 'max' does not exist on type '{}'.
apps/server/src/plugins/commands.ts(39,16): error TS2339: Property 'kind' does not exist on type '{}'.
apps/server/src/plugins/commands.ts(39,69): error TS2339: Property 'values' does not exist on type '{}'.
apps/server/src/plugins/commands.ts(42,40): error TS7006: Parameter 'field' implicitly has an 'any' type.
apps/server/src/plugins/commands.ts(61,36): error TS7006: Parameter 'capability' implicitly has an 'any' type.
apps/server/src/plugins/commands.ts(61,67): error TS2339: Property 'capabilities' does not exist on type 'PluginVersion'.
apps/server/src/plugins/index.ts(2,38): error TS2307: Cannot find module 'fastify' or its corresponding type declarations.
apps/server/src/plugins/index.ts(27,76): error TS7006: Parameter 'request' implicitly has an 'any' type.
apps/server/src/plugins/index.ts(27,85): error TS7006: Parameter 'reply' implicitly has an 'any' type.
apps/server/src/plugins/index.ts(32,110): error TS7006: Parameter 'request' implicitly has an 'any' type.
apps/server/src/plugins/index.ts(37,102): error TS7006: Parameter 'request' implicitly has an 'any' type.
apps/server/src/plugins/index.ts(43,95): error TS7006: Parameter 'request' implicitly has an 'any' type.
apps/server/src/plugins/index.ts(45,92): error TS7006: Parameter 'request' implicitly has an 'any' type.
apps/server/src/plugins/index.ts(49,94): error TS7006: Parameter 'request' implicitly has an 'any' type.
apps/server/src/plugins/index.ts(53,104): error TS7006: Parameter 'request' implicitly has an 'any' type.
apps/server/src/plugins/storage.ts(29,65): error TS7006: Parameter 'field' implicitly has an 'any' type.
apps/server/src/projects/graph.ts(52,54): error TS7006: Parameter 'reference' implicitly has an 'any' type.
apps/server/src/projects/index.ts(1,38): error TS2307: Cannot find module 'fastify' or its corresponding type declarations.
apps/server/src/projects/index.ts(21,103): error TS7006: Parameter 'request' implicitly has an 'any' type.
apps/server/src/projects/index.ts(26,36): error TS7006: Parameter 'request' implicitly has an 'any' type.
apps/server/src/projects/index.ts(26,45): error TS7006: Parameter 'reply' implicitly has an 'any' type.
apps/server/src/projects/index.ts(31,70): error TS7006: Parameter 'request' implicitly has an 'any' type.
apps/server/src/projects/index.ts(36,96): error TS7006: Parameter 'request' implicitly has an 'any' type.
apps/server/src/protocol-dispatch/index.ts(2,38): error TS2307: Cannot find module 'fastify' or its corresponding type declarations.
apps/server/src/protocol-dispatch/index.ts(21,66): error TS7006: Parameter 'request' implicitly has an 'any' type.
apps/server/src/protocol-dispatch/index.ts(22,44): error TS7006: Parameter 'request' implicitly has an 'any' type.
apps/server/src/protocol-dispatch/index.ts(23,42): error TS7006: Parameter 'request' implicitly has an 'any' type.
apps/server/src/protocol-dispatch/index.ts(24,41): error TS7006: Parameter 'request' implicitly has an 'any' type.
apps/server/src/protocol-dispatch/index.ts(25,49): error TS7006: Parameter 'request' implicitly has an 'any' type.
apps/server/src/protocol-dispatch/index.ts(26,46): error TS7006: Parameter 'request' implicitly has an 'any' type.
apps/server/src/protocol-dispatch/index.ts(27,44): error TS7006: Parameter 'request' implicitly has an 'any' type.
apps/server/src/reconciliation-http.ts(1,38): error TS2307: Cannot find module 'fastify' or its corresponding type declarations.
apps/server/src/reconciliation-http.ts(10,105): error TS7006: Parameter 'request' implicitly has an 'any' type.
apps/server/src/reconciliation-http.ts(12,86): error TS7006: Parameter 'request' implicitly has an 'any' type.
apps/server/src/reconciliation-http.ts(17,81): error TS7006: Parameter 'request' implicitly has an 'any' type.
apps/server/src/reconciliation-http.ts(22,79): error TS7006: Parameter 'request' implicitly has an 'any' type.
apps/server/src/runner-maintenance/index.ts(2,38): error TS2307: Cannot find module 'fastify' or its corresponding type declarations.
apps/server/src/runner-maintenance/index.ts(19,71): error TS7006: Parameter 'request' implicitly has an 'any' type.
apps/server/src/runner-maintenance/index.ts(20,112): error TS7006: Parameter 'request' implicitly has an 'any' type.
apps/server/src/runner-maintenance/index.ts(22,84): error TS7006: Parameter 'request' implicitly has an 'any' type.
apps/server/src/shutdown/index.ts(1,38): error TS2307: Cannot find module 'fastify' or its corresponding type declarations.
apps/server/src/shutdown/index.ts(10,32): error TS7006: Parameter '_request' implicitly has an 'any' type.
apps/server/src/shutdown/index.ts(10,42): error TS7006: Parameter 'reply' implicitly has an 'any' type.
apps/server/src/shutdown/index.ts(10,49): error TS7006: Parameter 'payload' implicitly has an 'any' type.
apps/server/src/streams.ts(1,38): error TS2307: Cannot find module 'fastify' or its corresponding type declarations.
apps/server/src/streams.ts(12,104): error TS7006: Parameter 'request' implicitly has an 'any' type.
apps/server/src/streams.ts(12,113): error TS7006: Parameter 'reply' implicitly has an 'any' type.
apps/server/src/task-index.ts(1,38): error TS2307: Cannot find module 'fastify' or its corresponding type declarations.
apps/server/src/task-index.ts(10,146): error TS7006: Parameter 'request' implicitly has an 'any' type.
apps/server/src/usage.ts(12,74): error TS2345: Argument of type 'Sample' is not assignable to parameter of type '{ source: string; scope: string; model?: string | undefined; }'.
  Type 'Sample' is missing the following properties from type '{ source: string; scope: string; model?: string | undefined; }': source, scope
apps/server/src/usage.ts(26,95): error TS2739: Type 'Sample' is missing the following properties from type '{ inputTokens: number | null; outputTokens: number | null; costUsd: number | null; }': inputTokens, outputTokens, costUsd
apps/server/src/usage.ts(26,106): error TS18048: 'previous' is possibly 'undefined'.
packages/contracts/src/active-steering.ts(1,19): error TS2307: Cannot find module 'zod' or its corresponding type declarations.
packages/contracts/src/active-steering.ts(9,61): error TS7006: Parameter 'value' implicitly has an 'any' type.
packages/contracts/src/active-steering.ts(20,13): error TS7006: Parameter 'value' implicitly has an 'any' type.
packages/contracts/src/assistant-stream.ts(1,19): error TS2307: Cannot find module 'zod' or its corresponding type declarations.
packages/contracts/src/assistant-stream.ts(23,54): error TS7006: Parameter 'value' implicitly has an 'any' type.
packages/contracts/src/assistant-stream.ts(23,167): error TS7006: Parameter 'value' implicitly has an 'any' type.
packages/contracts/src/assistant-stream.ts(28,17): error TS7006: Parameter 'patch' implicitly has an 'any' type.
packages/contracts/src/assistant-stream.ts(28,24): error TS7006: Parameter 'context' implicitly has an 'any' type.
packages/contracts/src/assistant.ts(1,19): error TS2307: Cannot find module 'zod' or its corresponding type declarations.
packages/contracts/src/assistant.ts(6,57): error TS7006: Parameter 'value' implicitly has an 'any' type.
packages/contracts/src/assistant.ts(13,34): error TS7006: Parameter 'value' implicitly has an 'any' type.
packages/contracts/src/attachments.ts(1,19): error TS2307: Cannot find module 'zod' or its corresponding type declarations.
packages/contracts/src/attachments.ts(17,11): error TS7006: Parameter 'text' implicitly has an 'any' type.
packages/contracts/src/attachments.ts(29,11): error TS7006: Parameter 'name' implicitly has an 'any' type.
packages/contracts/src/attachments.ts(30,11): error TS7006: Parameter 'name' implicitly has an 'any' type.
packages/contracts/src/attachments.ts(39,11): error TS7006: Parameter 'refs' implicitly has an 'any' type.
packages/contracts/src/attachments.ts(49,11): error TS7006: Parameter 'value' implicitly has an 'any' type.
packages/contracts/src/attachments.ts(55,11): error TS7006: Parameter 'value' implicitly has an 'any' type.
packages/contracts/src/attachments.ts(71,45): error TS7006: Parameter 'value' implicitly has an 'any' type.
packages/contracts/src/attachments.ts(90,65): error TS7006: Parameter 'value' implicitly has an 'any' type.
packages/contracts/src/attachments.ts(96,11): error TS7006: Parameter 'value' implicitly has an 'any' type.
packages/contracts/src/attachments.ts(97,11): error TS7006: Parameter 'value' implicitly has an 'any' type.
packages/contracts/src/context-observation-event.ts(1,19): error TS2307: Cannot find module 'zod' or its corresponding type declarations.
packages/contracts/src/context-observation-event.ts(23,17): error TS7006: Parameter 'value' implicitly has an 'any' type.
packages/contracts/src/context-observation-event.ts(23,24): error TS7006: Parameter 'context' implicitly has an 'any' type.
packages/contracts/src/context-observation-event.ts(24,36): error TS7006: Parameter 'item' implicitly has an 'any' type.
packages/contracts/src/context-observation-event.ts(26,53): error TS7006: Parameter 'item' implicitly has an 'any' type.
packages/contracts/src/context-observation-event.ts(26,95): error TS7006: Parameter 'sum' implicitly has an 'any' type.
packages/contracts/src/context-observation-event.ts(26,100): error TS7006: Parameter 'item' implicitly has an 'any' type.
packages/contracts/src/context-observation-event.ts(31,11): error TS7006: Parameter 'value' implicitly has an 'any' type.
packages/contracts/src/context-observation-history.ts(1,19): error TS2307: Cannot find module 'zod' or its corresponding type declarations.
packages/contracts/src/context-observation-history.ts(12,13): error TS7006: Parameter 'value' implicitly has an 'any' type.
packages/contracts/src/context-observation-history.ts(19,17): error TS7006: Parameter 'value' implicitly has an 'any' type.
packages/contracts/src/context-observation-history.ts(19,24): error TS7006: Parameter 'context' implicitly has an 'any' type.
packages/contracts/src/context-observation-history.ts(31,17): error TS7006: Parameter 'value' implicitly has an 'any' type.
packages/contracts/src/context-observation-history.ts(31,24): error TS7006: Parameter 'context' implicitly has an 'any' type.
packages/contracts/src/context-transparency.ts(1,19): error TS2307: Cannot find module 'zod' or its corresponding type declarations.
packages/contracts/src/context-transparency.ts(33,17): error TS7006: Parameter 'value' implicitly has an 'any' type.
packages/contracts/src/context-transparency.ts(33,24): error TS7006: Parameter 'context' implicitly has an 'any' type.
packages/contracts/src/context-transparency.ts(44,44): error TS7006: Parameter 'item' implicitly has an 'any' type.
packages/contracts/src/context-transparency.ts(63,17): error TS7006: Parameter 'value' implicitly has an 'any' type.
packages/contracts/src/context-transparency.ts(63,24): error TS7006: Parameter 'context' implicitly has an 'any' type.
packages/contracts/src/context-transparency.ts(84,11): error TS7006: Parameter 'value' implicitly has an 'any' type.
packages/contracts/src/conversation-context.ts(1,19): error TS2307: Cannot find module 'zod' or its corresponding type declarations.
packages/contracts/src/conversation-context.ts(7,135): error TS7006: Parameter 'refs' implicitly has an 'any' type.
packages/contracts/src/conversation-context.ts(8,25): error TS7006: Parameter 'ref' implicitly has an 'any' type.
packages/contracts/src/conversation-context.ts(59,11): error TS7006: Parameter 'source' implicitly has an 'any' type.
packages/contracts/src/conversation-queue.ts(1,19): error TS2307: Cannot find module 'zod' or its corresponding type declarations.
packages/contracts/src/conversation-queue.ts(14,69): error TS7006: Parameter 'text' implicitly has an 'any' type.
packages/contracts/src/conversations.ts(1,19): error TS2307: Cannot find module 'zod' or its corresponding type declarations.
packages/contracts/src/conversations.ts(26,46): error TS7006: Parameter 'value' implicitly has an 'any' type.
packages/contracts/src/engineering-profile.ts(1,19): error TS2307: Cannot find module 'zod' or its corresponding type declarations.
packages/contracts/src/engineering.ts(1,19): error TS2307: Cannot find module 'zod' or its corresponding type declarations.
packages/contracts/src/engineering.ts(8,67): error TS7006: Parameter 'value' implicitly has an 'any' type.
packages/contracts/src/engineering.ts(22,56): error TS7006: Parameter 'path' implicitly has an 'any' type.
packages/contracts/src/engineering.ts(23,53): error TS7006: Parameter 'part' implicitly has an 'any' type.
packages/contracts/src/engineering.ts(27,11): error TS7006: Parameter 'entry' implicitly has an 'any' type.
packages/contracts/src/engineering.ts(29,80): error TS7006: Parameter 'entries' implicitly has an 'any' type.
packages/contracts/src/engineering.ts(29,106): error TS7006: Parameter 'entry' implicitly has an 'any' type.
packages/contracts/src/engineering.ts(29,113): error TS7006: Parameter 'index' implicitly has an 'any' type.
packages/contracts/src/engineering.ts(30,11): error TS7006: Parameter 'entries' implicitly has an 'any' type.
packages/contracts/src/engineering.ts(30,38): error TS7006: Parameter 'total' implicitly has an 'any' type.
packages/contracts/src/engineering.ts(30,45): error TS7006: Parameter 'entry' implicitly has an 'any' type.
packages/contracts/src/engineering.ts(36,55): error TS7006: Parameter 'values' implicitly has an 'any' type.
packages/contracts/src/engineering.ts(55,30): error TS7006: Parameter 'check' implicitly has an 'any' type.
packages/contracts/src/engineering.ts(55,37): error TS7006: Parameter 'index' implicitly has an 'any' type.
packages/contracts/src/execution-profiles.ts(1,19): error TS2307: Cannot find module 'zod' or its corresponding type declarations.
packages/contracts/src/execution-profiles.ts(25,17): error TS7006: Parameter 'profile' implicitly has an 'any' type.
packages/contracts/src/execution-profiles.ts(25,26): error TS7006: Parameter 'context' implicitly has an 'any' type.
packages/contracts/src/execution-profiles.ts(108,19): error TS7031: Binding element 'profile' implicitly has an 'any' type.
packages/contracts/src/execution-profiles.ts(108,28): error TS7031: Binding element 'conversation' implicitly has an 'any' type.
packages/contracts/src/execution-profiles.ts(108,44): error TS7006: Parameter 'context' implicitly has an 'any' type.
packages/contracts/src/execution-profiles.ts(124,17): error TS7006: Parameter 'page' implicitly has an 'any' type.
packages/contracts/src/execution-profiles.ts(124,23): error TS7006: Parameter 'context' implicitly has an 'any' type.
packages/contracts/src/execution-profiles.ts(125,33): error TS7006: Parameter 'entry' implicitly has an 'any' type.
packages/contracts/src/goal-context.ts(1,19): error TS2307: Cannot find module 'zod' or its corresponding type declarations.
packages/contracts/src/goal-context.ts(5,121): error TS7006: Parameter 'refs' implicitly has an 'any' type.
packages/contracts/src/goal-context.ts(6,25): error TS7006: Parameter 'ref' implicitly has an 'any' type.
packages/contracts/src/goal-delivery.ts(1,19): error TS2307: Cannot find module 'zod' or its corresponding type declarations.
packages/contracts/src/goal-delivery.ts(9,30): error TS7006: Parameter 'value' implicitly has an 'any' type.
packages/contracts/src/goal-delivery.ts(10,64): error TS7006: Parameter 'ids' implicitly has an 'any' type.
packages/contracts/src/goal-graph-proposals.ts(1,19): error TS2307: Cannot find module 'zod' or its corresponding type declarations.
packages/contracts/src/goal-graph-proposals.ts(21,17): error TS7006: Parameter 'value' implicitly has an 'any' type.
packages/contracts/src/goal-graph-proposals.ts(21,24): error TS7006: Parameter 'context' implicitly has an 'any' type.
packages/contracts/src/goal-graph-proposals.ts(22,35): error TS7006: Parameter 'node' implicitly has an 'any' type.
packages/contracts/src/goal-graph-proposals.ts(23,31): error TS7006: Parameter 'sum' implicitly has an 'any' type.
packages/contracts/src/goal-graph-proposals.ts(23,36): error TS7006: Parameter 'node' implicitly has an 'any' type.
packages/contracts/src/goal-graph-runs.ts(1,19): error TS2307: Cannot find module 'zod' or its corresponding type declarations.
packages/contracts/src/goal-graph-runs.ts(10,77): error TS7006: Parameter 'nodes' implicitly has an 'any' type.
packages/contracts/src/goal-graph-runs.ts(10,104): error TS7006: Parameter 'node' implicitly has an 'any' type.
packages/contracts/src/goal-native-executions.ts(1,19): error TS2307: Cannot find module 'zod' or its corresponding type declarations.
packages/contracts/src/goal-tool-runs.ts(1,19): error TS2307: Cannot find module 'zod' or its corresponding type declarations.
packages/contracts/src/goal-tool-runs.ts(10,60): error TS7006: Parameter 'values' implicitly has an 'any' type.
packages/contracts/src/goal-tool-runs.ts(11,55): error TS7006: Parameter 'values' implicitly has an 'any' type.
packages/contracts/src/goals.ts(1,19): error TS2307: Cannot find module 'zod' or its corresponding type declarations.
packages/contracts/src/goals.ts(6,54): error TS7006: Parameter 'value' implicitly has an 'any' type.
packages/contracts/src/goals.ts(8,56): error TS7006: Parameter 'value' implicitly has an 'any' type.
packages/contracts/src/harnesses.ts(1,19): error TS2307: Cannot find module 'zod' or its corresponding type declarations.
packages/contracts/src/harnesses.ts(15,40): error TS2532: Object is possibly 'undefined'.
packages/contracts/src/knowledge.ts(1,19): error TS2307: Cannot find module 'zod' or its corresponding type declarations.
packages/contracts/src/knowledge.ts(12,88): error TS7006: Parameter 'value' implicitly has an 'any' type.
packages/contracts/src/knowledge.ts(13,55): error TS7006: Parameter 'value' implicitly has an 'any' type.
packages/contracts/src/knowledge.ts(19,116): error TS7006: Parameter 'value' implicitly has an 'any' type.
packages/contracts/src/knowledge.ts(20,222): error TS7006: Parameter 'value' implicitly has an 'any' type.
packages/contracts/src/native-activity.ts(1,19): error TS2307: Cannot find module 'zod' or its corresponding type declarations.
packages/contracts/src/native-activity.ts(9,30): error TS7006: Parameter 'value' implicitly has an 'any' type.
packages/contracts/src/native-activity.ts(29,17): error TS7006: Parameter 'event' implicitly has an 'any' type.
packages/contracts/src/native-activity.ts(29,24): error TS7006: Parameter 'context' implicitly has an 'any' type.
packages/contracts/src/package-artifacts.ts(1,19): error TS2307: Cannot find module 'zod' or its corresponding type declarations.
packages/contracts/src/plugin-package-fetches.ts(1,19): error TS2307: Cannot find module 'zod' or its corresponding type declarations.
packages/contracts/src/plugins.ts(1,19): error TS2307: Cannot find module 'zod' or its corresponding type declarations.
packages/contracts/src/plugins.ts(9,11): error TS7006: Parameter 'value' implicitly has an 'any' type.
packages/contracts/src/plugins.ts(11,62): error TS7006: Parameter 'items' implicitly has an 'any' type.
packages/contracts/src/plugins.ts(15,13): error TS7006: Parameter 'field' implicitly has an 'any' type.
packages/contracts/src/plugins.ts(17,13): error TS7006: Parameter 'field' implicitly has an 'any' type.
packages/contracts/src/plugins.ts(22,13): error TS7006: Parameter 'value' implicitly has an 'any' type.
packages/contracts/src/plugins.ts(22,90): error TS7006: Parameter 'identifier' implicitly has an 'any' type.
packages/contracts/src/plugins.ts(29,60): error TS7006: Parameter 'fields' implicitly has an 'any' type.
packages/contracts/src/plugins.ts(29,89): error TS7006: Parameter 'field' implicitly has an 'any' type.
packages/contracts/src/plugins.ts(34,11): error TS7006: Parameter 'value' implicitly has an 'any' type.
packages/contracts/src/projects.ts(1,19): error TS2307: Cannot find module 'zod' or its corresponding type declarations.
packages/contracts/src/protocol-dispatch.ts(1,19): error TS2307: Cannot find module 'zod' or its corresponding type declarations.
packages/contracts/src/protocol-task.ts(1,19): error TS2307: Cannot find module 'zod' or its corresponding type declarations.
packages/contracts/src/reconciliation.ts(1,19): error TS2307: Cannot find module 'zod' or its corresponding type declarations.
packages/contracts/src/runner-maintenance.ts(1,19): error TS2307: Cannot find module 'zod' or its corresponding type declarations.
packages/contracts/src/runner.ts(4,19): error TS2307: Cannot find module 'zod' or its corresponding type declarations.
packages/contracts/src/runner.ts(15,85): error TS7006: Parameter 'names' implicitly has an 'any' type.
packages/contracts/src/runner.ts(39,57): error TS7006: Parameter 'value' implicitly has an 'any' type.
packages/contracts/src/runner.ts(66,118): error TS7006: Parameter 'batch' implicitly has an 'any' type.
packages/contracts/src/runner.ts(69,11): error TS7006: Parameter 'value' implicitly has an 'any' type.
packages/contracts/src/tasks.ts(1,19): error TS2307: Cannot find module 'zod' or its corresponding type declarations.
packages/contracts/src/tasks.ts(38,17): error TS7006: Parameter 'task' implicitly has an 'any' type.
packages/contracts/src/tasks.ts(38,23): error TS7006: Parameter 'context' implicitly has an 'any' type.
packages/contracts/src/workspace.ts(2,19): error TS2307: Cannot find module 'zod' or its corresponding type declarations.
