
> @flow/web@0.1.0 build /Users/citrine/Projects/AgentHarness/Flow-worktrees/web-conversation-stream-integration/apps/web
> vite build

vite v8.3.2 building client environment for production...
transforming...
✓ 3100 modules transformed.
rendering chunks...
computing gzip size...
dist/index.html                              0.70 kB │ gzip:   0.36 kB
dist/assets/assistant-ui-CcdakA0V.css        0.96 kB │ gzip:   0.33 kB
dist/assets/PluginManagement-Dok11XwQ.css    2.84 kB │ gzip:   0.87 kB
dist/assets/index-5hHtiWQH.css             100.93 kB │ gzip:  17.95 kB
dist/assets/rolldown-runtime-qXqUbbKo.js     0.77 kB │ gzip:   0.44 kB
dist/assets/theme-DoaRu3FN.js                0.80 kB │ gzip:   0.49 kB
dist/assets/workspace-Cgk_dTo_.js            1.90 kB │ gzip:   0.88 kB
dist/assets/PluginManagement-CFqj_trB.js     9.85 kB │ gzip:   2.65 kB
dist/assets/index-aisElf_6.js              657.97 kB │ gzip: 191.74 kB
dist/assets/assistant-ui-BTJJn7RL.js       658.61 kB │ gzip: 197.36 kB

[plugin builtin:vite-reporter] 
(!) Some chunks are larger than 500 kB after minification. Consider:
- Using dynamic import() to code-split the application
- Use build.rolldownOptions.output.codeSplitting to improve chunking: https://rolldown.rs/reference/OutputOptions.codeSplitting
- Adjust chunk size limit for this warning via build.chunkSizeWarningLimit.
✓ built in 568ms
