{"event":"version","sid":"20261006T113641.274641Z-Ha9d4ceab-P00016920","thread":"main","time":"2026-10-06T11:36:41.275985Z","file":"common-init.c","line":57,"evt":"4","exe":"2.50.1 (Apple Git-155)"}
{"event":"start","sid":"20261006T113641.274641Z-Ha9d4ceab-P00016920","thread":"main","time":"2026-10-06T11:36:41.276644Z","file":"common-init.c","line":58,"t_abs":0.003726,"argv":["/Library/Developer/CommandLineTools/usr/bin/git","-C","/var/folders/f1/2xjyyqkn5plc19fx4nt4tpt00000gn/T/flow-dashboard-proof-fanout-FaS1LO/repo","cat-file","-t","e6a95677e502e29abca696f64b3cfdedbecbc1da"]}
{"event":"def_repo","sid":"20261006T113641.274641Z-Ha9d4ceab-P00016920","thread":"main","time":"2026-10-06T11:36:41.277970Z","file":"repository.c","line":241,"repo":1,"worktree":"/private/var/folders/f1/2xjyyqkn5plc19fx4nt4tpt00000gn/T/flow-dashboard-proof-fanout-FaS1LO/repo"}
{"event":"version","sid":"20261006T113641.273626Z-Ha9d4ceab-P0001691b","thread":"main","time":"2026-10-06T11:36:41.278348Z","file":"common-init.c","line":57,"evt":"4","exe":"2.50.1 (Apple Git-155)"}
{"event":"start","sid":"20261006T113641.273626Z-Ha9d4ceab-P0001691b","thread":"main","time":"2026-10-06T11:36:41.278382Z","file":"common-init.c","line":58,"t_abs":0.009775,"argv":["/Library/Developer/CommandLineTools/usr/bin/git","-C","/var/folders/f1/2xjyyqkn5plc19fx4nt4tpt00000gn/T/flow-dashboard-proof-fanout-FaS1LO/repo","cat-file","-t","e6a95677e502e29abca696f64b3cfdedbecbc1da"]}
{"event":"version","sid":"20261006T113641.274988Z-Ha9d4ceab-P00016916","thread":"main","time":"2026-10-06T11:36:41.278844Z","file":"common-init.c","line":57,"evt":"4","exe":"2.50.1 (Apple Git-155)"}
{"event":"start","sid":"20261006T113641.274988Z-Ha9d4ceab-P00016916","thread":"main","time":"2026-10-06T11:36:41.278857Z","file":"common-init.c","line":58,"t_abs":0.007669,"argv":["/Library/Developer/CommandLineTools/usr/bin/git","-C","/var/folders/f1/2xjyyqkn5plc19fx4nt4tpt00000gn/T/flow-dashboard-proof-fanout-FaS1LO/repo","cat-file","-t","e6a95677e502e29abca696f64b3cfdedbecbc1da"]}
{"event":"cmd_name","sid":"20261006T113641.274641Z-Ha9d4ceab-P00016920","thread":"main","time":"2026-10-06T11:36:41.279809Z","file":"git.c","line":477,"name":"cat-file","hierarchy":"cat-file"}
{"event":"def_repo","sid":"20261006T113641.273626Z-Ha9d4ceab-P0001691b","thread":"main","time":"2026-10-06T11:36:41.280037Z","file":"repository.c","line":241,"repo":1,"worktree":"/private/var/folders/f1/2xjyyqkn5plc19fx4nt4tpt00000gn/T/flow-dashboard-proof-fanout-FaS1LO/repo"}
{"event":"def_repo","sid":"20261006T113641.274988Z-Ha9d4ceab-P00016916","thread":"main","time":"2026-10-06T11:36:41.280643Z","file":"repository.c","line":241,"repo":1,"worktree":"/private/var/folders/f1/2xjyyqkn5plc19fx4nt4tpt00000gn/T/flow-dashboard-proof-fanout-FaS1LO/repo"}
{"event":"cmd_name","sid":"20261006T113641.273626Z-Ha9d4ceab-P0001691b","thread":"main","time":"2026-10-06T11:36:41.281890Z","file":"git.c","line":477,"name":"cat-file","hierarchy":"cat-file"}
{"event":"version","sid":"20261006T113641.279741Z-Ha9d4ceab-P00016925","thread":"main","time":"2026-10-06T11:36:41.282509Z","file":"common-init.c","line":57,"evt":"4","exe":"2.50.1 (Apple Git-155)"}
{"event":"exit","sid":"20261006T113641.274641Z-Ha9d4ceab-P00016920","thread":"main","time":"2026-10-06T11:36:41.282757Z","file":"git.c","line":747,"t_abs":0.009839,"code":0}
{"event":"atexit","sid":"20261006T113641.274641Z-Ha9d4ceab-P00016920","thread":"main","time":"2026-10-06T11:36:41.282779Z","file":"trace2/tr2_tgt_event.c","line":207,"t_abs":0.009862,"code":0}
{"event":"cmd_name","sid":"20261006T113641.274988Z-Ha9d4ceab-P00016916","thread":"main","time":"2026-10-06T11:36:41.282946Z","file":"git.c","line":477,"name":"cat-file","hierarchy":"cat-file"}
{"event":"start","sid":"20261006T113641.279741Z-Ha9d4ceab-P00016925","thread":"main","time":"2026-10-06T11:36:41.282630Z","file":"common-init.c","line":58,"t_abs":0.005058,"argv":["/Library/Developer/CommandLineTools/usr/bin/git","-C","/var/folders/f1/2xjyyqkn5plc19fx4nt4tpt00000gn/T/flow-dashboard-proof-fanout-FaS1LO/repo","cat-file","-t","e6a95677e502e29abca696f64b3cfdedbecbc1da"]}
{"event":"exit","sid":"20261006T113641.273626Z-Ha9d4ceab-P0001691b","thread":"main","time":"2026-10-06T11:36:41.284255Z","file":"git.c","line":747,"t_abs":0.015647,"code":0}
{"event":"atexit","sid":"20261006T113641.273626Z-Ha9d4ceab-P0001691b","thread":"main","time":"2026-10-06T11:36:41.284273Z","file":"trace2/tr2_tgt_event.c","line":207,"t_abs":0.015667,"code":0}
{"event":"exit","sid":"20261006T113641.274988Z-Ha9d4ceab-P00016916","thread":"main","time":"2026-10-06T11:36:41.285074Z","file":"git.c","line":747,"t_abs":0.013884,"code":0}
{"event":"atexit","sid":"20261006T113641.274988Z-Ha9d4ceab-P00016916","thread":"main","time":"2026-10-06T11:36:41.285093Z","file":"trace2/tr2_tgt_event.c","line":207,"t_abs":0.013905,"code":0}
{"event":"def_repo","sid":"20261006T113641.279741Z-Ha9d4ceab-P00016925","thread":"main","time":"2026-10-06T11:36:41.285591Z","file":"repository.c","line":241,"repo":1,"worktree":"/private/var/folders/f1/2xjyyqkn5plc19fx4nt4tpt00000gn/T/flow-dashboard-proof-fanout-FaS1LO/repo"}
{"event":"cmd_name","sid":"20261006T113641.279741Z-Ha9d4ceab-P00016925","thread":"main","time":"2026-10-06T11:36:41.286705Z","file":"git.c","line":477,"name":"cat-file","hierarchy":"cat-file"}
{"event":"exit","sid":"20261006T113641.279741Z-Ha9d4ceab-P00016925","thread":"main","time":"2026-10-06T11:36:41.291401Z","file":"git.c","line":747,"t_abs":0.013828,"code":0}
{"event":"atexit","sid":"20261006T113641.279741Z-Ha9d4ceab-P00016925","thread":"main","time":"2026-10-06T11:36:41.294987Z","file":"trace2/tr2_tgt_event.c","line":207,"t_abs":0.017412,"code":0}
{"event":"version","sid":"20261006T113641.313767Z-Ha9d4ceab-P0001694d","thread":"main","time":"2026-10-06T11:36:41.314709Z","file":"common-init.c","line":57,"evt":"4","exe":"2.50.1 (Apple Git-155)"}
{"event":"start","sid":"20261006T113641.313767Z-Ha9d4ceab-P0001694d","thread":"main","time":"2026-10-06T11:36:41.314738Z","file":"common-init.c","line":58,"t_abs":0.001667,"argv":["/Library/Developer/CommandLineTools/usr/bin/git","-C","/var/folders/f1/2xjyyqkn5plc19fx4nt4tpt00000gn/T/flow-dashboard-proof-fanout-FaS1LO/repo","ls-tree","-r","-z","--full-tree","e6a95677e502e29abca696f64b3cfdedbecbc1da","--",":(literal)sample.txt"]}
{"event":"def_repo","sid":"20261006T113641.313767Z-Ha9d4ceab-P0001694d","thread":"main","time":"2026-10-06T11:36:41.315137Z","file":"repository.c","line":241,"repo":1,"worktree":"/private/var/folders/f1/2xjyyqkn5plc19fx4nt4tpt00000gn/T/flow-dashboard-proof-fanout-FaS1LO/repo"}
{"event":"cmd_name","sid":"20261006T113641.313767Z-Ha9d4ceab-P0001694d","thread":"main","time":"2026-10-06T11:36:41.315747Z","file":"git.c","line":477,"name":"ls-tree","hierarchy":"ls-tree"}
{"event":"version","sid":"20261006T113641.315022Z-Ha9d4ceab-P00016948","thread":"main","time":"2026-10-06T11:36:41.316061Z","file":"common-init.c","line":57,"evt":"4","exe":"2.50.1 (Apple Git-155)"}
{"event":"start","sid":"20261006T113641.315022Z-Ha9d4ceab-P00016948","thread":"main","time":"2026-10-06T11:36:41.316082Z","file":"common-init.c","line":58,"t_abs":0.001460,"argv":["/Library/Developer/CommandLineTools/usr/bin/git","-C","/var/folders/f1/2xjyyqkn5plc19fx4nt4tpt00000gn/T/flow-dashboard-proof-fanout-FaS1LO/repo","ls-tree","-r","-z","--full-tree","e6a95677e502e29abca696f64b3cfdedbecbc1da","--",":(literal)sample.txt"]}
{"event":"def_repo","sid":"20261006T113641.315022Z-Ha9d4ceab-P00016948","thread":"main","time":"2026-10-06T11:36:41.316420Z","file":"repository.c","line":241,"repo":1,"worktree":"/private/var/folders/f1/2xjyyqkn5plc19fx4nt4tpt00000gn/T/flow-dashboard-proof-fanout-FaS1LO/repo"}
{"event":"cmd_name","sid":"20261006T113641.315022Z-Ha9d4ceab-P00016948","thread":"main","time":"2026-10-06T11:36:41.316907Z","file":"git.c","line":477,"name":"ls-tree","hierarchy":"ls-tree"}
{"event":"exit","sid":"20261006T113641.313767Z-Ha9d4ceab-P0001694d","thread":"main","time":"2026-10-06T11:36:41.317127Z","file":"git.c","line":747,"t_abs":0.004056,"code":0}
{"event":"atexit","sid":"20261006T113641.313767Z-Ha9d4ceab-P0001694d","thread":"main","time":"2026-10-06T11:36:41.317145Z","file":"trace2/tr2_tgt_event.c","line":207,"t_abs":0.004074,"code":0}
{"event":"exit","sid":"20261006T113641.315022Z-Ha9d4ceab-P00016948","thread":"main","time":"2026-10-06T11:36:41.319602Z","file":"git.c","line":747,"t_abs":0.004979,"code":0}
{"event":"atexit","sid":"20261006T113641.315022Z-Ha9d4ceab-P00016948","thread":"main","time":"2026-10-06T11:36:41.319627Z","file":"trace2/tr2_tgt_event.c","line":207,"t_abs":0.005005,"code":0}
{"event":"version","sid":"20261006T113641.321302Z-Ha9d4ceab-P0001695c","thread":"main","time":"2026-10-06T11:36:41.322465Z","file":"common-init.c","line":57,"evt":"4","exe":"2.50.1 (Apple Git-155)"}
{"event":"start","sid":"20261006T113641.321302Z-Ha9d4ceab-P0001695c","thread":"main","time":"2026-10-06T11:36:41.322486Z","file":"common-init.c","line":58,"t_abs":0.001913,"argv":["/Library/Developer/CommandLineTools/usr/bin/git","-C","/var/folders/f1/2xjyyqkn5plc19fx4nt4tpt00000gn/T/flow-dashboard-proof-fanout-FaS1LO/repo","ls-tree","-r","-z","--full-tree","e6a95677e502e29abca696f64b3cfdedbecbc1da","--",":(literal)sample.txt"]}
{"event":"def_repo","sid":"20261006T113641.321302Z-Ha9d4ceab-P0001695c","thread":"main","time":"2026-10-06T11:36:41.323843Z","file":"repository.c","line":241,"repo":1,"worktree":"/private/var/folders/f1/2xjyyqkn5plc19fx4nt4tpt00000gn/T/flow-dashboard-proof-fanout-FaS1LO/repo"}
{"event":"cmd_name","sid":"20261006T113641.321302Z-Ha9d4ceab-P0001695c","thread":"main","time":"2026-10-06T11:36:41.324340Z","file":"git.c","line":477,"name":"ls-tree","hierarchy":"ls-tree"}
{"event":"exit","sid":"20261006T113641.321302Z-Ha9d4ceab-P0001695c","thread":"main","time":"2026-10-06T11:36:41.325651Z","file":"git.c","line":747,"t_abs":0.005076,"code":0}
{"event":"atexit","sid":"20261006T113641.321302Z-Ha9d4ceab-P0001695c","thread":"main","time":"2026-10-06T11:36:41.325669Z","file":"trace2/tr2_tgt_event.c","line":207,"t_abs":0.005095,"code":0}
{"event":"version","sid":"20261006T113641.329898Z-Ha9d4ceab-P00016972","thread":"main","time":"2026-10-06T11:36:41.330750Z","file":"common-init.c","line":57,"evt":"4","exe":"2.50.1 (Apple Git-155)"}
{"event":"start","sid":"20261006T113641.329898Z-Ha9d4ceab-P00016972","thread":"main","time":"2026-10-06T11:36:41.330774Z","file":"common-init.c","line":58,"t_abs":0.001438,"argv":["/Library/Developer/CommandLineTools/usr/bin/git","-C","/var/folders/f1/2xjyyqkn5plc19fx4nt4tpt00000gn/T/flow-dashboard-proof-fanout-FaS1LO/repo","ls-tree","-r","-z","--full-tree","e6a95677e502e29abca696f64b3cfdedbecbc1da","--",":(literal)sample.txt"]}
{"event":"def_repo","sid":"20261006T113641.329898Z-Ha9d4ceab-P00016972","thread":"main","time":"2026-10-06T11:36:41.331367Z","file":"repository.c","line":241,"repo":1,"worktree":"/private/var/folders/f1/2xjyyqkn5plc19fx4nt4tpt00000gn/T/flow-dashboard-proof-fanout-FaS1LO/repo"}
{"event":"cmd_name","sid":"20261006T113641.329898Z-Ha9d4ceab-P00016972","thread":"main","time":"2026-10-06T11:36:41.331695Z","file":"git.c","line":477,"name":"ls-tree","hierarchy":"ls-tree"}
{"event":"exit","sid":"20261006T113641.329898Z-Ha9d4ceab-P00016972","thread":"main","time":"2026-10-06T11:36:41.333523Z","file":"git.c","line":747,"t_abs":0.004186,"code":0}
{"event":"atexit","sid":"20261006T113641.329898Z-Ha9d4ceab-P00016972","thread":"main","time":"2026-10-06T11:36:41.333549Z","file":"trace2/tr2_tgt_event.c","line":207,"t_abs":0.004213,"code":0}
{"event":"version","sid":"20261006T113641.354981Z-Ha9d4ceab-P000169aa","thread":"main","time":"2026-10-06T11:36:41.356626Z","file":"common-init.c","line":57,"evt":"4","exe":"2.50.1 (Apple Git-155)"}
{"event":"start","sid":"20261006T113641.354981Z-Ha9d4ceab-P000169aa","thread":"main","time":"2026-10-06T11:36:41.356652Z","file":"common-init.c","line":58,"t_abs":0.002577,"argv":["/Library/Developer/CommandLineTools/usr/bin/git","-C","/var/folders/f1/2xjyyqkn5plc19fx4nt4tpt00000gn/T/flow-dashboard-proof-fanout-FaS1LO/repo","merge-base","--is-ancestor","e6a95677e502e29abca696f64b3cfdedbecbc1da","e6a95677e502e29abca696f64b3cfdedbecbc1da"]}
{"event":"def_repo","sid":"20261006T113641.354981Z-Ha9d4ceab-P000169aa","thread":"main","time":"2026-10-06T11:36:41.357670Z","file":"repository.c","line":241,"repo":1,"worktree":"/private/var/folders/f1/2xjyyqkn5plc19fx4nt4tpt00000gn/T/flow-dashboard-proof-fanout-FaS1LO/repo"}
{"event":"cmd_name","sid":"20261006T113641.354981Z-Ha9d4ceab-P000169aa","thread":"main","time":"2026-10-06T11:36:41.358383Z","file":"git.c","line":477,"name":"merge-base","hierarchy":"merge-base"}
{"event":"exit","sid":"20261006T113641.354981Z-Ha9d4ceab-P000169aa","thread":"main","time":"2026-10-06T11:36:41.362490Z","file":"git.c","line":747,"t_abs":0.008415,"code":0}
{"event":"atexit","sid":"20261006T113641.354981Z-Ha9d4ceab-P000169aa","thread":"main","time":"2026-10-06T11:36:41.362516Z","file":"trace2/tr2_tgt_event.c","line":207,"t_abs":0.008441,"code":0}
{"event":"version","sid":"20261006T113641.365414Z-Ha9d4ceab-P000169b5","thread":"main","time":"2026-10-06T11:36:41.366094Z","file":"common-init.c","line":57,"evt":"4","exe":"2.50.1 (Apple Git-155)"}
{"event":"start","sid":"20261006T113641.365414Z-Ha9d4ceab-P000169b5","thread":"main","time":"2026-10-06T11:36:41.366149Z","file":"common-init.c","line":58,"t_abs":0.001153,"argv":["/Library/Developer/CommandLineTools/usr/bin/git","-C","/var/folders/f1/2xjyyqkn5plc19fx4nt4tpt00000gn/T/flow-dashboard-proof-fanout-FaS1LO/repo","merge-base","--is-ancestor","e6a95677e502e29abca696f64b3cfdedbecbc1da","e6a95677e502e29abca696f64b3cfdedbecbc1da"]}
{"event":"def_repo","sid":"20261006T113641.365414Z-Ha9d4ceab-P000169b5","thread":"main","time":"2026-10-06T11:36:41.366432Z","file":"repository.c","line":241,"repo":1,"worktree":"/private/var/folders/f1/2xjyyqkn5plc19fx4nt4tpt00000gn/T/flow-dashboard-proof-fanout-FaS1LO/repo"}
{"event":"cmd_name","sid":"20261006T113641.365414Z-Ha9d4ceab-P000169b5","thread":"main","time":"2026-10-06T11:36:41.366688Z","file":"git.c","line":477,"name":"merge-base","hierarchy":"merge-base"}
{"event":"exit","sid":"20261006T113641.365414Z-Ha9d4ceab-P000169b5","thread":"main","time":"2026-10-06T11:36:41.367868Z","file":"git.c","line":747,"t_abs":0.002872,"code":0}
{"event":"atexit","sid":"20261006T113641.365414Z-Ha9d4ceab-P000169b5","thread":"main","time":"2026-10-06T11:36:41.367896Z","file":"trace2/tr2_tgt_event.c","line":207,"t_abs":0.002900,"code":0}
{"event":"version","sid":"20261006T113641.377533Z-Ha9d4ceab-P000169cb","thread":"main","time":"2026-10-06T11:36:41.378516Z","file":"common-init.c","line":57,"evt":"4","exe":"2.50.1 (Apple Git-155)"}
{"event":"start","sid":"20261006T113641.377533Z-Ha9d4ceab-P000169cb","thread":"main","time":"2026-10-06T11:36:41.378539Z","file":"common-init.c","line":58,"t_abs":0.002068,"argv":["/Library/Developer/CommandLineTools/usr/bin/git","-C","/var/folders/f1/2xjyyqkn5plc19fx4nt4tpt00000gn/T/flow-dashboard-proof-fanout-FaS1LO/repo","merge-base","--is-ancestor","e6a95677e502e29abca696f64b3cfdedbecbc1da","e6a95677e502e29abca696f64b3cfdedbecbc1da"]}
{"event":"def_repo","sid":"20261006T113641.377533Z-Ha9d4ceab-P000169cb","thread":"main","time":"2026-10-06T11:36:41.379112Z","file":"repository.c","line":241,"repo":1,"worktree":"/private/var/folders/f1/2xjyyqkn5plc19fx4nt4tpt00000gn/T/flow-dashboard-proof-fanout-FaS1LO/repo"}
{"event":"cmd_name","sid":"20261006T113641.377533Z-Ha9d4ceab-P000169cb","thread":"main","time":"2026-10-06T11:36:41.379534Z","file":"git.c","line":477,"name":"merge-base","hierarchy":"merge-base"}
{"event":"exit","sid":"20261006T113641.377533Z-Ha9d4ceab-P000169cb","thread":"main","time":"2026-10-06T11:36:41.382489Z","file":"git.c","line":747,"t_abs":0.006016,"code":0}
{"event":"atexit","sid":"20261006T113641.377533Z-Ha9d4ceab-P000169cb","thread":"main","time":"2026-10-06T11:36:41.382535Z","file":"trace2/tr2_tgt_event.c","line":207,"t_abs":0.006063,"code":0}
{"event":"version","sid":"20261006T113641.385336Z-Ha9d4ceab-P000169d3","thread":"main","time":"2026-10-06T11:36:41.386097Z","file":"common-init.c","line":57,"evt":"4","exe":"2.50.1 (Apple Git-155)"}
{"event":"start","sid":"20261006T113641.385336Z-Ha9d4ceab-P000169d3","thread":"main","time":"2026-10-06T11:36:41.386122Z","file":"common-init.c","line":58,"t_abs":0.001681,"argv":["/Library/Developer/CommandLineTools/usr/bin/git","-C","/var/folders/f1/2xjyyqkn5plc19fx4nt4tpt00000gn/T/flow-dashboard-proof-fanout-FaS1LO/repo","merge-base","--is-ancestor","e6a95677e502e29abca696f64b3cfdedbecbc1da","e6a95677e502e29abca696f64b3cfdedbecbc1da"]}
{"event":"def_repo","sid":"20261006T113641.385336Z-Ha9d4ceab-P000169d3","thread":"main","time":"2026-10-06T11:36:41.386443Z","file":"repository.c","line":241,"repo":1,"worktree":"/private/var/folders/f1/2xjyyqkn5plc19fx4nt4tpt00000gn/T/flow-dashboard-proof-fanout-FaS1LO/repo"}
{"event":"cmd_name","sid":"20261006T113641.385336Z-Ha9d4ceab-P000169d3","thread":"main","time":"2026-10-06T11:36:41.386700Z","file":"git.c","line":477,"name":"merge-base","hierarchy":"merge-base"}
{"event":"exit","sid":"20261006T113641.385336Z-Ha9d4ceab-P000169d3","thread":"main","time":"2026-10-06T11:36:41.388155Z","file":"git.c","line":747,"t_abs":0.003714,"code":0}
{"event":"atexit","sid":"20261006T113641.385336Z-Ha9d4ceab-P000169d3","thread":"main","time":"2026-10-06T11:36:41.388170Z","file":"trace2/tr2_tgt_event.c","line":207,"t_abs":0.003729,"code":0}
{"event":"version","sid":"20261006T113641.407433Z-Ha9d4ceab-P00016a19","thread":"main","time":"2026-10-06T11:36:41.409019Z","file":"common-init.c","line":57,"evt":"4","exe":"2.50.1 (Apple Git-155)"}
{"event":"start","sid":"20261006T113641.407433Z-Ha9d4ceab-P00016a19","thread":"main","time":"2026-10-06T11:36:41.409065Z","file":"common-init.c","line":58,"t_abs":0.002224,"argv":["/Library/Developer/CommandLineTools/usr/bin/git","-C","/var/folders/f1/2xjyyqkn5plc19fx4nt4tpt00000gn/T/flow-dashboard-proof-fanout-FaS1LO/repo","cat-file","-t","e6a95677e502e29abca696f64b3cfdedbecbc1da"]}
{"event":"def_repo","sid":"20261006T113641.407433Z-Ha9d4ceab-P00016a19","thread":"main","time":"2026-10-06T11:36:41.409626Z","file":"repository.c","line":241,"repo":1,"worktree":"/private/var/folders/f1/2xjyyqkn5plc19fx4nt4tpt00000gn/T/flow-dashboard-proof-fanout-FaS1LO/repo"}
{"event":"cmd_name","sid":"20261006T113641.407433Z-Ha9d4ceab-P00016a19","thread":"main","time":"2026-10-06T11:36:41.410319Z","file":"git.c","line":477,"name":"cat-file","hierarchy":"cat-file"}
{"event":"exit","sid":"20261006T113641.407433Z-Ha9d4ceab-P00016a19","thread":"main","time":"2026-10-06T11:36:41.411356Z","file":"git.c","line":747,"t_abs":0.004515,"code":0}
{"event":"atexit","sid":"20261006T113641.407433Z-Ha9d4ceab-P00016a19","thread":"main","time":"2026-10-06T11:36:41.411444Z","file":"trace2/tr2_tgt_event.c","line":207,"t_abs":0.004600,"code":0}
{"event":"version","sid":"20261006T113641.416081Z-Ha9d4ceab-P00016a24","thread":"main","time":"2026-10-06T11:36:41.417005Z","file":"common-init.c","line":57,"evt":"4","exe":"2.50.1 (Apple Git-155)"}
{"event":"start","sid":"20261006T113641.416081Z-Ha9d4ceab-P00016a24","thread":"main","time":"2026-10-06T11:36:41.417052Z","file":"common-init.c","line":58,"t_abs":0.001508,"argv":["/Library/Developer/CommandLineTools/usr/bin/git","-C","/var/folders/f1/2xjyyqkn5plc19fx4nt4tpt00000gn/T/flow-dashboard-proof-fanout-FaS1LO/repo","diff","--name-only","-z","--no-renames","HEAD","--"]}
{"event":"cmd_name","sid":"20261006T113641.416081Z-Ha9d4ceab-P00016a24","thread":"main","time":"2026-10-06T11:36:41.417242Z","file":"git.c","line":477,"name":"diff","hierarchy":"diff"}
{"event":"def_repo","sid":"20261006T113641.416081Z-Ha9d4ceab-P00016a24","thread":"main","time":"2026-10-06T11:36:41.417600Z","file":"repository.c","line":241,"repo":1,"worktree":"/private/var/folders/f1/2xjyyqkn5plc19fx4nt4tpt00000gn/T/flow-dashboard-proof-fanout-FaS1LO/repo"}
{"event":"region_enter","sid":"20261006T113641.416081Z-Ha9d4ceab-P00016a24","thread":"main","time":"2026-10-06T11:36:41.420050Z","file":"read-cache.c","line":2357,"repo":1,"nesting":1,"category":"index","label":"do_read_index","msg":".git/index"}
{"event":"region_enter","sid":"20261006T113641.416081Z-Ha9d4ceab-P00016a24","thread":"main","time":"2026-10-06T11:36:41.420098Z","file":"cache-tree.c","line":643,"repo":1,"nesting":2,"category":"cache_tree","label":"read"}
{"event":"region_leave","sid":"20261006T113641.416081Z-Ha9d4ceab-P00016a24","thread":"main","time":"2026-10-06T11:36:41.420110Z","file":"cache-tree.c","line":645,"repo":1,"t_rel":0.000011,"nesting":2,"category":"cache_tree","label":"read"}
{"event":"data","sid":"20261006T113641.416081Z-Ha9d4ceab-P00016a24","thread":"main","time":"2026-10-06T11:36:41.420141Z","file":"read-cache.c","line":2306,"repo":1,"t_abs":0.004598,"t_rel":0.000092,"nesting":2,"category":"index","key":"read/version","value":"2"}
{"event":"data","sid":"20261006T113641.416081Z-Ha9d4ceab-P00016a24","thread":"main","time":"2026-10-06T11:36:41.420152Z","file":"read-cache.c","line":2308,"repo":1,"t_abs":0.004607,"t_rel":0.000101,"nesting":2,"category":"index","key":"read/cache_nr","value":"1"}
{"event":"region_leave","sid":"20261006T113641.416081Z-Ha9d4ceab-P00016a24","thread":"main","time":"2026-10-06T11:36:41.420162Z","file":"read-cache.c","line":2362,"repo":1,"t_rel":0.000112,"nesting":1,"category":"index","label":"do_read_index","msg":".git/index"}
{"event":"version","sid":"20261006T113641.419712Z-Ha9d4ceab-P00016a3f","thread":"main","time":"2026-10-06T11:36:41.420218Z","file":"common-init.c","line":57,"evt":"4","exe":"2.50.1 (Apple Git-155)"}
{"event":"region_enter","sid":"20261006T113641.416081Z-Ha9d4ceab-P00016a24","thread":"main","time":"2026-10-06T11:36:41.420224Z","file":"unpack-trees.c","line":1905,"repo":1,"nesting":1,"category":"unpack_trees","label":"unpack_trees"}
{"event":"start","sid":"20261006T113641.419712Z-Ha9d4ceab-P00016a3f","thread":"main","time":"2026-10-06T11:36:41.420238Z","file":"common-init.c","line":58,"t_abs":0.001379,"argv":["/Library/Developer/CommandLineTools/usr/bin/git","-C","/var/folders/f1/2xjyyqkn5plc19fx4nt4tpt00000gn/T/flow-dashboard-proof-fanout-FaS1LO/repo","cat-file","-t","e6a95677e502e29abca696f64b3cfdedbecbc1da"]}
{"event":"region_enter","sid":"20261006T113641.416081Z-Ha9d4ceab-P00016a24","thread":"main","time":"2026-10-06T11:36:41.420726Z","file":"unpack-trees.c","line":2009,"repo":1,"nesting":2,"category":"unpack_trees","label":"traverse_trees"}
{"event":"def_repo","sid":"20261006T113641.419712Z-Ha9d4ceab-P00016a3f","thread":"main","time":"2026-10-06T11:36:41.420813Z","file":"repository.c","line":241,"repo":1,"worktree":"/private/var/folders/f1/2xjyyqkn5plc19fx4nt4tpt00000gn/T/flow-dashboard-proof-fanout-FaS1LO/repo"}
{"event":"region_leave","sid":"20261006T113641.416081Z-Ha9d4ceab-P00016a24","thread":"main","time":"2026-10-06T11:36:41.420868Z","file":"unpack-trees.c","line":2011,"repo":1,"t_rel":0.000142,"nesting":2,"category":"unpack_trees","label":"traverse_trees"}
{"event":"region_leave","sid":"20261006T113641.416081Z-Ha9d4ceab-P00016a24","thread":"main","time":"2026-10-06T11:36:41.420883Z","file":"unpack-trees.c","line":2108,"repo":1,"t_rel":0.000660,"nesting":1,"category":"unpack_trees","label":"unpack_trees"}
{"event":"exit","sid":"20261006T113641.416081Z-Ha9d4ceab-P00016a24","thread":"main","time":"2026-10-06T11:36:41.420899Z","file":"git.c","line":747,"t_abs":0.005355,"code":0}
{"event":"data_json","sid":"20261006T113641.416081Z-Ha9d4ceab-P00016a24","thread":"main","time":"2026-10-06T11:36:41.420908Z","file":"tree-walk.c","line":186,"repo":1,"t_abs":0.005365,"t_rel":0.005365,"nesting":1,"category":"traverse_trees","key":"statistics","value":{"traverse_trees_count":1,"traverse_trees_max_depth":1}}
{"event":"atexit","sid":"20261006T113641.416081Z-Ha9d4ceab-P00016a24","thread":"main","time":"2026-10-06T11:36:41.420915Z","file":"trace2/tr2_tgt_event.c","line":207,"t_abs":0.005371,"code":0}
{"event":"cmd_name","sid":"20261006T113641.419712Z-Ha9d4ceab-P00016a3f","thread":"main","time":"2026-10-06T11:36:41.421485Z","file":"git.c","line":477,"name":"cat-file","hierarchy":"cat-file"}
{"event":"exit","sid":"20261006T113641.419712Z-Ha9d4ceab-P00016a3f","thread":"main","time":"2026-10-06T11:36:41.422327Z","file":"git.c","line":747,"t_abs":0.003468,"code":0}
{"event":"atexit","sid":"20261006T113641.419712Z-Ha9d4ceab-P00016a3f","thread":"main","time":"2026-10-06T11:36:41.422341Z","file":"trace2/tr2_tgt_event.c","line":207,"t_abs":0.003482,"code":0}
{"event":"version","sid":"20261006T113641.421274Z-Ha9d4ceab-P00016a35","thread":"main","time":"2026-10-06T11:36:41.422897Z","file":"common-init.c","line":57,"evt":"4","exe":"2.50.1 (Apple Git-155)"}
{"event":"start","sid":"20261006T113641.421274Z-Ha9d4ceab-P00016a35","thread":"main","time":"2026-10-06T11:36:41.422957Z","file":"common-init.c","line":58,"t_abs":0.002406,"argv":["/Library/Developer/CommandLineTools/usr/bin/git","-C","/var/folders/f1/2xjyyqkn5plc19fx4nt4tpt00000gn/T/flow-dashboard-proof-fanout-FaS1LO/repo","ls-files","--others","--exclude-standard","-z"]}
{"event":"version","sid":"20261006T113641.422399Z-Ha9d4ceab-P00016a4a","thread":"main","time":"2026-10-06T11:36:41.422971Z","file":"common-init.c","line":57,"evt":"4","exe":"2.50.1 (Apple Git-155)"}
{"event":"start","sid":"20261006T113641.422399Z-Ha9d4ceab-P00016a4a","thread":"main","time":"2026-10-06T11:36:41.423009Z","file":"common-init.c","line":58,"t_abs":0.000952,"argv":["/Library/Developer/CommandLineTools/usr/bin/git","-C","/var/folders/f1/2xjyyqkn5plc19fx4nt4tpt00000gn/T/flow-dashboard-proof-fanout-FaS1LO/repo","diff","--name-only","-z","--no-renames","HEAD","--"]}
{"event":"def_repo","sid":"20261006T113641.421274Z-Ha9d4ceab-P00016a35","thread":"main","time":"2026-10-06T11:36:41.423198Z","file":"repository.c","line":241,"repo":1,"worktree":"/private/var/folders/f1/2xjyyqkn5plc19fx4nt4tpt00000gn/T/flow-dashboard-proof-fanout-FaS1LO/repo"}
{"event":"cmd_name","sid":"20261006T113641.422399Z-Ha9d4ceab-P00016a4a","thread":"main","time":"2026-10-06T11:36:41.423303Z","file":"git.c","line":477,"name":"diff","hierarchy":"diff"}
{"event":"cmd_name","sid":"20261006T113641.421274Z-Ha9d4ceab-P00016a35","thread":"main","time":"2026-10-06T11:36:41.423401Z","file":"git.c","line":477,"name":"ls-files","hierarchy":"ls-files"}
{"event":"def_repo","sid":"20261006T113641.422399Z-Ha9d4ceab-P00016a4a","thread":"main","time":"2026-10-06T11:36:41.423538Z","file":"repository.c","line":241,"repo":1,"worktree":"/private/var/folders/f1/2xjyyqkn5plc19fx4nt4tpt00000gn/T/flow-dashboard-proof-fanout-FaS1LO/repo"}
{"event":"region_enter","sid":"20261006T113641.421274Z-Ha9d4ceab-P00016a35","thread":"main","time":"2026-10-06T11:36:41.423608Z","file":"read-cache.c","line":2357,"repo":1,"nesting":1,"category":"index","label":"do_read_index","msg":".git/index"}
{"event":"region_enter","sid":"20261006T113641.421274Z-Ha9d4ceab-P00016a35","thread":"main","time":"2026-10-06T11:36:41.423665Z","file":"cache-tree.c","line":643,"repo":1,"nesting":2,"category":"cache_tree","label":"read"}
{"event":"region_leave","sid":"20261006T113641.421274Z-Ha9d4ceab-P00016a35","thread":"main","time":"2026-10-06T11:36:41.423676Z","file":"cache-tree.c","line":645,"repo":1,"t_rel":0.000012,"nesting":2,"category":"cache_tree","label":"read"}
{"event":"data","sid":"20261006T113641.421274Z-Ha9d4ceab-P00016a35","thread":"main","time":"2026-10-06T11:36:41.423685Z","file":"read-cache.c","line":2306,"repo":1,"t_abs":0.003134,"t_rel":0.000076,"nesting":2,"category":"index","key":"read/version","value":"2"}
{"event":"data","sid":"20261006T113641.421274Z-Ha9d4ceab-P00016a35","thread":"main","time":"2026-10-06T11:36:41.423694Z","file":"read-cache.c","line":2308,"repo":1,"t_abs":0.003143,"t_rel":0.000085,"nesting":2,"category":"index","key":"read/cache_nr","value":"1"}
{"event":"region_leave","sid":"20261006T113641.421274Z-Ha9d4ceab-P00016a35","thread":"main","time":"2026-10-06T11:36:41.423705Z","file":"read-cache.c","line":2362,"repo":1,"t_rel":0.000096,"nesting":1,"category":"index","label":"do_read_index","msg":".git/index"}
{"event":"region_enter","sid":"20261006T113641.421274Z-Ha9d4ceab-P00016a35","thread":"main","time":"2026-10-06T11:36:41.423814Z","file":"dir.c","line":3090,"repo":1,"nesting":1,"category":"dir","label":"read_directory"}
{"event":"region_enter","sid":"20261006T113641.421274Z-Ha9d4ceab-P00016a35","thread":"main","time":"2026-10-06T11:36:41.424396Z","file":"name-hash.c","line":597,"repo":1,"nesting":2,"category":"index","label":"name-hash-init"}
{"event":"region_leave","sid":"20261006T113641.421274Z-Ha9d4ceab-P00016a35","thread":"main","time":"2026-10-06T11:36:41.424412Z","file":"name-hash.c","line":618,"repo":1,"t_rel":0.000016,"nesting":2,"category":"index","label":"name-hash-init"}
{"event":"data","sid":"20261006T113641.421274Z-Ha9d4ceab-P00016a35","thread":"main","time":"2026-10-06T11:36:41.424465Z","file":"dir.c","line":3058,"repo":1,"t_abs":0.003914,"t_rel":0.000651,"nesting":2,"category":"read_directory","key":"path","value":""}
{"event":"data","sid":"20261006T113641.421274Z-Ha9d4ceab-P00016a35","thread":"main","time":"2026-10-06T11:36:41.424473Z","file":"dir.c","line":3067,"repo":1,"t_abs":0.003922,"t_rel":0.000659,"nesting":2,"category":"read_directory","key":"directories-visited","value":"1"}
{"event":"data","sid":"20261006T113641.421274Z-Ha9d4ceab-P00016a35","thread":"main","time":"2026-10-06T11:36:41.424478Z","file":"dir.c","line":3069,"repo":1,"t_abs":0.003928,"t_rel":0.000665,"nesting":2,"category":"read_directory","key":"paths-visited","value":"2"}
{"event":"region_leave","sid":"20261006T113641.421274Z-Ha9d4ceab-P00016a35","thread":"main","time":"2026-10-06T11:36:41.424483Z","file":"dir.c","line":3113,"repo":1,"t_rel":0.000670,"nesting":1,"category":"dir","label":"read_directory"}
{"event":"exit","sid":"20261006T113641.421274Z-Ha9d4ceab-P00016a35","thread":"main","time":"2026-10-06T11:36:41.424494Z","file":"git.c","line":747,"t_abs":0.003943,"code":0}
{"event":"atexit","sid":"20261006T113641.421274Z-Ha9d4ceab-P00016a35","thread":"main","time":"2026-10-06T11:36:41.424502Z","file":"trace2/tr2_tgt_event.c","line":207,"t_abs":0.003949,"code":0}
{"event":"region_enter","sid":"20261006T113641.422399Z-Ha9d4ceab-P00016a4a","thread":"main","time":"2026-10-06T11:36:41.425501Z","file":"read-cache.c","line":2357,"repo":1,"nesting":1,"category":"index","label":"do_read_index","msg":".git/index"}
{"event":"region_enter","sid":"20261006T113641.422399Z-Ha9d4ceab-P00016a4a","thread":"main","time":"2026-10-06T11:36:41.425550Z","file":"cache-tree.c","line":643,"repo":1,"nesting":2,"category":"cache_tree","label":"read"}
{"event":"region_leave","sid":"20261006T113641.422399Z-Ha9d4ceab-P00016a4a","thread":"main","time":"2026-10-06T11:36:41.425559Z","file":"cache-tree.c","line":645,"repo":1,"t_rel":0.000008,"nesting":2,"category":"cache_tree","label":"read"}
{"event":"data","sid":"20261006T113641.422399Z-Ha9d4ceab-P00016a4a","thread":"main","time":"2026-10-06T11:36:41.425569Z","file":"read-cache.c","line":2306,"repo":1,"t_abs":0.003514,"t_rel":0.000069,"nesting":2,"category":"index","key":"read/version","value":"2"}
{"event":"data","sid":"20261006T113641.422399Z-Ha9d4ceab-P00016a4a","thread":"main","time":"2026-10-06T11:36:41.425581Z","file":"read-cache.c","line":2308,"repo":1,"t_abs":0.003526,"t_rel":0.000081,"nesting":2,"category":"index","key":"read/cache_nr","value":"1"}
{"event":"region_leave","sid":"20261006T113641.422399Z-Ha9d4ceab-P00016a4a","thread":"main","time":"2026-10-06T11:36:41.425591Z","file":"read-cache.c","line":2362,"repo":1,"t_rel":0.000091,"nesting":1,"category":"index","label":"do_read_index","msg":".git/index"}
{"event":"region_enter","sid":"20261006T113641.422399Z-Ha9d4ceab-P00016a4a","thread":"main","time":"2026-10-06T11:36:41.425651Z","file":"unpack-trees.c","line":1905,"repo":1,"nesting":1,"category":"unpack_trees","label":"unpack_trees"}
{"event":"region_enter","sid":"20261006T113641.422399Z-Ha9d4ceab-P00016a4a","thread":"main","time":"2026-10-06T11:36:41.425798Z","file":"unpack-trees.c","line":2009,"repo":1,"nesting":2,"category":"unpack_trees","label":"traverse_trees"}
{"event":"region_leave","sid":"20261006T113641.422399Z-Ha9d4ceab-P00016a4a","thread":"main","time":"2026-10-06T11:36:41.425905Z","file":"unpack-trees.c","line":2011,"repo":1,"t_rel":0.000108,"nesting":2,"category":"unpack_trees","label":"traverse_trees"}
{"event":"region_leave","sid":"20261006T113641.422399Z-Ha9d4ceab-P00016a4a","thread":"main","time":"2026-10-06T11:36:41.425914Z","file":"unpack-trees.c","line":2108,"repo":1,"t_rel":0.000264,"nesting":1,"category":"unpack_trees","label":"unpack_trees"}
{"event":"exit","sid":"20261006T113641.422399Z-Ha9d4ceab-P00016a4a","thread":"main","time":"2026-10-06T11:36:41.425938Z","file":"git.c","line":747,"t_abs":0.003882,"code":0}
{"event":"data_json","sid":"20261006T113641.422399Z-Ha9d4ceab-P00016a4a","thread":"main","time":"2026-10-06T11:36:41.425977Z","file":"tree-walk.c","line":186,"repo":1,"t_abs":0.003921,"t_rel":0.003921,"nesting":1,"category":"traverse_trees","key":"statistics","value":{"traverse_trees_count":1,"traverse_trees_max_depth":1}}
{"event":"atexit","sid":"20261006T113641.422399Z-Ha9d4ceab-P00016a4a","thread":"main","time":"2026-10-06T11:36:41.425984Z","file":"trace2/tr2_tgt_event.c","line":207,"t_abs":0.003928,"code":0}
{"event":"version","sid":"20261006T113641.427360Z-Ha9d4ceab-P00016a58","thread":"main","time":"2026-10-06T11:36:41.427767Z","file":"common-init.c","line":57,"evt":"4","exe":"2.50.1 (Apple Git-155)"}
{"event":"start","sid":"20261006T113641.427360Z-Ha9d4ceab-P00016a58","thread":"main","time":"2026-10-06T11:36:41.427785Z","file":"common-init.c","line":58,"t_abs":0.000784,"argv":["/Library/Developer/CommandLineTools/usr/bin/git","-C","/var/folders/f1/2xjyyqkn5plc19fx4nt4tpt00000gn/T/flow-dashboard-proof-fanout-FaS1LO/repo","ls-files","--others","--exclude-standard","-z"]}
{"event":"def_repo","sid":"20261006T113641.427360Z-Ha9d4ceab-P00016a58","thread":"main","time":"2026-10-06T11:36:41.427994Z","file":"repository.c","line":241,"repo":1,"worktree":"/private/var/folders/f1/2xjyyqkn5plc19fx4nt4tpt00000gn/T/flow-dashboard-proof-fanout-FaS1LO/repo"}
{"event":"cmd_name","sid":"20261006T113641.427360Z-Ha9d4ceab-P00016a58","thread":"main","time":"2026-10-06T11:36:41.428203Z","file":"git.c","line":477,"name":"ls-files","hierarchy":"ls-files"}
{"event":"region_enter","sid":"20261006T113641.427360Z-Ha9d4ceab-P00016a58","thread":"main","time":"2026-10-06T11:36:41.428390Z","file":"read-cache.c","line":2357,"repo":1,"nesting":1,"category":"index","label":"do_read_index","msg":".git/index"}
{"event":"region_enter","sid":"20261006T113641.427360Z-Ha9d4ceab-P00016a58","thread":"main","time":"2026-10-06T11:36:41.428424Z","file":"cache-tree.c","line":643,"repo":1,"nesting":2,"category":"cache_tree","label":"read"}
{"event":"region_leave","sid":"20261006T113641.427360Z-Ha9d4ceab-P00016a58","thread":"main","time":"2026-10-06T11:36:41.428431Z","file":"cache-tree.c","line":645,"repo":1,"t_rel":0.000007,"nesting":2,"category":"cache_tree","label":"read"}
{"event":"data","sid":"20261006T113641.427360Z-Ha9d4ceab-P00016a58","thread":"main","time":"2026-10-06T11:36:41.428442Z","file":"read-cache.c","line":2306,"repo":1,"t_abs":0.001442,"t_rel":0.000053,"nesting":2,"category":"index","key":"read/version","value":"2"}
{"event":"data","sid":"20261006T113641.427360Z-Ha9d4ceab-P00016a58","thread":"main","time":"2026-10-06T11:36:41.428453Z","file":"read-cache.c","line":2308,"repo":1,"t_abs":0.001452,"t_rel":0.000063,"nesting":2,"category":"index","key":"read/cache_nr","value":"1"}
{"event":"region_leave","sid":"20261006T113641.427360Z-Ha9d4ceab-P00016a58","thread":"main","time":"2026-10-06T11:36:41.428465Z","file":"read-cache.c","line":2362,"repo":1,"t_rel":0.000076,"nesting":1,"category":"index","label":"do_read_index","msg":".git/index"}
{"event":"region_enter","sid":"20261006T113641.427360Z-Ha9d4ceab-P00016a58","thread":"main","time":"2026-10-06T11:36:41.428597Z","file":"dir.c","line":3090,"repo":1,"nesting":1,"category":"dir","label":"read_directory"}
{"event":"region_enter","sid":"20261006T113641.427360Z-Ha9d4ceab-P00016a58","thread":"main","time":"2026-10-06T11:36:41.429196Z","file":"name-hash.c","line":597,"repo":1,"nesting":2,"category":"index","label":"name-hash-init"}
{"event":"region_leave","sid":"20261006T113641.427360Z-Ha9d4ceab-P00016a58","thread":"main","time":"2026-10-06T11:36:41.429207Z","file":"name-hash.c","line":618,"repo":1,"t_rel":0.000012,"nesting":2,"category":"index","label":"name-hash-init"}
{"event":"data","sid":"20261006T113641.427360Z-Ha9d4ceab-P00016a58","thread":"main","time":"2026-10-06T11:36:41.429218Z","file":"dir.c","line":3058,"repo":1,"t_abs":0.002218,"t_rel":0.000622,"nesting":2,"category":"read_directory","key":"path","value":""}
{"event":"data","sid":"20261006T113641.427360Z-Ha9d4ceab-P00016a58","thread":"main","time":"2026-10-06T11:36:41.429245Z","file":"dir.c","line":3067,"repo":1,"t_abs":0.002243,"t_rel":0.000647,"nesting":2,"category":"read_directory","key":"directories-visited","value":"1"}
{"event":"data","sid":"20261006T113641.427360Z-Ha9d4ceab-P00016a58","thread":"main","time":"2026-10-06T11:36:41.429250Z","file":"dir.c","line":3069,"repo":1,"t_abs":0.002250,"t_rel":0.000654,"nesting":2,"category":"read_directory","key":"paths-visited","value":"2"}
{"event":"region_leave","sid":"20261006T113641.427360Z-Ha9d4ceab-P00016a58","thread":"main","time":"2026-10-06T11:36:41.429255Z","file":"dir.c","line":3113,"repo":1,"t_rel":0.000658,"nesting":1,"category":"dir","label":"read_directory"}
{"event":"exit","sid":"20261006T113641.427360Z-Ha9d4ceab-P00016a58","thread":"main","time":"2026-10-06T11:36:41.429264Z","file":"git.c","line":747,"t_abs":0.002263,"code":0}
{"event":"atexit","sid":"20261006T113641.427360Z-Ha9d4ceab-P00016a58","thread":"main","time":"2026-10-06T11:36:41.429274Z","file":"trace2/tr2_tgt_event.c","line":207,"t_abs":0.002272,"code":0}
{"event":"version","sid":"20261006T113641.433754Z-Ha9d4ceab-P00016a71","thread":"main","time":"2026-10-06T11:36:41.434203Z","file":"common-init.c","line":57,"evt":"4","exe":"2.50.1 (Apple Git-155)"}
{"event":"start","sid":"20261006T113641.433754Z-Ha9d4ceab-P00016a71","thread":"main","time":"2026-10-06T11:36:41.434250Z","file":"common-init.c","line":58,"t_abs":0.000865,"argv":["/Library/Developer/CommandLineTools/usr/bin/git","-C","/var/folders/f1/2xjyyqkn5plc19fx4nt4tpt00000gn/T/flow-dashboard-proof-fanout-FaS1LO/repo","diff","--name-only","-z","--no-renames","HEAD","--"]}
{"event":"cmd_name","sid":"20261006T113641.433754Z-Ha9d4ceab-P00016a71","thread":"main","time":"2026-10-06T11:36:41.434419Z","file":"git.c","line":477,"name":"diff","hierarchy":"diff"}
{"event":"def_repo","sid":"20261006T113641.433754Z-Ha9d4ceab-P00016a71","thread":"main","time":"2026-10-06T11:36:41.434663Z","file":"repository.c","line":241,"repo":1,"worktree":"/private/var/folders/f1/2xjyyqkn5plc19fx4nt4tpt00000gn/T/flow-dashboard-proof-fanout-FaS1LO/repo"}
{"event":"version","sid":"20261006T113641.434940Z-Ha9d4ceab-P00016a6c","thread":"main","time":"2026-10-06T11:36:41.435479Z","file":"common-init.c","line":57,"evt":"4","exe":"2.50.1 (Apple Git-155)"}
{"event":"start","sid":"20261006T113641.434940Z-Ha9d4ceab-P00016a6c","thread":"main","time":"2026-10-06T11:36:41.435502Z","file":"common-init.c","line":58,"t_abs":0.000955,"argv":["/Library/Developer/CommandLineTools/usr/bin/git","-C","/var/folders/f1/2xjyyqkn5plc19fx4nt4tpt00000gn/T/flow-dashboard-proof-fanout-FaS1LO/repo","cat-file","-t","e6a95677e502e29abca696f64b3cfdedbecbc1da"]}
{"event":"def_repo","sid":"20261006T113641.434940Z-Ha9d4ceab-P00016a6c","thread":"main","time":"2026-10-06T11:36:41.435716Z","file":"repository.c","line":241,"repo":1,"worktree":"/private/var/folders/f1/2xjyyqkn5plc19fx4nt4tpt00000gn/T/flow-dashboard-proof-fanout-FaS1LO/repo"}
{"event":"cmd_name","sid":"20261006T113641.434940Z-Ha9d4ceab-P00016a6c","thread":"main","time":"2026-10-06T11:36:41.436099Z","file":"git.c","line":477,"name":"cat-file","hierarchy":"cat-file"}
{"event":"region_enter","sid":"20261006T113641.433754Z-Ha9d4ceab-P00016a71","thread":"main","time":"2026-10-06T11:36:41.436529Z","file":"read-cache.c","line":2357,"repo":1,"nesting":1,"category":"index","label":"do_read_index","msg":".git/index"}
{"event":"region_enter","sid":"20261006T113641.433754Z-Ha9d4ceab-P00016a71","thread":"main","time":"2026-10-06T11:36:41.436733Z","file":"cache-tree.c","line":643,"repo":1,"nesting":2,"category":"cache_tree","label":"read"}
{"event":"region_leave","sid":"20261006T113641.433754Z-Ha9d4ceab-P00016a71","thread":"main","time":"2026-10-06T11:36:41.436744Z","file":"cache-tree.c","line":645,"repo":1,"t_rel":0.000011,"nesting":2,"category":"cache_tree","label":"read"}
{"event":"data","sid":"20261006T113641.433754Z-Ha9d4ceab-P00016a71","thread":"main","time":"2026-10-06T11:36:41.436754Z","file":"read-cache.c","line":2306,"repo":1,"t_abs":0.003369,"t_rel":0.000225,"nesting":2,"category":"index","key":"read/version","value":"2"}
{"event":"data","sid":"20261006T113641.433754Z-Ha9d4ceab-P00016a71","thread":"main","time":"2026-10-06T11:36:41.436801Z","file":"read-cache.c","line":2308,"repo":1,"t_abs":0.003416,"t_rel":0.000272,"nesting":2,"category":"index","key":"read/cache_nr","value":"1"}
{"event":"region_leave","sid":"20261006T113641.433754Z-Ha9d4ceab-P00016a71","thread":"main","time":"2026-10-06T11:36:41.436817Z","file":"read-cache.c","line":2362,"repo":1,"t_rel":0.000289,"nesting":1,"category":"index","label":"do_read_index","msg":".git/index"}
{"event":"region_enter","sid":"20261006T113641.433754Z-Ha9d4ceab-P00016a71","thread":"main","time":"2026-10-06T11:36:41.436883Z","file":"unpack-trees.c","line":1905,"repo":1,"nesting":1,"category":"unpack_trees","label":"unpack_trees"}
{"event":"region_enter","sid":"20261006T113641.433754Z-Ha9d4ceab-P00016a71","thread":"main","time":"2026-10-06T11:36:41.437019Z","file":"unpack-trees.c","line":2009,"repo":1,"nesting":2,"category":"unpack_trees","label":"traverse_trees"}
{"event":"region_leave","sid":"20261006T113641.433754Z-Ha9d4ceab-P00016a71","thread":"main","time":"2026-10-06T11:36:41.437129Z","file":"unpack-trees.c","line":2011,"repo":1,"t_rel":0.000112,"nesting":2,"category":"unpack_trees","label":"traverse_trees"}
{"event":"region_leave","sid":"20261006T113641.433754Z-Ha9d4ceab-P00016a71","thread":"main","time":"2026-10-06T11:36:41.437144Z","file":"unpack-trees.c","line":2108,"repo":1,"t_rel":0.000261,"nesting":1,"category":"unpack_trees","label":"unpack_trees"}
{"event":"exit","sid":"20261006T113641.433754Z-Ha9d4ceab-P00016a71","thread":"main","time":"2026-10-06T11:36:41.437158Z","file":"git.c","line":747,"t_abs":0.003774,"code":0}
{"event":"exit","sid":"20261006T113641.434940Z-Ha9d4ceab-P00016a6c","thread":"main","time":"2026-10-06T11:36:41.437156Z","file":"git.c","line":747,"t_abs":0.002608,"code":0}
{"event":"data_json","sid":"20261006T113641.433754Z-Ha9d4ceab-P00016a71","thread":"main","time":"2026-10-06T11:36:41.437167Z","file":"tree-walk.c","line":186,"repo":1,"t_abs":0.003782,"t_rel":0.003782,"nesting":1,"category":"traverse_trees","key":"statistics","value":{"traverse_trees_count":1,"traverse_trees_max_depth":1}}
{"event":"atexit","sid":"20261006T113641.433754Z-Ha9d4ceab-P00016a71","thread":"main","time":"2026-10-06T11:36:41.437186Z","file":"trace2/tr2_tgt_event.c","line":207,"t_abs":0.003801,"code":0}
{"event":"atexit","sid":"20261006T113641.434940Z-Ha9d4ceab-P00016a6c","thread":"main","time":"2026-10-06T11:36:41.437236Z","file":"trace2/tr2_tgt_event.c","line":207,"t_abs":0.002686,"code":0}
{"event":"version","sid":"20261006T113641.440590Z-Ha9d4ceab-P00016a7b","thread":"main","time":"2026-10-06T11:36:41.441390Z","file":"common-init.c","line":57,"evt":"4","exe":"2.50.1 (Apple Git-155)"}
{"event":"start","sid":"20261006T113641.440590Z-Ha9d4ceab-P00016a7b","thread":"main","time":"2026-10-06T11:36:41.441418Z","file":"common-init.c","line":58,"t_abs":0.001229,"argv":["/Library/Developer/CommandLineTools/usr/bin/git","-C","/var/folders/f1/2xjyyqkn5plc19fx4nt4tpt00000gn/T/flow-dashboard-proof-fanout-FaS1LO/repo","cat-file","-t","e6a95677e502e29abca696f64b3cfdedbecbc1da"]}
{"event":"version","sid":"20261006T113641.440735Z-Ha9d4ceab-P00016a76","thread":"main","time":"2026-10-06T11:36:41.441545Z","file":"common-init.c","line":57,"evt":"4","exe":"2.50.1 (Apple Git-155)"}
{"event":"start","sid":"20261006T113641.440735Z-Ha9d4ceab-P00016a76","thread":"main","time":"2026-10-06T11:36:41.441560Z","file":"common-init.c","line":58,"t_abs":0.001230,"argv":["/Library/Developer/CommandLineTools/usr/bin/git","-C","/var/folders/f1/2xjyyqkn5plc19fx4nt4tpt00000gn/T/flow-dashboard-proof-fanout-FaS1LO/repo","ls-files","--others","--exclude-standard","-z"]}
{"event":"def_repo","sid":"20261006T113641.440590Z-Ha9d4ceab-P00016a7b","thread":"main","time":"2026-10-06T11:36:41.441698Z","file":"repository.c","line":241,"repo":1,"worktree":"/private/var/folders/f1/2xjyyqkn5plc19fx4nt4tpt00000gn/T/flow-dashboard-proof-fanout-FaS1LO/repo"}
{"event":"def_repo","sid":"20261006T113641.440735Z-Ha9d4ceab-P00016a76","thread":"main","time":"2026-10-06T11:36:41.441891Z","file":"repository.c","line":241,"repo":1,"worktree":"/private/var/folders/f1/2xjyyqkn5plc19fx4nt4tpt00000gn/T/flow-dashboard-proof-fanout-FaS1LO/repo"}
{"event":"cmd_name","sid":"20261006T113641.440590Z-Ha9d4ceab-P00016a7b","thread":"main","time":"2026-10-06T11:36:41.442111Z","file":"git.c","line":477,"name":"cat-file","hierarchy":"cat-file"}
{"event":"cmd_name","sid":"20261006T113641.440735Z-Ha9d4ceab-P00016a76","thread":"main","time":"2026-10-06T11:36:41.442238Z","file":"git.c","line":477,"name":"ls-files","hierarchy":"ls-files"}
{"event":"region_enter","sid":"20261006T113641.440735Z-Ha9d4ceab-P00016a76","thread":"main","time":"2026-10-06T11:36:41.442546Z","file":"read-cache.c","line":2357,"repo":1,"nesting":1,"category":"index","label":"do_read_index","msg":".git/index"}
{"event":"region_enter","sid":"20261006T113641.440735Z-Ha9d4ceab-P00016a76","thread":"main","time":"2026-10-06T11:36:41.442595Z","file":"cache-tree.c","line":643,"repo":1,"nesting":2,"category":"cache_tree","label":"read"}
{"event":"region_leave","sid":"20261006T113641.440735Z-Ha9d4ceab-P00016a76","thread":"main","time":"2026-10-06T11:36:41.442603Z","file":"cache-tree.c","line":645,"repo":1,"t_rel":0.000008,"nesting":2,"category":"cache_tree","label":"read"}
{"event":"data","sid":"20261006T113641.440735Z-Ha9d4ceab-P00016a76","thread":"main","time":"2026-10-06T11:36:41.442613Z","file":"read-cache.c","line":2306,"repo":1,"t_abs":0.002282,"t_rel":0.000067,"nesting":2,"category":"index","key":"read/version","value":"2"}
{"event":"data","sid":"20261006T113641.440735Z-Ha9d4ceab-P00016a76","thread":"main","time":"2026-10-06T11:36:41.442626Z","file":"read-cache.c","line":2308,"repo":1,"t_abs":0.002296,"t_rel":0.000081,"nesting":2,"category":"index","key":"read/cache_nr","value":"1"}
{"event":"region_leave","sid":"20261006T113641.440735Z-Ha9d4ceab-P00016a76","thread":"main","time":"2026-10-06T11:36:41.442640Z","file":"read-cache.c","line":2362,"repo":1,"t_rel":0.000095,"nesting":1,"category":"index","label":"do_read_index","msg":".git/index"}
{"event":"region_enter","sid":"20261006T113641.440735Z-Ha9d4ceab-P00016a76","thread":"main","time":"2026-10-06T11:36:41.442808Z","file":"dir.c","line":3090,"repo":1,"nesting":1,"category":"dir","label":"read_directory"}
{"event":"exit","sid":"20261006T113641.440590Z-Ha9d4ceab-P00016a7b","thread":"main","time":"2026-10-06T11:36:41.443224Z","file":"git.c","line":747,"t_abs":0.003035,"code":0}
{"event":"atexit","sid":"20261006T113641.440590Z-Ha9d4ceab-P00016a7b","thread":"main","time":"2026-10-06T11:36:41.443233Z","file":"trace2/tr2_tgt_event.c","line":207,"t_abs":0.003044,"code":0}
{"event":"region_enter","sid":"20261006T113641.440735Z-Ha9d4ceab-P00016a76","thread":"main","time":"2026-10-06T11:36:41.443319Z","file":"name-hash.c","line":597,"repo":1,"nesting":2,"category":"index","label":"name-hash-init"}
{"event":"region_leave","sid":"20261006T113641.440735Z-Ha9d4ceab-P00016a76","thread":"main","time":"2026-10-06T11:36:41.443332Z","file":"name-hash.c","line":618,"repo":1,"t_rel":0.000013,"nesting":2,"category":"index","label":"name-hash-init"}
{"event":"data","sid":"20261006T113641.440735Z-Ha9d4ceab-P00016a76","thread":"main","time":"2026-10-06T11:36:41.443343Z","file":"dir.c","line":3058,"repo":1,"t_abs":0.003012,"t_rel":0.000534,"nesting":2,"category":"read_directory","key":"path","value":""}
{"event":"data","sid":"20261006T113641.440735Z-Ha9d4ceab-P00016a76","thread":"main","time":"2026-10-06T11:36:41.443351Z","file":"dir.c","line":3067,"repo":1,"t_abs":0.003020,"t_rel":0.000542,"nesting":2,"category":"read_directory","key":"directories-visited","value":"1"}
{"event":"data","sid":"20261006T113641.440735Z-Ha9d4ceab-P00016a76","thread":"main","time":"2026-10-06T11:36:41.443359Z","file":"dir.c","line":3069,"repo":1,"t_abs":0.003028,"t_rel":0.000550,"nesting":2,"category":"read_directory","key":"paths-visited","value":"2"}
{"event":"region_leave","sid":"20261006T113641.440735Z-Ha9d4ceab-P00016a76","thread":"main","time":"2026-10-06T11:36:41.443397Z","file":"dir.c","line":3113,"repo":1,"t_rel":0.000587,"nesting":1,"category":"dir","label":"read_directory"}
{"event":"exit","sid":"20261006T113641.440735Z-Ha9d4ceab-P00016a76","thread":"main","time":"2026-10-06T11:36:41.443407Z","file":"git.c","line":747,"t_abs":0.003076,"code":0}
{"event":"atexit","sid":"20261006T113641.440735Z-Ha9d4ceab-P00016a76","thread":"main","time":"2026-10-06T11:36:41.443415Z","file":"trace2/tr2_tgt_event.c","line":207,"t_abs":0.003085,"code":0}
{"event":"version","sid":"20261006T113641.445650Z-Ha9d4ceab-P00016a86","thread":"main","time":"2026-10-06T11:36:41.446540Z","file":"common-init.c","line":57,"evt":"4","exe":"2.50.1 (Apple Git-155)"}
{"event":"start","sid":"20261006T113641.445650Z-Ha9d4ceab-P00016a86","thread":"main","time":"2026-10-06T11:36:41.446584Z","file":"common-init.c","line":58,"t_abs":0.001510,"argv":["/Library/Developer/CommandLineTools/usr/bin/git","-C","/var/folders/f1/2xjyyqkn5plc19fx4nt4tpt00000gn/T/flow-dashboard-proof-fanout-FaS1LO/repo","diff","--name-only","-z","--no-renames","HEAD","--"]}
{"event":"cmd_name","sid":"20261006T113641.445650Z-Ha9d4ceab-P00016a86","thread":"main","time":"2026-10-06T11:36:41.446746Z","file":"git.c","line":477,"name":"diff","hierarchy":"diff"}
{"event":"def_repo","sid":"20261006T113641.445650Z-Ha9d4ceab-P00016a86","thread":"main","time":"2026-10-06T11:36:41.447013Z","file":"repository.c","line":241,"repo":1,"worktree":"/private/var/folders/f1/2xjyyqkn5plc19fx4nt4tpt00000gn/T/flow-dashboard-proof-fanout-FaS1LO/repo"}
{"event":"region_enter","sid":"20261006T113641.445650Z-Ha9d4ceab-P00016a86","thread":"main","time":"2026-10-06T11:36:41.448382Z","file":"read-cache.c","line":2357,"repo":1,"nesting":1,"category":"index","label":"do_read_index","msg":".git/index"}
{"event":"region_enter","sid":"20261006T113641.445650Z-Ha9d4ceab-P00016a86","thread":"main","time":"2026-10-06T11:36:41.448427Z","file":"cache-tree.c","line":643,"repo":1,"nesting":2,"category":"cache_tree","label":"read"}
{"event":"region_leave","sid":"20261006T113641.445650Z-Ha9d4ceab-P00016a86","thread":"main","time":"2026-10-06T11:36:41.448435Z","file":"cache-tree.c","line":645,"repo":1,"t_rel":0.000009,"nesting":2,"category":"cache_tree","label":"read"}
{"event":"data","sid":"20261006T113641.445650Z-Ha9d4ceab-P00016a86","thread":"main","time":"2026-10-06T11:36:41.448443Z","file":"read-cache.c","line":2306,"repo":1,"t_abs":0.003370,"t_rel":0.000062,"nesting":2,"category":"index","key":"read/version","value":"2"}
{"event":"data","sid":"20261006T113641.445650Z-Ha9d4ceab-P00016a86","thread":"main","time":"2026-10-06T11:36:41.448454Z","file":"read-cache.c","line":2308,"repo":1,"t_abs":0.003379,"t_rel":0.000071,"nesting":2,"category":"index","key":"read/cache_nr","value":"1"}
{"event":"region_leave","sid":"20261006T113641.445650Z-Ha9d4ceab-P00016a86","thread":"main","time":"2026-10-06T11:36:41.448461Z","file":"read-cache.c","line":2362,"repo":1,"t_rel":0.000079,"nesting":1,"category":"index","label":"do_read_index","msg":".git/index"}
{"event":"region_enter","sid":"20261006T113641.445650Z-Ha9d4ceab-P00016a86","thread":"main","time":"2026-10-06T11:36:41.448529Z","file":"unpack-trees.c","line":1905,"repo":1,"nesting":1,"category":"unpack_trees","label":"unpack_trees"}
{"event":"region_enter","sid":"20261006T113641.445650Z-Ha9d4ceab-P00016a86","thread":"main","time":"2026-10-06T11:36:41.448651Z","file":"unpack-trees.c","line":2009,"repo":1,"nesting":2,"category":"unpack_trees","label":"traverse_trees"}
{"event":"region_leave","sid":"20261006T113641.445650Z-Ha9d4ceab-P00016a86","thread":"main","time":"2026-10-06T11:36:41.448751Z","file":"unpack-trees.c","line":2011,"repo":1,"t_rel":0.000101,"nesting":2,"category":"unpack_trees","label":"traverse_trees"}
{"event":"region_leave","sid":"20261006T113641.445650Z-Ha9d4ceab-P00016a86","thread":"main","time":"2026-10-06T11:36:41.448765Z","file":"unpack-trees.c","line":2108,"repo":1,"t_rel":0.000236,"nesting":1,"category":"unpack_trees","label":"unpack_trees"}
{"event":"exit","sid":"20261006T113641.445650Z-Ha9d4ceab-P00016a86","thread":"main","time":"2026-10-06T11:36:41.448817Z","file":"git.c","line":747,"t_abs":0.003743,"code":0}
{"event":"data_json","sid":"20261006T113641.445650Z-Ha9d4ceab-P00016a86","thread":"main","time":"2026-10-06T11:36:41.448827Z","file":"tree-walk.c","line":186,"repo":1,"t_abs":0.003754,"t_rel":0.003754,"nesting":1,"category":"traverse_trees","key":"statistics","value":{"traverse_trees_count":1,"traverse_trees_max_depth":1}}
{"event":"atexit","sid":"20261006T113641.445650Z-Ha9d4ceab-P00016a86","thread":"main","time":"2026-10-06T11:36:41.448836Z","file":"trace2/tr2_tgt_event.c","line":207,"t_abs":0.003762,"code":0}
{"event":"version","sid":"20261006T113641.448679Z-Ha9d4ceab-P00016a8b","thread":"main","time":"2026-10-06T11:36:41.449547Z","file":"common-init.c","line":57,"evt":"4","exe":"2.50.1 (Apple Git-155)"}
{"event":"start","sid":"20261006T113641.448679Z-Ha9d4ceab-P00016a8b","thread":"main","time":"2026-10-06T11:36:41.449566Z","file":"common-init.c","line":58,"t_abs":0.001227,"argv":["/Library/Developer/CommandLineTools/usr/bin/git","-C","/var/folders/f1/2xjyyqkn5plc19fx4nt4tpt00000gn/T/flow-dashboard-proof-fanout-FaS1LO/repo","ls-files","--others","--exclude-standard","-z"]}
{"event":"def_repo","sid":"20261006T113641.448679Z-Ha9d4ceab-P00016a8b","thread":"main","time":"2026-10-06T11:36:41.449771Z","file":"repository.c","line":241,"repo":1,"worktree":"/private/var/folders/f1/2xjyyqkn5plc19fx4nt4tpt00000gn/T/flow-dashboard-proof-fanout-FaS1LO/repo"}
{"event":"cmd_name","sid":"20261006T113641.448679Z-Ha9d4ceab-P00016a8b","thread":"main","time":"2026-10-06T11:36:41.450001Z","file":"git.c","line":477,"name":"ls-files","hierarchy":"ls-files"}
{"event":"region_enter","sid":"20261006T113641.448679Z-Ha9d4ceab-P00016a8b","thread":"main","time":"2026-10-06T11:36:41.450292Z","file":"read-cache.c","line":2357,"repo":1,"nesting":1,"category":"index","label":"do_read_index","msg":".git/index"}
{"event":"region_enter","sid":"20261006T113641.448679Z-Ha9d4ceab-P00016a8b","thread":"main","time":"2026-10-06T11:36:41.450337Z","file":"cache-tree.c","line":643,"repo":1,"nesting":2,"category":"cache_tree","label":"read"}
{"event":"region_leave","sid":"20261006T113641.448679Z-Ha9d4ceab-P00016a8b","thread":"main","time":"2026-10-06T11:36:41.450349Z","file":"cache-tree.c","line":645,"repo":1,"t_rel":0.000013,"nesting":2,"category":"cache_tree","label":"read"}
{"event":"data","sid":"20261006T113641.448679Z-Ha9d4ceab-P00016a8b","thread":"main","time":"2026-10-06T11:36:41.450357Z","file":"read-cache.c","line":2306,"repo":1,"t_abs":0.002019,"t_rel":0.000065,"nesting":2,"category":"index","key":"read/version","value":"2"}
{"event":"data","sid":"20261006T113641.448679Z-Ha9d4ceab-P00016a8b","thread":"main","time":"2026-10-06T11:36:41.450369Z","file":"read-cache.c","line":2308,"repo":1,"t_abs":0.002031,"t_rel":0.000077,"nesting":2,"category":"index","key":"read/cache_nr","value":"1"}
{"event":"region_leave","sid":"20261006T113641.448679Z-Ha9d4ceab-P00016a8b","thread":"main","time":"2026-10-06T11:36:41.450381Z","file":"read-cache.c","line":2362,"repo":1,"t_rel":0.000088,"nesting":1,"category":"index","label":"do_read_index","msg":".git/index"}
{"event":"region_enter","sid":"20261006T113641.448679Z-Ha9d4ceab-P00016a8b","thread":"main","time":"2026-10-06T11:36:41.450634Z","file":"dir.c","line":3090,"repo":1,"nesting":1,"category":"dir","label":"read_directory"}
{"event":"region_enter","sid":"20261006T113641.448679Z-Ha9d4ceab-P00016a8b","thread":"main","time":"2026-10-06T11:36:41.451369Z","file":"name-hash.c","line":597,"repo":1,"nesting":2,"category":"index","label":"name-hash-init"}
{"event":"region_leave","sid":"20261006T113641.448679Z-Ha9d4ceab-P00016a8b","thread":"main","time":"2026-10-06T11:36:41.451387Z","file":"name-hash.c","line":618,"repo":1,"t_rel":0.000018,"nesting":2,"category":"index","label":"name-hash-init"}
{"event":"data","sid":"20261006T113641.448679Z-Ha9d4ceab-P00016a8b","thread":"main","time":"2026-10-06T11:36:41.451399Z","file":"dir.c","line":3058,"repo":1,"t_abs":0.003060,"t_rel":0.000764,"nesting":2,"category":"read_directory","key":"path","value":""}
{"event":"data","sid":"20261006T113641.448679Z-Ha9d4ceab-P00016a8b","thread":"main","time":"2026-10-06T11:36:41.451437Z","file":"dir.c","line":3067,"repo":1,"t_abs":0.003098,"t_rel":0.000802,"nesting":2,"category":"read_directory","key":"directories-visited","value":"1"}
{"event":"data","sid":"20261006T113641.448679Z-Ha9d4ceab-P00016a8b","thread":"main","time":"2026-10-06T11:36:41.451450Z","file":"dir.c","line":3069,"repo":1,"t_abs":0.003110,"t_rel":0.000814,"nesting":2,"category":"read_directory","key":"paths-visited","value":"2"}
{"event":"region_leave","sid":"20261006T113641.448679Z-Ha9d4ceab-P00016a8b","thread":"main","time":"2026-10-06T11:36:41.451456Z","file":"dir.c","line":3113,"repo":1,"t_rel":0.000822,"nesting":1,"category":"dir","label":"read_directory"}
{"event":"exit","sid":"20261006T113641.448679Z-Ha9d4ceab-P00016a8b","thread":"main","time":"2026-10-06T11:36:41.451469Z","file":"git.c","line":747,"t_abs":0.003130,"code":0}
{"event":"atexit","sid":"20261006T113641.448679Z-Ha9d4ceab-P00016a8b","thread":"main","time":"2026-10-06T11:36:41.451476Z","file":"trace2/tr2_tgt_event.c","line":207,"t_abs":0.003137,"code":0}
{"event":"version","sid":"20261006T113641.451401Z-Ha9d4ceab-P00016a90","thread":"main","time":"2026-10-06T11:36:41.452108Z","file":"common-init.c","line":57,"evt":"4","exe":"2.50.1 (Apple Git-155)"}
{"event":"start","sid":"20261006T113641.451401Z-Ha9d4ceab-P00016a90","thread":"main","time":"2026-10-06T11:36:41.452133Z","file":"common-init.c","line":58,"t_abs":0.001076,"argv":["/Library/Developer/CommandLineTools/usr/bin/git","-C","/var/folders/f1/2xjyyqkn5plc19fx4nt4tpt00000gn/T/flow-dashboard-proof-fanout-FaS1LO/repo","ls-tree","-r","-z","--full-tree","e6a95677e502e29abca696f64b3cfdedbecbc1da","--",":(literal)sample.txt"]}
{"event":"def_repo","sid":"20261006T113641.451401Z-Ha9d4ceab-P00016a90","thread":"main","time":"2026-10-06T11:36:41.452356Z","file":"repository.c","line":241,"repo":1,"worktree":"/private/var/folders/f1/2xjyyqkn5plc19fx4nt4tpt00000gn/T/flow-dashboard-proof-fanout-FaS1LO/repo"}
{"event":"cmd_name","sid":"20261006T113641.451401Z-Ha9d4ceab-P00016a90","thread":"main","time":"2026-10-06T11:36:41.452630Z","file":"git.c","line":477,"name":"ls-tree","hierarchy":"ls-tree"}
{"event":"exit","sid":"20261006T113641.451401Z-Ha9d4ceab-P00016a90","thread":"main","time":"2026-10-06T11:36:41.453690Z","file":"git.c","line":747,"t_abs":0.002632,"code":0}
{"event":"atexit","sid":"20261006T113641.451401Z-Ha9d4ceab-P00016a90","thread":"main","time":"2026-10-06T11:36:41.453705Z","file":"trace2/tr2_tgt_event.c","line":207,"t_abs":0.002648,"code":0}
{"event":"version","sid":"20261006T113641.453840Z-Ha9d4ceab-P00016a9b","thread":"main","time":"2026-10-06T11:36:41.454688Z","file":"common-init.c","line":57,"evt":"4","exe":"2.50.1 (Apple Git-155)"}
{"event":"start","sid":"20261006T113641.453840Z-Ha9d4ceab-P00016a9b","thread":"main","time":"2026-10-06T11:36:41.454808Z","file":"common-init.c","line":58,"t_abs":0.001351,"argv":["/Library/Developer/CommandLineTools/usr/bin/git","-C","/var/folders/f1/2xjyyqkn5plc19fx4nt4tpt00000gn/T/flow-dashboard-proof-fanout-FaS1LO/repo","ls-tree","-r","-z","--full-tree","e6a95677e502e29abca696f64b3cfdedbecbc1da","--",":(literal)sample.txt"]}
{"event":"def_repo","sid":"20261006T113641.453840Z-Ha9d4ceab-P00016a9b","thread":"main","time":"2026-10-06T11:36:41.455341Z","file":"repository.c","line":241,"repo":1,"worktree":"/private/var/folders/f1/2xjyyqkn5plc19fx4nt4tpt00000gn/T/flow-dashboard-proof-fanout-FaS1LO/repo"}
{"event":"cmd_name","sid":"20261006T113641.453840Z-Ha9d4ceab-P00016a9b","thread":"main","time":"2026-10-06T11:36:41.455561Z","file":"git.c","line":477,"name":"ls-tree","hierarchy":"ls-tree"}
{"event":"exit","sid":"20261006T113641.453840Z-Ha9d4ceab-P00016a9b","thread":"main","time":"2026-10-06T11:36:41.456754Z","file":"git.c","line":747,"t_abs":0.003298,"code":0}
{"event":"atexit","sid":"20261006T113641.453840Z-Ha9d4ceab-P00016a9b","thread":"main","time":"2026-10-06T11:36:41.456767Z","file":"trace2/tr2_tgt_event.c","line":207,"t_abs":0.003311,"code":0}
{"event":"version","sid":"20261006T113641.465223Z-Ha9d4ceab-P00016aca","thread":"main","time":"2026-10-06T11:36:41.465673Z","file":"common-init.c","line":57,"evt":"4","exe":"2.50.1 (Apple Git-155)"}
{"event":"start","sid":"20261006T113641.465223Z-Ha9d4ceab-P00016aca","thread":"main","time":"2026-10-06T11:36:41.465702Z","file":"common-init.c","line":58,"t_abs":0.000859,"argv":["/Library/Developer/CommandLineTools/usr/bin/git","-C","/var/folders/f1/2xjyyqkn5plc19fx4nt4tpt00000gn/T/flow-dashboard-proof-fanout-FaS1LO/repo","ls-tree","-r","-z","--full-tree","e6a95677e502e29abca696f64b3cfdedbecbc1da","--",":(literal)sample.txt"]}
{"event":"def_repo","sid":"20261006T113641.465223Z-Ha9d4ceab-P00016aca","thread":"main","time":"2026-10-06T11:36:41.466162Z","file":"repository.c","line":241,"repo":1,"worktree":"/private/var/folders/f1/2xjyyqkn5plc19fx4nt4tpt00000gn/T/flow-dashboard-proof-fanout-FaS1LO/repo"}
{"event":"cmd_name","sid":"20261006T113641.465223Z-Ha9d4ceab-P00016aca","thread":"main","time":"2026-10-06T11:36:41.467232Z","file":"git.c","line":477,"name":"ls-tree","hierarchy":"ls-tree"}
{"event":"exit","sid":"20261006T113641.465223Z-Ha9d4ceab-P00016aca","thread":"main","time":"2026-10-06T11:36:41.469133Z","file":"git.c","line":747,"t_abs":0.004290,"code":0}
{"event":"atexit","sid":"20261006T113641.465223Z-Ha9d4ceab-P00016aca","thread":"main","time":"2026-10-06T11:36:41.469149Z","file":"trace2/tr2_tgt_event.c","line":207,"t_abs":0.004306,"code":0}
{"event":"version","sid":"20261006T113641.472782Z-Ha9d4ceab-P00016adb","thread":"main","time":"2026-10-06T11:36:41.475008Z","file":"common-init.c","line":57,"evt":"4","exe":"2.50.1 (Apple Git-155)"}
{"event":"start","sid":"20261006T113641.472782Z-Ha9d4ceab-P00016adb","thread":"main","time":"2026-10-06T11:36:41.475059Z","file":"common-init.c","line":58,"t_abs":0.002917,"argv":["/Library/Developer/CommandLineTools/usr/bin/git","-C","/var/folders/f1/2xjyyqkn5plc19fx4nt4tpt00000gn/T/flow-dashboard-proof-fanout-FaS1LO/repo","ls-tree","-r","-z","--full-tree","e6a95677e502e29abca696f64b3cfdedbecbc1da","--",":(literal)sample.txt"]}
{"event":"def_repo","sid":"20261006T113641.472782Z-Ha9d4ceab-P00016adb","thread":"main","time":"2026-10-06T11:36:41.475637Z","file":"repository.c","line":241,"repo":1,"worktree":"/private/var/folders/f1/2xjyyqkn5plc19fx4nt4tpt00000gn/T/flow-dashboard-proof-fanout-FaS1LO/repo"}
{"event":"cmd_name","sid":"20261006T113641.472782Z-Ha9d4ceab-P00016adb","thread":"main","time":"2026-10-06T11:36:41.476549Z","file":"git.c","line":477,"name":"ls-tree","hierarchy":"ls-tree"}
{"event":"exit","sid":"20261006T113641.472782Z-Ha9d4ceab-P00016adb","thread":"main","time":"2026-10-06T11:36:41.478733Z","file":"git.c","line":747,"t_abs":0.006592,"code":0}
{"event":"atexit","sid":"20261006T113641.472782Z-Ha9d4ceab-P00016adb","thread":"main","time":"2026-10-06T11:36:41.478755Z","file":"trace2/tr2_tgt_event.c","line":207,"t_abs":0.006614,"code":0}
