TAP version 13
# Subtest: summary/detail reads preserve declared vs observed boundaries
    # Subtest: live summary is all declarations with zero Git, proof, documents or ledger work
    ok 1 - live summary is all declarations with zero Git, proof, documents or ledger work
      ---
      duration_ms: 11.838667
      type: 'test'
      ...
    # Subtest: timing declarations share the summary observation without loading waiting/proof or poisoning existing progress
    ok 2 - timing declarations share the summary observation without loading waiting/proof or poisoning existing progress
      ---
      duration_ms: 178.711542
      type: 'test'
      ...
    # Subtest: source errors, bounded declarations and frozen fallback remain explicit
    ok 3 - source errors, bounded declarations and frozen fallback remain explicit
      ---
      duration_ms: 43.277709
      type: 'test'
      ...
    # Subtest: summary HTTP finishes while assignment observation is unresolved; no completed response cache
    ok 4 - summary HTTP finishes while assignment observation is unresolved; no completed response cache
      ---
      duration_ms: 15.679291
      type: 'test'
      ...
    # Subtest: selected detail observes only task+main, fresh dirty/deleted/main changes and legacy shape
    ok 5 - selected detail observes only task+main, fresh dirty/deleted/main changes and legacy shape
      ---
      duration_ms: 996.98975
      type: 'test'
      ...
    # Subtest: status changing during detail is not a current proof
    ok 6 - status changing during detail is not a current proof
      ---
      duration_ms: 163.222292
      type: 'test'
      ...
    # Subtest: assignment matching preserves all claims, stale ownership and unknown failures
    ok 7 - assignment matching preserves all claims, stale ownership and unknown failures
      ---
      duration_ms: 0.37475
      type: 'test'
      ...
    # Subtest: server read-only boundary, selected detail coalescing, documents and snapshot compatibility
    ok 8 - server read-only boundary, selected detail coalescing, documents and snapshot compatibility
      ---
      duration_ms: 575.314459
      type: 'test'
      ...
    # Subtest: ACCESS private handler precedes read-only routing and never leaks into dashboard observations
    ok 9 - ACCESS private handler precedes read-only routing and never leaks into dashboard observations
      ---
      duration_ms: 424.247458
      type: 'test'
      ...
    1..9
ok 1 - summary/detail reads preserve declared vs observed boundaries
  ---
  duration_ms: 2596.476959
  type: 'test'
  ...
# {"repositories":2,"tasks":2,"pg":0,"registry":"synthetic only"}
1..1
# tests 10
# suites 0
# pass 10
# fail 0
# cancelled 0
# skipped 0
# todo 0
# duration_ms 2659.987
