
DevTools listening on ws://127.0.0.1:64634/devtools/browser/93061e64-442a-4a80-ab99-b7d2caf54e09
Trying to load the allocator multiple times. This is *not* supported.
[17651:125617968:1007/020058.079209:ERROR:ui/display/mac/cv_display_link_mac.mm:188] CVDisplayLinkCreateWithCGDisplay failed. CVReturn: -6670
[17651:125618173:1007/020058.079482:ERROR:ui/display/mac/cv_display_link_mac.mm:188] CVDisplayLinkCreateWithCGDisplay failed. CVReturn: -6670
[17651:125617968:1007/020058.085342:ERROR:ui/display/mac/cv_display_link_mac.mm:188] CVDisplayLinkCreateWithCGDisplay failed. CVReturn: -6670
[17651:125618173:1007/020058.087096:ERROR:ui/display/mac/cv_display_link_mac.mm:188] CVDisplayLinkCreateWithCGDisplay failed. CVReturn: -6670
[17651:125617968:1007/020058.087299:ERROR:ui/display/mac/cv_display_link_mac.mm:188] CVDisplayLinkCreateWithCGDisplay failed. CVReturn: -6670
[17651:125618173:1007/020058.087332:ERROR:ui/display/mac/cv_display_link_mac.mm:188] CVDisplayLinkCreateWithCGDisplay failed. CVReturn: -6670
[17651:125617968:1007/020058.087418:ERROR:ui/display/mac/cv_display_link_mac.mm:188] CVDisplayLinkCreateWithCGDisplay failed. CVReturn: -6670
[17651:125618173:1007/020058.087443:ERROR:ui/display/mac/cv_display_link_mac.mm:188] CVDisplayLinkCreateWithCGDisplay failed. CVReturn: -6670
[17651:125617968:1007/020058.087522:ERROR:ui/display/mac/cv_display_link_mac.mm:188] CVDisplayLinkCreateWithCGDisplay failed. CVReturn: -6670
[17651:125618173:1007/020058.087547:ERROR:ui/display/mac/cv_display_link_mac.mm:188] CVDisplayLinkCreateWithCGDisplay failed. CVReturn: -6670
[17651:125617968:1007/020058.093926:ERROR:ui/display/mac/cv_display_link_mac.mm:188] CVDisplayLinkCreateWithCGDisplay failed. CVReturn: -6670
[17651:125618173:1007/020058.095715:ERROR:ui/display/mac/cv_display_link_mac.mm:188] CVDisplayLinkCreateWithCGDisplay failed. CVReturn: -6670
[17651:125617968:1007/020058.260311:ERROR:ui/display/mac/cv_display_link_mac.mm:188] CVDisplayLinkCreateWithCGDisplay failed. CVReturn: -6670
[17651:125618173:1007/020058.260386:ERROR:ui/display/mac/cv_display_link_mac.mm:188] CVDisplayLinkCreateWithCGDisplay failed. CVReturn: -6670
[17651:125617968:1007/020058.260558:ERROR:ui/display/mac/cv_display_link_mac.mm:188] CVDisplayLinkCreateWithCGDisplay failed. CVReturn: -6670
[17651:125618173:1007/020058.260598:ERROR:ui/display/mac/cv_display_link_mac.mm:188] CVDisplayLinkCreateWithCGDisplay failed. CVReturn: -6670
[17651:125617968:1007/020058.261638:ERROR:ui/display/mac/cv_display_link_mac.mm:188] CVDisplayLinkCreateWithCGDisplay failed. CVReturn: -6670
[17651:125618173:1007/020058.263706:ERROR:ui/display/mac/cv_display_link_mac.mm:188] CVDisplayLinkCreateWithCGDisplay failed. CVReturn: -6670
[17651:125617968:1007/020058.263915:ERROR:ui/display/mac/cv_display_link_mac.mm:188] CVDisplayLinkCreateWithCGDisplay failed. CVReturn: -6670
[17651:125618173:1007/020058.263955:ERROR:ui/display/mac/cv_display_link_mac.mm:188] CVDisplayLinkCreateWithCGDisplay failed. CVReturn: -6670
[17651:125617968:1007/020058.264059:ERROR:ui/display/mac/cv_display_link_mac.mm:188] CVDisplayLinkCreateWithCGDisplay failed. CVReturn: -6670
[17651:125618173:1007/020058.264087:ERROR:ui/display/mac/cv_display_link_mac.mm:188] CVDisplayLinkCreateWithCGDisplay failed. CVReturn: -6670
[17651:125617968:1007/020058.444868:ERROR:ui/display/mac/cv_display_link_mac.mm:188] CVDisplayLinkCreateWithCGDisplay failed. CVReturn: -6670
[17651:125618173:1007/020058.444947:ERROR:ui/display/mac/cv_display_link_mac.mm:188] CVDisplayLinkCreateWithCGDisplay failed. CVReturn: -6670
[17651:125617968:1007/020100.196846:ERROR:ui/display/mac/cv_display_link_mac.mm:188] CVDisplayLinkCreateWithCGDisplay failed. CVReturn: -6670
[17651:125618173:1007/020100.196895:ERROR:ui/display/mac/cv_display_link_mac.mm:188] CVDisplayLinkCreateWithCGDisplay failed. CVReturn: -6670
[17651:125617968:1007/020100.261367:ERROR:ui/display/mac/cv_display_link_mac.mm:188] CVDisplayLinkCreateWithCGDisplay failed. CVReturn: -6670
[17651:125618173:1007/020100.261435:ERROR:ui/display/mac/cv_display_link_mac.mm:188] CVDisplayLinkCreateWithCGDisplay failed. CVReturn: -6670
[17651:125617968:1007/020100.286922:ERROR:ui/display/mac/cv_display_link_mac.mm:188] CVDisplayLinkCreateWithCGDisplay failed. CVReturn: -6670
[17651:125618173:1007/020100.286962:ERROR:ui/display/mac/cv_display_link_mac.mm:188] CVDisplayLinkCreateWithCGDisplay failed. CVReturn: -6670
[17651:125617968:1007/020100.373154:ERROR:ui/display/mac/cv_display_link_mac.mm:188] CVDisplayLinkCreateWithCGDisplay failed. CVReturn: -6670
[17651:125618173:1007/020100.373274:ERROR:ui/display/mac/cv_display_link_mac.mm:188] CVDisplayLinkCreateWithCGDisplay failed. CVReturn: -6670
[17651:125617968:1007/020100.397758:ERROR:ui/display/mac/cv_display_link_mac.mm:188] CVDisplayLinkCreateWithCGDisplay failed. CVReturn: -6670
[17651:125618173:1007/020100.397803:ERROR:ui/display/mac/cv_display_link_mac.mm:188] CVDisplayLinkCreateWithCGDisplay failed. CVReturn: -6670
[17651:125617968:1007/020100.447815:ERROR:ui/display/mac/cv_display_link_mac.mm:188] CVDisplayLinkCreateWithCGDisplay failed. CVReturn: -6670
[17651:125618173:1007/020100.447909:ERROR:ui/display/mac/cv_display_link_mac.mm:188] CVDisplayLinkCreateWithCGDisplay failed. CVReturn: -6670
[17651:125617968:1007/020100.479552:ERROR:ui/display/mac/cv_display_link_mac.mm:188] CVDisplayLinkCreateWithCGDisplay failed. CVReturn: -6670
[17651:125618173:1007/020100.481480:ERROR:ui/display/mac/cv_display_link_mac.mm:188] CVDisplayLinkCreateWithCGDisplay failed. CVReturn: -6670
[13747:125617928:1007/020100.574539:ERROR:google_apis/gcm/engine/registration_request.cc:291] Registration response error message: DEPRECATED_ENDPOINT
[13747:125617928:1007/020101.244422:ERROR:google_apis/gcm/engine/connection_factory_impl.cc:484] ConnectionHandler failed with net error: -2
[13747:125617928:1007/020101.244486:ERROR:google_apis/gcm/engine/registration_request.cc:275] Registration URL fetching failed.
[13747:125611422:1007/020101.249033:ERROR:content/browser/gpu/gpu_process_host.cc:1130] GPU process exited unexpectedly: exit_code=15
[21457:125623371:1007/020101.276856:ERROR:base/apple/mach_port_rendezvous_mac.cc:256] bootstrap_look_up com.google.Chrome.MachPortRendezvousServer.1: Permission denied (1100)
[21457:125623371:1007/020101.276981:ERROR:base/memory/shared_memory_switch.cc:261] No rendezvous client, terminating process (parent died?)
