
DevTools listening on ws://127.0.0.1:63252/devtools/browser/050f8b9c-443c-46f9-8138-d30a450964dc
Trying to load the allocator multiple times. This is *not* supported.
[74647:135444960:1007/045325.877639:ERROR:ui/display/mac/cv_display_link_mac.mm:188] CVDisplayLinkCreateWithCGDisplay failed. CVReturn: -6670
[74647:135445041:1007/045325.877894:ERROR:ui/display/mac/cv_display_link_mac.mm:188] CVDisplayLinkCreateWithCGDisplay failed. CVReturn: -6670
[74647:135444960:1007/045325.879058:ERROR:ui/display/mac/cv_display_link_mac.mm:188] CVDisplayLinkCreateWithCGDisplay failed. CVReturn: -6670
[74647:135445041:1007/045325.879103:ERROR:ui/display/mac/cv_display_link_mac.mm:188] CVDisplayLinkCreateWithCGDisplay failed. CVReturn: -6670
[74647:135444960:1007/045325.879490:ERROR:ui/display/mac/cv_display_link_mac.mm:188] CVDisplayLinkCreateWithCGDisplay failed. CVReturn: -6670
[74647:135445041:1007/045325.879541:ERROR:ui/display/mac/cv_display_link_mac.mm:188] CVDisplayLinkCreateWithCGDisplay failed. CVReturn: -6670
[74647:135444960:1007/045325.879642:ERROR:ui/display/mac/cv_display_link_mac.mm:188] CVDisplayLinkCreateWithCGDisplay failed. CVReturn: -6670
[74647:135445041:1007/045325.879685:ERROR:ui/display/mac/cv_display_link_mac.mm:188] CVDisplayLinkCreateWithCGDisplay failed. CVReturn: -6670
[74647:135444960:1007/045325.879772:ERROR:ui/display/mac/cv_display_link_mac.mm:188] CVDisplayLinkCreateWithCGDisplay failed. CVReturn: -6670
[74647:135445041:1007/045325.879813:ERROR:ui/display/mac/cv_display_link_mac.mm:188] CVDisplayLinkCreateWithCGDisplay failed. CVReturn: -6670
[74647:135444960:1007/045325.885253:ERROR:ui/display/mac/cv_display_link_mac.mm:188] CVDisplayLinkCreateWithCGDisplay failed. CVReturn: -6670
[74647:135445041:1007/045325.885344:ERROR:ui/display/mac/cv_display_link_mac.mm:188] CVDisplayLinkCreateWithCGDisplay failed. CVReturn: -6670
[74647:135444960:1007/045325.992127:ERROR:ui/display/mac/cv_display_link_mac.mm:188] CVDisplayLinkCreateWithCGDisplay failed. CVReturn: -6670
[74647:135445041:1007/045325.992189:ERROR:ui/display/mac/cv_display_link_mac.mm:188] CVDisplayLinkCreateWithCGDisplay failed. CVReturn: -6670
[74647:135444960:1007/045325.993614:ERROR:ui/display/mac/cv_display_link_mac.mm:188] CVDisplayLinkCreateWithCGDisplay failed. CVReturn: -6670
[74647:135445041:1007/045325.993659:ERROR:ui/display/mac/cv_display_link_mac.mm:188] CVDisplayLinkCreateWithCGDisplay failed. CVReturn: -6670
[74647:135444960:1007/045325.994008:ERROR:ui/display/mac/cv_display_link_mac.mm:188] CVDisplayLinkCreateWithCGDisplay failed. CVReturn: -6670
[74647:135445041:1007/045325.994048:ERROR:ui/display/mac/cv_display_link_mac.mm:188] CVDisplayLinkCreateWithCGDisplay failed. CVReturn: -6670
[74647:135444960:1007/045325.994147:ERROR:ui/display/mac/cv_display_link_mac.mm:188] CVDisplayLinkCreateWithCGDisplay failed. CVReturn: -6670
[74647:135445041:1007/045325.994187:ERROR:ui/display/mac/cv_display_link_mac.mm:188] CVDisplayLinkCreateWithCGDisplay failed. CVReturn: -6670
[74647:135444960:1007/045325.994277:ERROR:ui/display/mac/cv_display_link_mac.mm:188] CVDisplayLinkCreateWithCGDisplay failed. CVReturn: -6670
[74647:135445041:1007/045325.994320:ERROR:ui/display/mac/cv_display_link_mac.mm:188] CVDisplayLinkCreateWithCGDisplay failed. CVReturn: -6670
[73869:135444958:1007/045326.069152:ERROR:base/process/process_mac.cc:53] task_policy_set TASK_CATEGORY_POLICY: (os/kern) invalid argument (4)
[73869:135444958:1007/045326.069165:ERROR:base/process/process_mac.cc:98] task_policy_set TASK_SUPPRESSION_POLICY: (os/kern) invalid argument (4)
[74647:135444960:1007/045326.133571:ERROR:ui/display/mac/cv_display_link_mac.mm:188] CVDisplayLinkCreateWithCGDisplay failed. CVReturn: -6670
[74647:135445041:1007/045326.133644:ERROR:ui/display/mac/cv_display_link_mac.mm:188] CVDisplayLinkCreateWithCGDisplay failed. CVReturn: -6670
[74647:135444960:1007/045326.134306:ERROR:ui/display/mac/cv_display_link_mac.mm:188] CVDisplayLinkCreateWithCGDisplay failed. CVReturn: -6670
[74647:135445041:1007/045326.134367:ERROR:ui/display/mac/cv_display_link_mac.mm:188] CVDisplayLinkCreateWithCGDisplay failed. CVReturn: -6670
[74647:135444960:1007/045326.134801:ERROR:ui/display/mac/cv_display_link_mac.mm:188] CVDisplayLinkCreateWithCGDisplay failed. CVReturn: -6670
[74647:135445041:1007/045326.134836:ERROR:ui/display/mac/cv_display_link_mac.mm:188] CVDisplayLinkCreateWithCGDisplay failed. CVReturn: -6670
[74647:135444960:1007/045326.134909:ERROR:ui/display/mac/cv_display_link_mac.mm:188] CVDisplayLinkCreateWithCGDisplay failed. CVReturn: -6670
[74647:135445041:1007/045326.134928:ERROR:ui/display/mac/cv_display_link_mac.mm:188] CVDisplayLinkCreateWithCGDisplay failed. CVReturn: -6670
[74647:135444960:1007/045326.135003:ERROR:ui/display/mac/cv_display_link_mac.mm:188] CVDisplayLinkCreateWithCGDisplay failed. CVReturn: -6670
[74647:135445041:1007/045326.135026:ERROR:ui/display/mac/cv_display_link_mac.mm:188] CVDisplayLinkCreateWithCGDisplay failed. CVReturn: -6670
[73869:135444958:1007/045326.225951:ERROR:base/process/process_mac.cc:53] task_policy_set TASK_CATEGORY_POLICY: (os/kern) invalid argument (4)
[73869:135444958:1007/045326.225963:ERROR:base/process/process_mac.cc:98] task_policy_set TASK_SUPPRESSION_POLICY: (os/kern) invalid argument (4)
[74647:135444960:1007/045326.293757:ERROR:ui/display/mac/cv_display_link_mac.mm:188] CVDisplayLinkCreateWithCGDisplay failed. CVReturn: -6670
[74647:135445041:1007/045326.293793:ERROR:ui/display/mac/cv_display_link_mac.mm:188] CVDisplayLinkCreateWithCGDisplay failed. CVReturn: -6670
[74647:135444960:1007/045326.294413:ERROR:ui/display/mac/cv_display_link_mac.mm:188] CVDisplayLinkCreateWithCGDisplay failed. CVReturn: -6670
[74647:135445041:1007/045326.294457:ERROR:ui/display/mac/cv_display_link_mac.mm:188] CVDisplayLinkCreateWithCGDisplay failed. CVReturn: -6670
[74647:135444960:1007/045326.294713:ERROR:ui/display/mac/cv_display_link_mac.mm:188] CVDisplayLinkCreateWithCGDisplay failed. CVReturn: -6670
[74647:135445041:1007/045326.294747:ERROR:ui/display/mac/cv_display_link_mac.mm:188] CVDisplayLinkCreateWithCGDisplay failed. CVReturn: -6670
[74647:135444960:1007/045326.294831:ERROR:ui/display/mac/cv_display_link_mac.mm:188] CVDisplayLinkCreateWithCGDisplay failed. CVReturn: -6670
[74647:135445041:1007/045326.294868:ERROR:ui/display/mac/cv_display_link_mac.mm:188] CVDisplayLinkCreateWithCGDisplay failed. CVReturn: -6670
[74647:135444960:1007/045326.294961:ERROR:ui/display/mac/cv_display_link_mac.mm:188] CVDisplayLinkCreateWithCGDisplay failed. CVReturn: -6670
[74647:135445041:1007/045326.294999:ERROR:ui/display/mac/cv_display_link_mac.mm:188] CVDisplayLinkCreateWithCGDisplay failed. CVReturn: -6670
[74647:135444960:1007/045327.925661:ERROR:ui/display/mac/cv_display_link_mac.mm:188] CVDisplayLinkCreateWithCGDisplay failed. CVReturn: -6670
[74647:135445041:1007/045327.925788:ERROR:ui/display/mac/cv_display_link_mac.mm:188] CVDisplayLinkCreateWithCGDisplay failed. CVReturn: -6670
[74647:135444960:1007/045327.994370:ERROR:ui/display/mac/cv_display_link_mac.mm:188] CVDisplayLinkCreateWithCGDisplay failed. CVReturn: -6670
[74647:135445041:1007/045327.994425:ERROR:ui/display/mac/cv_display_link_mac.mm:188] CVDisplayLinkCreateWithCGDisplay failed. CVReturn: -6670
[74647:135444960:1007/045328.019851:ERROR:ui/display/mac/cv_display_link_mac.mm:188] CVDisplayLinkCreateWithCGDisplay failed. CVReturn: -6670
[74647:135445041:1007/045328.019907:ERROR:ui/display/mac/cv_display_link_mac.mm:188] CVDisplayLinkCreateWithCGDisplay failed. CVReturn: -6670
[74647:135444960:1007/045328.059558:ERROR:ui/display/mac/cv_display_link_mac.mm:188] CVDisplayLinkCreateWithCGDisplay failed. CVReturn: -6670
[74647:135445041:1007/045328.059627:ERROR:ui/display/mac/cv_display_link_mac.mm:188] CVDisplayLinkCreateWithCGDisplay failed. CVReturn: -6670
[74647:135444960:1007/045328.084360:ERROR:ui/display/mac/cv_display_link_mac.mm:188] CVDisplayLinkCreateWithCGDisplay failed. CVReturn: -6670
[74647:135445041:1007/045328.084405:ERROR:ui/display/mac/cv_display_link_mac.mm:188] CVDisplayLinkCreateWithCGDisplay failed. CVReturn: -6670
[74647:135444960:1007/045328.130584:ERROR:ui/display/mac/cv_display_link_mac.mm:188] CVDisplayLinkCreateWithCGDisplay failed. CVReturn: -6670
[74647:135445041:1007/045328.130646:ERROR:ui/display/mac/cv_display_link_mac.mm:188] CVDisplayLinkCreateWithCGDisplay failed. CVReturn: -6670
[74647:135444960:1007/045328.155606:ERROR:ui/display/mac/cv_display_link_mac.mm:188] CVDisplayLinkCreateWithCGDisplay failed. CVReturn: -6670
[74647:135445041:1007/045328.155654:ERROR:ui/display/mac/cv_display_link_mac.mm:188] CVDisplayLinkCreateWithCGDisplay failed. CVReturn: -6670
[73869:135444958:1007/045329.769633:ERROR:base/process/process_mac.cc:53] task_policy_set TASK_CATEGORY_POLICY: (os/kern) invalid argument (4)
[73869:135444958:1007/045329.769645:ERROR:base/process/process_mac.cc:98] task_policy_set TASK_SUPPRESSION_POLICY: (os/kern) invalid argument (4)
[74647:135444960:1007/045329.849462:ERROR:ui/display/mac/cv_display_link_mac.mm:188] CVDisplayLinkCreateWithCGDisplay failed. CVReturn: -6670
[74647:135445041:1007/045329.849508:ERROR:ui/display/mac/cv_display_link_mac.mm:188] CVDisplayLinkCreateWithCGDisplay failed. CVReturn: -6670
[74647:135444960:1007/045329.850317:ERROR:ui/display/mac/cv_display_link_mac.mm:188] CVDisplayLinkCreateWithCGDisplay failed. CVReturn: -6670
[74647:135445041:1007/045329.850352:ERROR:ui/display/mac/cv_display_link_mac.mm:188] CVDisplayLinkCreateWithCGDisplay failed. CVReturn: -6670
[74647:135444960:1007/045329.850906:ERROR:ui/display/mac/cv_display_link_mac.mm:188] CVDisplayLinkCreateWithCGDisplay failed. CVReturn: -6670
[74647:135445041:1007/045329.850941:ERROR:ui/display/mac/cv_display_link_mac.mm:188] CVDisplayLinkCreateWithCGDisplay failed. CVReturn: -6670
[74647:135444960:1007/045329.851048:ERROR:ui/display/mac/cv_display_link_mac.mm:188] CVDisplayLinkCreateWithCGDisplay failed. CVReturn: -6670
[74647:135445041:1007/045329.851074:ERROR:ui/display/mac/cv_display_link_mac.mm:188] CVDisplayLinkCreateWithCGDisplay failed. CVReturn: -6670
[74647:135444960:1007/045329.851160:ERROR:ui/display/mac/cv_display_link_mac.mm:188] CVDisplayLinkCreateWithCGDisplay failed. CVReturn: -6670
[74647:135445041:1007/045329.851188:ERROR:ui/display/mac/cv_display_link_mac.mm:188] CVDisplayLinkCreateWithCGDisplay failed. CVReturn: -6670
[73869:135444958:1007/045333.233651:ERROR:base/process/process_mac.cc:53] task_policy_set TASK_CATEGORY_POLICY: (os/kern) invalid argument (4)
[73869:135444958:1007/045333.233668:ERROR:base/process/process_mac.cc:98] task_policy_set TASK_SUPPRESSION_POLICY: (os/kern) invalid argument (4)
[74647:135444960:1007/045333.289335:ERROR:ui/display/mac/cv_display_link_mac.mm:188] CVDisplayLinkCreateWithCGDisplay failed. CVReturn: -6670
[74647:135445041:1007/045333.289380:ERROR:ui/display/mac/cv_display_link_mac.mm:188] CVDisplayLinkCreateWithCGDisplay failed. CVReturn: -6670
[74647:135444960:1007/045333.290046:ERROR:ui/display/mac/cv_display_link_mac.mm:188] CVDisplayLinkCreateWithCGDisplay failed. CVReturn: -6670
[74647:135445041:1007/045333.290078:ERROR:ui/display/mac/cv_display_link_mac.mm:188] CVDisplayLinkCreateWithCGDisplay failed. CVReturn: -6670
[74647:135444960:1007/045333.290636:ERROR:ui/display/mac/cv_display_link_mac.mm:188] CVDisplayLinkCreateWithCGDisplay failed. CVReturn: -6670
[74647:135445041:1007/045333.290666:ERROR:ui/display/mac/cv_display_link_mac.mm:188] CVDisplayLinkCreateWithCGDisplay failed. CVReturn: -6670
[74647:135444960:1007/045333.290749:ERROR:ui/display/mac/cv_display_link_mac.mm:188] CVDisplayLinkCreateWithCGDisplay failed. CVReturn: -6670
[74647:135445041:1007/045333.290773:ERROR:ui/display/mac/cv_display_link_mac.mm:188] CVDisplayLinkCreateWithCGDisplay failed. CVReturn: -6670
[74647:135444960:1007/045333.290845:ERROR:ui/display/mac/cv_display_link_mac.mm:188] CVDisplayLinkCreateWithCGDisplay failed. CVReturn: -6670
[74647:135445041:1007/045333.290879:ERROR:ui/display/mac/cv_display_link_mac.mm:188] CVDisplayLinkCreateWithCGDisplay failed. CVReturn: -6670
[73869:135444958:1007/045336.762911:ERROR:base/process/process_mac.cc:53] task_policy_set TASK_CATEGORY_POLICY: (os/kern) invalid argument (4)
[73869:135444958:1007/045336.762925:ERROR:base/process/process_mac.cc:98] task_policy_set TASK_SUPPRESSION_POLICY: (os/kern) invalid argument (4)
