
> @flow/web@0.1.0 build /Users/citrine/Projects/AgentHarness/Flow-worktrees/web-plugin-management-integration/apps/web
> vite build

vite v8.3.2 building client environment for production...
transforming...
✓ 3065 modules transformed.
rendering chunks...
computing gzip size...
dist/index.html                              0.70 kB │ gzip:   0.36 kB
dist/assets/assistant-ui-CcdakA0V.css        0.96 kB │ gzip:   0.33 kB
dist/assets/PluginManagement-Dok11XwQ.css    2.84 kB │ gzip:   0.87 kB
dist/assets/index-W8e_LPOz.css              93.74 kB │ gzip:  16.96 kB
dist/assets/rolldown-runtime-qXqUbbKo.js     0.77 kB │ gzip:   0.44 kB
dist/assets/theme-CMLOPFgD.js                0.80 kB │ gzip:   0.49 kB
dist/assets/workspace-BMMSBVtD.js            1.90 kB │ gzip:   0.88 kB
dist/assets/PluginManagement-CZHRSrKR.js     9.85 kB │ gzip:   2.65 kB
dist/assets/assistant-ui-FBbM44N5.js       562.41 kB │ gzip: 169.77 kB
dist/assets/index-CFcEAw0m.js              629.53 kB │ gzip: 185.80 kB

[plugin builtin:vite-reporter] 
(!) Some chunks are larger than 500 kB after minification. Consider:
- Using dynamic import() to code-split the application
- Use build.rolldownOptions.output.codeSplitting to improve chunking: https://rolldown.rs/reference/OutputOptions.codeSplitting
- Adjust chunk size limit for this warning via build.chunkSizeWarningLimit.
✓ built in 225ms
