PASS App and collapsed Settings read no registry or lazy module; first expansion reads one personal page
PASS real App details, versions and audit are explicit and paginated without settings CSS contamination
PASS same-named center registration remains unavailable while local disable/enable changes only the live host
PASS Close and Escape return focus; collapsing aborts a pending detail and removes its reading subtree
PASS center replacement rejects a late old detail with identical plugin ID and resets the disclosure
PASS registry read failure is visible and retry preserves Settings and its independent local controls
PASS desktop and 390px light/dark Settings keep keyboard focus, readable registry and no horizontal overflow
ExpectError: expect(locator).toBeVisible() failed

Locator: getByRole('region', { name: 'Center registry', exact: true })
Expected: visible
Timeout: 5000ms
Error: element(s) not found

Call log:
  - Expect "toBeVisible" getByRole('region', { name: 'Center registry', exact: true }) with timeout 5000ms
  - waiting for getByRole('region', { name: 'Center registry', exact: true })

    at captureRawStack (/Users/citrine/Projects/AgentHarness/Flow-worktrees/web-plugin-management-integration/node_modules/.pnpm/playwright-core@1.63.0/node_modules/playwright-core/lib/coreBundle.js:8588:17)
    at callMatcherAsStep (/Users/citrine/Projects/AgentHarness/Flow-worktrees/web-plugin-management-integration/node_modules/.pnpm/playwright@1.63.0/node_modules/playwright/lib/matchers/expect.js:13310:57)
    at Object.toBeVisible (/Users/citrine/Projects/AgentHarness/Flow-worktrees/web-plugin-management-integration/node_modules/.pnpm/playwright@1.63.0/node_modules/playwright/lib/matchers/expect.js:13302:23)
    at <anonymous> (/Users/citrine/Projects/AgentHarness/Flow-worktrees/web-plugin-management-integration/apps/web/test/plugin-management-integration.browser.ts:156:92)
    at async check (/Users/citrine/Projects/AgentHarness/Flow-worktrees/web-plugin-management-integration/apps/web/test/plugin-management-integration.browser.ts:39:67)
    at async <anonymous> (/Users/citrine/Projects/AgentHarness/Flow-worktrees/web-plugin-management-integration/apps/web/test/plugin-management-integration.browser.ts:143:20) {
  matcherResult: {
    message: 'expect(locator).toBeVisible() failed\n' +
      '\n' +
      "Locator: getByRole('region', { name: 'Center registry', exact: true })\n" +
      'Expected: visible\n' +
      'Timeout: 5000ms\n' +
      'Error: element(s) not found\n' +
      '\n' +
      'Call log:\n' +
      `  - Expect "toBeVisible" getByRole('region', { name: 'Center registry', exact: true }) with timeout 5000ms\n` +
      "  - waiting for getByRole('region', { name: 'Center registry', exact: true })\n",
    pass: false,
    actual: undefined,
    name: 'toBeVisible',
    expected: 'visible',
    log: [
      `  - Expect "toBeVisible" getByRole('region', { name: 'Center registry', exact: true }) with timeout 5000ms`,
      "  - waiting for getByRole('region', { name: 'Center registry', exact: true })"
    ],
    timeout: 5000,
    ariaSnapshot: '- dialog "Extensions and appearance":\n' +
      '  - heading "Extensions and appearance" [level=2]\n' +
      '  - paragraph: Manage trusted browser extensions and inspect this center’s plugin registry. Turning an extension off does not cancel your tasks.\n' +
      '  - region "Local extension controls":\n' +
      '    - list:\n' +
      '      - listitem:\n' +
      '        - strong: flow.workspace\n' +
      '        - text: 1.0.0 · registered\n' +
      '        - button "Disable flow.workspace"\n' +
      '      - listitem:\n' +
      '        - strong: flow.theme\n' +
      '        - text: 1.0.0 · active\n' +
      '        - button "Disable flow.theme"\n' +
      '      - listitem:\n' +
      '        - strong: sample.notes\n' +
      '        - text: 1.0.0 · registered\n' +
      '        - button "Disable sample.notes"\n' +
      '      - listitem:\n' +
      '        - strong: flow.task-actions\n' +
      '        - text: 1.0.0 · registered\n' +
      '        - button "Disable flow.task-actions"\n' +
      '    - group "Appearance":\n' +
      '      - text: Appearance\n' +
      '      - button "Light" [pressed]\n' +
      '      - button "Dark"\n' +
      '    - group: Extension diagnostics (0)\n' +
      '  - group:\n' +
      '    - text: Plugin management\n' +
      '    - alert:\n' +
      '      - text: Could not load plugin management.\n' +
      '      - button "Retry plugin management"\n' +
      '  - button "Close"'
  }
}
