TAP version 13
# Subtest: summary/detail reads preserve declared vs observed boundaries
    # Subtest: live summary is all declarations with zero Git, proof, documents or ledger work
    ok 1 - live summary is all declarations with zero Git, proof, documents or ledger work
      ---
      duration_ms: 10.981042
      type: 'test'
      ...
    # Subtest: source errors, bounded declarations and frozen fallback remain explicit
    ok 2 - source errors, bounded declarations and frozen fallback remain explicit
      ---
      duration_ms: 37.0975
      type: 'test'
      ...
    # Subtest: summary HTTP finishes while assignment observation is unresolved; no completed response cache
    ok 3 - summary HTTP finishes while assignment observation is unresolved; no completed response cache
      ---
      duration_ms: 13.14925
      type: 'test'
      ...
    # Subtest: selected detail observes only task+main, fresh dirty/deleted/main changes and legacy shape
    ok 4 - selected detail observes only task+main, fresh dirty/deleted/main changes and legacy shape
      ---
      duration_ms: 829.392208
      type: 'test'
      ...
    # Subtest: status changing during detail is not a current proof
    ok 5 - status changing during detail is not a current proof
      ---
      duration_ms: 135.419083
      type: 'test'
      ...
    # Subtest: assignment matching preserves all claims, stale ownership and unknown failures
    ok 6 - assignment matching preserves all claims, stale ownership and unknown failures
      ---
      duration_ms: 0.445708
      type: 'test'
      ...
    # Subtest: server read-only boundary, selected detail coalescing, documents and snapshot compatibility
    not ok 7 - server read-only boundary, selected detail coalescing, documents and snapshot compatibility
      ---
      duration_ms: 279.497542
      type: 'test'
      location: '/Users/citrine/Projects/AgentHarness/Flow-worktrees/dashboard-summary-detail/apps/execution-dashboard/test/summary-detail.test.mjs:117:11'
      failureType: 'testCodeFailure'
      error: |-
        Expected values to be strictly equal:
        
        200 !== 403
        
      code: 'ERR_ASSERTION'
      name: 'AssertionError'
      expected: 403
      actual: 200
      operator: 'strictEqual'
      stack: |-
        TestContext.<anonymous> (file:///Users/citrine/Projects/AgentHarness/Flow-worktrees/dashboard-summary-detail/apps/execution-dashboard/test/summary-detail.test.mjs:124:12)
        process.processTicksAndRejections (node:internal/process/task_queues:104:5)
        async Test.run (node:internal/test_runner/test:1404:7)
        async TestContext.<anonymous> (file:///Users/citrine/Projects/AgentHarness/Flow-worktrees/dashboard-summary-detail/apps/execution-dashboard/test/summary-detail.test.mjs:117:3)
        async Test.run (node:internal/test_runner/test:1404:7)
        async startSubtestAfterBootstrap (node:internal/test_runner/harness:387:3)
      ...
    1..7
not ok 1 - summary/detail reads preserve declared vs observed boundaries
  ---
  duration_ms: 1461.156375
  type: 'test'
  location: '/Users/citrine/Projects/AgentHarness/Flow-worktrees/dashboard-summary-detail/apps/execution-dashboard/test/summary-detail.test.mjs:25:1'
  failureType: 'subtestsFailed'
  error: '1 subtest failed'
  code: 'ERR_TEST_FAILURE'
  ...
# {"repositories":2,"tasks":2,"pg":0,"registry":"synthetic only"}
1..1
# tests 8
# suites 0
# pass 6
# fail 2
# cancelled 0
# skipped 0
# todo 0
# duration_ms 1519.856666
