`server.hmr.protocol/host/port/path/clientPort/timeout/server` is deprecated. Use `server.ws.*` instead. Note that this option may be set by a plugin. Set VITE_DEPRECATION_TRACE=1 to see where it is called.

DevTools listening on ws://127.0.0.1:58729/devtools/browser/a7525994-72c4-4ede-841a-26a7821a33a4
Trying to load the allocator multiple times. This is *not* supported.
[17610:143080344:1007/070018.706095:ERROR:ui/display/mac/cv_display_link_mac.mm:188] CVDisplayLinkCreateWithCGDisplay failed. CVReturn: -6670
[17610:143080529:1007/070018.706661:ERROR:ui/display/mac/cv_display_link_mac.mm:188] CVDisplayLinkCreateWithCGDisplay failed. CVReturn: -6670
[17610:143080344:1007/070018.707782:ERROR:ui/display/mac/cv_display_link_mac.mm:188] CVDisplayLinkCreateWithCGDisplay failed. CVReturn: -6670
[17610:143080529:1007/070018.707848:ERROR:ui/display/mac/cv_display_link_mac.mm:188] CVDisplayLinkCreateWithCGDisplay failed. CVReturn: -6670
[17610:143080344:1007/070018.708383:ERROR:ui/display/mac/cv_display_link_mac.mm:188] CVDisplayLinkCreateWithCGDisplay failed. CVReturn: -6670
[17610:143080529:1007/070018.708428:ERROR:ui/display/mac/cv_display_link_mac.mm:188] CVDisplayLinkCreateWithCGDisplay failed. CVReturn: -6670
[17610:143080344:1007/070018.708567:ERROR:ui/display/mac/cv_display_link_mac.mm:188] CVDisplayLinkCreateWithCGDisplay failed. CVReturn: -6670
[17610:143080529:1007/070018.708615:ERROR:ui/display/mac/cv_display_link_mac.mm:188] CVDisplayLinkCreateWithCGDisplay failed. CVReturn: -6670
[17610:143080344:1007/070018.708716:ERROR:ui/display/mac/cv_display_link_mac.mm:188] CVDisplayLinkCreateWithCGDisplay failed. CVReturn: -6670
[17610:143080529:1007/070018.708769:ERROR:ui/display/mac/cv_display_link_mac.mm:188] CVDisplayLinkCreateWithCGDisplay failed. CVReturn: -6670
[17610:143080344:1007/070018.715618:ERROR:ui/display/mac/cv_display_link_mac.mm:188] CVDisplayLinkCreateWithCGDisplay failed. CVReturn: -6670
[17610:143080529:1007/070018.715680:ERROR:ui/display/mac/cv_display_link_mac.mm:188] CVDisplayLinkCreateWithCGDisplay failed. CVReturn: -6670
[17610:143080344:1007/070018.823652:ERROR:ui/display/mac/cv_display_link_mac.mm:188] CVDisplayLinkCreateWithCGDisplay failed. CVReturn: -6670
[17610:143080529:1007/070018.823727:ERROR:ui/display/mac/cv_display_link_mac.mm:188] CVDisplayLinkCreateWithCGDisplay failed. CVReturn: -6670
[17610:143080344:1007/070018.825262:ERROR:ui/display/mac/cv_display_link_mac.mm:188] CVDisplayLinkCreateWithCGDisplay failed. CVReturn: -6670
[17610:143080529:1007/070018.825320:ERROR:ui/display/mac/cv_display_link_mac.mm:188] CVDisplayLinkCreateWithCGDisplay failed. CVReturn: -6670
[17610:143080344:1007/070018.826191:ERROR:ui/display/mac/cv_display_link_mac.mm:188] CVDisplayLinkCreateWithCGDisplay failed. CVReturn: -6670
[17610:143080529:1007/070018.826244:ERROR:ui/display/mac/cv_display_link_mac.mm:188] CVDisplayLinkCreateWithCGDisplay failed. CVReturn: -6670
[17610:143080344:1007/070018.826358:ERROR:ui/display/mac/cv_display_link_mac.mm:188] CVDisplayLinkCreateWithCGDisplay failed. CVReturn: -6670
[17610:143080529:1007/070018.826408:ERROR:ui/display/mac/cv_display_link_mac.mm:188] CVDisplayLinkCreateWithCGDisplay failed. CVReturn: -6670
[17610:143080344:1007/070018.826562:ERROR:ui/display/mac/cv_display_link_mac.mm:188] CVDisplayLinkCreateWithCGDisplay failed. CVReturn: -6670
[17610:143080529:1007/070018.826609:ERROR:ui/display/mac/cv_display_link_mac.mm:188] CVDisplayLinkCreateWithCGDisplay failed. CVReturn: -6670
[17610:143080344:1007/070020.468844:ERROR:ui/display/mac/cv_display_link_mac.mm:188] CVDisplayLinkCreateWithCGDisplay failed. CVReturn: -6670
[17610:143080529:1007/070020.468896:ERROR:ui/display/mac/cv_display_link_mac.mm:188] CVDisplayLinkCreateWithCGDisplay failed. CVReturn: -6670
[17610:143080344:1007/070020.528112:ERROR:ui/display/mac/cv_display_link_mac.mm:188] CVDisplayLinkCreateWithCGDisplay failed. CVReturn: -6670
[17610:143080529:1007/070020.528174:ERROR:ui/display/mac/cv_display_link_mac.mm:188] CVDisplayLinkCreateWithCGDisplay failed. CVReturn: -6670
[17610:143080344:1007/070020.554393:ERROR:ui/display/mac/cv_display_link_mac.mm:188] CVDisplayLinkCreateWithCGDisplay failed. CVReturn: -6670
[17610:143080529:1007/070020.554467:ERROR:ui/display/mac/cv_display_link_mac.mm:188] CVDisplayLinkCreateWithCGDisplay failed. CVReturn: -6670
[17610:143080344:1007/070020.604604:ERROR:ui/display/mac/cv_display_link_mac.mm:188] CVDisplayLinkCreateWithCGDisplay failed. CVReturn: -6670
[17610:143080529:1007/070020.604670:ERROR:ui/display/mac/cv_display_link_mac.mm:188] CVDisplayLinkCreateWithCGDisplay failed. CVReturn: -6670
[17610:143080344:1007/070020.629895:ERROR:ui/display/mac/cv_display_link_mac.mm:188] CVDisplayLinkCreateWithCGDisplay failed. CVReturn: -6670
[17610:143080529:1007/070020.629959:ERROR:ui/display/mac/cv_display_link_mac.mm:188] CVDisplayLinkCreateWithCGDisplay failed. CVReturn: -6670
[17610:143080344:1007/070020.675688:ERROR:ui/display/mac/cv_display_link_mac.mm:188] CVDisplayLinkCreateWithCGDisplay failed. CVReturn: -6670
[17610:143080529:1007/070020.675752:ERROR:ui/display/mac/cv_display_link_mac.mm:188] CVDisplayLinkCreateWithCGDisplay failed. CVReturn: -6670
[17610:143080344:1007/070020.702317:ERROR:ui/display/mac/cv_display_link_mac.mm:188] CVDisplayLinkCreateWithCGDisplay failed. CVReturn: -6670
[17610:143080529:1007/070020.702375:ERROR:ui/display/mac/cv_display_link_mac.mm:188] CVDisplayLinkCreateWithCGDisplay failed. CVReturn: -6670
[13878:143080308:1007/070020.934264:ERROR:google_apis/gcm/engine/registration_request.cc:291] Registration response error message: DEPRECATED_ENDPOINT
[17610:143080344:1007/070026.553529:ERROR:gpu/command_buffer/service/shared_image/shared_image_manager.cc:260] SharedImageManager::ProduceSkia: Trying to Produce a Skia representation from a non-existent mailbox.
[17610:143080344:1007/070026.553569:ERROR:gpu/command_buffer/service/shared_image/shared_image_manager.cc:260] SharedImageManager::ProduceSkia: Trying to Produce a Skia representation from a non-existent mailbox.
[17610:143080344:1007/070026.553585:ERROR:gpu/command_buffer/service/shared_image/shared_image_manager.cc:260] SharedImageManager::ProduceSkia: Trying to Produce a Skia representation from a non-existent mailbox.
[17610:143080344:1007/070026.553599:ERROR:gpu/command_buffer/service/shared_image/shared_image_manager.cc:260] SharedImageManager::ProduceSkia: Trying to Produce a Skia representation from a non-existent mailbox.
[17610:143080344:1007/070026.553612:ERROR:gpu/command_buffer/service/shared_image/shared_image_manager.cc:260] SharedImageManager::ProduceSkia: Trying to Produce a Skia representation from a non-existent mailbox.
[13878:143080308:1007/070026.622323:ERROR:google_apis/gcm/engine/connection_factory_impl.cc:484] ConnectionHandler failed with net error: -2
