PASS real P01 entry is explicit and current-task bound; registration reads zero
PASS same mounted draft survives Hide, native hidden, split/merge and independent B task
PASS Enter sends a separate original-key command; unknown retry and late new draft remain independent
PASS accepted-unresolved close protection; explicit observation resolves without claiming model compliance
PASS plugin disable/enable retains local draft and never auto-resubmits or reads on restoration
PASS offline invalidates in-flight ACK without clearing original receipt or new draft
Error: expect(locator).toHaveValue(expected) failed

Locator: getByRole('region', { name: 'Running task steering', exact: true }).visible().getByLabel('Additional instruction', { exact: true })
Timeout: 5000ms
- Expected  - 1
+ Received  + 1

+
  Draft after held write
-

Call log:
  - Expect "toHaveValue" getByRole('region', { name: 'Running task steering', exact: true }).visible().getByLabel('Additional instruction', { exact: true }) with timeout 5000ms
  - waiting for getByRole('region', { name: 'Running task steering', exact: true }).visible().getByLabel('Additional instruction', { exact: true })
    14 × locator resolved to <textarea rows="3" id="_r_v_">↵Draft after held write</textarea>
       - unexpected value "
Draft after held write"

    at captureRawStack (/Users/citrine/Projects/AgentHarness/Flow-worktrees/web-steering-integration/node_modules/.pnpm/playwright-core@1.63.0/node_modules/playwright-core/lib/coreBundle.js:8588:17)
    at callMatcherAsStep (/Users/citrine/Projects/AgentHarness/Flow-worktrees/web-steering-integration/node_modules/.pnpm/playwright@1.63.0/node_modules/playwright/lib/matchers/expect.js:13310:57)
    at Object.toHaveValue (/Users/citrine/Projects/AgentHarness/Flow-worktrees/web-steering-integration/node_modules/.pnpm/playwright@1.63.0/node_modules/playwright/lib/matchers/expect.js:13302:23)
    at <anonymous> (/Users/citrine/Projects/AgentHarness/Flow-worktrees/web-steering-integration/apps/web/test/conversation-steering-integration.browser.ts:46:151)
    at async check (/Users/citrine/Projects/AgentHarness/Flow-worktrees/web-steering-integration/apps/web/test/conversation-steering-integration.browser.ts:21:56)
    at async <anonymous> (/Users/citrine/Projects/AgentHarness/Flow-worktrees/web-steering-integration/apps/web/test/conversation-steering-integration.browser.ts:45:2)
undefined
/Users/citrine/Projects/AgentHarness/Flow-worktrees/web-steering-integration/apps/web:
 ERR_PNPM_RECURSIVE_EXEC_FIRST_FAIL  Command failed with exit code 1: tsx test/conversation-steering-integration.browser.ts
