
> @flow/web@0.1.0 build /Users/citrine/Projects/AgentHarness/Flow-worktrees/web-steering-integration/apps/web
> vite build

vite v8.3.2 building client environment for production...
transforming...
✓ 3112 modules transformed.
rendering chunks...
computing gzip size...
dist/index.html                              0.70 kB │ gzip:   0.36 kB
dist/assets/assistant-ui-CcdakA0V.css        0.96 kB │ gzip:   0.33 kB
dist/assets/PluginManagement-Dok11XwQ.css    2.84 kB │ gzip:   0.87 kB
dist/assets/index-6AhJsUTi.css             107.03 kB │ gzip:  19.02 kB
dist/assets/rolldown-runtime-qXqUbbKo.js     0.77 kB │ gzip:   0.44 kB
dist/assets/theme-Cigjjzws.js                0.80 kB │ gzip:   0.49 kB
dist/assets/workspace-DRQpo47Z.js            1.90 kB │ gzip:   0.88 kB
dist/assets/PluginManagement-Dc3AC1z-.js     9.85 kB │ gzip:   2.65 kB
dist/assets/assistant-ui-LL33Cmy3.js       658.87 kB │ gzip: 197.40 kB
dist/assets/index-Bae78TAy.js              719.01 kB │ gzip: 209.90 kB

[plugin builtin:vite-reporter] 
(!) Some chunks are larger than 500 kB after minification. Consider:
- Using dynamic import() to code-split the application
- Use build.rolldownOptions.output.codeSplitting to improve chunking: https://rolldown.rs/reference/OutputOptions.codeSplitting
- Adjust chunk size limit for this warning via build.chunkSizeWarningLimit.
✓ built in 623ms
