/Users/citrine/Projects/AgentHarness/Flow-worktrees/web-steering-control/apps/web/test/conversation-steering.browser.ts:67
if(failure||errors.length)throw Error(failure??errors.join("\n"));
                                ^

Error: Error: expect(locator).toBeVisible() failed

Locator: getByText('Acceptance unknown', { exact: true })
Expected: visible
Timeout: 5000ms
Error: element(s) not found

Call log:
  - Expect "toBeVisible" getByText('Acceptance unknown', { exact: true }) with timeout 5000ms
  - waiting for getByText('Acceptance unknown', { exact: true })

    at captureRawStack (/Users/citrine/Projects/AgentHarness/Flow-worktrees/web-steering-control/node_modules/.pnpm/playwright-core@1.63.0/node_modules/playwright-core/lib/coreBundle.js:8588:17)
    at callMatcherAsStep (/Users/citrine/Projects/AgentHarness/Flow-worktrees/web-steering-control/node_modules/.pnpm/playwright@1.63.0/node_modules/playwright/lib/matchers/expect.js:13310:57)
    at Object.toBeVisible (/Users/citrine/Projects/AgentHarness/Flow-worktrees/web-steering-control/node_modules/.pnpm/playwright@1.63.0/node_modules/playwright/lib/matchers/expect.js:13302:23)
    at <anonymous> (/Users/citrine/Projects/AgentHarness/Flow-worktrees/web-steering-control/apps/web/test/conversation-steering.browser.ts:37:213)
    at async check (/Users/citrine/Projects/AgentHarness/Flow-worktrees/web-steering-control/apps/web/test/conversation-steering.browser.ts:15:56)
    at async <anonymous> (/Users/citrine/Projects/AgentHarness/Flow-worktrees/web-steering-control/apps/web/test/conversation-steering.browser.ts:36:3)
    at <anonymous> (/Users/citrine/Projects/AgentHarness/Flow-worktrees/web-steering-control/apps/web/test/conversation-steering.browser.ts:67:33)
    at process.processTicksAndRejections (node:internal/process/task_queues:104:5)

Node.js v24.20.0
