
 RUN  v4.0.18 /Users/citrine/Projects/AgentHarness/Flow-worktrees/web-steering-control

 ❯ apps/web/test/conversation-steering.test.ts (30 tests | 1 failed) 1416ms
     ✓ does no reads until explicitly visible, authorized and refreshed; old center remains unavailable 3ms
     ✓ rejects invalid UTF8 before allocating receipt/HTTP: "" 2ms
     ✓ rejects invalid UTF8 before allocating receipt/HTTP: " " 0ms
     ✓ rejects invalid UTF8 before allocating receipt/HTTP: "nul\u0000" 0ms
     ✓ rejects invalid UTF8 before allocating receipt/HTTP: "\ud800" 0ms
     ✓ rejects invalid UTF8 before allocating receipt/HTTP: "你你你你你你你你你你你你你你你你你你你你你你你你你你你你你你你你你你你你你你你你你你你你你你你你你你你你你你你你你你你你你你你你你你你你你你你你你你你你你你你你你你你你你你你你你你你你你你你你你你你你你你你你你你你你你你你你你你你你你你你你你你你你你你你你你你你你你你你你你你你你你你你你你你你你你你你你你你你你你你你你你你你你你你你你你你你你你你你你你你你你你你你你你你你你你你你你你你你你你你你你你你你你你你你你你你你你你你你你你你你你你你你你你你你你你你你你你你你你你你你你你你你你你你你你你你你你你你你你你你你你你你你你你你你你你你你你你你你你你你你你你你你你你你你你你你你你你你你你你你你你你你你你你你你你你你你你你你你你你你你你你你你你你你你你你你你你你你你你你你你你你你你你你你你你你你你你你你你你你你你你你你你你你你你你你你你你你你你你你你你你你你你你你你你你你你你你你你你你你你你你你你你你你你你你你你你你你你你你你你你你你你你你你你你你你你你你你你你你你你你你你你你你你你你你你你你你你你你你你你你你你你你你你你你你你你你你你你你你你你你你你你你你你你你你你你你你你你你你你你你你你你你你你你你你你你你你你你你你你你你你你你你你你你你你你你你你你你你你你你你你你你你你你你你你你你你你你你你你你你你你你你你你你你你你你你你你你你你你你你你你你你你你你你你你你你你你你你你你你你你你你你你你你你你你你你你你你你你你你你你你你你你你你你你你你你你你你你你你你你你你你你你你你你你你你你你你你你你你你你你你你你你你你你你你你你你你你你你你你你你你你你你你你你你你你你你你你你你你你你你你你你你你你你你你你你你你你你你你你你你你你你你你你你你你你你你你你你你你你你你你你你你你你你你你你你你你你你你你你你你你你你你你你你你你你你你你你你你你你你你你你你你你你你你你你你你你你你你你你你你你你你你你你你你你你你你你你你你你你你你你你你你你你你你你你你你你你你你你你你你你你你你你你你你你你你你你你你你你你你你你你你你你你你你你你你你你你你你你你你你你你你你你你你你你你你你你你你你你你你你你你你你你你你你你你你你你你你你你你你你你你你你你你你你你你你你你你你你你你你你你你你你你你你你你你你你你你你你你你你你你你你你你你你你你你你你你你你你你你你你你你你你你你你你你你你你你你你你你你你你你你你你你你你你你你你你你你你你你你你你你你你你你你你你你你你你你你你你你你你你你你你你你你你你你你你你你你你你你你你你你你你你你你你你你你你你你你你你你你你你你你你你你你你你你你你你你你你你你你你你你你你你你你你你你你你你你你你你你你你你你你你你你你你你你你你你你你你你你你你你你你你你你你你你你你你你你你你你你你你你你你你你你你你你你你你你你你你你你你你你你你你你你你你你你你你你你你你你你你你你你你你你你你你你你你你你你你你你你你你你你你你你你你你你你你你你你你你你你你你你你你你你你你你你你你你你你你你你你你你你你你你你你你你你你你你你你你你你你你你你你你你你你你你你你你你你你你你你你你你你你你你你你你你你你你你你你你你你你你你你你你你你你你你你你你你你你你你你你你你你你你你你你你你你你你你你你你你你你你你你你你你你你你你你你你你你你你你你你你你你你你你你你你你你你你你你你你你你你你你你你你你你你你你你你你你你你你你你你你你你你你你你你你你你你你你你你你你你你你你你你你你你你你你你你你你你你你你你你你你你你你你你你你你你你你你你你你你你你你你你你你你你你你你你你你你你你你你你你你你你你你你你你你你你你你你你你你你你你你你你你你你你你你你你你你你你你你你你你你你你你你你你你你你你你你你你你你你你你你你你你你你你你你你你你你你你你你你你你你你你你你你你你你你你你你你你你你你你你你你你你你你你你你你你你你你你你你你你你你你你你你你你你你你你你你你你你你你你你你你你你你你你你你你你你你你你你你你你你你你你你你你你你你你你你你你你你你你你你你你你你你你你你你你你你你你你你你你你你你你你你你你你你你你你你你你你你你你你你你你你你你你你你你你你你你你你你你你你你你你你你你你你你你你你你你你你你你你你你你你你你你你你你你你你你你你你你你你你你你你你你你你你你你你你你你你你你你你你你你你你你你你你你你你你你你你你你你你你你你你你你你你你你你你你你你你你你你你你你你你你你你你你你你你你你你你你你你你你你你你你你你你你你你你你你你你你你你你你你你你你你你你你你你你你你你你你你你你你你你你你你你你你你你你你你你你你你你你你你你你你你你你你你你你你你你你你你你你你你你你你你你你你你你你你你你你你你你你你你你你你你你你你你你你你你你你你你你你你你你你你你你你你你你你你你你你你你你你你你你你你你你你你你你你你你你你你你你你你你你你你你你你你你你你你你你你你你你你你你你你你你你你你你你你你你你你你你你你你你你你你你你你你你你你你你你你你你你你你你你你你你你你你你你你你你你你你你你你你你你你你你你你你你你你你你你你你你你你你你你你你你你你你你你你你你你你你你你你你你你你你你你你你你你你你你你你你你你你你你你你你你你你你你你你你你你你你你你你你你你你你你你你你你你你你你你你你你你你你你你你你你你你你你你你你你你你你你你你你你你你你你你你你你你你你你你你你你你你你你你你你你你你你你你你你你你你你你你你你你你你你你你你你你你你你你你你你你你你你你你你你你你你你你你你你你你你你你你你你你你你你你你你你你你你你你你你你你你你你你你你你你你你你你你你你你你你你你你你你你你你你你你你你你你你你你你你你你你你你你你你你你你你你你你你你你你你你你你你你你你你你你你你你你你你你你你你你你你你你你你你你你你你你你你你你你你你你你你你你你你你你你你你你你你你你你你你你你你你你你你你你你你你你你你你你你你你你你你你你你你你你你你你你你你你你你你你你你你你你你你你你你你你你你你你你你你你你你你你你你你你你你你你你你你你你你你你你你你你你你你你你你你你你你你你你你你你你你你你你你你你你你你你你你你你你你你你你你你你你你你你你你你你你你你你你你你你你你你你你你你你你你你你你你你你你你你你你你你你你你你你你你你你你你你你你你你你你你你你你你你你你你你你你你你你你你你你你你你你你你你你你你你你你你你你你你你你你你你你你你你你你你你你你你你你你你你你你你你你你你你你你你你你你你你你你你你你你你你你你你你你你你你你你你你你你你你你你你你你你你你你你你你你你你你你你你你你你你你你你你你你你你你你你你你你你你你你你你你你你你你你你你你你你你你你你你你你你你你你你你你你你你你你你你你你你你你你你你你你你你你你你你你你你你你你你你你你你你你你你你你你你你你你你你你你你你你你你你你你你你你你你你你你你你你你你你你你你你你你你你你你你你你你你你你你你你你你你你你你你你你你你你你你你你你你你你你你你你你你你你你你你你你你你你你你你你你你你你你你你你你你你你你你你你你你你你你你你你你你你你你你你你你你你你你你你你你你你你你你你你你你你你你你你你你你你你你你你你你你你你你你你你你你你你你你你你你你你你你你你你你你你你你你你你你你你你你你你你你你你你你你你你你你你你你你你你你你你你你你你你你你你你你你你你你你你你你你你你你你你你你你你你你你你你你你你你你你你你你你你你你你你你你你你你你你你你你你你你你你你你你你你你你你你你你你你你你你你你你你你你你你你你你你你你你你你你你你你你你你你你你你你你你你你你你你你你你你你你你你你你你你你你你你你你你你你你你你你你你你你你你你你你你你你你你你你你你你你你你你你你你你你你你你你你你你你你你你你你你你你你你你你你你你你你你你你你你你你你你你你你你你你你你你你你你你你你你你你你你你你你你你你你你你你你你你你你你你你你你你你你你你你你你你你你你你你你你你你你你你你你你你你你你你你你你你你你你你你你你你你你你你你你你你你你你你你你你你你你你你你你你你你你你你你你你你你你你你你你你你你你你你你你你你你你你你你你你你你你你你你你你你你你你你你你你你你你你你你你你你你你你你你你你你你你你你你你你你你你你你你你你你你你你你你你你你你你你你你你你你你你你你你你你你你你你你你你你你你你你你你你你你你你你你你你你你你你你你你你你你你你你你你你你你你你你你你你你你你你你你你你你你你你你你你你你你你你你你你你你你你你你你你你你你你你你你你你你你你你你你你你你你你你你你你你你你你你你你你你你你你你你你你你你你你你你你你你你你你你你你你你你你你你你你你你你你你你你你你你你你你你你你你你你你你你你你你你你你你你你你你你你你你你你你你你你你你你你你你你你你你你你你你你你你你你你你你你你你你你你你你你你你你你你你你你你你你你你你你你你你你你你你你你你你你你你你你你你你你你你你你你你你你你你你你你你你你你你你你你你你你你你你你你你你你你你你你你你你你你你你你你你你你你你你你你你你你你你你你你你你你你你你你你你你你你你你你你你你你你你你你你你你你你你你你你你你你你你你你你你你你你你你你你你你你你你你你你你你你你你你你你你你你你你你你你你你你你你你你你你你你你你你你你你你你你你你你你你你你你你你你你你你你你你你你你你你你你你你你你你你你你你你你你你你你你你你你你你你你你你你你你你你你你你你你你你你你你你你你你你你你你你你你你你你你你你你你你你你你你你你你你你你你你你你你你你你你你你你你你你你你你你你你你你你你你你你你你你你你你你你你你你你你你你你你你你你你你你你你你你你你你你你你你你你你你你你你你你你你你你你你你你你你你你你你你你你你你你你你你你你你你你你你你你你你你你你你你你你你你你你你你你你你你你你你你你你你你你你你你你你你你你你你你你你你你你你你你你你你你你你你你你你你你你你你你你你你你你你你你你你你你你你你你你你你你你你你你你你你你你你你你你你你你你你你你你你你你你你你你你你你你你你你你你你你你你你你你你你你你你你你你你你你你你你你你你你你你你你你你你你你你你你你你你你你你你你你你你你你你你你你你你你你你你你你你你你你你你你你你你你你你你你你你你你你你你你你你你你你你你你你你你你你你你你你你你你你你你你你你你你你你你你你你你你你你你你你你你你你你你你你你你你你你你你你你你你你你你你你你你你你你你你你你你你你你你你你你你你你你你你你你你你你你你你你你你你你你你你你你你你你你你你你你你你你你你你你你你你你你你你你你你你你你你你你你你你你你你你你你你你你你你你你你你你你你你你你你你你你你你你你你你你你你你你你你你你你你你你你你你你你你你你你你你你你你你你你你你你你你你你你你你你你你你你你你你你你你你你你你你你你你你你你你你你你你你你你你你你你你你你你你你你你你你你你你你你你你你你你你你你你你你你你你你你你你你你你你你你你你你你你你你你你你你你你你你你你你你你你你你你你你你你你你你你你你你你你你你你你你你你你你你你你你你你你你你你你你你你你你你你你你你你你你你你你你你你你你你你你你你你你你你你你你你你你你你你你你你你你你你你你你你你你你你你你你你你你你你你你你你你你你你你你你你你你你你你你你你你你你你你你你你你你你你你你你你你你你你你你你你你你你你你你你你你你你你你你你你你你你你你你你你你你你你你你你你你你你你你你你你你你你你你你你你你你你你你你你你你你你你你你你你你你你你你你你你你你你你你你你你你你你你你你你你你你你你你你你你你你你你你你你你你你你你你你你你你你你你你你你你你你你你你你你你你你你你你你你你你你你你你你你你你你你你你你你你你你你你你你你你你你你你你你你你你你你你你你你你你你你你你你你你你你你你你你你你你你你你你你你你你你你你你你你你你你你你你你你你你你你你你你你你你你你你你你你你你你你你你你你你你你你你你你你你你你你你你你你你你你你你你你你你你你你你你你你你你你你你你你你你你你你你你你你你你你你你你你你你你你你你你你你你你你你你你你你你你你你你你你你你你你你你你你你你你你你你你你你你你你你你你你你你你你你你你你你你你你你你你你你你你你你你你你你你你你你你你你你你你你你你你你你你你你你你你你你你你你你你你你你你你你你你你你你你你你你你你你你你你你你你你你你你你你你你你你你你你你你你你你你你你你你你你你你你你你你你你你你你你你你你你你你你你你你你你你你你你你你你你你你你你你你你你你你你你你你你你你你你你你你你你你你你你你你你你你你你你你你你你你你你你你你你你你你你你你你你你你你你你你你你你你你你你你你你你你你你你你你你你你你你你你你你你你你你你你你你你你你你你你你你你你你你你你你你你你你你你你你你你你你你你你你你你你你你你你你你你你你你你你你你你你你你你你你你你你你你你你你你你你你你你你你你你你你你你你你你你你你你你你你你你你你你你你你你你你你你你你你你你你你你你你你你你你你你你你你你你你你你你你你你你你你你你你你你你你你你你你你你你你你你你你你你你你你你你你你你你你你你你你你你你你你你你你你你你你你你你你你你你你你你你你你你你你你你你" 0ms
     ✓ freezes validated payload and preserves digest/UTF8 identity 53ms
     ✓ guards concurrent submit during digest and handles digest rejection 1ms
     ✓ revocation during digest performs zero handoff 0ms
     ✓ unknown retries exact key/body despite new admission unavailable and subsequent4xx never erases uncertainty 102ms
     ✓ initial definite CAS rejection refreshes admission without automatic resubmit 52ms
     ✓ bad ACK task remains unknown 51ms
     ✓ bad ACK attempt remains unknown 51ms
     ✓ bad ACK owner remains unknown 52ms
     ✓ bad ACK revision remains unknown 51ms
     ✓ bad ACK bytes remains unknown 52ms
     ✓ bad ACK digest remains unknown 56ms
     ✓ bad ACK uuid remains unknown 51ms
     ✓ bad ACK session remains unknown 50ms
     ✓ saved accepted replay cannot replace newer observed-consumed metadata 101ms
     ✓ refreshes every loaded page at same revision to see receipt updates 1ms
     ✓ hidden abort preserves unknown original receipt and ignores late result; reconnect can retry 52ms
     ✓ dispose isolates a new center with identical IDs and consumes late rejection 0ms
     ✓ metadata batches fail atomically on malformed identity and page bounds 0ms
     ✓ request timeout exposes an error and releases read gate even if port ignores abort 1ms
     ✓ bounded local receipt capacity rejects new handoff until resolved entries explicitly cleared  412ms
     ✓ unknown receipt cannot be cleared for capacity 52ms
     × attempt history has a hard bound without dropping uncertain receipts 167ms
     ✓ conflicting same receipt revision and changed native identity fail closed without partial publish 1ms
     ✓ wrong admission identity never grants sending 0ms

⎯⎯⎯⎯⎯⎯⎯ Failed Tests 1 ⎯⎯⎯⎯⎯⎯⎯

 FAIL  apps/web/test/conversation-steering.test.ts > bound steering control > attempt history has a hard bound without dropping uncertain receipts
AssertionError: expected false to be true // Object.is equality

- Expected
+ Received

- true
+ false

 ❯ apps/web/test/conversation-steering.test.ts:42:333


⎯⎯⎯⎯⎯⎯⎯⎯⎯⎯⎯⎯⎯⎯⎯⎯⎯⎯⎯⎯⎯⎯⎯⎯[1/1]⎯


 Test Files  1 failed (1)
      Tests  1 failed | 29 passed (30)
   Start at  01:54:16
   Duration  1.71s (transform 126ms, setup 0ms, import 204ms, tests 1.42s, environment 0ms)

