ExpectError: expect(received).toBe(expected) // Object.is equality

Expected: 1
Received: 0

Call Log:
- Timeout 5000ms exceeded while waiting on the predicate
    at captureRawStack (/Users/citrine/Projects/AgentHarness/Flow-worktrees/web-attachment-input-preview/node_modules/.pnpm/playwright-core@1.63.0/node_modules/playwright-core/lib/coreBundle.js:8588:17)
    at callMatcherAsStep (/Users/citrine/Projects/AgentHarness/Flow-worktrees/web-attachment-input-preview/node_modules/.pnpm/playwright@1.63.0/node_modules/playwright/lib/matchers/expect.js:13310:57)
    at Object.toBe (/Users/citrine/Projects/AgentHarness/Flow-worktrees/web-attachment-input-preview/node_modules/.pnpm/playwright@1.63.0/node_modules/playwright/lib/matchers/expect.js:13302:23)
    at main (/Users/citrine/Projects/AgentHarness/Flow-worktrees/web-attachment-input-preview/apps/web/test/attachment-input.browser.ts:63:319) {
  matcherResult: {
    pass: false,
    message: 'expect(received).toBe(expected) // Object.is equality\n' +
      '\n' +
      'Expected: 1\n' +
      'Received: 0\n' +
      '\n' +
      'Call Log:\n' +
      '- Timeout 5000ms exceeded while waiting on the predicate',
    name: 'toBe'
  }
}
undefined
/Users/citrine/Projects/AgentHarness/Flow-worktrees/web-attachment-input-preview/apps/web:
 ERR_PNPM_RECURSIVE_EXEC_FIRST_FAIL  Command failed with exit code 1: tsx test/attachment-input.browser.ts
