ExpectError: expect(locator).toHaveValue(expected) failed

Locator:  getByPlaceholder('Draft a message…')
Expected: "Keep draft"
Received: ""
Timeout:  5000ms

Call log:
  - Expect "toHaveValue" getByPlaceholder('Draft a message…') with timeout 5000ms
  - waiting for getByPlaceholder('Draft a message…')
    14 × locator resolved to <textarea rows="1" name="input" enterkeyhint="send" aria-label="Message input" placeholder="Draft a message…" class="aui-composer-input caret-primary placeholder:text-muted-foreground/60 max-h-48 min-h-10 w-full resize-none bg-transparent px-2.5 py-1 text-base leading-6 outline-none"></textarea>
       - unexpected value ""

    at captureRawStack (/Users/citrine/Projects/AgentHarness/Flow-worktrees/web-attachment-input-preview/node_modules/.pnpm/playwright-core@1.63.0/node_modules/playwright-core/lib/coreBundle.js:8588:17)
    at callMatcherAsStep (/Users/citrine/Projects/AgentHarness/Flow-worktrees/web-attachment-input-preview/node_modules/.pnpm/playwright@1.63.0/node_modules/playwright/lib/matchers/expect.js:13310:57)
    at Object.toHaveValue (/Users/citrine/Projects/AgentHarness/Flow-worktrees/web-attachment-input-preview/node_modules/.pnpm/playwright@1.63.0/node_modules/playwright/lib/matchers/expect.js:13302:23)
    at main (/Users/citrine/Projects/AgentHarness/Flow-worktrees/web-attachment-input-preview/apps/web/test/attachment-input.browser.ts:39:232) {
  matcherResult: {
    name: 'toHaveValue',
    expected: 'Keep draft',
    message: 'expect(locator).toHaveValue(expected) failed\n' +
      '\n' +
      "Locator:  getByPlaceholder('Draft a message…')\n" +
      'Expected: "Keep draft"\n' +
      'Received: ""\n' +
      'Timeout:  5000ms\n' +
      '\n' +
      'Call log:\n' +
      `  - Expect "toHaveValue" getByPlaceholder('Draft a message…') with timeout 5000ms\n` +
      "  - waiting for getByPlaceholder('Draft a message…')\n" +
      '    14 × locator resolved to <textarea rows="1" name="input" enterkeyhint="send" aria-label="Message input" placeholder="Draft a message…" class="aui-composer-input caret-primary placeholder:text-muted-foreground/60 max-h-48 min-h-10 w-full resize-none bg-transparent px-2.5 py-1 text-base leading-6 outline-none"></textarea>\n' +
      '       - unexpected value ""\n',
    pass: false,
    actual: '',
    log: [
      `  - Expect "toHaveValue" getByPlaceholder('Draft a message…') with timeout 5000ms`,
      "  - waiting for getByPlaceholder('Draft a message…')",
      '    14 × locator resolved to <textarea rows="1" name="input" enterkeyhint="send" aria-label="Message input" placeholder="Draft a message…" class="aui-composer-input caret-primary placeholder:text-muted-foreground/60 max-h-48 min-h-10 w-full resize-none bg-transparent px-2.5 py-1 text-base leading-6 outline-none"></textarea>',
      '       - unexpected value ""'
    ],
    timeout: 5000,
    ariaSnapshot: '- textbox "Message input":\n  - /placeholder: Draft a message…'
  }
}
undefined
/Users/citrine/Projects/AgentHarness/Flow-worktrees/web-attachment-input-preview/apps/web:
 ERR_PNPM_RECURSIVE_EXEC_FIRST_FAIL  Command failed with exit code 1: tsx test/attachment-input.browser.ts
