
 RUN  v4.0.18 /Users/citrine/Projects/AgentHarness/Flow-worktrees/assistant-stream-prefix-hash

stdout | apps/server/src/assistant-stream/prefix-hash.test.ts
CHAT06P02_DATABASE {"database":"flow_chat06p02_ebbd16d2c5a94e36bc543e2b3ee42839","version":"16.13"}

stdout | apps/server/src/assistant-stream/prefix-hash.test.ts > returns only the verified digest while keeping the full Unicode block publicly readable
CHAT06P02_DECODED_RETURN {"prefixUtf8Bytes":8192,"appendedUtf8Bytes":3,"queryCount":1,"fields":["content"],"decodedValueUtf8Bytes":8192,"decodedRowsJsonUtf8Bytes":9744,"unit":"decoded UTF8 values/JSON, not PostgreSQL wire or CPU cost"}

stdout | apps/server/src/assistant-stream/prefix-hash.test.ts
CHAT06P02_CLEANUP {"database":"flow_chat06p02_ebbd16d2c5a94e36bc543e2b3ee42839","connections":[],"remaining":[]}

 ❯ apps/server/src/assistant-stream/prefix-hash.test.ts (1 test | 1 failed) 946ms
   × returns only the verified digest while keeping the full Unicode block publicly readable 73ms

⎯⎯⎯⎯⎯⎯⎯ Failed Tests 1 ⎯⎯⎯⎯⎯⎯⎯

 FAIL  apps/server/src/assistant-stream/prefix-hash.test.ts > returns only the verified digest while keeping the full Unicode block publicly readable
AssertionError: expected [ Array(1) ] to deeply equal [ Array(1) ]

- Expected
+ Received

  [
-   "38c90736ef9a7ee0e2c521cf8cfd78c5fa3d31e4745c3f06da62090adbe975a1",
+   "A中🙂é\\_%
+ A中🙂é\\_%
+ A中🙂é\\_%
+ A中🙂é\\_%
+ A中🙂é\\_%
+ A中🙂é\\_%
+ A中🙂é\\_%
+ A中🙂é\\_%
+ A中🙂é\\_%
+ A中🙂é\\_%
+ A中🙂é\\_%
+ A中🙂é\\_%
+ A中🙂é\\_%
+ A中🙂é\\_%
+ A中🙂é\\_%
+ A中🙂é\\_%
+ A中🙂é\\_%
+ A中🙂é\\_%
+ A中🙂é\\_%
+ A中🙂é\\_%
+ A中🙂é\\_%
+ A中🙂é\\_%
+ A中🙂é\\_%
+ A中🙂é\\_%
+ A中🙂é\\_%
+ A中🙂é\\_%
+ A中🙂é\\_%
+ A中🙂é\\_%
+ A中🙂é\\_%
+ A中🙂é\\_%
+ A中🙂é\\_%
+ A中🙂é\\_%
+ A中🙂é\\_%
+ A中🙂é\\_%
+ A中🙂é\\_%
+ A中🙂é\\_%
+ A中🙂é\\_%
+ A中🙂é\\_%
+ A中🙂é\\_%
+ A中🙂é\\_%
+ A中🙂é\\_%
+ A中🙂é\\_%
+ A中🙂é\\_%
+ A中🙂é\\_%
+ A中🙂é\\_%
+ A中🙂é\\_%
+ A中🙂é\\_%
+ A中🙂é\\_%
+ A中🙂é\\_%
+ A中🙂é\\_%
+ A中🙂é\\_%
+ A中🙂é\\_%
+ A中🙂é\\_%
+ A中🙂é\\_%
+ A中🙂é\\_%
+ A中🙂é\\_%
+ A中🙂é\\_%
+ A中🙂é\\_%
+ A中🙂é\\_%
+ A中🙂é\\_%
+ A中🙂é\\_%
+ A中🙂é\\_%
+ A中🙂é\\_%
+ A中🙂é\\_%
+ A中🙂é\\_%
+ A中🙂é\\_%
+ A中🙂é\\_%
+ A中🙂é\\_%
+ A中🙂é\\_%
+ A中🙂é\\_%
+ A中🙂é\\_%
+ A中🙂é\\_%
+ A中🙂é\\_%
+ A中🙂é\\_%
+ A中🙂é\\_%
+ A中🙂é\\_%
+ A中🙂é\\_%
+ A中🙂é\\_%
+ A中🙂é\\_%
+ A中🙂é\\_%
+ A中🙂é\\_%
+ A中🙂é\\_%
+ A中🙂é\\_%
+ A中🙂é\\_%
+ A中🙂é\\_%
+ A中🙂é\\_%
+ A中🙂é\\_%
+ A中🙂é\\_%
+ A中🙂é\\_%
+ A中🙂é\\_%
+ A中🙂é\\_%
+ A中🙂é\\_%
+ A中🙂é\\_%
+ A中🙂é\\_%
+ A中🙂é\\_%
+ A中🙂é\\_%
+ A中🙂é\\_%
+ A中🙂é\\_%
+ A中🙂é\\_%
+ A中🙂é\\_%
+ A中🙂é\\_%
+ A中🙂é\\_%
+ A中🙂é\\_%
+ A中🙂é\\_%
+ A中🙂é\\_%
+ A中🙂é\\_%
+ A中🙂é\\_%
+ A中🙂é\\_%
+ A中🙂é\\_%
+ A中🙂é\\_%
+ A中🙂é\\_%
+ A中🙂é\\_%
+ A中🙂é\\_%
+ A中🙂é\\_%
+ A中🙂é\\_%
+ A中🙂é\\_%
+ A中🙂é\\_%
+ A中🙂é\\_%
+ A中🙂é\\_%
+ A中🙂é\\_%
+ A中🙂é\\_%
+ A中🙂é\\_%
+ A中🙂é\\_%
+ A中🙂é\\_%
+ A中🙂é\\_%
+ A中🙂é\\_%
+ A中🙂é\\_%
+ A中🙂é\\_%
+ A中🙂é\\_%
+ A中🙂é\\_%
+ A中🙂é\\_%
+ A中🙂é\\_%
+ A中🙂é\\_%
+ A中🙂é\\_%
+ A中🙂é\\_%
+ A中🙂é\\_%
+ A中🙂é\\_%
+ A中🙂é\\_%
+ A中🙂é\\_%
+ A中🙂é\\_%
+ A中🙂é\\_%
+ A中🙂é\\_%
+ A中🙂é\\_%
+ A中🙂é\\_%
+ A中🙂é\\_%
+ A中🙂é\\_%
+ A中🙂é\\_%
+ A中🙂é\\_%
+ A中🙂é\\_%
+ A中🙂é\\_%
+ A中🙂é\\_%
+ A中🙂é\\_%
+ A中🙂é\\_%
+ A中🙂é\\_%
+ A中🙂é\\_%
+ A中🙂é\\_%
+ A中🙂é\\_%
+ A中🙂é\\_%
+ A中🙂é\\_%
+ A中🙂é\\_%
+ A中🙂é\\_%
+ A中🙂é\\_%
+ A中🙂é\\_%
+ A中🙂é\\_%
+ A中🙂é\\_%
+ A中🙂é\\_%
+ A中🙂é\\_%
+ A中🙂é\\_%
+ A中🙂é\\_%
+ A中🙂é\\_%
+ A中🙂é\\_%
+ A中🙂é\\_%
+ A中🙂é\\_%
+ A中🙂é\\_%
+ A中🙂é\\_%
+ A中🙂é\\_%
+ A中🙂é\\_%
+ A中🙂é\\_%
+ A中🙂é\\_%
+ A中🙂é\\_%
+ A中🙂é\\_%
+ A中🙂é\\_%
+ A中🙂é\\_%
+ A中🙂é\\_%
+ A中🙂é\\_%
+ A中🙂é\\_%
+ A中🙂é\\_%
+ A中🙂é\\_%
+ A中🙂é\\_%
+ A中🙂é\\_%
+ A中🙂é\\_%
+ A中🙂é\\_%
+ A中🙂é\\_%
+ A中🙂é\\_%
+ A中🙂é\\_%
+ A中🙂é\\_%
+ A中🙂é\\_%
+ A中🙂é\\_%
+ A中🙂é\\_%
+ A中🙂é\\_%
+ A中🙂é\\_%
+ A中🙂é\\_%
+ A中🙂é\\_%
+ A中🙂é\\_%
+ A中🙂é\\_%
+ A中🙂é\\_%
+ A中🙂é\\_%
+ A中🙂é\\_%
+ A中🙂é\\_%
+ A中🙂é\\_%
+ A中🙂é\\_%
+ A中🙂é\\_%
+ A中🙂é\\_%
+ A中🙂é\\_%
+ A中🙂é\\_%
+ A中🙂é\\_%
+ A中🙂é\\_%
+ A中🙂é\\_%
+ A中🙂é\\_%
+ A中🙂é\\_%
+ A中🙂é\\_%
+ A中🙂é\\_%
+ A中🙂é\\_%
+ A中🙂é\\_%
+ A中🙂é\\_%
+ A中🙂é\\_%
+ A中🙂é\\_%
+ A中🙂é\\_%
+ A中🙂é\\_%
+ A中🙂é\\_%
+ A中🙂é\\_%
+ A中🙂é\\_%
+ A中🙂é\\_%
+ A中🙂é\\_%
+ A中🙂é\\_%
+ A中🙂é\\_%
+ A中🙂é\\_%
+ A中🙂é\\_%
+ A中🙂é\\_%
+ A中🙂é\\_%
+ A中🙂é\\_%
+ A中🙂é\\_%
+ A中🙂é\\_%
+ A中🙂é\\_%
+ A中🙂é\\_%
+ A中🙂é\\_%
+ A中🙂é\\_%
+ A中🙂é\\_%
+ A中🙂é\\_%
+ A中🙂é\\_%
+ A中🙂é\\_%
+ A中🙂é\\_%
+ A中🙂é\\_%
+ A中🙂é\\_%
+ A中🙂é\\_%
+ A中🙂é\\_%
+ A中🙂é\\_%
+ A中🙂é\\_%
+ A中🙂é\\_%
+ A中🙂é\\_%
+ A中🙂é\\_%
+ A中🙂é\\_%
+ A中🙂é\\_%
+ A中🙂é\\_%
+ A中🙂é\\_%
+ A中🙂é\\_%
+ A中🙂é\\_%
+ A中🙂é\\_%
+ A中🙂é\\_%
+ A中🙂é\\_%
+ A中🙂é\\_%
+ A中🙂é\\_%
+ A中🙂é\\_%
+ A中🙂é\\_%
+ A中🙂é\\_%
+ A中🙂é\\_%
+ A中🙂é\\_%
+ A中🙂é\\_%
+ A中🙂é\\_%
+ A中🙂é\\_%
+ A中🙂é\\_%
+ A中🙂é\\_%
+ A中🙂é\\_%
+ A中🙂é\\_%
+ A中🙂é\\_%
+ A中🙂é\\_%
+ A中🙂é\\_%
+ A中🙂é\\_%
+ A中🙂é\\_%
+ A中🙂é\\_%
+ A中🙂é\\_%
+ A中🙂é\\_%
+ A中🙂é\\_%
+ A中🙂é\\_%
+ A中🙂é\\_%
+ A中🙂é\\_%
+ A中🙂é\\_%
+ A中🙂é\\_%
+ A中🙂é\\_%
+ A中🙂é\\_%
+ A中🙂é\\_%
+ A中🙂é\\_%
+ A中🙂é\\_%
+ A中🙂é\\_%
+ A中🙂é\\_%
+ A中🙂é\\_%
+ A中🙂é\\_%
+ A中🙂é\\_%
+ A中🙂é\\_%
+ A中🙂é\\_%
+ A中🙂é\\_%
+ A中🙂é\\_%
+ A中🙂é\\_%
+ A中🙂é\\_%
+ A中🙂é\\_%
+ A中🙂é\\_%
+ A中🙂é\\_%
+ A中🙂é\\_%
+ A中🙂é\\_%
+ A中🙂é\\_%
+ A中🙂é\\_%
+ A中🙂é\\_%
+ A中🙂é\\_%
+ A中🙂é\\_%
+ A中🙂é\\_%
+ A中🙂é\\_%
+ A中🙂é\\_%
+ A中🙂é\\_%
+ A中🙂é\\_%
+ A中🙂é\\_%
+ A中🙂é\\_%
+ A中🙂é\\_%
+ A中🙂é\\_%
+ A中🙂é\\_%
+ A中🙂é\\_%
+ A中🙂é\\_%
+ A中🙂é\\_%
+ A中🙂é\\_%
+ A中🙂é\\_%
+ A中🙂é\\_%
+ A中🙂é\\_%
+ A中🙂é\\_%
+ A中🙂é\\_%
+ A中🙂é\\_%
+ A中🙂é\\_%
+ A中🙂é\\_%
+ A中🙂é\\_%
+ A中🙂é\\_%
+ A中🙂é\\_%
+ A中🙂é\\_%
+ A中🙂é\\_%
+ A中🙂é\\_%
+ A中🙂é\\_%
+ A中🙂é\\_%
+ A中🙂é\\_%
+ A中🙂é\\_%
+ A中🙂é\\_%
+ A中🙂é\\_%
+ A中🙂é\\_%
+ A中🙂é\\_%
+ A中🙂é\\_%
+ A中🙂é\\_%
+ A中🙂é\\_%
+ A中🙂é\\_%
+ A中🙂é\\_%
+ A中🙂é\\_%
+ A中🙂é\\_%
+ A中🙂é\\_%
+ A中🙂é\\_%
+ A中🙂é\\_%
+ A中🙂é\\_%
+ A中🙂é\\_%
+ A中🙂é\\_%
+ A中🙂é\\_%
+ A中🙂é\\_%
+ A中🙂é\\_%
+ A中🙂é\\_%
+ A中🙂é\\_%
+ A中🙂é\\_%
+ A中🙂é\\_%
+ A中🙂é\\_%
+ A中🙂é\\_%
+ A中🙂é\\_%
+ A中🙂é\\_%
+ A中🙂é\\_%
+ A中🙂é\\_%
+ A中🙂é\\_%
+ A中🙂é\\_%
+ A中🙂é\\_%
+ A中🙂é\\_%
+ A中🙂é\\_%
+ A中🙂é\\_%
+ A中🙂é\\_%
+ A中🙂é\\_%
+ A中🙂é\\_%
+ A中🙂é\\_%
+ A中🙂é\\_%
+ A中🙂é\\_%
+ A中🙂é\\_%
+ A中🙂é\\_%
+ A中🙂é\\_%
+ A中🙂é\\_%
+ A中🙂é\\_%
+ A中🙂é\\_%
+ A中🙂é\\_%
+ A中🙂é\\_%
+ A中🙂é\\_%
+ A中🙂é\\_%
+ A中🙂é\\_%
+ A中🙂é\\_%
+ A中🙂é\\_%
+ A中🙂é\\_%
+ A中🙂é\\_%
+ A中🙂é\\_%
+ A中🙂é\\_%
+ A中🙂é\\_%
+ A中🙂é\\_%
+ A中🙂é\\_%
+ A中🙂é\\_%
+ A中🙂é\\_%
+ A中🙂é\\_%
+ A中🙂é\\_%
+ A中🙂é\\_%
+ A中🙂é\\_%
+ A中🙂é\\_%
+ A中🙂é\\_%
+ A中🙂é\\_%
+ A中🙂é\\_%
+ A中🙂é\\_%
+ A中🙂é\\_%
+ A中🙂é\\_%
+ A中🙂é\\_%
+ A中🙂é\\_%
+ A中🙂é\\_%
+ A中🙂é\\_%
+ A中🙂é\\_%
+ A中🙂é\\_%
+ A中🙂é\\_%
+ A中🙂é\\_%
+ A中🙂é\\_%
+ A中🙂é\\_%
+ A中🙂é\\_%
+ A中🙂é\\_%
+ A中🙂é\\_%
+ A中🙂é\\_%
+ A中🙂é\\_%
+ A中🙂é\\_%
+ A中🙂é\\_%
+ A中🙂é\\_%
+ A中🙂é\\_%
+ A中🙂é\\_%
+ A中🙂é\\_%
+ A中🙂é\\_%
+ A中🙂é\\_%
+ A中🙂é\\_%
+ A中🙂é\\_%
+ A中🙂é\\_%
+ A中🙂é\\_%
+ A中🙂é\\_%
+ A中🙂é\\_%
+ A中🙂é\\_%
+ A中🙂é\\_%
+ A中🙂é\\_%
+ A中🙂é\\_%
+ A中🙂é\\_%
+ A中🙂é\\_%
+ A中🙂é\\_%
+ A中🙂é\\_%
+ A中🙂é\\_%
+ A中🙂é\\_%
+ A中🙂é\\_%
+ A中🙂é\\_%
+ A中🙂é\\_%
+ A中🙂é\\_%
+ A中🙂é\\_%
+ A中🙂é\\_%
+ A中🙂é\\_%
+ A中🙂é\\_%
+ A中🙂é\\_%
+ A中🙂é\\_%
+ A中🙂é\\_%
+ A中🙂é\\_%
+ A中🙂é\\_%
+ A中🙂é\\_%
+ A中🙂é\\_%
+ A中🙂é\\_%
+ A中🙂é\\_%
+ A中🙂é\\_%
+ A中🙂é\\_%
+ A中🙂é\\_%
+ A中🙂é\\_%
+ A中🙂é\\_%
+ A中🙂é\\_%
+ A中🙂é\\_%
+ A中🙂é\\_%
+ A中🙂é\\_%
+ A中🙂é\\_%
+ A中🙂é\\_%
+ A中🙂é\\_%
+ A中🙂é\\_%
+ A中🙂é\\_%
+ A中🙂é\\_%
+ A中🙂é\\_%
+ A中🙂é\\_%
+ A中🙂é\\_%
+ A中🙂é\\_%
+ A中🙂é\\_%
+ A中🙂é\\_%
+ A中🙂é\\_%
+ A中🙂é\\_%
+ A中🙂é\\_%
+ A中🙂é\\_%
+ ",
  ]

 ❯ apps/server/src/assistant-stream/prefix-hash.test.ts:94:18
     92|     decodedValueUtf8Bytes: values.reduce((sum, value) => sum + Buffer.…
     93|     unit: 'decoded UTF8 values/JSON, not PostgreSQL wire or CPU cost' …
     94|   expect(values).toEqual([digest(prefix + appended)]);
       |                  ^
     95|   expect(Buffer.byteLength(values[0]!)).toBe(64);
     96| });

⎯⎯⎯⎯⎯⎯⎯⎯⎯⎯⎯⎯⎯⎯⎯⎯⎯⎯⎯⎯⎯⎯⎯⎯[1/1]⎯


 Test Files  1 failed (1)
      Tests  1 failed (1)
   Start at  00:57:28
   Duration  1.66s (transform 293ms, setup 0ms, import 630ms, tests 946ms, environment 0ms)

