`server.hmr.protocol/host/port/path/clientPort/timeout/server` is deprecated. Use `server.ws.*` instead. Note that this option may be set by a plugin. Set VITE_DEPRECATION_TRACE=1 to see where it is called.

DevTools listening on ws://127.0.0.1:55929/devtools/browser/c23db570-7e37-4762-9319-4463f224c89a
Trying to load the allocator multiple times. This is *not* supported.
[11824:141337642:1007/063134.213019:ERROR:ui/display/mac/cv_display_link_mac.mm:188] CVDisplayLinkCreateWithCGDisplay failed. CVReturn: -6670
[11824:141337866:1007/063134.213282:ERROR:ui/display/mac/cv_display_link_mac.mm:188] CVDisplayLinkCreateWithCGDisplay failed. CVReturn: -6670
[11824:141337642:1007/063134.214601:ERROR:ui/display/mac/cv_display_link_mac.mm:188] CVDisplayLinkCreateWithCGDisplay failed. CVReturn: -6670
[11824:141337866:1007/063134.214652:ERROR:ui/display/mac/cv_display_link_mac.mm:188] CVDisplayLinkCreateWithCGDisplay failed. CVReturn: -6670
[11824:141337642:1007/063134.215118:ERROR:ui/display/mac/cv_display_link_mac.mm:188] CVDisplayLinkCreateWithCGDisplay failed. CVReturn: -6670
[11824:141337866:1007/063134.215157:ERROR:ui/display/mac/cv_display_link_mac.mm:188] CVDisplayLinkCreateWithCGDisplay failed. CVReturn: -6670
[11824:141337642:1007/063134.215264:ERROR:ui/display/mac/cv_display_link_mac.mm:188] CVDisplayLinkCreateWithCGDisplay failed. CVReturn: -6670
[11824:141337866:1007/063134.215297:ERROR:ui/display/mac/cv_display_link_mac.mm:188] CVDisplayLinkCreateWithCGDisplay failed. CVReturn: -6670
[11824:141337642:1007/063134.215384:ERROR:ui/display/mac/cv_display_link_mac.mm:188] CVDisplayLinkCreateWithCGDisplay failed. CVReturn: -6670
[11824:141337866:1007/063134.215417:ERROR:ui/display/mac/cv_display_link_mac.mm:188] CVDisplayLinkCreateWithCGDisplay failed. CVReturn: -6670
[11824:141337642:1007/063134.225038:ERROR:ui/display/mac/cv_display_link_mac.mm:188] CVDisplayLinkCreateWithCGDisplay failed. CVReturn: -6670
[11824:141337866:1007/063134.225090:ERROR:ui/display/mac/cv_display_link_mac.mm:188] CVDisplayLinkCreateWithCGDisplay failed. CVReturn: -6670
[11824:141337642:1007/063134.346784:ERROR:ui/display/mac/cv_display_link_mac.mm:188] CVDisplayLinkCreateWithCGDisplay failed. CVReturn: -6670
[11824:141337866:1007/063134.346852:ERROR:ui/display/mac/cv_display_link_mac.mm:188] CVDisplayLinkCreateWithCGDisplay failed. CVReturn: -6670
[11824:141337642:1007/063134.348559:ERROR:ui/display/mac/cv_display_link_mac.mm:188] CVDisplayLinkCreateWithCGDisplay failed. CVReturn: -6670
[11824:141337866:1007/063134.348618:ERROR:ui/display/mac/cv_display_link_mac.mm:188] CVDisplayLinkCreateWithCGDisplay failed. CVReturn: -6670
[11824:141337642:1007/063134.350031:ERROR:ui/display/mac/cv_display_link_mac.mm:188] CVDisplayLinkCreateWithCGDisplay failed. CVReturn: -6670
[11824:141337866:1007/063134.350110:ERROR:ui/display/mac/cv_display_link_mac.mm:188] CVDisplayLinkCreateWithCGDisplay failed. CVReturn: -6670
[11824:141337642:1007/063134.350251:ERROR:ui/display/mac/cv_display_link_mac.mm:188] CVDisplayLinkCreateWithCGDisplay failed. CVReturn: -6670
[11824:141337866:1007/063134.350296:ERROR:ui/display/mac/cv_display_link_mac.mm:188] CVDisplayLinkCreateWithCGDisplay failed. CVReturn: -6670
[11824:141337642:1007/063134.350398:ERROR:ui/display/mac/cv_display_link_mac.mm:188] CVDisplayLinkCreateWithCGDisplay failed. CVReturn: -6670
[11824:141337866:1007/063134.350437:ERROR:ui/display/mac/cv_display_link_mac.mm:188] CVDisplayLinkCreateWithCGDisplay failed. CVReturn: -6670
[11824:141337642:1007/063136.278536:ERROR:ui/display/mac/cv_display_link_mac.mm:188] CVDisplayLinkCreateWithCGDisplay failed. CVReturn: -6670
[11824:141337866:1007/063136.278610:ERROR:ui/display/mac/cv_display_link_mac.mm:188] CVDisplayLinkCreateWithCGDisplay failed. CVReturn: -6670
[11824:141337642:1007/063136.346012:ERROR:ui/display/mac/cv_display_link_mac.mm:188] CVDisplayLinkCreateWithCGDisplay failed. CVReturn: -6670
[11824:141337866:1007/063136.346098:ERROR:ui/display/mac/cv_display_link_mac.mm:188] CVDisplayLinkCreateWithCGDisplay failed. CVReturn: -6670
[11824:141337642:1007/063136.374999:ERROR:ui/display/mac/cv_display_link_mac.mm:188] CVDisplayLinkCreateWithCGDisplay failed. CVReturn: -6670
[11824:141337866:1007/063136.375064:ERROR:ui/display/mac/cv_display_link_mac.mm:188] CVDisplayLinkCreateWithCGDisplay failed. CVReturn: -6670
[11824:141337642:1007/063136.445099:ERROR:ui/display/mac/cv_display_link_mac.mm:188] CVDisplayLinkCreateWithCGDisplay failed. CVReturn: -6670
[11824:141337866:1007/063136.445173:ERROR:ui/display/mac/cv_display_link_mac.mm:188] CVDisplayLinkCreateWithCGDisplay failed. CVReturn: -6670
[11824:141337642:1007/063136.472531:ERROR:ui/display/mac/cv_display_link_mac.mm:188] CVDisplayLinkCreateWithCGDisplay failed. CVReturn: -6670
[11824:141337866:1007/063136.472595:ERROR:ui/display/mac/cv_display_link_mac.mm:188] CVDisplayLinkCreateWithCGDisplay failed. CVReturn: -6670
[11824:141337642:1007/063136.521394:ERROR:ui/display/mac/cv_display_link_mac.mm:188] CVDisplayLinkCreateWithCGDisplay failed. CVReturn: -6670
[11824:141337866:1007/063136.521462:ERROR:ui/display/mac/cv_display_link_mac.mm:188] CVDisplayLinkCreateWithCGDisplay failed. CVReturn: -6670
[11824:141337642:1007/063136.549253:ERROR:ui/display/mac/cv_display_link_mac.mm:188] CVDisplayLinkCreateWithCGDisplay failed. CVReturn: -6670
[11824:141337866:1007/063136.549316:ERROR:ui/display/mac/cv_display_link_mac.mm:188] CVDisplayLinkCreateWithCGDisplay failed. CVReturn: -6670
[7759:141337597:1007/063136.846902:ERROR:google_apis/gcm/engine/registration_request.cc:291] Registration response error message: QUOTA_EXCEEDED
[11824:141337642:1007/063140.584926:ERROR:gpu/command_buffer/service/shared_image/shared_image_manager.cc:260] SharedImageManager::ProduceSkia: Trying to Produce a Skia representation from a non-existent mailbox.
[11824:141337642:1007/063140.584974:ERROR:gpu/command_buffer/service/shared_image/shared_image_manager.cc:260] SharedImageManager::ProduceSkia: Trying to Produce a Skia representation from a non-existent mailbox.
[11824:141337642:1007/063140.584991:ERROR:gpu/command_buffer/service/shared_image/shared_image_manager.cc:260] SharedImageManager::ProduceSkia: Trying to Produce a Skia representation from a non-existent mailbox.
[11824:141337642:1007/063140.585006:ERROR:gpu/command_buffer/service/shared_image/shared_image_manager.cc:260] SharedImageManager::ProduceSkia: Trying to Produce a Skia representation from a non-existent mailbox.
[11824:141337642:1007/063140.585021:ERROR:gpu/command_buffer/service/shared_image/shared_image_manager.cc:260] SharedImageManager::ProduceSkia: Trying to Produce a Skia representation from a non-existent mailbox.
[11824:141337642:1007/063140.585035:ERROR:gpu/command_buffer/service/shared_image/shared_image_manager.cc:260] SharedImageManager::ProduceSkia: Trying to Produce a Skia representation from a non-existent mailbox.
[11824:141337642:1007/063140.585052:ERROR:gpu/command_buffer/service/shared_image/shared_image_manager.cc:260] SharedImageManager::ProduceSkia: Trying to Produce a Skia representation from a non-existent mailbox.
[11824:141337642:1007/063140.585066:ERROR:gpu/command_buffer/service/shared_image/shared_image_manager.cc:260] SharedImageManager::ProduceSkia: Trying to Produce a Skia representation from a non-existent mailbox.
[11824:141337642:1007/063140.585079:ERROR:gpu/command_buffer/service/shared_image/shared_image_manager.cc:260] SharedImageManager::ProduceSkia: Trying to Produce a Skia representation from a non-existent mailbox.
[11824:141337642:1007/063140.585093:ERROR:gpu/command_buffer/service/shared_image/shared_image_manager.cc:260] SharedImageManager::ProduceSkia: Trying to Produce a Skia representation from a non-existent mailbox.
[7759:141337597:1007/063140.941831:ERROR:google_apis/gcm/engine/connection_factory_impl.cc:484] ConnectionHandler failed with net error: -2
