.E......FE.
======================================================================
ERROR: test_cleanup_requires_same_sample_identity_and_deadline (__main__.CandidateAdmission.test_cleanup_requires_same_sample_identity_and_deadline)
----------------------------------------------------------------------
Traceback (most recent call last):
  File "/Users/citrine/Projects/AgentHarness/Flow-worktrees/queue-paused-scan/docs/evidence/s01q01-paused-queue/entry.test.py", line 68, in test_cleanup_requires_same_sample_identity_and_deadline
    sample = entry.sample_tree(root, time.monotonic() + 1, 8)
  File "/Users/citrine/Projects/AgentHarness/Flow-worktrees/queue-paused-scan/docs/evidence/s01q01-paused-queue/entry.py", line 89, in sample_tree
    raise ValueError('NAMESPACE_UNKNOWN')
ValueError: NAMESPACE_UNKNOWN

======================================================================
ERROR: test_storage_unknown_is_not_empty (__main__.CandidateAdmission.test_storage_unknown_is_not_empty)
----------------------------------------------------------------------
Traceback (most recent call last):
  File "/Users/citrine/Projects/AgentHarness/Flow-worktrees/queue-paused-scan/docs/evidence/s01q01-paused-queue/entry.test.py", line 61, in test_storage_unknown_is_not_empty
    with self.assertRaises(PermissionError): entry.sample_tree(root, time.monotonic() + 1, 8)
                                             ~~~~~~~~~~~~~~~~~^^^^^^^^^^^^^^^^^^^^^^^^^^^^^^^
  File "/Users/citrine/Projects/AgentHarness/Flow-worktrees/queue-paused-scan/docs/evidence/s01q01-paused-queue/entry.py", line 89, in sample_tree
    raise ValueError('NAMESPACE_UNKNOWN')
ValueError: NAMESPACE_UNKNOWN

======================================================================
FAIL: test_storage_limits_precede_cleanup_and_preserve_contents (__main__.CandidateAdmission.test_storage_limits_precede_cleanup_and_preserve_contents)
----------------------------------------------------------------------
ValueError: NAMESPACE_UNKNOWN

During handling of the above exception, another exception occurred:

Traceback (most recent call last):
  File "/Users/citrine/Projects/AgentHarness/Flow-worktrees/queue-paused-scan/docs/evidence/s01q01-paused-queue/entry.test.py", line 52, in test_storage_limits_precede_cleanup_and_preserve_contents
    with self.assertRaisesRegex(ValueError, 'STORAGE_LIMIT'): entry.sample_tree(root, time.monotonic() + 1, 3)
         ~~~~~~~~~~~~~~~~~~~~~~^^^^^^^^^^^^^^^^^^^^^^^^^^^^^
AssertionError: "STORAGE_LIMIT" does not match "NAMESPACE_UNKNOWN"

----------------------------------------------------------------------
Ran 11 tests in 0.003s

FAILED (failures=1, errors=2)
