
DevTools listening on ws://127.0.0.1:52022/devtools/browser/ef8fd0e3-8af2-4248-91ee-c4ce2b3222db
Trying to load the allocator multiple times. This is *not* supported.
[20326:138837315:1007/054957.775564:ERROR:ui/display/mac/cv_display_link_mac.mm:188] CVDisplayLinkCreateWithCGDisplay failed. CVReturn: -6670
[20326:138837498:1007/054957.775835:ERROR:ui/display/mac/cv_display_link_mac.mm:188] CVDisplayLinkCreateWithCGDisplay failed. CVReturn: -6670
[20326:138837315:1007/054957.777273:ERROR:ui/display/mac/cv_display_link_mac.mm:188] CVDisplayLinkCreateWithCGDisplay failed. CVReturn: -6670
[20326:138837498:1007/054957.777331:ERROR:ui/display/mac/cv_display_link_mac.mm:188] CVDisplayLinkCreateWithCGDisplay failed. CVReturn: -6670
[20326:138837315:1007/054957.777754:ERROR:ui/display/mac/cv_display_link_mac.mm:188] CVDisplayLinkCreateWithCGDisplay failed. CVReturn: -6670
[20326:138837498:1007/054957.777802:ERROR:ui/display/mac/cv_display_link_mac.mm:188] CVDisplayLinkCreateWithCGDisplay failed. CVReturn: -6670
[20326:138837315:1007/054957.777897:ERROR:ui/display/mac/cv_display_link_mac.mm:188] CVDisplayLinkCreateWithCGDisplay failed. CVReturn: -6670
[20326:138837498:1007/054957.777934:ERROR:ui/display/mac/cv_display_link_mac.mm:188] CVDisplayLinkCreateWithCGDisplay failed. CVReturn: -6670
[20326:138837315:1007/054957.778018:ERROR:ui/display/mac/cv_display_link_mac.mm:188] CVDisplayLinkCreateWithCGDisplay failed. CVReturn: -6670
[20326:138837498:1007/054957.778066:ERROR:ui/display/mac/cv_display_link_mac.mm:188] CVDisplayLinkCreateWithCGDisplay failed. CVReturn: -6670
[20326:138837315:1007/054957.784242:ERROR:ui/display/mac/cv_display_link_mac.mm:188] CVDisplayLinkCreateWithCGDisplay failed. CVReturn: -6670
[20326:138837498:1007/054957.784303:ERROR:ui/display/mac/cv_display_link_mac.mm:188] CVDisplayLinkCreateWithCGDisplay failed. CVReturn: -6670
[20326:138837315:1007/054958.148079:ERROR:ui/display/mac/cv_display_link_mac.mm:188] CVDisplayLinkCreateWithCGDisplay failed. CVReturn: -6670
[20326:138837498:1007/054958.148141:ERROR:ui/display/mac/cv_display_link_mac.mm:188] CVDisplayLinkCreateWithCGDisplay failed. CVReturn: -6670
[20326:138837315:1007/054958.149067:ERROR:ui/display/mac/cv_display_link_mac.mm:188] CVDisplayLinkCreateWithCGDisplay failed. CVReturn: -6670
[20326:138837498:1007/054958.149112:ERROR:ui/display/mac/cv_display_link_mac.mm:188] CVDisplayLinkCreateWithCGDisplay failed. CVReturn: -6670
[20326:138837315:1007/054958.149312:ERROR:ui/display/mac/cv_display_link_mac.mm:188] CVDisplayLinkCreateWithCGDisplay failed. CVReturn: -6670
[20326:138837498:1007/054958.149352:ERROR:ui/display/mac/cv_display_link_mac.mm:188] CVDisplayLinkCreateWithCGDisplay failed. CVReturn: -6670
[20326:138837315:1007/054958.149573:ERROR:ui/display/mac/cv_display_link_mac.mm:188] CVDisplayLinkCreateWithCGDisplay failed. CVReturn: -6670
[20326:138837498:1007/054958.149609:ERROR:ui/display/mac/cv_display_link_mac.mm:188] CVDisplayLinkCreateWithCGDisplay failed. CVReturn: -6670
[20326:138837315:1007/054958.149710:ERROR:ui/display/mac/cv_display_link_mac.mm:188] CVDisplayLinkCreateWithCGDisplay failed. CVReturn: -6670
[20326:138837498:1007/054958.149750:ERROR:ui/display/mac/cv_display_link_mac.mm:188] CVDisplayLinkCreateWithCGDisplay failed. CVReturn: -6670
[20326:138837315:1007/054959.844924:ERROR:ui/display/mac/cv_display_link_mac.mm:188] CVDisplayLinkCreateWithCGDisplay failed. CVReturn: -6670
[20326:138837498:1007/054959.844979:ERROR:ui/display/mac/cv_display_link_mac.mm:188] CVDisplayLinkCreateWithCGDisplay failed. CVReturn: -6670
[20326:138837315:1007/054959.901427:ERROR:ui/display/mac/cv_display_link_mac.mm:188] CVDisplayLinkCreateWithCGDisplay failed. CVReturn: -6670
[20326:138837498:1007/054959.901484:ERROR:ui/display/mac/cv_display_link_mac.mm:188] CVDisplayLinkCreateWithCGDisplay failed. CVReturn: -6670
[20326:138837315:1007/054959.927662:ERROR:ui/display/mac/cv_display_link_mac.mm:188] CVDisplayLinkCreateWithCGDisplay failed. CVReturn: -6670
[20326:138837498:1007/054959.927718:ERROR:ui/display/mac/cv_display_link_mac.mm:188] CVDisplayLinkCreateWithCGDisplay failed. CVReturn: -6670
[20326:138837315:1007/054959.967941:ERROR:ui/display/mac/cv_display_link_mac.mm:188] CVDisplayLinkCreateWithCGDisplay failed. CVReturn: -6670
[20326:138837498:1007/054959.967993:ERROR:ui/display/mac/cv_display_link_mac.mm:188] CVDisplayLinkCreateWithCGDisplay failed. CVReturn: -6670
[20326:138837315:1007/054959.994820:ERROR:ui/display/mac/cv_display_link_mac.mm:188] CVDisplayLinkCreateWithCGDisplay failed. CVReturn: -6670
[20326:138837498:1007/054959.994889:ERROR:ui/display/mac/cv_display_link_mac.mm:188] CVDisplayLinkCreateWithCGDisplay failed. CVReturn: -6670
[16951:138837312:1007/055000.008470:ERROR:base/process/process_mac.cc:53] task_policy_set TASK_CATEGORY_POLICY: (os/kern) invalid argument (4)
[16951:138837312:1007/055000.008479:ERROR:base/process/process_mac.cc:98] task_policy_set TASK_SUPPRESSION_POLICY: (os/kern) invalid argument (4)
[16951:138831095:1007/055000.033857:ERROR:content/browser/network_service_instance_impl.cc:653] Network service crashed or was terminated, restarting service.
[16951:138831095:1007/055000.043383:ERROR:content/browser/gpu/gpu_process_host.cc:1130] GPU process exited unexpectedly: exit_code=15
[23235:138841598:1007/055000.066518:ERROR:base/apple/mach_port_rendezvous_mac.cc:256] bootstrap_look_up com.google.Chrome.MachPortRendezvousServer.1: Permission denied (1100)
[23235:138841598:1007/055000.066648:ERROR:base/memory/shared_memory_switch.cc:261] No rendezvous client, terminating process (parent died?)
[23234:138841596:1007/055000.066686:ERROR:base/apple/mach_port_rendezvous_mac.cc:256] bootstrap_look_up com.google.Chrome.MachPortRendezvousServer.1: Permission denied (1100)
[23234:138841596:1007/055000.067240:ERROR:base/memory/shared_memory_switch.cc:261] No rendezvous client, terminating process (parent died?)
