
 RUN  v4.0.18 /Users/citrine/Projects/AgentHarness/Flow-worktrees/protocol-payload

 ❯ packages/protocols/test/a2a-official-peer.test.ts (2 tests | 1 failed) 37ms
   ✓ outbound client exchanges direct and streaming messages with the official SDK request handler 27ms
   × explicit history selection preserves optional zero on HTTP and leaves status and artifacts complete 9ms

⎯⎯⎯⎯⎯⎯⎯ Failed Tests 1 ⎯⎯⎯⎯⎯⎯⎯

 FAIL  packages/protocols/test/a2a-official-peer.test.ts > explicit history selection preserves optional zero on HTTP and leaves status and artifacts complete
TaskNotFoundError: Task not found: [object Object]
 ❯ fromJsonRpcErrorResponse ../../Flow/node_modules/.pnpm/@a2a-js+sdk@1.3.0_express@5.2.1_pg@8.23.1/node_modules/@a2a-js/sdk/dist/client/index.js:1902:12
 ❯ JsonRpcTransport._sendRpcRequest ../../Flow/node_modules/.pnpm/@a2a-js+sdk@1.3.0_express@5.2.1_pg@8.23.1/node_modules/@a2a-js/sdk/dist/client/index.js:6003:13
 ❯ JsonRpcTransport.getTask ../../Flow/node_modules/.pnpm/@a2a-js+sdk@1.3.0_express@5.2.1_pg@8.23.1/node_modules/@a2a-js/sdk/dist/client/index.js:5917:25
 ❯ Client.executeWithInterceptors ../../Flow/node_modules/.pnpm/@a2a-js+sdk@1.3.0_express@5.2.1_pg@8.23.1/node_modules/@a2a-js/sdk/dist/client/index.js:5720:20
 ❯ packages/protocols/test/a2a-official-peer.test.ts:67:24
     65|       const full = await peer.snapshot(task.id);
     66|       const fullExchange = exchanges.at(-1)!;
     67|       const selected = await peer.snapshot({ id: task.id, historyLengt…
       |                        ^
     68|       const zeroExchange = exchanges.at(-1)!;
     69|       const recent = await peer.snapshot({ id: task.id, historyLength:…

⎯⎯⎯⎯⎯⎯⎯⎯⎯⎯⎯⎯⎯⎯⎯⎯⎯⎯⎯⎯⎯⎯⎯⎯[1/1]⎯


 Test Files  1 failed (1)
      Tests  1 failed | 1 passed (2)
   Start at  20:55:32
   Duration  232ms (transform 41ms, setup 0ms, import 123ms, tests 37ms, environment 0ms)

