
 RUN  v4.0.18 /Users/citrine/Projects/AgentHarness/Flow-worktrees/queue-paused-scan

 ❯ docs/evidence/s01q01-paused-queue/pg-fixture.test.ts (7 tests | 4 failed) 8ms
     × rejects further work and propagates admin failure after successful cleanup 5ms
     × rejects further work and propagates pool failure after successful cleanup 1ms
     × rejects further work and propagates boss failure after successful cleanup 0ms
     ✓ keeps the first background error when a second owner fails 1ms
     × reports cleanup unknown with the original failure as cause and still closes the admin 0ms
     ✓ does not hide the original error when the cleanup receipt cannot be saved 0ms
     ✓ resolves clean shutdown when no failure was recorded 0ms

⎯⎯⎯⎯⎯⎯⎯ Failed Tests 4 ⎯⎯⎯⎯⎯⎯⎯

 FAIL  docs/evidence/s01q01-paused-queue/pg-fixture.test.ts > queue fixture background failure and resource closure > rejects further work and propagates admin failure after successful cleanup
 FAIL  docs/evidence/s01q01-paused-queue/pg-fixture.test.ts > queue fixture background failure and resource closure > rejects further work and propagates pool failure after successful cleanup
 FAIL  docs/evidence/s01q01-paused-queue/pg-fixture.test.ts > queue fixture background failure and resource closure > rejects further work and propagates boss failure after successful cleanup
TypeError: [Function] is not a spy or a call to a spy!
 ❯ docs/evidence/s01q01-paused-queue/pg-fixture.test.ts:70:30
     68|     await expect(fixture.finish()).rejects.toBe(original);
     69|     expect(fixture.boss.stop).toHaveBeenCalledOnce();
     70|     expect(fixture.pool.end).toHaveBeenCalledOnce();
       |                              ^
     71|     expect(fixture.admin.end).toHaveBeenCalledOnce();
     72|     expect(fixture.admin.query).not.toHaveBeenCalled();

⎯⎯⎯⎯⎯⎯⎯⎯⎯⎯⎯⎯⎯⎯⎯⎯⎯⎯⎯⎯⎯⎯⎯⎯[1/4]⎯

 FAIL  docs/evidence/s01q01-paused-queue/pg-fixture.test.ts > queue fixture background failure and resource closure > reports cleanup unknown with the original failure as cause and still closes the admin
TypeError: __vite_ssr_import_0__.vi.mocked(...).mockRejectedValueOnce is not a function
 ❯ docs/evidence/s01q01-paused-queue/pg-fixture.test.ts:92:33
     90|     const original = new Error('background');
     91|     fixture.boss.emit('error', original);
     92|     vi.mocked(fixture.pool.end).mockRejectedValueOnce(new Error('aux c…
       |                                 ^
     93|     const error = await fixture.finish().then(() => undefined, (failur…
     94|     expect(error).toBeInstanceOf(Error);

⎯⎯⎯⎯⎯⎯⎯⎯⎯⎯⎯⎯⎯⎯⎯⎯⎯⎯⎯⎯⎯⎯⎯⎯[2/4]⎯


 Test Files  1 failed (1)
      Tests  4 failed | 3 passed (7)
   Start at  12:21:16
   Duration  141ms (transform 26ms, setup 0ms, import 41ms, tests 8ms, environment 0ms)

