{"event":"version","sid":"20261006T121407.730632Z-Ha9d4ceab-P0001559d","thread":"main","time":"2026-10-06T12:14:07.730985Z","file":"common-init.c","line":57,"evt":"4","exe":"2.50.1 (Apple Git-155)"}
{"event":"start","sid":"20261006T121407.730632Z-Ha9d4ceab-P0001559d","thread":"main","time":"2026-10-06T12:14:07.731016Z","file":"common-init.c","line":58,"t_abs":0.000788,"argv":["/Library/Developer/CommandLineTools/usr/bin/git","-C","/var/folders/f1/2xjyyqkn5plc19fx4nt4tpt00000gn/T/dperf03-git-tg8ewO/0","rev-parse","HEAD"]}
{"event":"cmd_name","sid":"20261006T121407.730632Z-Ha9d4ceab-P0001559d","thread":"main","time":"2026-10-06T12:14:07.731062Z","file":"git.c","line":477,"name":"rev-parse","hierarchy":"rev-parse"}
{"event":"version","sid":"20261006T121407.730643Z-Ha9d4ceab-P00015591","thread":"main","time":"2026-10-06T12:14:07.731127Z","file":"common-init.c","line":57,"evt":"4","exe":"2.50.1 (Apple Git-155)"}
{"event":"start","sid":"20261006T121407.730643Z-Ha9d4ceab-P00015591","thread":"main","time":"2026-10-06T12:14:07.731138Z","file":"common-init.c","line":58,"t_abs":0.000915,"argv":["/Library/Developer/CommandLineTools/usr/bin/git","-C","/var/folders/f1/2xjyyqkn5plc19fx4nt4tpt00000gn/T/dperf03-git-tg8ewO/0","rev-parse","--show-toplevel"]}
{"event":"version","sid":"20261006T121407.730647Z-Ha9d4ceab-P00015597","thread":"main","time":"2026-10-06T12:14:07.731155Z","file":"common-init.c","line":57,"evt":"4","exe":"2.50.1 (Apple Git-155)"}
{"event":"start","sid":"20261006T121407.730647Z-Ha9d4ceab-P00015597","thread":"main","time":"2026-10-06T12:14:07.731165Z","file":"common-init.c","line":58,"t_abs":0.000946,"argv":["/Library/Developer/CommandLineTools/usr/bin/git","-C","/var/folders/f1/2xjyyqkn5plc19fx4nt4tpt00000gn/T/dperf03-git-tg8ewO/0","branch","--show-current"]}
{"event":"def_repo","sid":"20261006T121407.730632Z-Ha9d4ceab-P0001559d","thread":"main","time":"2026-10-06T12:14:07.731171Z","file":"repository.c","line":241,"repo":1,"worktree":"/private/var/folders/f1/2xjyyqkn5plc19fx4nt4tpt00000gn/T/dperf03-git-tg8ewO/0"}
{"event":"cmd_name","sid":"20261006T121407.730643Z-Ha9d4ceab-P00015591","thread":"main","time":"2026-10-06T12:14:07.731185Z","file":"git.c","line":477,"name":"rev-parse","hierarchy":"rev-parse"}
{"event":"def_repo","sid":"20261006T121407.730643Z-Ha9d4ceab-P00015591","thread":"main","time":"2026-10-06T12:14:07.731297Z","file":"repository.c","line":241,"repo":1,"worktree":"/private/var/folders/f1/2xjyyqkn5plc19fx4nt4tpt00000gn/T/dperf03-git-tg8ewO/0"}
{"event":"def_repo","sid":"20261006T121407.730647Z-Ha9d4ceab-P00015597","thread":"main","time":"2026-10-06T12:14:07.731314Z","file":"repository.c","line":241,"repo":1,"worktree":"/private/var/folders/f1/2xjyyqkn5plc19fx4nt4tpt00000gn/T/dperf03-git-tg8ewO/0"}
{"event":"cmd_name","sid":"20261006T121407.730647Z-Ha9d4ceab-P00015597","thread":"main","time":"2026-10-06T12:14:07.731341Z","file":"git.c","line":477,"name":"branch","hierarchy":"branch"}
{"event":"version","sid":"20261006T121407.730647Z-Ha9d4ceab-P000155a3","thread":"main","time":"2026-10-06T12:14:07.731356Z","file":"common-init.c","line":57,"evt":"4","exe":"2.50.1 (Apple Git-155)"}
{"event":"start","sid":"20261006T121407.730647Z-Ha9d4ceab-P000155a3","thread":"main","time":"2026-10-06T12:14:07.731368Z","file":"common-init.c","line":58,"t_abs":0.001052,"argv":["/Library/Developer/CommandLineTools/usr/bin/git","-C","/var/folders/f1/2xjyyqkn5plc19fx4nt4tpt00000gn/T/dperf03-git-tg8ewO/0","status","--porcelain","--untracked-files=normal"]}
{"event":"exit","sid":"20261006T121407.730632Z-Ha9d4ceab-P0001559d","thread":"main","time":"2026-10-06T12:14:07.731395Z","file":"git.c","line":747,"t_abs":0.001167,"code":0}
{"event":"atexit","sid":"20261006T121407.730632Z-Ha9d4ceab-P0001559d","thread":"main","time":"2026-10-06T12:14:07.731403Z","file":"trace2/tr2_tgt_event.c","line":207,"t_abs":0.001175,"code":0}
{"event":"exit","sid":"20261006T121407.730643Z-Ha9d4ceab-P00015591","thread":"main","time":"2026-10-06T12:14:07.731472Z","file":"git.c","line":747,"t_abs":0.001249,"code":0}
{"event":"atexit","sid":"20261006T121407.730643Z-Ha9d4ceab-P00015591","thread":"main","time":"2026-10-06T12:14:07.731479Z","file":"trace2/tr2_tgt_event.c","line":207,"t_abs":0.001256,"code":0}
{"event":"def_repo","sid":"20261006T121407.730647Z-Ha9d4ceab-P000155a3","thread":"main","time":"2026-10-06T12:14:07.731521Z","file":"repository.c","line":241,"repo":1,"worktree":"/private/var/folders/f1/2xjyyqkn5plc19fx4nt4tpt00000gn/T/dperf03-git-tg8ewO/0"}
{"event":"exit","sid":"20261006T121407.730647Z-Ha9d4ceab-P00015597","thread":"main","time":"2026-10-06T12:14:07.731558Z","file":"git.c","line":747,"t_abs":0.001339,"code":0}
{"event":"atexit","sid":"20261006T121407.730647Z-Ha9d4ceab-P00015597","thread":"main","time":"2026-10-06T12:14:07.731568Z","file":"trace2/tr2_tgt_event.c","line":207,"t_abs":0.001349,"code":0}
{"event":"cmd_name","sid":"20261006T121407.730647Z-Ha9d4ceab-P000155a3","thread":"main","time":"2026-10-06T12:14:07.731667Z","file":"git.c","line":477,"name":"status","hierarchy":"status"}
{"event":"region_enter","sid":"20261006T121407.730647Z-Ha9d4ceab-P000155a3","thread":"main","time":"2026-10-06T12:14:07.731824Z","file":"read-cache.c","line":2357,"repo":1,"nesting":1,"category":"index","label":"do_read_index","msg":".git/index"}
{"event":"region_enter","sid":"20261006T121407.730647Z-Ha9d4ceab-P000155a3","thread":"main","time":"2026-10-06T12:14:07.731853Z","file":"cache-tree.c","line":643,"repo":1,"nesting":2,"category":"cache_tree","label":"read"}
{"event":"region_leave","sid":"20261006T121407.730647Z-Ha9d4ceab-P000155a3","thread":"main","time":"2026-10-06T12:14:07.731859Z","file":"cache-tree.c","line":645,"repo":1,"t_rel":0.000006,"nesting":2,"category":"cache_tree","label":"read"}
{"event":"data","sid":"20261006T121407.730647Z-Ha9d4ceab-P000155a3","thread":"main","time":"2026-10-06T12:14:07.731865Z","file":"read-cache.c","line":2306,"repo":1,"t_abs":0.001550,"t_rel":0.000042,"nesting":2,"category":"index","key":"read/version","value":"2"}
{"event":"data","sid":"20261006T121407.730647Z-Ha9d4ceab-P000155a3","thread":"main","time":"2026-10-06T12:14:07.731870Z","file":"read-cache.c","line":2308,"repo":1,"t_abs":0.001555,"t_rel":0.000047,"nesting":2,"category":"index","key":"read/cache_nr","value":"1"}
{"event":"region_leave","sid":"20261006T121407.730647Z-Ha9d4ceab-P000155a3","thread":"main","time":"2026-10-06T12:14:07.731875Z","file":"read-cache.c","line":2362,"repo":1,"t_rel":0.000051,"nesting":1,"category":"index","label":"do_read_index","msg":".git/index"}
{"event":"region_enter","sid":"20261006T121407.730647Z-Ha9d4ceab-P000155a3","thread":"main","time":"2026-10-06T12:14:07.731883Z","file":"read-cache.c","line":1513,"nesting":1,"category":"index","label":"refresh"}
{"event":"data","sid":"20261006T121407.730647Z-Ha9d4ceab-P000155a3","thread":"main","time":"2026-10-06T12:14:07.732528Z","file":"read-cache.c","line":1595,"t_abs":0.002212,"t_rel":0.000644,"nesting":2,"category":"index","key":"refresh/sum_lstat","value":"1"}
{"event":"data","sid":"20261006T121407.730647Z-Ha9d4ceab-P000155a3","thread":"main","time":"2026-10-06T12:14:07.732535Z","file":"read-cache.c","line":1596,"t_abs":0.002218,"t_rel":0.000650,"nesting":2,"category":"index","key":"refresh/sum_scan","value":"0"}
{"event":"region_leave","sid":"20261006T121407.730647Z-Ha9d4ceab-P000155a3","thread":"main","time":"2026-10-06T12:14:07.732540Z","file":"read-cache.c","line":1597,"t_rel":0.000656,"nesting":1,"category":"index","label":"refresh"}
{"event":"region_enter","sid":"20261006T121407.730647Z-Ha9d4ceab-P000155a3","thread":"main","time":"2026-10-06T12:14:07.732585Z","file":"wt-status.c","line":841,"repo":1,"nesting":1,"category":"status","label":"worktrees"}
{"event":"region_enter","sid":"20261006T121407.730647Z-Ha9d4ceab-P000155a3","thread":"main","time":"2026-10-06T12:14:07.732602Z","file":"diffcore-rename.c","line":1407,"repo":1,"nesting":2,"category":"diff","label":"setup"}
{"event":"region_leave","sid":"20261006T121407.730647Z-Ha9d4ceab-P000155a3","thread":"main","time":"2026-10-06T12:14:07.732611Z","file":"diffcore-rename.c","line":1460,"repo":1,"t_rel":0.000008,"nesting":2,"category":"diff","label":"setup"}
{"event":"region_enter","sid":"20261006T121407.730647Z-Ha9d4ceab-P000155a3","thread":"main","time":"2026-10-06T12:14:07.732629Z","file":"diffcore-rename.c","line":1640,"repo":1,"nesting":2,"category":"diff","label":"write back to queue"}
{"event":"region_leave","sid":"20261006T121407.730647Z-Ha9d4ceab-P000155a3","thread":"main","time":"2026-10-06T12:14:07.732635Z","file":"diffcore-rename.c","line":1717,"repo":1,"t_rel":0.000005,"nesting":2,"category":"diff","label":"write back to queue"}
{"event":"region_leave","sid":"20261006T121407.730647Z-Ha9d4ceab-P000155a3","thread":"main","time":"2026-10-06T12:14:07.732645Z","file":"wt-status.c","line":843,"repo":1,"t_rel":0.000060,"nesting":1,"category":"status","label":"worktrees"}
{"event":"region_enter","sid":"20261006T121407.730647Z-Ha9d4ceab-P000155a3","thread":"main","time":"2026-10-06T12:14:07.732651Z","file":"wt-status.c","line":850,"repo":1,"nesting":1,"category":"status","label":"index"}
{"event":"region_enter","sid":"20261006T121407.730647Z-Ha9d4ceab-P000155a3","thread":"main","time":"2026-10-06T12:14:07.732842Z","file":"unpack-trees.c","line":1905,"repo":1,"nesting":2,"category":"unpack_trees","label":"unpack_trees"}
{"event":"region_leave","sid":"20261006T121407.730647Z-Ha9d4ceab-P000155a3","thread":"main","time":"2026-10-06T12:14:07.732921Z","file":"unpack-trees.c","line":2108,"repo":1,"t_rel":0.000079,"nesting":2,"category":"unpack_trees","label":"unpack_trees"}
{"event":"region_enter","sid":"20261006T121407.730647Z-Ha9d4ceab-P000155a3","thread":"main","time":"2026-10-06T12:14:07.732928Z","file":"diffcore-rename.c","line":1407,"repo":1,"nesting":2,"category":"diff","label":"setup"}
{"event":"region_leave","sid":"20261006T121407.730647Z-Ha9d4ceab-P000155a3","thread":"main","time":"2026-10-06T12:14:07.732933Z","file":"diffcore-rename.c","line":1460,"repo":1,"t_rel":0.000005,"nesting":2,"category":"diff","label":"setup"}
{"event":"region_enter","sid":"20261006T121407.730647Z-Ha9d4ceab-P000155a3","thread":"main","time":"2026-10-06T12:14:07.732938Z","file":"diffcore-rename.c","line":1640,"repo":1,"nesting":2,"category":"diff","label":"write back to queue"}
{"event":"region_leave","sid":"20261006T121407.730647Z-Ha9d4ceab-P000155a3","thread":"main","time":"2026-10-06T12:14:07.732942Z","file":"diffcore-rename.c","line":1717,"repo":1,"t_rel":0.000005,"nesting":2,"category":"diff","label":"write back to queue"}
{"event":"region_leave","sid":"20261006T121407.730647Z-Ha9d4ceab-P000155a3","thread":"main","time":"2026-10-06T12:14:07.732946Z","file":"wt-status.c","line":852,"repo":1,"t_rel":0.000295,"nesting":1,"category":"status","label":"index"}
{"event":"region_enter","sid":"20261006T121407.730647Z-Ha9d4ceab-P000155a3","thread":"main","time":"2026-10-06T12:14:07.732950Z","file":"wt-status.c","line":855,"repo":1,"nesting":1,"category":"status","label":"untracked"}
{"event":"region_enter","sid":"20261006T121407.730647Z-Ha9d4ceab-P000155a3","thread":"main","time":"2026-10-06T12:14:07.733013Z","file":"dir.c","line":3090,"repo":1,"nesting":2,"category":"dir","label":"read_directory"}
{"event":"region_leave","sid":"20261006T121407.730647Z-Ha9d4ceab-P000155a3","thread":"main","time":"2026-10-06T12:14:07.733048Z","file":"dir.c","line":3113,"repo":1,"t_rel":0.000034,"nesting":2,"category":"dir","label":"read_directory"}
{"event":"region_leave","sid":"20261006T121407.730647Z-Ha9d4ceab-P000155a3","thread":"main","time":"2026-10-06T12:14:07.733053Z","file":"wt-status.c","line":857,"repo":1,"t_rel":0.000102,"nesting":1,"category":"status","label":"untracked"}
{"event":"data","sid":"20261006T121407.730647Z-Ha9d4ceab-P000155a3","thread":"main","time":"2026-10-06T12:14:07.733077Z","file":"wt-status.c","line":2569,"repo":1,"t_abs":0.002762,"t_rel":0.002762,"nesting":1,"category":"status","key":"count/changed","value":"0"}
{"event":"data","sid":"20261006T121407.730647Z-Ha9d4ceab-P000155a3","thread":"main","time":"2026-10-06T12:14:07.733082Z","file":"wt-status.c","line":2571,"repo":1,"t_abs":0.002767,"t_rel":0.002767,"nesting":1,"category":"status","key":"count/untracked","value":"0"}
{"event":"data","sid":"20261006T121407.730647Z-Ha9d4ceab-P000155a3","thread":"main","time":"2026-10-06T12:14:07.733097Z","file":"wt-status.c","line":2572,"repo":1,"t_abs":0.002782,"t_rel":0.002782,"nesting":1,"category":"status","key":"count/ignored","value":"0"}
{"event":"region_enter","sid":"20261006T121407.730647Z-Ha9d4ceab-P000155a3","thread":"main","time":"2026-10-06T12:14:07.733102Z","file":"wt-status.c","line":2574,"repo":1,"nesting":1,"category":"status","label":"print"}
{"event":"region_leave","sid":"20261006T121407.730647Z-Ha9d4ceab-P000155a3","thread":"main","time":"2026-10-06T12:14:07.733107Z","file":"wt-status.c","line":2595,"repo":1,"t_rel":0.000005,"nesting":1,"category":"status","label":"print"}
{"event":"exit","sid":"20261006T121407.730647Z-Ha9d4ceab-P000155a3","thread":"main","time":"2026-10-06T12:14:07.733112Z","file":"git.c","line":747,"t_abs":0.002797,"code":0}
{"event":"data_json","sid":"20261006T121407.730647Z-Ha9d4ceab-P000155a3","thread":"main","time":"2026-10-06T12:14:07.733117Z","file":"tree-walk.c","line":186,"repo":1,"t_abs":0.002801,"t_rel":0.002801,"nesting":1,"category":"traverse_trees","key":"statistics","value":{"traverse_trees_count":1,"traverse_trees_max_depth":1}}
{"event":"atexit","sid":"20261006T121407.730647Z-Ha9d4ceab-P000155a3","thread":"main","time":"2026-10-06T12:14:07.733122Z","file":"trace2/tr2_tgt_event.c","line":207,"t_abs":0.002806,"code":0}
{"event":"version","sid":"20261006T121407.743532Z-Ha9d4ceab-P000155a9","thread":"main","time":"2026-10-06T12:14:07.743874Z","file":"common-init.c","line":57,"evt":"4","exe":"2.50.1 (Apple Git-155)"}
{"event":"start","sid":"20261006T121407.743532Z-Ha9d4ceab-P000155a9","thread":"main","time":"2026-10-06T12:14:07.743896Z","file":"common-init.c","line":58,"t_abs":0.000609,"argv":["/Library/Developer/CommandLineTools/usr/bin/git","-C","/var/folders/f1/2xjyyqkn5plc19fx4nt4tpt00000gn/T/dperf03-git-tg8ewO/2","rev-parse","--show-toplevel"]}
{"event":"cmd_name","sid":"20261006T121407.743532Z-Ha9d4ceab-P000155a9","thread":"main","time":"2026-10-06T12:14:07.743945Z","file":"git.c","line":477,"name":"rev-parse","hierarchy":"rev-parse"}
{"event":"def_repo","sid":"20261006T121407.743532Z-Ha9d4ceab-P000155a9","thread":"main","time":"2026-10-06T12:14:07.744098Z","file":"repository.c","line":241,"repo":1,"worktree":"/private/var/folders/f1/2xjyyqkn5plc19fx4nt4tpt00000gn/T/dperf03-git-tg8ewO/2"}
{"event":"exit","sid":"20261006T121407.743532Z-Ha9d4ceab-P000155a9","thread":"main","time":"2026-10-06T12:14:07.744254Z","file":"git.c","line":747,"t_abs":0.000967,"code":0}
{"event":"atexit","sid":"20261006T121407.743532Z-Ha9d4ceab-P000155a9","thread":"main","time":"2026-10-06T12:14:07.744262Z","file":"trace2/tr2_tgt_event.c","line":207,"t_abs":0.000975,"code":0}
{"event":"version","sid":"20261006T121407.744039Z-Ha9d4ceab-P000155af","thread":"main","time":"2026-10-06T12:14:07.744316Z","file":"common-init.c","line":57,"evt":"4","exe":"2.50.1 (Apple Git-155)"}
{"event":"start","sid":"20261006T121407.744039Z-Ha9d4ceab-P000155af","thread":"main","time":"2026-10-06T12:14:07.744326Z","file":"common-init.c","line":58,"t_abs":0.000543,"argv":["/Library/Developer/CommandLineTools/usr/bin/git","-C","/var/folders/f1/2xjyyqkn5plc19fx4nt4tpt00000gn/T/dperf03-git-tg8ewO/2","branch","--show-current"]}
{"event":"def_repo","sid":"20261006T121407.744039Z-Ha9d4ceab-P000155af","thread":"main","time":"2026-10-06T12:14:07.744457Z","file":"repository.c","line":241,"repo":1,"worktree":"/private/var/folders/f1/2xjyyqkn5plc19fx4nt4tpt00000gn/T/dperf03-git-tg8ewO/2"}
{"event":"version","sid":"20261006T121407.744052Z-Ha9d4ceab-P000155b5","thread":"main","time":"2026-10-06T12:14:07.744464Z","file":"common-init.c","line":57,"evt":"4","exe":"2.50.1 (Apple Git-155)"}
{"event":"start","sid":"20261006T121407.744052Z-Ha9d4ceab-P000155b5","thread":"main","time":"2026-10-06T12:14:07.744473Z","file":"common-init.c","line":58,"t_abs":0.000677,"argv":["/Library/Developer/CommandLineTools/usr/bin/git","-C","/var/folders/f1/2xjyyqkn5plc19fx4nt4tpt00000gn/T/dperf03-git-tg8ewO/2","rev-parse","HEAD"]}
{"event":"cmd_name","sid":"20261006T121407.744039Z-Ha9d4ceab-P000155af","thread":"main","time":"2026-10-06T12:14:07.744478Z","file":"git.c","line":477,"name":"branch","hierarchy":"branch"}
{"event":"cmd_name","sid":"20261006T121407.744052Z-Ha9d4ceab-P000155b5","thread":"main","time":"2026-10-06T12:14:07.744538Z","file":"git.c","line":477,"name":"rev-parse","hierarchy":"rev-parse"}
{"event":"def_repo","sid":"20261006T121407.744052Z-Ha9d4ceab-P000155b5","thread":"main","time":"2026-10-06T12:14:07.744655Z","file":"repository.c","line":241,"repo":1,"worktree":"/private/var/folders/f1/2xjyyqkn5plc19fx4nt4tpt00000gn/T/dperf03-git-tg8ewO/2"}
{"event":"exit","sid":"20261006T121407.744039Z-Ha9d4ceab-P000155af","thread":"main","time":"2026-10-06T12:14:07.744714Z","file":"git.c","line":747,"t_abs":0.000931,"code":0}
{"event":"atexit","sid":"20261006T121407.744039Z-Ha9d4ceab-P000155af","thread":"main","time":"2026-10-06T12:14:07.744720Z","file":"trace2/tr2_tgt_event.c","line":207,"t_abs":0.000937,"code":0}
{"event":"exit","sid":"20261006T121407.744052Z-Ha9d4ceab-P000155b5","thread":"main","time":"2026-10-06T12:14:07.744852Z","file":"git.c","line":747,"t_abs":0.001055,"code":0}
{"event":"atexit","sid":"20261006T121407.744052Z-Ha9d4ceab-P000155b5","thread":"main","time":"2026-10-06T12:14:07.744861Z","file":"trace2/tr2_tgt_event.c","line":207,"t_abs":0.001064,"code":0}
{"event":"version","sid":"20261006T121407.744904Z-Ha9d4ceab-P000155bb","thread":"main","time":"2026-10-06T12:14:07.745374Z","file":"common-init.c","line":57,"evt":"4","exe":"2.50.1 (Apple Git-155)"}
{"event":"start","sid":"20261006T121407.744904Z-Ha9d4ceab-P000155bb","thread":"main","time":"2026-10-06T12:14:07.745382Z","file":"common-init.c","line":58,"t_abs":0.000726,"argv":["/Library/Developer/CommandLineTools/usr/bin/git","-C","/var/folders/f1/2xjyyqkn5plc19fx4nt4tpt00000gn/T/dperf03-git-tg8ewO/2","status","--porcelain","--untracked-files=normal"]}
{"event":"def_repo","sid":"20261006T121407.744904Z-Ha9d4ceab-P000155bb","thread":"main","time":"2026-10-06T12:14:07.745516Z","file":"repository.c","line":241,"repo":1,"worktree":"/private/var/folders/f1/2xjyyqkn5plc19fx4nt4tpt00000gn/T/dperf03-git-tg8ewO/2"}
{"event":"cmd_name","sid":"20261006T121407.744904Z-Ha9d4ceab-P000155bb","thread":"main","time":"2026-10-06T12:14:07.745643Z","file":"git.c","line":477,"name":"status","hierarchy":"status"}
{"event":"region_enter","sid":"20261006T121407.744904Z-Ha9d4ceab-P000155bb","thread":"main","time":"2026-10-06T12:14:07.745796Z","file":"read-cache.c","line":2357,"repo":1,"nesting":1,"category":"index","label":"do_read_index","msg":".git/index"}
{"event":"region_enter","sid":"20261006T121407.744904Z-Ha9d4ceab-P000155bb","thread":"main","time":"2026-10-06T12:14:07.745825Z","file":"cache-tree.c","line":643,"repo":1,"nesting":2,"category":"cache_tree","label":"read"}
{"event":"region_leave","sid":"20261006T121407.744904Z-Ha9d4ceab-P000155bb","thread":"main","time":"2026-10-06T12:14:07.745832Z","file":"cache-tree.c","line":645,"repo":1,"t_rel":0.000006,"nesting":2,"category":"cache_tree","label":"read"}
{"event":"data","sid":"20261006T121407.744904Z-Ha9d4ceab-P000155bb","thread":"main","time":"2026-10-06T12:14:07.745838Z","file":"read-cache.c","line":2306,"repo":1,"t_abs":0.001182,"t_rel":0.000041,"nesting":2,"category":"index","key":"read/version","value":"2"}
{"event":"data","sid":"20261006T121407.744904Z-Ha9d4ceab-P000155bb","thread":"main","time":"2026-10-06T12:14:07.745843Z","file":"read-cache.c","line":2308,"repo":1,"t_abs":0.001187,"t_rel":0.000046,"nesting":2,"category":"index","key":"read/cache_nr","value":"2"}
{"event":"region_leave","sid":"20261006T121407.744904Z-Ha9d4ceab-P000155bb","thread":"main","time":"2026-10-06T12:14:07.745849Z","file":"read-cache.c","line":2362,"repo":1,"t_rel":0.000052,"nesting":1,"category":"index","label":"do_read_index","msg":".git/index"}
{"event":"region_enter","sid":"20261006T121407.744904Z-Ha9d4ceab-P000155bb","thread":"main","time":"2026-10-06T12:14:07.745856Z","file":"read-cache.c","line":1513,"nesting":1,"category":"index","label":"refresh"}
{"event":"data","sid":"20261006T121407.744904Z-Ha9d4ceab-P000155bb","thread":"main","time":"2026-10-06T12:14:07.745883Z","file":"read-cache.c","line":1595,"t_abs":0.001228,"t_rel":0.000028,"nesting":2,"category":"index","key":"refresh/sum_lstat","value":"2"}
{"event":"data","sid":"20261006T121407.744904Z-Ha9d4ceab-P000155bb","thread":"main","time":"2026-10-06T12:14:07.745890Z","file":"read-cache.c","line":1596,"t_abs":0.001234,"t_rel":0.000034,"nesting":2,"category":"index","key":"refresh/sum_scan","value":"0"}
{"event":"region_leave","sid":"20261006T121407.744904Z-Ha9d4ceab-P000155bb","thread":"main","time":"2026-10-06T12:14:07.745894Z","file":"read-cache.c","line":1597,"t_rel":0.000039,"nesting":1,"category":"index","label":"refresh"}
{"event":"region_enter","sid":"20261006T121407.744904Z-Ha9d4ceab-P000155bb","thread":"main","time":"2026-10-06T12:14:07.745948Z","file":"wt-status.c","line":841,"repo":1,"nesting":1,"category":"status","label":"worktrees"}
{"event":"region_enter","sid":"20261006T121407.744904Z-Ha9d4ceab-P000155bb","thread":"main","time":"2026-10-06T12:14:07.745964Z","file":"diffcore-rename.c","line":1407,"repo":1,"nesting":2,"category":"diff","label":"setup"}
{"event":"region_leave","sid":"20261006T121407.744904Z-Ha9d4ceab-P000155bb","thread":"main","time":"2026-10-06T12:14:07.745968Z","file":"diffcore-rename.c","line":1460,"repo":1,"t_rel":0.000004,"nesting":2,"category":"diff","label":"setup"}
{"event":"region_enter","sid":"20261006T121407.744904Z-Ha9d4ceab-P000155bb","thread":"main","time":"2026-10-06T12:14:07.745972Z","file":"diffcore-rename.c","line":1640,"repo":1,"nesting":2,"category":"diff","label":"write back to queue"}
{"event":"region_leave","sid":"20261006T121407.744904Z-Ha9d4ceab-P000155bb","thread":"main","time":"2026-10-06T12:14:07.745975Z","file":"diffcore-rename.c","line":1717,"repo":1,"t_rel":0.000004,"nesting":2,"category":"diff","label":"write back to queue"}
{"event":"region_leave","sid":"20261006T121407.744904Z-Ha9d4ceab-P000155bb","thread":"main","time":"2026-10-06T12:14:07.745982Z","file":"wt-status.c","line":843,"repo":1,"t_rel":0.000036,"nesting":1,"category":"status","label":"worktrees"}
{"event":"region_enter","sid":"20261006T121407.744904Z-Ha9d4ceab-P000155bb","thread":"main","time":"2026-10-06T12:14:07.745986Z","file":"wt-status.c","line":850,"repo":1,"nesting":1,"category":"status","label":"index"}
{"event":"region_enter","sid":"20261006T121407.744904Z-Ha9d4ceab-P000155bb","thread":"main","time":"2026-10-06T12:14:07.746673Z","file":"unpack-trees.c","line":1905,"repo":1,"nesting":2,"category":"unpack_trees","label":"unpack_trees"}
{"event":"region_leave","sid":"20261006T121407.744904Z-Ha9d4ceab-P000155bb","thread":"main","time":"2026-10-06T12:14:07.746753Z","file":"unpack-trees.c","line":2108,"repo":1,"t_rel":0.000081,"nesting":2,"category":"unpack_trees","label":"unpack_trees"}
{"event":"region_enter","sid":"20261006T121407.744904Z-Ha9d4ceab-P000155bb","thread":"main","time":"2026-10-06T12:14:07.746761Z","file":"diffcore-rename.c","line":1407,"repo":1,"nesting":2,"category":"diff","label":"setup"}
{"event":"region_leave","sid":"20261006T121407.744904Z-Ha9d4ceab-P000155bb","thread":"main","time":"2026-10-06T12:14:07.746765Z","file":"diffcore-rename.c","line":1460,"repo":1,"t_rel":0.000004,"nesting":2,"category":"diff","label":"setup"}
{"event":"region_enter","sid":"20261006T121407.744904Z-Ha9d4ceab-P000155bb","thread":"main","time":"2026-10-06T12:14:07.746770Z","file":"diffcore-rename.c","line":1640,"repo":1,"nesting":2,"category":"diff","label":"write back to queue"}
{"event":"region_leave","sid":"20261006T121407.744904Z-Ha9d4ceab-P000155bb","thread":"main","time":"2026-10-06T12:14:07.746775Z","file":"diffcore-rename.c","line":1717,"repo":1,"t_rel":0.000005,"nesting":2,"category":"diff","label":"write back to queue"}
{"event":"region_leave","sid":"20261006T121407.744904Z-Ha9d4ceab-P000155bb","thread":"main","time":"2026-10-06T12:14:07.746780Z","file":"wt-status.c","line":852,"repo":1,"t_rel":0.000794,"nesting":1,"category":"status","label":"index"}
{"event":"region_enter","sid":"20261006T121407.744904Z-Ha9d4ceab-P000155bb","thread":"main","time":"2026-10-06T12:14:07.746786Z","file":"wt-status.c","line":855,"repo":1,"nesting":1,"category":"status","label":"untracked"}
{"event":"region_enter","sid":"20261006T121407.744904Z-Ha9d4ceab-P000155bb","thread":"main","time":"2026-10-06T12:14:07.746855Z","file":"dir.c","line":3090,"repo":1,"nesting":2,"category":"dir","label":"read_directory"}
{"event":"region_leave","sid":"20261006T121407.744904Z-Ha9d4ceab-P000155bb","thread":"main","time":"2026-10-06T12:14:07.746940Z","file":"dir.c","line":3113,"repo":1,"t_rel":0.000085,"nesting":2,"category":"dir","label":"read_directory"}
{"event":"region_leave","sid":"20261006T121407.744904Z-Ha9d4ceab-P000155bb","thread":"main","time":"2026-10-06T12:14:07.746946Z","file":"wt-status.c","line":857,"repo":1,"t_rel":0.000159,"nesting":1,"category":"status","label":"untracked"}
{"event":"data","sid":"20261006T121407.744904Z-Ha9d4ceab-P000155bb","thread":"main","time":"2026-10-06T12:14:07.746965Z","file":"wt-status.c","line":2569,"repo":1,"t_abs":0.002310,"t_rel":0.002310,"nesting":1,"category":"status","key":"count/changed","value":"1"}
{"event":"data","sid":"20261006T121407.744904Z-Ha9d4ceab-P000155bb","thread":"main","time":"2026-10-06T12:14:07.746970Z","file":"wt-status.c","line":2571,"repo":1,"t_abs":0.002315,"t_rel":0.002315,"nesting":1,"category":"status","key":"count/untracked","value":"0"}
{"event":"data","sid":"20261006T121407.744904Z-Ha9d4ceab-P000155bb","thread":"main","time":"2026-10-06T12:14:07.746974Z","file":"wt-status.c","line":2572,"repo":1,"t_abs":0.002319,"t_rel":0.002319,"nesting":1,"category":"status","key":"count/ignored","value":"0"}
{"event":"region_enter","sid":"20261006T121407.744904Z-Ha9d4ceab-P000155bb","thread":"main","time":"2026-10-06T12:14:07.746979Z","file":"wt-status.c","line":2574,"repo":1,"nesting":1,"category":"status","label":"print"}
{"event":"region_leave","sid":"20261006T121407.744904Z-Ha9d4ceab-P000155bb","thread":"main","time":"2026-10-06T12:14:07.746987Z","file":"wt-status.c","line":2595,"repo":1,"t_rel":0.000009,"nesting":1,"category":"status","label":"print"}
{"event":"exit","sid":"20261006T121407.744904Z-Ha9d4ceab-P000155bb","thread":"main","time":"2026-10-06T12:14:07.746992Z","file":"git.c","line":747,"t_abs":0.002336,"code":0}
{"event":"data_json","sid":"20261006T121407.744904Z-Ha9d4ceab-P000155bb","thread":"main","time":"2026-10-06T12:14:07.746996Z","file":"tree-walk.c","line":186,"repo":1,"t_abs":0.002340,"t_rel":0.002340,"nesting":1,"category":"traverse_trees","key":"statistics","value":{"traverse_trees_count":1,"traverse_trees_max_depth":1}}
{"event":"atexit","sid":"20261006T121407.744904Z-Ha9d4ceab-P000155bb","thread":"main","time":"2026-10-06T12:14:07.747000Z","file":"trace2/tr2_tgt_event.c","line":207,"t_abs":0.002345,"code":0}
{"event":"version","sid":"20261006T121407.755305Z-Ha9d4ceab-P000155c1","thread":"main","time":"2026-10-06T12:14:07.755577Z","file":"common-init.c","line":57,"evt":"4","exe":"2.50.1 (Apple Git-155)"}
{"event":"start","sid":"20261006T121407.755305Z-Ha9d4ceab-P000155c1","thread":"main","time":"2026-10-06T12:14:07.755594Z","file":"common-init.c","line":58,"t_abs":0.000490,"argv":["/Library/Developer/CommandLineTools/usr/bin/git","-C","/var/folders/f1/2xjyyqkn5plc19fx4nt4tpt00000gn/T/dperf03-git-tg8ewO/2","show","2d9854739eca2585e1bb95d8b60197f0495549f1:plans/temp/status.md"]}
{"event":"def_repo","sid":"20261006T121407.755305Z-Ha9d4ceab-P000155c1","thread":"main","time":"2026-10-06T12:14:07.755735Z","file":"repository.c","line":241,"repo":1,"worktree":"/private/var/folders/f1/2xjyyqkn5plc19fx4nt4tpt00000gn/T/dperf03-git-tg8ewO/2"}
{"event":"cmd_name","sid":"20261006T121407.755305Z-Ha9d4ceab-P000155c1","thread":"main","time":"2026-10-06T12:14:07.755843Z","file":"git.c","line":477,"name":"show","hierarchy":"show"}
{"event":"exit","sid":"20261006T121407.755305Z-Ha9d4ceab-P000155c1","thread":"main","time":"2026-10-06T12:14:07.756720Z","file":"git.c","line":747,"t_abs":0.001615,"code":0}
{"event":"atexit","sid":"20261006T121407.755305Z-Ha9d4ceab-P000155c1","thread":"main","time":"2026-10-06T12:14:07.756730Z","file":"trace2/tr2_tgt_event.c","line":207,"t_abs":0.001624,"code":0}
