{"event":"version","sid":"20261006T121407.390400Z-Ha9d4ceab-P00015483","thread":"main","time":"2026-10-06T12:14:07.390869Z","file":"common-init.c","line":57,"evt":"4","exe":"2.50.1 (Apple Git-155)"}
{"event":"start","sid":"20261006T121407.390400Z-Ha9d4ceab-P00015483","thread":"main","time":"2026-10-06T12:14:07.390914Z","file":"common-init.c","line":58,"t_abs":0.000809,"argv":["/Library/Developer/CommandLineTools/usr/bin/git","-C","/var/folders/f1/2xjyyqkn5plc19fx4nt4tpt00000gn/T/dperf03-git-tg8ewO/0","cat-file","-t","25c6fd86b294866f225e66128541f43f7fc589dd"]}
{"event":"def_repo","sid":"20261006T121407.390400Z-Ha9d4ceab-P00015483","thread":"main","time":"2026-10-06T12:14:07.391154Z","file":"repository.c","line":241,"repo":1,"worktree":"/private/var/folders/f1/2xjyyqkn5plc19fx4nt4tpt00000gn/T/dperf03-git-tg8ewO/0"}
{"event":"version","sid":"20261006T121407.390782Z-Ha9d4ceab-P00015477","thread":"main","time":"2026-10-06T12:14:07.391266Z","file":"common-init.c","line":57,"evt":"4","exe":"2.50.1 (Apple Git-155)"}
{"event":"start","sid":"20261006T121407.390782Z-Ha9d4ceab-P00015477","thread":"main","time":"2026-10-06T12:14:07.391278Z","file":"common-init.c","line":58,"t_abs":0.000894,"argv":["/Library/Developer/CommandLineTools/usr/bin/git","-C","/var/folders/f1/2xjyyqkn5plc19fx4nt4tpt00000gn/T/dperf03-git-tg8ewO/0","cat-file","-t","25c6fd86b294866f225e66128541f43f7fc589dd"]}
{"event":"cmd_name","sid":"20261006T121407.390400Z-Ha9d4ceab-P00015483","thread":"main","time":"2026-10-06T12:14:07.391297Z","file":"git.c","line":477,"name":"cat-file","hierarchy":"cat-file"}
{"event":"version","sid":"20261006T121407.390782Z-Ha9d4ceab-P0001547d","thread":"main","time":"2026-10-06T12:14:07.391298Z","file":"common-init.c","line":57,"evt":"4","exe":"2.50.1 (Apple Git-155)"}
{"event":"start","sid":"20261006T121407.390782Z-Ha9d4ceab-P0001547d","thread":"main","time":"2026-10-06T12:14:07.391307Z","file":"common-init.c","line":58,"t_abs":0.000930,"argv":["/Library/Developer/CommandLineTools/usr/bin/git","-C","/var/folders/f1/2xjyyqkn5plc19fx4nt4tpt00000gn/T/dperf03-git-tg8ewO/0","cat-file","-t","25c6fd86b294866f225e66128541f43f7fc589dd"]}
{"event":"def_repo","sid":"20261006T121407.390782Z-Ha9d4ceab-P00015477","thread":"main","time":"2026-10-06T12:14:07.391444Z","file":"repository.c","line":241,"repo":1,"worktree":"/private/var/folders/f1/2xjyyqkn5plc19fx4nt4tpt00000gn/T/dperf03-git-tg8ewO/0"}
{"event":"def_repo","sid":"20261006T121407.390782Z-Ha9d4ceab-P0001547d","thread":"main","time":"2026-10-06T12:14:07.391463Z","file":"repository.c","line":241,"repo":1,"worktree":"/private/var/folders/f1/2xjyyqkn5plc19fx4nt4tpt00000gn/T/dperf03-git-tg8ewO/0"}
{"event":"version","sid":"20261006T121407.390782Z-Ha9d4ceab-P00015489","thread":"main","time":"2026-10-06T12:14:07.391519Z","file":"common-init.c","line":57,"evt":"4","exe":"2.50.1 (Apple Git-155)"}
{"event":"start","sid":"20261006T121407.390782Z-Ha9d4ceab-P00015489","thread":"main","time":"2026-10-06T12:14:07.391528Z","file":"common-init.c","line":58,"t_abs":0.001138,"argv":["/Library/Developer/CommandLineTools/usr/bin/git","-C","/var/folders/f1/2xjyyqkn5plc19fx4nt4tpt00000gn/T/dperf03-git-tg8ewO/0","cat-file","-t","25c6fd86b294866f225e66128541f43f7fc589dd"]}
{"event":"cmd_name","sid":"20261006T121407.390782Z-Ha9d4ceab-P00015477","thread":"main","time":"2026-10-06T12:14:07.391580Z","file":"git.c","line":477,"name":"cat-file","hierarchy":"cat-file"}
{"event":"cmd_name","sid":"20261006T121407.390782Z-Ha9d4ceab-P0001547d","thread":"main","time":"2026-10-06T12:14:07.391607Z","file":"git.c","line":477,"name":"cat-file","hierarchy":"cat-file"}
{"event":"def_repo","sid":"20261006T121407.390782Z-Ha9d4ceab-P00015489","thread":"main","time":"2026-10-06T12:14:07.391700Z","file":"repository.c","line":241,"repo":1,"worktree":"/private/var/folders/f1/2xjyyqkn5plc19fx4nt4tpt00000gn/T/dperf03-git-tg8ewO/0"}
{"event":"cmd_name","sid":"20261006T121407.390782Z-Ha9d4ceab-P00015489","thread":"main","time":"2026-10-06T12:14:07.391832Z","file":"git.c","line":477,"name":"cat-file","hierarchy":"cat-file"}
{"event":"exit","sid":"20261006T121407.390400Z-Ha9d4ceab-P00015483","thread":"main","time":"2026-10-06T12:14:07.392178Z","file":"git.c","line":747,"t_abs":0.002073,"code":0}
{"event":"atexit","sid":"20261006T121407.390400Z-Ha9d4ceab-P00015483","thread":"main","time":"2026-10-06T12:14:07.392199Z","file":"trace2/tr2_tgt_event.c","line":207,"t_abs":0.002094,"code":0}
{"event":"exit","sid":"20261006T121407.390782Z-Ha9d4ceab-P00015477","thread":"main","time":"2026-10-06T12:14:07.392301Z","file":"git.c","line":747,"t_abs":0.001917,"code":0}
{"event":"atexit","sid":"20261006T121407.390782Z-Ha9d4ceab-P00015477","thread":"main","time":"2026-10-06T12:14:07.392307Z","file":"trace2/tr2_tgt_event.c","line":207,"t_abs":0.001924,"code":0}
{"event":"exit","sid":"20261006T121407.390782Z-Ha9d4ceab-P0001547d","thread":"main","time":"2026-10-06T12:14:07.392309Z","file":"git.c","line":747,"t_abs":0.001931,"code":0}
{"event":"atexit","sid":"20261006T121407.390782Z-Ha9d4ceab-P0001547d","thread":"main","time":"2026-10-06T12:14:07.392317Z","file":"trace2/tr2_tgt_event.c","line":207,"t_abs":0.001938,"code":0}
{"event":"exit","sid":"20261006T121407.390782Z-Ha9d4ceab-P00015489","thread":"main","time":"2026-10-06T12:14:07.392498Z","file":"git.c","line":747,"t_abs":0.002108,"code":0}
{"event":"atexit","sid":"20261006T121407.390782Z-Ha9d4ceab-P00015489","thread":"main","time":"2026-10-06T12:14:07.392512Z","file":"trace2/tr2_tgt_event.c","line":207,"t_abs":0.002122,"code":0}
{"event":"version","sid":"20261006T121407.407802Z-Ha9d4ceab-P000154a1","thread":"main","time":"2026-10-06T12:14:07.408228Z","file":"common-init.c","line":57,"evt":"4","exe":"2.50.1 (Apple Git-155)"}
{"event":"start","sid":"20261006T121407.407802Z-Ha9d4ceab-P000154a1","thread":"main","time":"2026-10-06T12:14:07.408259Z","file":"common-init.c","line":58,"t_abs":0.000857,"argv":["/Library/Developer/CommandLineTools/usr/bin/git","-C","/var/folders/f1/2xjyyqkn5plc19fx4nt4tpt00000gn/T/dperf03-git-tg8ewO/0","ls-tree","-r","-z","--full-tree","25c6fd86b294866f225e66128541f43f7fc589dd","--",":(literal)sample.txt"]}
{"event":"version","sid":"20261006T121407.407804Z-Ha9d4ceab-P00015495","thread":"main","time":"2026-10-06T12:14:07.408374Z","file":"common-init.c","line":57,"evt":"4","exe":"2.50.1 (Apple Git-155)"}
{"event":"start","sid":"20261006T121407.407804Z-Ha9d4ceab-P00015495","thread":"main","time":"2026-10-06T12:14:07.408388Z","file":"common-init.c","line":58,"t_abs":0.000944,"argv":["/Library/Developer/CommandLineTools/usr/bin/git","-C","/var/folders/f1/2xjyyqkn5plc19fx4nt4tpt00000gn/T/dperf03-git-tg8ewO/0","ls-tree","-r","-z","--full-tree","25c6fd86b294866f225e66128541f43f7fc589dd","--",":(literal)sample.txt"]}
{"event":"version","sid":"20261006T121407.407804Z-Ha9d4ceab-P0001548f","thread":"main","time":"2026-10-06T12:14:07.408401Z","file":"common-init.c","line":57,"evt":"4","exe":"2.50.1 (Apple Git-155)"}
{"event":"def_repo","sid":"20261006T121407.407802Z-Ha9d4ceab-P000154a1","thread":"main","time":"2026-10-06T12:14:07.408405Z","file":"repository.c","line":241,"repo":1,"worktree":"/private/var/folders/f1/2xjyyqkn5plc19fx4nt4tpt00000gn/T/dperf03-git-tg8ewO/0"}
{"event":"start","sid":"20261006T121407.407804Z-Ha9d4ceab-P0001548f","thread":"main","time":"2026-10-06T12:14:07.408411Z","file":"common-init.c","line":58,"t_abs":0.000979,"argv":["/Library/Developer/CommandLineTools/usr/bin/git","-C","/var/folders/f1/2xjyyqkn5plc19fx4nt4tpt00000gn/T/dperf03-git-tg8ewO/0","ls-tree","-r","-z","--full-tree","25c6fd86b294866f225e66128541f43f7fc589dd","--",":(literal)sample.txt"]}
{"event":"cmd_name","sid":"20261006T121407.407802Z-Ha9d4ceab-P000154a1","thread":"main","time":"2026-10-06T12:14:07.408530Z","file":"git.c","line":477,"name":"ls-tree","hierarchy":"ls-tree"}
{"event":"def_repo","sid":"20261006T121407.407804Z-Ha9d4ceab-P00015495","thread":"main","time":"2026-10-06T12:14:07.408534Z","file":"repository.c","line":241,"repo":1,"worktree":"/private/var/folders/f1/2xjyyqkn5plc19fx4nt4tpt00000gn/T/dperf03-git-tg8ewO/0"}
{"event":"def_repo","sid":"20261006T121407.407804Z-Ha9d4ceab-P0001548f","thread":"main","time":"2026-10-06T12:14:07.408561Z","file":"repository.c","line":241,"repo":1,"worktree":"/private/var/folders/f1/2xjyyqkn5plc19fx4nt4tpt00000gn/T/dperf03-git-tg8ewO/0"}
{"event":"version","sid":"20261006T121407.407803Z-Ha9d4ceab-P0001549b","thread":"main","time":"2026-10-06T12:14:07.408605Z","file":"common-init.c","line":57,"evt":"4","exe":"2.50.1 (Apple Git-155)"}
{"event":"start","sid":"20261006T121407.407803Z-Ha9d4ceab-P0001549b","thread":"main","time":"2026-10-06T12:14:07.408614Z","file":"common-init.c","line":58,"t_abs":0.001172,"argv":["/Library/Developer/CommandLineTools/usr/bin/git","-C","/var/folders/f1/2xjyyqkn5plc19fx4nt4tpt00000gn/T/dperf03-git-tg8ewO/0","ls-tree","-r","-z","--full-tree","25c6fd86b294866f225e66128541f43f7fc589dd","--",":(literal)sample.txt"]}
{"event":"cmd_name","sid":"20261006T121407.407804Z-Ha9d4ceab-P00015495","thread":"main","time":"2026-10-06T12:14:07.408680Z","file":"git.c","line":477,"name":"ls-tree","hierarchy":"ls-tree"}
{"event":"cmd_name","sid":"20261006T121407.407804Z-Ha9d4ceab-P0001548f","thread":"main","time":"2026-10-06T12:14:07.408743Z","file":"git.c","line":477,"name":"ls-tree","hierarchy":"ls-tree"}
{"event":"def_repo","sid":"20261006T121407.407803Z-Ha9d4ceab-P0001549b","thread":"main","time":"2026-10-06T12:14:07.408792Z","file":"repository.c","line":241,"repo":1,"worktree":"/private/var/folders/f1/2xjyyqkn5plc19fx4nt4tpt00000gn/T/dperf03-git-tg8ewO/0"}
{"event":"cmd_name","sid":"20261006T121407.407803Z-Ha9d4ceab-P0001549b","thread":"main","time":"2026-10-06T12:14:07.408917Z","file":"git.c","line":477,"name":"ls-tree","hierarchy":"ls-tree"}
{"event":"exit","sid":"20261006T121407.407802Z-Ha9d4ceab-P000154a1","thread":"main","time":"2026-10-06T12:14:07.409455Z","file":"git.c","line":747,"t_abs":0.002053,"code":0}
{"event":"atexit","sid":"20261006T121407.407802Z-Ha9d4ceab-P000154a1","thread":"main","time":"2026-10-06T12:14:07.409465Z","file":"trace2/tr2_tgt_event.c","line":207,"t_abs":0.002063,"code":0}
{"event":"exit","sid":"20261006T121407.407804Z-Ha9d4ceab-P0001548f","thread":"main","time":"2026-10-06T12:14:07.409661Z","file":"git.c","line":747,"t_abs":0.002229,"code":0}
{"event":"atexit","sid":"20261006T121407.407804Z-Ha9d4ceab-P0001548f","thread":"main","time":"2026-10-06T12:14:07.409673Z","file":"trace2/tr2_tgt_event.c","line":207,"t_abs":0.002241,"code":0}
{"event":"exit","sid":"20261006T121407.407803Z-Ha9d4ceab-P0001549b","thread":"main","time":"2026-10-06T12:14:07.409833Z","file":"git.c","line":747,"t_abs":0.002391,"code":0}
{"event":"atexit","sid":"20261006T121407.407803Z-Ha9d4ceab-P0001549b","thread":"main","time":"2026-10-06T12:14:07.409842Z","file":"trace2/tr2_tgt_event.c","line":207,"t_abs":0.002401,"code":0}
{"event":"exit","sid":"20261006T121407.407804Z-Ha9d4ceab-P00015495","thread":"main","time":"2026-10-06T12:14:07.409846Z","file":"git.c","line":747,"t_abs":0.002402,"code":0}
{"event":"atexit","sid":"20261006T121407.407804Z-Ha9d4ceab-P00015495","thread":"main","time":"2026-10-06T12:14:07.409865Z","file":"trace2/tr2_tgt_event.c","line":207,"t_abs":0.002421,"code":0}
{"event":"version","sid":"20261006T121407.424443Z-Ha9d4ceab-P000154a7","thread":"main","time":"2026-10-06T12:14:07.424946Z","file":"common-init.c","line":57,"evt":"4","exe":"2.50.1 (Apple Git-155)"}
{"event":"version","sid":"20261006T121407.424443Z-Ha9d4ceab-P000154b9","thread":"main","time":"2026-10-06T12:14:07.424974Z","file":"common-init.c","line":57,"evt":"4","exe":"2.50.1 (Apple Git-155)"}
{"event":"start","sid":"20261006T121407.424443Z-Ha9d4ceab-P000154a7","thread":"main","time":"2026-10-06T12:14:07.424981Z","file":"common-init.c","line":58,"t_abs":0.000960,"argv":["/Library/Developer/CommandLineTools/usr/bin/git","-C","/var/folders/f1/2xjyyqkn5plc19fx4nt4tpt00000gn/T/dperf03-git-tg8ewO/0","merge-base","--is-ancestor","25c6fd86b294866f225e66128541f43f7fc589dd","25c6fd86b294866f225e66128541f43f7fc589dd"]}
{"event":"start","sid":"20261006T121407.424443Z-Ha9d4ceab-P000154b9","thread":"main","time":"2026-10-06T12:14:07.424984Z","file":"common-init.c","line":58,"t_abs":0.000978,"argv":["/Library/Developer/CommandLineTools/usr/bin/git","-C","/var/folders/f1/2xjyyqkn5plc19fx4nt4tpt00000gn/T/dperf03-git-tg8ewO/0","merge-base","--is-ancestor","25c6fd86b294866f225e66128541f43f7fc589dd","25c6fd86b294866f225e66128541f43f7fc589dd"]}
{"event":"version","sid":"20261006T121407.424449Z-Ha9d4ceab-P000154b3","thread":"main","time":"2026-10-06T12:14:07.425144Z","file":"common-init.c","line":57,"evt":"4","exe":"2.50.1 (Apple Git-155)"}
{"event":"start","sid":"20261006T121407.424449Z-Ha9d4ceab-P000154b3","thread":"main","time":"2026-10-06T12:14:07.425159Z","file":"common-init.c","line":58,"t_abs":0.001145,"argv":["/Library/Developer/CommandLineTools/usr/bin/git","-C","/var/folders/f1/2xjyyqkn5plc19fx4nt4tpt00000gn/T/dperf03-git-tg8ewO/0","merge-base","--is-ancestor","25c6fd86b294866f225e66128541f43f7fc589dd","25c6fd86b294866f225e66128541f43f7fc589dd"]}
{"event":"def_repo","sid":"20261006T121407.424443Z-Ha9d4ceab-P000154b9","thread":"main","time":"2026-10-06T12:14:07.425166Z","file":"repository.c","line":241,"repo":1,"worktree":"/private/var/folders/f1/2xjyyqkn5plc19fx4nt4tpt00000gn/T/dperf03-git-tg8ewO/0"}
{"event":"def_repo","sid":"20261006T121407.424443Z-Ha9d4ceab-P000154a7","thread":"main","time":"2026-10-06T12:14:07.425169Z","file":"repository.c","line":241,"repo":1,"worktree":"/private/var/folders/f1/2xjyyqkn5plc19fx4nt4tpt00000gn/T/dperf03-git-tg8ewO/0"}
{"event":"def_repo","sid":"20261006T121407.424449Z-Ha9d4ceab-P000154b3","thread":"main","time":"2026-10-06T12:14:07.425325Z","file":"repository.c","line":241,"repo":1,"worktree":"/private/var/folders/f1/2xjyyqkn5plc19fx4nt4tpt00000gn/T/dperf03-git-tg8ewO/0"}
{"event":"cmd_name","sid":"20261006T121407.424443Z-Ha9d4ceab-P000154b9","thread":"main","time":"2026-10-06T12:14:07.425338Z","file":"git.c","line":477,"name":"merge-base","hierarchy":"merge-base"}
{"event":"cmd_name","sid":"20261006T121407.424443Z-Ha9d4ceab-P000154a7","thread":"main","time":"2026-10-06T12:14:07.425338Z","file":"git.c","line":477,"name":"merge-base","hierarchy":"merge-base"}
{"event":"version","sid":"20261006T121407.424443Z-Ha9d4ceab-P000154ad","thread":"main","time":"2026-10-06T12:14:07.425394Z","file":"common-init.c","line":57,"evt":"4","exe":"2.50.1 (Apple Git-155)"}
{"event":"start","sid":"20261006T121407.424443Z-Ha9d4ceab-P000154ad","thread":"main","time":"2026-10-06T12:14:07.425404Z","file":"common-init.c","line":58,"t_abs":0.001413,"argv":["/Library/Developer/CommandLineTools/usr/bin/git","-C","/var/folders/f1/2xjyyqkn5plc19fx4nt4tpt00000gn/T/dperf03-git-tg8ewO/0","merge-base","--is-ancestor","25c6fd86b294866f225e66128541f43f7fc589dd","25c6fd86b294866f225e66128541f43f7fc589dd"]}
{"event":"cmd_name","sid":"20261006T121407.424449Z-Ha9d4ceab-P000154b3","thread":"main","time":"2026-10-06T12:14:07.425475Z","file":"git.c","line":477,"name":"merge-base","hierarchy":"merge-base"}
{"event":"def_repo","sid":"20261006T121407.424443Z-Ha9d4ceab-P000154ad","thread":"main","time":"2026-10-06T12:14:07.425576Z","file":"repository.c","line":241,"repo":1,"worktree":"/private/var/folders/f1/2xjyyqkn5plc19fx4nt4tpt00000gn/T/dperf03-git-tg8ewO/0"}
{"event":"cmd_name","sid":"20261006T121407.424443Z-Ha9d4ceab-P000154ad","thread":"main","time":"2026-10-06T12:14:07.425697Z","file":"git.c","line":477,"name":"merge-base","hierarchy":"merge-base"}
{"event":"exit","sid":"20261006T121407.424443Z-Ha9d4ceab-P000154b9","thread":"main","time":"2026-10-06T12:14:07.426410Z","file":"git.c","line":747,"t_abs":0.002403,"code":0}
{"event":"atexit","sid":"20261006T121407.424443Z-Ha9d4ceab-P000154b9","thread":"main","time":"2026-10-06T12:14:07.426418Z","file":"trace2/tr2_tgt_event.c","line":207,"t_abs":0.002411,"code":0}
{"event":"exit","sid":"20261006T121407.424449Z-Ha9d4ceab-P000154b3","thread":"main","time":"2026-10-06T12:14:07.426425Z","file":"git.c","line":747,"t_abs":0.002412,"code":0}
{"event":"exit","sid":"20261006T121407.424443Z-Ha9d4ceab-P000154ad","thread":"main","time":"2026-10-06T12:14:07.426427Z","file":"git.c","line":747,"t_abs":0.002436,"code":0}
{"event":"exit","sid":"20261006T121407.424443Z-Ha9d4ceab-P000154a7","thread":"main","time":"2026-10-06T12:14:07.426427Z","file":"git.c","line":747,"t_abs":0.002406,"code":0}
{"event":"atexit","sid":"20261006T121407.424443Z-Ha9d4ceab-P000154a7","thread":"main","time":"2026-10-06T12:14:07.426461Z","file":"trace2/tr2_tgt_event.c","line":207,"t_abs":0.002440,"code":0}
{"event":"atexit","sid":"20261006T121407.424443Z-Ha9d4ceab-P000154ad","thread":"main","time":"2026-10-06T12:14:07.426436Z","file":"trace2/tr2_tgt_event.c","line":207,"t_abs":0.002445,"code":0}
{"event":"atexit","sid":"20261006T121407.424449Z-Ha9d4ceab-P000154b3","thread":"main","time":"2026-10-06T12:14:07.426433Z","file":"trace2/tr2_tgt_event.c","line":207,"t_abs":0.002419,"code":0}
{"event":"version","sid":"20261006T121407.441397Z-Ha9d4ceab-P000154d1","thread":"main","time":"2026-10-06T12:14:07.441844Z","file":"common-init.c","line":57,"evt":"4","exe":"2.50.1 (Apple Git-155)"}
{"event":"start","sid":"20261006T121407.441397Z-Ha9d4ceab-P000154d1","thread":"main","time":"2026-10-06T12:14:07.441870Z","file":"common-init.c","line":58,"t_abs":0.000847,"argv":["/Library/Developer/CommandLineTools/usr/bin/git","-C","/var/folders/f1/2xjyyqkn5plc19fx4nt4tpt00000gn/T/dperf03-git-tg8ewO/0","cat-file","-t","25c6fd86b294866f225e66128541f43f7fc589dd"]}
{"event":"version","sid":"20261006T121407.441402Z-Ha9d4ceab-P000154bf","thread":"main","time":"2026-10-06T12:14:07.442009Z","file":"common-init.c","line":57,"evt":"4","exe":"2.50.1 (Apple Git-155)"}
{"event":"version","sid":"20261006T121407.441404Z-Ha9d4ceab-P000154c5","thread":"main","time":"2026-10-06T12:14:07.442016Z","file":"common-init.c","line":57,"evt":"4","exe":"2.50.1 (Apple Git-155)"}
{"event":"def_repo","sid":"20261006T121407.441397Z-Ha9d4ceab-P000154d1","thread":"main","time":"2026-10-06T12:14:07.442022Z","file":"repository.c","line":241,"repo":1,"worktree":"/private/var/folders/f1/2xjyyqkn5plc19fx4nt4tpt00000gn/T/dperf03-git-tg8ewO/0"}
{"event":"start","sid":"20261006T121407.441402Z-Ha9d4ceab-P000154bf","thread":"main","time":"2026-10-06T12:14:07.442023Z","file":"common-init.c","line":58,"t_abs":0.001008,"argv":["/Library/Developer/CommandLineTools/usr/bin/git","-C","/var/folders/f1/2xjyyqkn5plc19fx4nt4tpt00000gn/T/dperf03-git-tg8ewO/0","cat-file","-t","25c6fd86b294866f225e66128541f43f7fc589dd"]}
{"event":"start","sid":"20261006T121407.441404Z-Ha9d4ceab-P000154c5","thread":"main","time":"2026-10-06T12:14:07.442030Z","file":"common-init.c","line":58,"t_abs":0.001002,"argv":["/Library/Developer/CommandLineTools/usr/bin/git","-C","/var/folders/f1/2xjyyqkn5plc19fx4nt4tpt00000gn/T/dperf03-git-tg8ewO/0","diff","--name-only","-z","--no-renames","25c6fd86b294866f225e66128541f43f7fc589dd","--"]}
{"event":"cmd_name","sid":"20261006T121407.441404Z-Ha9d4ceab-P000154c5","thread":"main","time":"2026-10-06T12:14:07.442126Z","file":"git.c","line":477,"name":"diff","hierarchy":"diff"}
{"event":"cmd_name","sid":"20261006T121407.441397Z-Ha9d4ceab-P000154d1","thread":"main","time":"2026-10-06T12:14:07.442240Z","file":"git.c","line":477,"name":"cat-file","hierarchy":"cat-file"}
{"event":"def_repo","sid":"20261006T121407.441402Z-Ha9d4ceab-P000154bf","thread":"main","time":"2026-10-06T12:14:07.442271Z","file":"repository.c","line":241,"repo":1,"worktree":"/private/var/folders/f1/2xjyyqkn5plc19fx4nt4tpt00000gn/T/dperf03-git-tg8ewO/0"}
{"event":"version","sid":"20261006T121407.441400Z-Ha9d4ceab-P000154cb","thread":"main","time":"2026-10-06T12:14:07.442272Z","file":"common-init.c","line":57,"evt":"4","exe":"2.50.1 (Apple Git-155)"}
{"event":"start","sid":"20261006T121407.441400Z-Ha9d4ceab-P000154cb","thread":"main","time":"2026-10-06T12:14:07.442290Z","file":"common-init.c","line":58,"t_abs":0.001256,"argv":["/Library/Developer/CommandLineTools/usr/bin/git","-C","/var/folders/f1/2xjyyqkn5plc19fx4nt4tpt00000gn/T/dperf03-git-tg8ewO/0","ls-files","--others","--exclude-standard","-z"]}
{"event":"def_repo","sid":"20261006T121407.441404Z-Ha9d4ceab-P000154c5","thread":"main","time":"2026-10-06T12:14:07.442297Z","file":"repository.c","line":241,"repo":1,"worktree":"/private/var/folders/f1/2xjyyqkn5plc19fx4nt4tpt00000gn/T/dperf03-git-tg8ewO/0"}
{"event":"cmd_name","sid":"20261006T121407.441402Z-Ha9d4ceab-P000154bf","thread":"main","time":"2026-10-06T12:14:07.442607Z","file":"git.c","line":477,"name":"cat-file","hierarchy":"cat-file"}
{"event":"def_repo","sid":"20261006T121407.441400Z-Ha9d4ceab-P000154cb","thread":"main","time":"2026-10-06T12:14:07.442646Z","file":"repository.c","line":241,"repo":1,"worktree":"/private/var/folders/f1/2xjyyqkn5plc19fx4nt4tpt00000gn/T/dperf03-git-tg8ewO/0"}
{"event":"cmd_name","sid":"20261006T121407.441400Z-Ha9d4ceab-P000154cb","thread":"main","time":"2026-10-06T12:14:07.442854Z","file":"git.c","line":477,"name":"ls-files","hierarchy":"ls-files"}
{"event":"region_enter","sid":"20261006T121407.441400Z-Ha9d4ceab-P000154cb","thread":"main","time":"2026-10-06T12:14:07.442970Z","file":"read-cache.c","line":2357,"repo":1,"nesting":1,"category":"index","label":"do_read_index","msg":".git/index"}
{"event":"region_enter","sid":"20261006T121407.441400Z-Ha9d4ceab-P000154cb","thread":"main","time":"2026-10-06T12:14:07.443022Z","file":"cache-tree.c","line":643,"repo":1,"nesting":2,"category":"cache_tree","label":"read"}
{"event":"region_leave","sid":"20261006T121407.441400Z-Ha9d4ceab-P000154cb","thread":"main","time":"2026-10-06T12:14:07.443030Z","file":"cache-tree.c","line":645,"repo":1,"t_rel":0.000009,"nesting":2,"category":"cache_tree","label":"read"}
{"event":"data","sid":"20261006T121407.441400Z-Ha9d4ceab-P000154cb","thread":"main","time":"2026-10-06T12:14:07.443040Z","file":"read-cache.c","line":2306,"repo":1,"t_abs":0.002006,"t_rel":0.000070,"nesting":2,"category":"index","key":"read/version","value":"2"}
{"event":"data","sid":"20261006T121407.441400Z-Ha9d4ceab-P000154cb","thread":"main","time":"2026-10-06T12:14:07.443047Z","file":"read-cache.c","line":2308,"repo":1,"t_abs":0.002014,"t_rel":0.000078,"nesting":2,"category":"index","key":"read/cache_nr","value":"1"}
{"event":"region_leave","sid":"20261006T121407.441400Z-Ha9d4ceab-P000154cb","thread":"main","time":"2026-10-06T12:14:07.443055Z","file":"read-cache.c","line":2362,"repo":1,"t_rel":0.000085,"nesting":1,"category":"index","label":"do_read_index","msg":".git/index"}
{"event":"region_enter","sid":"20261006T121407.441400Z-Ha9d4ceab-P000154cb","thread":"main","time":"2026-10-06T12:14:07.443155Z","file":"dir.c","line":3090,"repo":1,"nesting":1,"category":"dir","label":"read_directory"}
{"event":"exit","sid":"20261006T121407.441397Z-Ha9d4ceab-P000154d1","thread":"main","time":"2026-10-06T12:14:07.443279Z","file":"git.c","line":747,"t_abs":0.002254,"code":0}
{"event":"atexit","sid":"20261006T121407.441397Z-Ha9d4ceab-P000154d1","thread":"main","time":"2026-10-06T12:14:07.443289Z","file":"trace2/tr2_tgt_event.c","line":207,"t_abs":0.002264,"code":0}
{"event":"exit","sid":"20261006T121407.441402Z-Ha9d4ceab-P000154bf","thread":"main","time":"2026-10-06T12:14:07.443421Z","file":"git.c","line":747,"t_abs":0.002407,"code":0}
{"event":"atexit","sid":"20261006T121407.441402Z-Ha9d4ceab-P000154bf","thread":"main","time":"2026-10-06T12:14:07.443431Z","file":"trace2/tr2_tgt_event.c","line":207,"t_abs":0.002416,"code":0}
{"event":"region_enter","sid":"20261006T121407.441404Z-Ha9d4ceab-P000154c5","thread":"main","time":"2026-10-06T12:14:07.443583Z","file":"read-cache.c","line":2357,"repo":1,"nesting":1,"category":"index","label":"do_read_index","msg":".git/index"}
{"event":"region_enter","sid":"20261006T121407.441404Z-Ha9d4ceab-P000154c5","thread":"main","time":"2026-10-06T12:14:07.443614Z","file":"cache-tree.c","line":643,"repo":1,"nesting":2,"category":"cache_tree","label":"read"}
{"event":"region_leave","sid":"20261006T121407.441404Z-Ha9d4ceab-P000154c5","thread":"main","time":"2026-10-06T12:14:07.443621Z","file":"cache-tree.c","line":645,"repo":1,"t_rel":0.000006,"nesting":2,"category":"cache_tree","label":"read"}
{"event":"data","sid":"20261006T121407.441404Z-Ha9d4ceab-P000154c5","thread":"main","time":"2026-10-06T12:14:07.443629Z","file":"read-cache.c","line":2306,"repo":1,"t_abs":0.002601,"t_rel":0.000046,"nesting":2,"category":"index","key":"read/version","value":"2"}
{"event":"data","sid":"20261006T121407.441404Z-Ha9d4ceab-P000154c5","thread":"main","time":"2026-10-06T12:14:07.443635Z","file":"read-cache.c","line":2308,"repo":1,"t_abs":0.002607,"t_rel":0.000052,"nesting":2,"category":"index","key":"read/cache_nr","value":"1"}
{"event":"region_enter","sid":"20261006T121407.441400Z-Ha9d4ceab-P000154cb","thread":"main","time":"2026-10-06T12:14:07.443635Z","file":"name-hash.c","line":597,"repo":1,"nesting":2,"category":"index","label":"name-hash-init"}
{"event":"region_leave","sid":"20261006T121407.441404Z-Ha9d4ceab-P000154c5","thread":"main","time":"2026-10-06T12:14:07.443661Z","file":"read-cache.c","line":2362,"repo":1,"t_rel":0.000078,"nesting":1,"category":"index","label":"do_read_index","msg":".git/index"}
{"event":"region_leave","sid":"20261006T121407.441400Z-Ha9d4ceab-P000154cb","thread":"main","time":"2026-10-06T12:14:07.443680Z","file":"name-hash.c","line":618,"repo":1,"t_rel":0.000045,"nesting":2,"category":"index","label":"name-hash-init"}
{"event":"data","sid":"20261006T121407.441400Z-Ha9d4ceab-P000154cb","thread":"main","time":"2026-10-06T12:14:07.443690Z","file":"dir.c","line":3058,"repo":1,"t_abs":0.002656,"t_rel":0.000535,"nesting":2,"category":"read_directory","key":"path","value":""}
{"event":"data","sid":"20261006T121407.441400Z-Ha9d4ceab-P000154cb","thread":"main","time":"2026-10-06T12:14:07.443698Z","file":"dir.c","line":3067,"repo":1,"t_abs":0.002663,"t_rel":0.000542,"nesting":2,"category":"read_directory","key":"directories-visited","value":"1"}
{"event":"data","sid":"20261006T121407.441400Z-Ha9d4ceab-P000154cb","thread":"main","time":"2026-10-06T12:14:07.443703Z","file":"dir.c","line":3069,"repo":1,"t_abs":0.002670,"t_rel":0.000549,"nesting":2,"category":"read_directory","key":"paths-visited","value":"2"}
{"event":"region_leave","sid":"20261006T121407.441400Z-Ha9d4ceab-P000154cb","thread":"main","time":"2026-10-06T12:14:07.443707Z","file":"dir.c","line":3113,"repo":1,"t_rel":0.000553,"nesting":1,"category":"dir","label":"read_directory"}
{"event":"region_enter","sid":"20261006T121407.441404Z-Ha9d4ceab-P000154c5","thread":"main","time":"2026-10-06T12:14:07.443714Z","file":"unpack-trees.c","line":1905,"repo":1,"nesting":1,"category":"unpack_trees","label":"unpack_trees"}
{"event":"exit","sid":"20261006T121407.441400Z-Ha9d4ceab-P000154cb","thread":"main","time":"2026-10-06T12:14:07.443716Z","file":"git.c","line":747,"t_abs":0.002682,"code":0}
{"event":"atexit","sid":"20261006T121407.441400Z-Ha9d4ceab-P000154cb","thread":"main","time":"2026-10-06T12:14:07.443723Z","file":"trace2/tr2_tgt_event.c","line":207,"t_abs":0.002690,"code":0}
{"event":"region_enter","sid":"20261006T121407.441404Z-Ha9d4ceab-P000154c5","thread":"main","time":"2026-10-06T12:14:07.443794Z","file":"unpack-trees.c","line":2009,"repo":1,"nesting":2,"category":"unpack_trees","label":"traverse_trees"}
{"event":"region_leave","sid":"20261006T121407.441404Z-Ha9d4ceab-P000154c5","thread":"main","time":"2026-10-06T12:14:07.443932Z","file":"unpack-trees.c","line":2011,"repo":1,"t_rel":0.000137,"nesting":2,"category":"unpack_trees","label":"traverse_trees"}
{"event":"region_leave","sid":"20261006T121407.441404Z-Ha9d4ceab-P000154c5","thread":"main","time":"2026-10-06T12:14:07.443941Z","file":"unpack-trees.c","line":2108,"repo":1,"t_rel":0.000229,"nesting":1,"category":"unpack_trees","label":"unpack_trees"}
{"event":"exit","sid":"20261006T121407.441404Z-Ha9d4ceab-P000154c5","thread":"main","time":"2026-10-06T12:14:07.443953Z","file":"git.c","line":747,"t_abs":0.002926,"code":0}
{"event":"data_json","sid":"20261006T121407.441404Z-Ha9d4ceab-P000154c5","thread":"main","time":"2026-10-06T12:14:07.443959Z","file":"tree-walk.c","line":186,"repo":1,"t_abs":0.002932,"t_rel":0.002932,"nesting":1,"category":"traverse_trees","key":"statistics","value":{"traverse_trees_count":1,"traverse_trees_max_depth":1}}
{"event":"atexit","sid":"20261006T121407.441404Z-Ha9d4ceab-P000154c5","thread":"main","time":"2026-10-06T12:14:07.443965Z","file":"trace2/tr2_tgt_event.c","line":207,"t_abs":0.002937,"code":0}
{"event":"version","sid":"20261006T121407.458152Z-Ha9d4ceab-P000154d8","thread":"main","time":"2026-10-06T12:14:07.458670Z","file":"common-init.c","line":57,"evt":"4","exe":"2.50.1 (Apple Git-155)"}
{"event":"start","sid":"20261006T121407.458152Z-Ha9d4ceab-P000154d8","thread":"main","time":"2026-10-06T12:14:07.458728Z","file":"common-init.c","line":58,"t_abs":0.001016,"argv":["/Library/Developer/CommandLineTools/usr/bin/git","-C","/var/folders/f1/2xjyyqkn5plc19fx4nt4tpt00000gn/T/dperf03-git-tg8ewO/0","cat-file","-t","25c6fd86b294866f225e66128541f43f7fc589dd"]}
{"event":"version","sid":"20261006T121407.458146Z-Ha9d4ceab-P000154de","thread":"main","time":"2026-10-06T12:14:07.458831Z","file":"common-init.c","line":57,"evt":"4","exe":"2.50.1 (Apple Git-155)"}
{"event":"start","sid":"20261006T121407.458146Z-Ha9d4ceab-P000154de","thread":"main","time":"2026-10-06T12:14:07.458845Z","file":"common-init.c","line":58,"t_abs":0.001104,"argv":["/Library/Developer/CommandLineTools/usr/bin/git","-C","/var/folders/f1/2xjyyqkn5plc19fx4nt4tpt00000gn/T/dperf03-git-tg8ewO/0","cat-file","-t","25c6fd86b294866f225e66128541f43f7fc589dd"]}
{"event":"version","sid":"20261006T121407.458146Z-Ha9d4ceab-P000154e4","thread":"main","time":"2026-10-06T12:14:07.458859Z","file":"common-init.c","line":57,"evt":"4","exe":"2.50.1 (Apple Git-155)"}
{"event":"start","sid":"20261006T121407.458146Z-Ha9d4ceab-P000154e4","thread":"main","time":"2026-10-06T12:14:07.458868Z","file":"common-init.c","line":58,"t_abs":0.001140,"argv":["/Library/Developer/CommandLineTools/usr/bin/git","-C","/var/folders/f1/2xjyyqkn5plc19fx4nt4tpt00000gn/T/dperf03-git-tg8ewO/0","ls-tree","-r","-z","--full-tree","25c6fd86b294866f225e66128541f43f7fc589dd","--",":(literal)sample.txt"]}
{"event":"version","sid":"20261006T121407.458146Z-Ha9d4ceab-P000154ea","thread":"main","time":"2026-10-06T12:14:07.458887Z","file":"common-init.c","line":57,"evt":"4","exe":"2.50.1 (Apple Git-155)"}
{"event":"start","sid":"20261006T121407.458146Z-Ha9d4ceab-P000154ea","thread":"main","time":"2026-10-06T12:14:07.458897Z","file":"common-init.c","line":58,"t_abs":0.001162,"argv":["/Library/Developer/CommandLineTools/usr/bin/git","-C","/var/folders/f1/2xjyyqkn5plc19fx4nt4tpt00000gn/T/dperf03-git-tg8ewO/0","rev-parse","HEAD"]}
{"event":"cmd_name","sid":"20261006T121407.458146Z-Ha9d4ceab-P000154ea","thread":"main","time":"2026-10-06T12:14:07.458941Z","file":"git.c","line":477,"name":"rev-parse","hierarchy":"rev-parse"}
{"event":"def_repo","sid":"20261006T121407.458152Z-Ha9d4ceab-P000154d8","thread":"main","time":"2026-10-06T12:14:07.458943Z","file":"repository.c","line":241,"repo":1,"worktree":"/private/var/folders/f1/2xjyyqkn5plc19fx4nt4tpt00000gn/T/dperf03-git-tg8ewO/0"}
{"event":"def_repo","sid":"20261006T121407.458146Z-Ha9d4ceab-P000154de","thread":"main","time":"2026-10-06T12:14:07.459015Z","file":"repository.c","line":241,"repo":1,"worktree":"/private/var/folders/f1/2xjyyqkn5plc19fx4nt4tpt00000gn/T/dperf03-git-tg8ewO/0"}
{"event":"def_repo","sid":"20261006T121407.458146Z-Ha9d4ceab-P000154e4","thread":"main","time":"2026-10-06T12:14:07.459029Z","file":"repository.c","line":241,"repo":1,"worktree":"/private/var/folders/f1/2xjyyqkn5plc19fx4nt4tpt00000gn/T/dperf03-git-tg8ewO/0"}
{"event":"def_repo","sid":"20261006T121407.458146Z-Ha9d4ceab-P000154ea","thread":"main","time":"2026-10-06T12:14:07.459092Z","file":"repository.c","line":241,"repo":1,"worktree":"/private/var/folders/f1/2xjyyqkn5plc19fx4nt4tpt00000gn/T/dperf03-git-tg8ewO/0"}
{"event":"cmd_name","sid":"20261006T121407.458152Z-Ha9d4ceab-P000154d8","thread":"main","time":"2026-10-06T12:14:07.459145Z","file":"git.c","line":477,"name":"cat-file","hierarchy":"cat-file"}
{"event":"cmd_name","sid":"20261006T121407.458146Z-Ha9d4ceab-P000154de","thread":"main","time":"2026-10-06T12:14:07.459190Z","file":"git.c","line":477,"name":"cat-file","hierarchy":"cat-file"}
{"event":"cmd_name","sid":"20261006T121407.458146Z-Ha9d4ceab-P000154e4","thread":"main","time":"2026-10-06T12:14:07.459218Z","file":"git.c","line":477,"name":"ls-tree","hierarchy":"ls-tree"}
{"event":"exit","sid":"20261006T121407.458146Z-Ha9d4ceab-P000154ea","thread":"main","time":"2026-10-06T12:14:07.459383Z","file":"git.c","line":747,"t_abs":0.001648,"code":0}
{"event":"atexit","sid":"20261006T121407.458146Z-Ha9d4ceab-P000154ea","thread":"main","time":"2026-10-06T12:14:07.459411Z","file":"trace2/tr2_tgt_event.c","line":207,"t_abs":0.001675,"code":0}
{"event":"exit","sid":"20261006T121407.458152Z-Ha9d4ceab-P000154d8","thread":"main","time":"2026-10-06T12:14:07.460040Z","file":"git.c","line":747,"t_abs":0.002328,"code":0}
{"event":"exit","sid":"20261006T121407.458146Z-Ha9d4ceab-P000154de","thread":"main","time":"2026-10-06T12:14:07.460045Z","file":"git.c","line":747,"t_abs":0.002304,"code":0}
{"event":"atexit","sid":"20261006T121407.458152Z-Ha9d4ceab-P000154d8","thread":"main","time":"2026-10-06T12:14:07.460049Z","file":"trace2/tr2_tgt_event.c","line":207,"t_abs":0.002337,"code":0}
{"event":"atexit","sid":"20261006T121407.458146Z-Ha9d4ceab-P000154de","thread":"main","time":"2026-10-06T12:14:07.460055Z","file":"trace2/tr2_tgt_event.c","line":207,"t_abs":0.002314,"code":0}
{"event":"exit","sid":"20261006T121407.458146Z-Ha9d4ceab-P000154e4","thread":"main","time":"2026-10-06T12:14:07.460094Z","file":"git.c","line":747,"t_abs":0.002365,"code":0}
{"event":"atexit","sid":"20261006T121407.458146Z-Ha9d4ceab-P000154e4","thread":"main","time":"2026-10-06T12:14:07.460101Z","file":"trace2/tr2_tgt_event.c","line":207,"t_abs":0.002373,"code":0}
{"event":"version","sid":"20261006T121407.471991Z-Ha9d4ceab-P000154f6","thread":"main","time":"2026-10-06T12:14:07.472337Z","file":"common-init.c","line":57,"evt":"4","exe":"2.50.1 (Apple Git-155)"}
{"event":"start","sid":"20261006T121407.471991Z-Ha9d4ceab-P000154f6","thread":"main","time":"2026-10-06T12:14:07.472354Z","file":"common-init.c","line":58,"t_abs":0.000755,"argv":["/Library/Developer/CommandLineTools/usr/bin/git","-C","/var/folders/f1/2xjyyqkn5plc19fx4nt4tpt00000gn/T/dperf03-git-tg8ewO/0","ls-tree","-r","-z","--full-tree","25c6fd86b294866f225e66128541f43f7fc589dd","--",":(literal)sample.txt"]}
{"event":"version","sid":"20261006T121407.471991Z-Ha9d4ceab-P000154f0","thread":"main","time":"2026-10-06T12:14:07.472467Z","file":"common-init.c","line":57,"evt":"4","exe":"2.50.1 (Apple Git-155)"}
{"event":"start","sid":"20261006T121407.471991Z-Ha9d4ceab-P000154f0","thread":"main","time":"2026-10-06T12:14:07.472477Z","file":"common-init.c","line":58,"t_abs":0.000863,"argv":["/Library/Developer/CommandLineTools/usr/bin/git","-C","/var/folders/f1/2xjyyqkn5plc19fx4nt4tpt00000gn/T/dperf03-git-tg8ewO/0","ls-tree","-r","-z","--full-tree","25c6fd86b294866f225e66128541f43f7fc589dd","--",":(literal)sample.txt"]}
{"event":"version","sid":"20261006T121407.471991Z-Ha9d4ceab-P000154fc","thread":"main","time":"2026-10-06T12:14:07.472497Z","file":"common-init.c","line":57,"evt":"4","exe":"2.50.1 (Apple Git-155)"}
{"event":"start","sid":"20261006T121407.471991Z-Ha9d4ceab-P000154fc","thread":"main","time":"2026-10-06T12:14:07.472505Z","file":"common-init.c","line":58,"t_abs":0.000885,"argv":["/Library/Developer/CommandLineTools/usr/bin/git","-C","/var/folders/f1/2xjyyqkn5plc19fx4nt4tpt00000gn/T/dperf03-git-tg8ewO/0","ls-tree","-r","-z","--full-tree","25c6fd86b294866f225e66128541f43f7fc589dd","--",":(literal)sample.txt"]}
{"event":"def_repo","sid":"20261006T121407.471991Z-Ha9d4ceab-P000154f6","thread":"main","time":"2026-10-06T12:14:07.472531Z","file":"repository.c","line":241,"repo":1,"worktree":"/private/var/folders/f1/2xjyyqkn5plc19fx4nt4tpt00000gn/T/dperf03-git-tg8ewO/0"}
{"event":"def_repo","sid":"20261006T121407.471991Z-Ha9d4ceab-P000154f0","thread":"main","time":"2026-10-06T12:14:07.472629Z","file":"repository.c","line":241,"repo":1,"worktree":"/private/var/folders/f1/2xjyyqkn5plc19fx4nt4tpt00000gn/T/dperf03-git-tg8ewO/0"}
{"event":"def_repo","sid":"20261006T121407.471991Z-Ha9d4ceab-P000154fc","thread":"main","time":"2026-10-06T12:14:07.472672Z","file":"repository.c","line":241,"repo":1,"worktree":"/private/var/folders/f1/2xjyyqkn5plc19fx4nt4tpt00000gn/T/dperf03-git-tg8ewO/0"}
{"event":"cmd_name","sid":"20261006T121407.471991Z-Ha9d4ceab-P000154f6","thread":"main","time":"2026-10-06T12:14:07.472675Z","file":"git.c","line":477,"name":"ls-tree","hierarchy":"ls-tree"}
{"event":"cmd_name","sid":"20261006T121407.471991Z-Ha9d4ceab-P000154f0","thread":"main","time":"2026-10-06T12:14:07.472767Z","file":"git.c","line":477,"name":"ls-tree","hierarchy":"ls-tree"}
{"event":"cmd_name","sid":"20261006T121407.471991Z-Ha9d4ceab-P000154fc","thread":"main","time":"2026-10-06T12:14:07.472822Z","file":"git.c","line":477,"name":"ls-tree","hierarchy":"ls-tree"}
{"event":"exit","sid":"20261006T121407.471991Z-Ha9d4ceab-P000154f6","thread":"main","time":"2026-10-06T12:14:07.473623Z","file":"git.c","line":747,"t_abs":0.002025,"code":0}
{"event":"exit","sid":"20261006T121407.471991Z-Ha9d4ceab-P000154f0","thread":"main","time":"2026-10-06T12:14:07.473628Z","file":"git.c","line":747,"t_abs":0.002014,"code":0}
{"event":"atexit","sid":"20261006T121407.471991Z-Ha9d4ceab-P000154f6","thread":"main","time":"2026-10-06T12:14:07.473630Z","file":"trace2/tr2_tgt_event.c","line":207,"t_abs":0.002031,"code":0}
{"event":"exit","sid":"20261006T121407.471991Z-Ha9d4ceab-P000154fc","thread":"main","time":"2026-10-06T12:14:07.473633Z","file":"git.c","line":747,"t_abs":0.002012,"code":0}
{"event":"atexit","sid":"20261006T121407.471991Z-Ha9d4ceab-P000154f0","thread":"main","time":"2026-10-06T12:14:07.473634Z","file":"trace2/tr2_tgt_event.c","line":207,"t_abs":0.002021,"code":0}
{"event":"atexit","sid":"20261006T121407.471991Z-Ha9d4ceab-P000154fc","thread":"main","time":"2026-10-06T12:14:07.473640Z","file":"trace2/tr2_tgt_event.c","line":207,"t_abs":0.002020,"code":0}
