{"event":"version","sid":"20261006T121407.488004Z-Ha9d4ceab-P00015502","thread":"main","time":"2026-10-06T12:14:07.488338Z","file":"common-init.c","line":57,"evt":"4","exe":"2.50.1 (Apple Git-155)"}
{"event":"start","sid":"20261006T121407.488004Z-Ha9d4ceab-P00015502","thread":"main","time":"2026-10-06T12:14:07.488370Z","file":"common-init.c","line":58,"t_abs":0.000707,"argv":["/Library/Developer/CommandLineTools/usr/bin/git","-C","/var/folders/f1/2xjyyqkn5plc19fx4nt4tpt00000gn/T/dperf03-git-tg8ewO/0","diff","--name-only","-z","--no-renames","25c6fd86b294866f225e66128541f43f7fc589dd","--"]}
{"event":"cmd_name","sid":"20261006T121407.488004Z-Ha9d4ceab-P00015502","thread":"main","time":"2026-10-06T12:14:07.488417Z","file":"git.c","line":477,"name":"diff","hierarchy":"diff"}
{"event":"version","sid":"20261006T121407.488003Z-Ha9d4ceab-P00015508","thread":"main","time":"2026-10-06T12:14:07.488478Z","file":"common-init.c","line":57,"evt":"4","exe":"2.50.1 (Apple Git-155)"}
{"event":"start","sid":"20261006T121407.488003Z-Ha9d4ceab-P00015508","thread":"main","time":"2026-10-06T12:14:07.488486Z","file":"common-init.c","line":58,"t_abs":0.000818,"argv":["/Library/Developer/CommandLineTools/usr/bin/git","-C","/var/folders/f1/2xjyyqkn5plc19fx4nt4tpt00000gn/T/dperf03-git-tg8ewO/0","ls-files","--others","--exclude-standard","-z"]}
{"event":"def_repo","sid":"20261006T121407.488004Z-Ha9d4ceab-P00015502","thread":"main","time":"2026-10-06T12:14:07.488515Z","file":"repository.c","line":241,"repo":1,"worktree":"/private/var/folders/f1/2xjyyqkn5plc19fx4nt4tpt00000gn/T/dperf03-git-tg8ewO/0"}
{"event":"def_repo","sid":"20261006T121407.488003Z-Ha9d4ceab-P00015508","thread":"main","time":"2026-10-06T12:14:07.488614Z","file":"repository.c","line":241,"repo":1,"worktree":"/private/var/folders/f1/2xjyyqkn5plc19fx4nt4tpt00000gn/T/dperf03-git-tg8ewO/0"}
{"event":"cmd_name","sid":"20261006T121407.488003Z-Ha9d4ceab-P00015508","thread":"main","time":"2026-10-06T12:14:07.488731Z","file":"git.c","line":477,"name":"ls-files","hierarchy":"ls-files"}
{"event":"region_enter","sid":"20261006T121407.488003Z-Ha9d4ceab-P00015508","thread":"main","time":"2026-10-06T12:14:07.488823Z","file":"read-cache.c","line":2357,"repo":1,"nesting":1,"category":"index","label":"do_read_index","msg":".git/index"}
{"event":"region_enter","sid":"20261006T121407.488003Z-Ha9d4ceab-P00015508","thread":"main","time":"2026-10-06T12:14:07.488864Z","file":"cache-tree.c","line":643,"repo":1,"nesting":2,"category":"cache_tree","label":"read"}
{"event":"region_leave","sid":"20261006T121407.488003Z-Ha9d4ceab-P00015508","thread":"main","time":"2026-10-06T12:14:07.488870Z","file":"cache-tree.c","line":645,"repo":1,"t_rel":0.000006,"nesting":2,"category":"cache_tree","label":"read"}
{"event":"data","sid":"20261006T121407.488003Z-Ha9d4ceab-P00015508","thread":"main","time":"2026-10-06T12:14:07.488877Z","file":"read-cache.c","line":2306,"repo":1,"t_abs":0.001208,"t_rel":0.000053,"nesting":2,"category":"index","key":"read/version","value":"2"}
{"event":"data","sid":"20261006T121407.488003Z-Ha9d4ceab-P00015508","thread":"main","time":"2026-10-06T12:14:07.488883Z","file":"read-cache.c","line":2308,"repo":1,"t_abs":0.001215,"t_rel":0.000060,"nesting":2,"category":"index","key":"read/cache_nr","value":"1"}
{"event":"region_leave","sid":"20261006T121407.488003Z-Ha9d4ceab-P00015508","thread":"main","time":"2026-10-06T12:14:07.488888Z","file":"read-cache.c","line":2362,"repo":1,"t_rel":0.000065,"nesting":1,"category":"index","label":"do_read_index","msg":".git/index"}
{"event":"region_enter","sid":"20261006T121407.488003Z-Ha9d4ceab-P00015508","thread":"main","time":"2026-10-06T12:14:07.488978Z","file":"dir.c","line":3090,"repo":1,"nesting":1,"category":"dir","label":"read_directory"}
{"event":"region_enter","sid":"20261006T121407.488004Z-Ha9d4ceab-P00015502","thread":"main","time":"2026-10-06T12:14:07.489363Z","file":"read-cache.c","line":2357,"repo":1,"nesting":1,"category":"index","label":"do_read_index","msg":".git/index"}
{"event":"region_enter","sid":"20261006T121407.488003Z-Ha9d4ceab-P00015508","thread":"main","time":"2026-10-06T12:14:07.489373Z","file":"name-hash.c","line":597,"repo":1,"nesting":2,"category":"index","label":"name-hash-init"}
{"event":"region_enter","sid":"20261006T121407.488004Z-Ha9d4ceab-P00015502","thread":"main","time":"2026-10-06T12:14:07.489393Z","file":"cache-tree.c","line":643,"repo":1,"nesting":2,"category":"cache_tree","label":"read"}
{"event":"region_leave","sid":"20261006T121407.488003Z-Ha9d4ceab-P00015508","thread":"main","time":"2026-10-06T12:14:07.489398Z","file":"name-hash.c","line":618,"repo":1,"t_rel":0.000024,"nesting":2,"category":"index","label":"name-hash-init"}
{"event":"region_leave","sid":"20261006T121407.488004Z-Ha9d4ceab-P00015502","thread":"main","time":"2026-10-06T12:14:07.489399Z","file":"cache-tree.c","line":645,"repo":1,"t_rel":0.000007,"nesting":2,"category":"cache_tree","label":"read"}
{"event":"data","sid":"20261006T121407.488003Z-Ha9d4ceab-P00015508","thread":"main","time":"2026-10-06T12:14:07.489406Z","file":"dir.c","line":3058,"repo":1,"t_abs":0.001737,"t_rel":0.000428,"nesting":2,"category":"read_directory","key":"path","value":""}
{"event":"data","sid":"20261006T121407.488004Z-Ha9d4ceab-P00015502","thread":"main","time":"2026-10-06T12:14:07.489408Z","file":"read-cache.c","line":2306,"repo":1,"t_abs":0.001745,"t_rel":0.000045,"nesting":2,"category":"index","key":"read/version","value":"2"}
{"event":"data","sid":"20261006T121407.488003Z-Ha9d4ceab-P00015508","thread":"main","time":"2026-10-06T12:14:07.489413Z","file":"dir.c","line":3067,"repo":1,"t_abs":0.001744,"t_rel":0.000435,"nesting":2,"category":"read_directory","key":"directories-visited","value":"1"}
{"event":"data","sid":"20261006T121407.488004Z-Ha9d4ceab-P00015502","thread":"main","time":"2026-10-06T12:14:07.489416Z","file":"read-cache.c","line":2308,"repo":1,"t_abs":0.001753,"t_rel":0.000053,"nesting":2,"category":"index","key":"read/cache_nr","value":"1"}
{"event":"data","sid":"20261006T121407.488003Z-Ha9d4ceab-P00015508","thread":"main","time":"2026-10-06T12:14:07.489418Z","file":"dir.c","line":3069,"repo":1,"t_abs":0.001750,"t_rel":0.000441,"nesting":2,"category":"read_directory","key":"paths-visited","value":"2"}
{"event":"region_leave","sid":"20261006T121407.488004Z-Ha9d4ceab-P00015502","thread":"main","time":"2026-10-06T12:14:07.489422Z","file":"read-cache.c","line":2362,"repo":1,"t_rel":0.000059,"nesting":1,"category":"index","label":"do_read_index","msg":".git/index"}
{"event":"region_leave","sid":"20261006T121407.488003Z-Ha9d4ceab-P00015508","thread":"main","time":"2026-10-06T12:14:07.489424Z","file":"dir.c","line":3113,"repo":1,"t_rel":0.000447,"nesting":1,"category":"dir","label":"read_directory"}
{"event":"exit","sid":"20261006T121407.488003Z-Ha9d4ceab-P00015508","thread":"main","time":"2026-10-06T12:14:07.489432Z","file":"git.c","line":747,"t_abs":0.001763,"code":0}
{"event":"atexit","sid":"20261006T121407.488003Z-Ha9d4ceab-P00015508","thread":"main","time":"2026-10-06T12:14:07.489436Z","file":"trace2/tr2_tgt_event.c","line":207,"t_abs":0.001767,"code":0}
{"event":"region_enter","sid":"20261006T121407.488004Z-Ha9d4ceab-P00015502","thread":"main","time":"2026-10-06T12:14:07.489456Z","file":"unpack-trees.c","line":1905,"repo":1,"nesting":1,"category":"unpack_trees","label":"unpack_trees"}
{"event":"region_enter","sid":"20261006T121407.488004Z-Ha9d4ceab-P00015502","thread":"main","time":"2026-10-06T12:14:07.489520Z","file":"unpack-trees.c","line":2009,"repo":1,"nesting":2,"category":"unpack_trees","label":"traverse_trees"}
{"event":"region_leave","sid":"20261006T121407.488004Z-Ha9d4ceab-P00015502","thread":"main","time":"2026-10-06T12:14:07.489635Z","file":"unpack-trees.c","line":2011,"repo":1,"t_rel":0.000115,"nesting":2,"category":"unpack_trees","label":"traverse_trees"}
{"event":"region_leave","sid":"20261006T121407.488004Z-Ha9d4ceab-P00015502","thread":"main","time":"2026-10-06T12:14:07.489645Z","file":"unpack-trees.c","line":2108,"repo":1,"t_rel":0.000190,"nesting":1,"category":"unpack_trees","label":"unpack_trees"}
{"event":"exit","sid":"20261006T121407.488004Z-Ha9d4ceab-P00015502","thread":"main","time":"2026-10-06T12:14:07.489657Z","file":"git.c","line":747,"t_abs":0.001994,"code":0}
{"event":"data_json","sid":"20261006T121407.488004Z-Ha9d4ceab-P00015502","thread":"main","time":"2026-10-06T12:14:07.489672Z","file":"tree-walk.c","line":186,"repo":1,"t_abs":0.002009,"t_rel":0.002009,"nesting":1,"category":"traverse_trees","key":"statistics","value":{"traverse_trees_count":1,"traverse_trees_max_depth":1}}
{"event":"atexit","sid":"20261006T121407.488004Z-Ha9d4ceab-P00015502","thread":"main","time":"2026-10-06T12:14:07.489677Z","file":"trace2/tr2_tgt_event.c","line":207,"t_abs":0.002014,"code":0}
{"event":"version","sid":"20261006T121407.500100Z-Ha9d4ceab-P0001550e","thread":"main","time":"2026-10-06T12:14:07.500360Z","file":"common-init.c","line":57,"evt":"4","exe":"2.50.1 (Apple Git-155)"}
{"event":"start","sid":"20261006T121407.500100Z-Ha9d4ceab-P0001550e","thread":"main","time":"2026-10-06T12:14:07.500381Z","file":"common-init.c","line":58,"t_abs":0.000483,"argv":["/Library/Developer/CommandLineTools/usr/bin/git","-C","/var/folders/f1/2xjyyqkn5plc19fx4nt4tpt00000gn/T/dperf03-git-tg8ewO/0","rev-parse","HEAD"]}
{"event":"cmd_name","sid":"20261006T121407.500100Z-Ha9d4ceab-P0001550e","thread":"main","time":"2026-10-06T12:14:07.500424Z","file":"git.c","line":477,"name":"rev-parse","hierarchy":"rev-parse"}
{"event":"def_repo","sid":"20261006T121407.500100Z-Ha9d4ceab-P0001550e","thread":"main","time":"2026-10-06T12:14:07.500545Z","file":"repository.c","line":241,"repo":1,"worktree":"/private/var/folders/f1/2xjyyqkn5plc19fx4nt4tpt00000gn/T/dperf03-git-tg8ewO/0"}
{"event":"exit","sid":"20261006T121407.500100Z-Ha9d4ceab-P0001550e","thread":"main","time":"2026-10-06T12:14:07.500737Z","file":"git.c","line":747,"t_abs":0.000839,"code":0}
{"event":"atexit","sid":"20261006T121407.500100Z-Ha9d4ceab-P0001550e","thread":"main","time":"2026-10-06T12:14:07.500745Z","file":"trace2/tr2_tgt_event.c","line":207,"t_abs":0.000847,"code":0}
{"event":"version","sid":"20261006T121407.512900Z-Ha9d4ceab-P0001551a","thread":"main","time":"2026-10-06T12:14:07.513263Z","file":"common-init.c","line":57,"evt":"4","exe":"2.50.1 (Apple Git-155)"}
{"event":"start","sid":"20261006T121407.512900Z-Ha9d4ceab-P0001551a","thread":"main","time":"2026-10-06T12:14:07.513282Z","file":"common-init.c","line":58,"t_abs":0.000643,"argv":["/Library/Developer/CommandLineTools/usr/bin/git","-C","/var/folders/f1/2xjyyqkn5plc19fx4nt4tpt00000gn/T/dperf03-git-tg8ewO/0","ls-files","--others","--exclude-standard","-z"]}
{"event":"def_repo","sid":"20261006T121407.512900Z-Ha9d4ceab-P0001551a","thread":"main","time":"2026-10-06T12:14:07.513404Z","file":"repository.c","line":241,"repo":1,"worktree":"/private/var/folders/f1/2xjyyqkn5plc19fx4nt4tpt00000gn/T/dperf03-git-tg8ewO/0"}
{"event":"version","sid":"20261006T121407.512900Z-Ha9d4ceab-P00015514","thread":"main","time":"2026-10-06T12:14:07.513460Z","file":"common-init.c","line":57,"evt":"4","exe":"2.50.1 (Apple Git-155)"}
{"event":"start","sid":"20261006T121407.512900Z-Ha9d4ceab-P00015514","thread":"main","time":"2026-10-06T12:14:07.513469Z","file":"common-init.c","line":58,"t_abs":0.000825,"argv":["/Library/Developer/CommandLineTools/usr/bin/git","-C","/var/folders/f1/2xjyyqkn5plc19fx4nt4tpt00000gn/T/dperf03-git-tg8ewO/0","diff","--name-only","-z","--no-renames","25c6fd86b294866f225e66128541f43f7fc589dd","--"]}
{"event":"cmd_name","sid":"20261006T121407.512900Z-Ha9d4ceab-P00015514","thread":"main","time":"2026-10-06T12:14:07.513510Z","file":"git.c","line":477,"name":"diff","hierarchy":"diff"}
{"event":"cmd_name","sid":"20261006T121407.512900Z-Ha9d4ceab-P0001551a","thread":"main","time":"2026-10-06T12:14:07.513516Z","file":"git.c","line":477,"name":"ls-files","hierarchy":"ls-files"}
{"event":"def_repo","sid":"20261006T121407.512900Z-Ha9d4ceab-P00015514","thread":"main","time":"2026-10-06T12:14:07.513627Z","file":"repository.c","line":241,"repo":1,"worktree":"/private/var/folders/f1/2xjyyqkn5plc19fx4nt4tpt00000gn/T/dperf03-git-tg8ewO/0"}
{"event":"region_enter","sid":"20261006T121407.512900Z-Ha9d4ceab-P0001551a","thread":"main","time":"2026-10-06T12:14:07.513640Z","file":"read-cache.c","line":2357,"repo":1,"nesting":1,"category":"index","label":"do_read_index","msg":".git/index"}
{"event":"region_enter","sid":"20261006T121407.512900Z-Ha9d4ceab-P0001551a","thread":"main","time":"2026-10-06T12:14:07.513694Z","file":"cache-tree.c","line":643,"repo":1,"nesting":2,"category":"cache_tree","label":"read"}
{"event":"region_leave","sid":"20261006T121407.512900Z-Ha9d4ceab-P0001551a","thread":"main","time":"2026-10-06T12:14:07.513701Z","file":"cache-tree.c","line":645,"repo":1,"t_rel":0.000006,"nesting":2,"category":"cache_tree","label":"read"}
{"event":"data","sid":"20261006T121407.512900Z-Ha9d4ceab-P0001551a","thread":"main","time":"2026-10-06T12:14:07.513709Z","file":"read-cache.c","line":2306,"repo":1,"t_abs":0.001071,"t_rel":0.000069,"nesting":2,"category":"index","key":"read/version","value":"2"}
{"event":"data","sid":"20261006T121407.512900Z-Ha9d4ceab-P0001551a","thread":"main","time":"2026-10-06T12:14:07.513715Z","file":"read-cache.c","line":2308,"repo":1,"t_abs":0.001077,"t_rel":0.000075,"nesting":2,"category":"index","key":"read/cache_nr","value":"1"}
{"event":"region_leave","sid":"20261006T121407.512900Z-Ha9d4ceab-P0001551a","thread":"main","time":"2026-10-06T12:14:07.513720Z","file":"read-cache.c","line":2362,"repo":1,"t_rel":0.000080,"nesting":1,"category":"index","label":"do_read_index","msg":".git/index"}
{"event":"region_enter","sid":"20261006T121407.512900Z-Ha9d4ceab-P0001551a","thread":"main","time":"2026-10-06T12:14:07.513800Z","file":"dir.c","line":3090,"repo":1,"nesting":1,"category":"dir","label":"read_directory"}
{"event":"region_enter","sid":"20261006T121407.512900Z-Ha9d4ceab-P0001551a","thread":"main","time":"2026-10-06T12:14:07.514248Z","file":"name-hash.c","line":597,"repo":1,"nesting":2,"category":"index","label":"name-hash-init"}
{"event":"region_leave","sid":"20261006T121407.512900Z-Ha9d4ceab-P0001551a","thread":"main","time":"2026-10-06T12:14:07.514258Z","file":"name-hash.c","line":618,"repo":1,"t_rel":0.000010,"nesting":2,"category":"index","label":"name-hash-init"}
{"event":"data","sid":"20261006T121407.512900Z-Ha9d4ceab-P0001551a","thread":"main","time":"2026-10-06T12:14:07.514271Z","file":"dir.c","line":3058,"repo":1,"t_abs":0.001632,"t_rel":0.000471,"nesting":2,"category":"read_directory","key":"path","value":""}
{"event":"data","sid":"20261006T121407.512900Z-Ha9d4ceab-P0001551a","thread":"main","time":"2026-10-06T12:14:07.514278Z","file":"dir.c","line":3067,"repo":1,"t_abs":0.001639,"t_rel":0.000478,"nesting":2,"category":"read_directory","key":"directories-visited","value":"1"}
{"event":"data","sid":"20261006T121407.512900Z-Ha9d4ceab-P0001551a","thread":"main","time":"2026-10-06T12:14:07.514283Z","file":"dir.c","line":3069,"repo":1,"t_abs":0.001644,"t_rel":0.000483,"nesting":2,"category":"read_directory","key":"paths-visited","value":"3"}
{"event":"region_leave","sid":"20261006T121407.512900Z-Ha9d4ceab-P0001551a","thread":"main","time":"2026-10-06T12:14:07.514288Z","file":"dir.c","line":3113,"repo":1,"t_rel":0.000487,"nesting":1,"category":"dir","label":"read_directory"}
{"event":"exit","sid":"20261006T121407.512900Z-Ha9d4ceab-P0001551a","thread":"main","time":"2026-10-06T12:14:07.514299Z","file":"git.c","line":747,"t_abs":0.001661,"code":0}
{"event":"atexit","sid":"20261006T121407.512900Z-Ha9d4ceab-P0001551a","thread":"main","time":"2026-10-06T12:14:07.514304Z","file":"trace2/tr2_tgt_event.c","line":207,"t_abs":0.001665,"code":0}
{"event":"region_enter","sid":"20261006T121407.512900Z-Ha9d4ceab-P00015514","thread":"main","time":"2026-10-06T12:14:07.514480Z","file":"read-cache.c","line":2357,"repo":1,"nesting":1,"category":"index","label":"do_read_index","msg":".git/index"}
{"event":"region_enter","sid":"20261006T121407.512900Z-Ha9d4ceab-P00015514","thread":"main","time":"2026-10-06T12:14:07.514504Z","file":"cache-tree.c","line":643,"repo":1,"nesting":2,"category":"cache_tree","label":"read"}
{"event":"region_leave","sid":"20261006T121407.512900Z-Ha9d4ceab-P00015514","thread":"main","time":"2026-10-06T12:14:07.514510Z","file":"cache-tree.c","line":645,"repo":1,"t_rel":0.000007,"nesting":2,"category":"cache_tree","label":"read"}
{"event":"data","sid":"20261006T121407.512900Z-Ha9d4ceab-P00015514","thread":"main","time":"2026-10-06T12:14:07.514535Z","file":"read-cache.c","line":2306,"repo":1,"t_abs":0.001891,"t_rel":0.000055,"nesting":2,"category":"index","key":"read/version","value":"2"}
{"event":"data","sid":"20261006T121407.512900Z-Ha9d4ceab-P00015514","thread":"main","time":"2026-10-06T12:14:07.514540Z","file":"read-cache.c","line":2308,"repo":1,"t_abs":0.001897,"t_rel":0.000061,"nesting":2,"category":"index","key":"read/cache_nr","value":"1"}
{"event":"region_leave","sid":"20261006T121407.512900Z-Ha9d4ceab-P00015514","thread":"main","time":"2026-10-06T12:14:07.514545Z","file":"read-cache.c","line":2362,"repo":1,"t_rel":0.000066,"nesting":1,"category":"index","label":"do_read_index","msg":".git/index"}
{"event":"region_enter","sid":"20261006T121407.512900Z-Ha9d4ceab-P00015514","thread":"main","time":"2026-10-06T12:14:07.514582Z","file":"unpack-trees.c","line":1905,"repo":1,"nesting":1,"category":"unpack_trees","label":"unpack_trees"}
{"event":"region_enter","sid":"20261006T121407.512900Z-Ha9d4ceab-P00015514","thread":"main","time":"2026-10-06T12:14:07.514643Z","file":"unpack-trees.c","line":2009,"repo":1,"nesting":2,"category":"unpack_trees","label":"traverse_trees"}
{"event":"region_leave","sid":"20261006T121407.512900Z-Ha9d4ceab-P00015514","thread":"main","time":"2026-10-06T12:14:07.514654Z","file":"unpack-trees.c","line":2011,"repo":1,"t_rel":0.000012,"nesting":2,"category":"unpack_trees","label":"traverse_trees"}
{"event":"region_leave","sid":"20261006T121407.512900Z-Ha9d4ceab-P00015514","thread":"main","time":"2026-10-06T12:14:07.514662Z","file":"unpack-trees.c","line":2108,"repo":1,"t_rel":0.000082,"nesting":1,"category":"unpack_trees","label":"unpack_trees"}
{"event":"exit","sid":"20261006T121407.512900Z-Ha9d4ceab-P00015514","thread":"main","time":"2026-10-06T12:14:07.514783Z","file":"git.c","line":747,"t_abs":0.002138,"code":0}
{"event":"data_json","sid":"20261006T121407.512900Z-Ha9d4ceab-P00015514","thread":"main","time":"2026-10-06T12:14:07.514790Z","file":"tree-walk.c","line":186,"repo":1,"t_abs":0.002146,"t_rel":0.002146,"nesting":1,"category":"traverse_trees","key":"statistics","value":{"traverse_trees_count":1,"traverse_trees_max_depth":1}}
{"event":"atexit","sid":"20261006T121407.512900Z-Ha9d4ceab-P00015514","thread":"main","time":"2026-10-06T12:14:07.514796Z","file":"trace2/tr2_tgt_event.c","line":207,"t_abs":0.002152,"code":0}
{"event":"version","sid":"20261006T121407.525157Z-Ha9d4ceab-P00015520","thread":"main","time":"2026-10-06T12:14:07.525447Z","file":"common-init.c","line":57,"evt":"4","exe":"2.50.1 (Apple Git-155)"}
{"event":"start","sid":"20261006T121407.525157Z-Ha9d4ceab-P00015520","thread":"main","time":"2026-10-06T12:14:07.525465Z","file":"common-init.c","line":58,"t_abs":0.000543,"argv":["/Library/Developer/CommandLineTools/usr/bin/git","-C","/var/folders/f1/2xjyyqkn5plc19fx4nt4tpt00000gn/T/dperf03-git-tg8ewO/0","rev-parse","HEAD"]}
{"event":"cmd_name","sid":"20261006T121407.525157Z-Ha9d4ceab-P00015520","thread":"main","time":"2026-10-06T12:14:07.525509Z","file":"git.c","line":477,"name":"rev-parse","hierarchy":"rev-parse"}
{"event":"def_repo","sid":"20261006T121407.525157Z-Ha9d4ceab-P00015520","thread":"main","time":"2026-10-06T12:14:07.525625Z","file":"repository.c","line":241,"repo":1,"worktree":"/private/var/folders/f1/2xjyyqkn5plc19fx4nt4tpt00000gn/T/dperf03-git-tg8ewO/0"}
{"event":"exit","sid":"20261006T121407.525157Z-Ha9d4ceab-P00015520","thread":"main","time":"2026-10-06T12:14:07.525814Z","file":"git.c","line":747,"t_abs":0.000892,"code":0}
{"event":"atexit","sid":"20261006T121407.525157Z-Ha9d4ceab-P00015520","thread":"main","time":"2026-10-06T12:14:07.525821Z","file":"trace2/tr2_tgt_event.c","line":207,"t_abs":0.000899,"code":0}
{"event":"version","sid":"20261006T121407.536743Z-Ha9d4ceab-P00015526","thread":"main","time":"2026-10-06T12:14:07.537057Z","file":"common-init.c","line":57,"evt":"4","exe":"2.50.1 (Apple Git-155)"}
{"event":"start","sid":"20261006T121407.536743Z-Ha9d4ceab-P00015526","thread":"main","time":"2026-10-06T12:14:07.537100Z","file":"common-init.c","line":58,"t_abs":0.000628,"argv":["/Library/Developer/CommandLineTools/usr/bin/git","-C","/var/folders/f1/2xjyyqkn5plc19fx4nt4tpt00000gn/T/dperf03-git-tg8ewO/1","diff","--name-only","-z","--no-renames","25c6fd86b294866f225e66128541f43f7fc589dd","--"]}
{"event":"cmd_name","sid":"20261006T121407.536743Z-Ha9d4ceab-P00015526","thread":"main","time":"2026-10-06T12:14:07.537146Z","file":"git.c","line":477,"name":"diff","hierarchy":"diff"}
{"event":"version","sid":"20261006T121407.536753Z-Ha9d4ceab-P0001552c","thread":"main","time":"2026-10-06T12:14:07.537223Z","file":"common-init.c","line":57,"evt":"4","exe":"2.50.1 (Apple Git-155)"}
{"event":"start","sid":"20261006T121407.536753Z-Ha9d4ceab-P0001552c","thread":"main","time":"2026-10-06T12:14:07.537232Z","file":"common-init.c","line":58,"t_abs":0.000765,"argv":["/Library/Developer/CommandLineTools/usr/bin/git","-C","/var/folders/f1/2xjyyqkn5plc19fx4nt4tpt00000gn/T/dperf03-git-tg8ewO/1","ls-files","--others","--exclude-standard","-z"]}
{"event":"def_repo","sid":"20261006T121407.536743Z-Ha9d4ceab-P00015526","thread":"main","time":"2026-10-06T12:14:07.537278Z","file":"repository.c","line":241,"repo":1,"worktree":"/private/var/folders/f1/2xjyyqkn5plc19fx4nt4tpt00000gn/T/dperf03-git-tg8ewO/1"}
{"event":"def_repo","sid":"20261006T121407.536753Z-Ha9d4ceab-P0001552c","thread":"main","time":"2026-10-06T12:14:07.537380Z","file":"repository.c","line":241,"repo":1,"worktree":"/private/var/folders/f1/2xjyyqkn5plc19fx4nt4tpt00000gn/T/dperf03-git-tg8ewO/1"}
{"event":"cmd_name","sid":"20261006T121407.536753Z-Ha9d4ceab-P0001552c","thread":"main","time":"2026-10-06T12:14:07.537509Z","file":"git.c","line":477,"name":"ls-files","hierarchy":"ls-files"}
{"event":"region_enter","sid":"20261006T121407.536753Z-Ha9d4ceab-P0001552c","thread":"main","time":"2026-10-06T12:14:07.537615Z","file":"read-cache.c","line":2357,"repo":1,"nesting":1,"category":"index","label":"do_read_index","msg":".git/index"}
{"event":"region_enter","sid":"20261006T121407.536753Z-Ha9d4ceab-P0001552c","thread":"main","time":"2026-10-06T12:14:07.537659Z","file":"cache-tree.c","line":643,"repo":1,"nesting":2,"category":"cache_tree","label":"read"}
{"event":"region_leave","sid":"20261006T121407.536753Z-Ha9d4ceab-P0001552c","thread":"main","time":"2026-10-06T12:14:07.537666Z","file":"cache-tree.c","line":645,"repo":1,"t_rel":0.000007,"nesting":2,"category":"cache_tree","label":"read"}
{"event":"data","sid":"20261006T121407.536753Z-Ha9d4ceab-P0001552c","thread":"main","time":"2026-10-06T12:14:07.537674Z","file":"read-cache.c","line":2306,"repo":1,"t_abs":0.001206,"t_rel":0.000058,"nesting":2,"category":"index","key":"read/version","value":"2"}
{"event":"data","sid":"20261006T121407.536753Z-Ha9d4ceab-P0001552c","thread":"main","time":"2026-10-06T12:14:07.537679Z","file":"read-cache.c","line":2308,"repo":1,"t_abs":0.001211,"t_rel":0.000063,"nesting":2,"category":"index","key":"read/cache_nr","value":"1"}
{"event":"region_leave","sid":"20261006T121407.536753Z-Ha9d4ceab-P0001552c","thread":"main","time":"2026-10-06T12:14:07.537683Z","file":"read-cache.c","line":2362,"repo":1,"t_rel":0.000068,"nesting":1,"category":"index","label":"do_read_index","msg":".git/index"}
{"event":"region_enter","sid":"20261006T121407.536753Z-Ha9d4ceab-P0001552c","thread":"main","time":"2026-10-06T12:14:07.537781Z","file":"dir.c","line":3090,"repo":1,"nesting":1,"category":"dir","label":"read_directory"}
{"event":"region_enter","sid":"20261006T121407.536753Z-Ha9d4ceab-P0001552c","thread":"main","time":"2026-10-06T12:14:07.538214Z","file":"name-hash.c","line":597,"repo":1,"nesting":2,"category":"index","label":"name-hash-init"}
{"event":"region_leave","sid":"20261006T121407.536753Z-Ha9d4ceab-P0001552c","thread":"main","time":"2026-10-06T12:14:07.538224Z","file":"name-hash.c","line":618,"repo":1,"t_rel":0.000011,"nesting":2,"category":"index","label":"name-hash-init"}
{"event":"data","sid":"20261006T121407.536753Z-Ha9d4ceab-P0001552c","thread":"main","time":"2026-10-06T12:14:07.538230Z","file":"dir.c","line":3058,"repo":1,"t_abs":0.001763,"t_rel":0.000450,"nesting":2,"category":"read_directory","key":"path","value":""}
{"event":"data","sid":"20261006T121407.536753Z-Ha9d4ceab-P0001552c","thread":"main","time":"2026-10-06T12:14:07.538250Z","file":"dir.c","line":3067,"repo":1,"t_abs":0.001783,"t_rel":0.000470,"nesting":2,"category":"read_directory","key":"directories-visited","value":"1"}
{"event":"data","sid":"20261006T121407.536753Z-Ha9d4ceab-P0001552c","thread":"main","time":"2026-10-06T12:14:07.538255Z","file":"dir.c","line":3069,"repo":1,"t_abs":0.001788,"t_rel":0.000475,"nesting":2,"category":"read_directory","key":"paths-visited","value":"2"}
{"event":"region_leave","sid":"20261006T121407.536753Z-Ha9d4ceab-P0001552c","thread":"main","time":"2026-10-06T12:14:07.538259Z","file":"dir.c","line":3113,"repo":1,"t_rel":0.000479,"nesting":1,"category":"dir","label":"read_directory"}
{"event":"region_enter","sid":"20261006T121407.536743Z-Ha9d4ceab-P00015526","thread":"main","time":"2026-10-06T12:14:07.538262Z","file":"read-cache.c","line":2357,"repo":1,"nesting":1,"category":"index","label":"do_read_index","msg":".git/index"}
{"event":"exit","sid":"20261006T121407.536753Z-Ha9d4ceab-P0001552c","thread":"main","time":"2026-10-06T12:14:07.538268Z","file":"git.c","line":747,"t_abs":0.001799,"code":0}
{"event":"atexit","sid":"20261006T121407.536753Z-Ha9d4ceab-P0001552c","thread":"main","time":"2026-10-06T12:14:07.538273Z","file":"trace2/tr2_tgt_event.c","line":207,"t_abs":0.001805,"code":0}
{"event":"region_enter","sid":"20261006T121407.536743Z-Ha9d4ceab-P00015526","thread":"main","time":"2026-10-06T12:14:07.538290Z","file":"cache-tree.c","line":643,"repo":1,"nesting":2,"category":"cache_tree","label":"read"}
{"event":"region_leave","sid":"20261006T121407.536743Z-Ha9d4ceab-P00015526","thread":"main","time":"2026-10-06T12:14:07.538297Z","file":"cache-tree.c","line":645,"repo":1,"t_rel":0.000008,"nesting":2,"category":"cache_tree","label":"read"}
{"event":"data","sid":"20261006T121407.536743Z-Ha9d4ceab-P00015526","thread":"main","time":"2026-10-06T12:14:07.538305Z","file":"read-cache.c","line":2306,"repo":1,"t_abs":0.001834,"t_rel":0.000043,"nesting":2,"category":"index","key":"read/version","value":"2"}
{"event":"data","sid":"20261006T121407.536743Z-Ha9d4ceab-P00015526","thread":"main","time":"2026-10-06T12:14:07.538311Z","file":"read-cache.c","line":2308,"repo":1,"t_abs":0.001839,"t_rel":0.000048,"nesting":2,"category":"index","key":"read/cache_nr","value":"1"}
{"event":"region_leave","sid":"20261006T121407.536743Z-Ha9d4ceab-P00015526","thread":"main","time":"2026-10-06T12:14:07.538318Z","file":"read-cache.c","line":2362,"repo":1,"t_rel":0.000056,"nesting":1,"category":"index","label":"do_read_index","msg":".git/index"}
{"event":"region_enter","sid":"20261006T121407.536743Z-Ha9d4ceab-P00015526","thread":"main","time":"2026-10-06T12:14:07.538364Z","file":"unpack-trees.c","line":1905,"repo":1,"nesting":1,"category":"unpack_trees","label":"unpack_trees"}
{"event":"region_enter","sid":"20261006T121407.536743Z-Ha9d4ceab-P00015526","thread":"main","time":"2026-10-06T12:14:07.538440Z","file":"unpack-trees.c","line":2009,"repo":1,"nesting":2,"category":"unpack_trees","label":"traverse_trees"}
{"event":"region_leave","sid":"20261006T121407.536743Z-Ha9d4ceab-P00015526","thread":"main","time":"2026-10-06T12:14:07.538571Z","file":"unpack-trees.c","line":2011,"repo":1,"t_rel":0.000133,"nesting":2,"category":"unpack_trees","label":"traverse_trees"}
{"event":"region_leave","sid":"20261006T121407.536743Z-Ha9d4ceab-P00015526","thread":"main","time":"2026-10-06T12:14:07.538579Z","file":"unpack-trees.c","line":2108,"repo":1,"t_rel":0.000214,"nesting":1,"category":"unpack_trees","label":"unpack_trees"}
{"event":"exit","sid":"20261006T121407.536743Z-Ha9d4ceab-P00015526","thread":"main","time":"2026-10-06T12:14:07.538590Z","file":"git.c","line":747,"t_abs":0.002119,"code":0}
{"event":"data_json","sid":"20261006T121407.536743Z-Ha9d4ceab-P00015526","thread":"main","time":"2026-10-06T12:14:07.538595Z","file":"tree-walk.c","line":186,"repo":1,"t_abs":0.002124,"t_rel":0.002124,"nesting":1,"category":"traverse_trees","key":"statistics","value":{"traverse_trees_count":1,"traverse_trees_max_depth":1}}
{"event":"atexit","sid":"20261006T121407.536743Z-Ha9d4ceab-P00015526","thread":"main","time":"2026-10-06T12:14:07.538611Z","file":"trace2/tr2_tgt_event.c","line":207,"t_abs":0.002140,"code":0}
{"event":"version","sid":"20261006T121407.550152Z-Ha9d4ceab-P00015532","thread":"main","time":"2026-10-06T12:14:07.550482Z","file":"common-init.c","line":57,"evt":"4","exe":"2.50.1 (Apple Git-155)"}
{"event":"start","sid":"20261006T121407.550152Z-Ha9d4ceab-P00015532","thread":"main","time":"2026-10-06T12:14:07.550501Z","file":"common-init.c","line":58,"t_abs":0.000580,"argv":["/Library/Developer/CommandLineTools/usr/bin/git","-C","/var/folders/f1/2xjyyqkn5plc19fx4nt4tpt00000gn/T/dperf03-git-tg8ewO/1","rev-parse","HEAD"]}
{"event":"cmd_name","sid":"20261006T121407.550152Z-Ha9d4ceab-P00015532","thread":"main","time":"2026-10-06T12:14:07.550574Z","file":"git.c","line":477,"name":"rev-parse","hierarchy":"rev-parse"}
{"event":"def_repo","sid":"20261006T121407.550152Z-Ha9d4ceab-P00015532","thread":"main","time":"2026-10-06T12:14:07.550712Z","file":"repository.c","line":241,"repo":1,"worktree":"/private/var/folders/f1/2xjyyqkn5plc19fx4nt4tpt00000gn/T/dperf03-git-tg8ewO/1"}
{"event":"exit","sid":"20261006T121407.550152Z-Ha9d4ceab-P00015532","thread":"main","time":"2026-10-06T12:14:07.550922Z","file":"git.c","line":747,"t_abs":0.001001,"code":0}
{"event":"atexit","sid":"20261006T121407.550152Z-Ha9d4ceab-P00015532","thread":"main","time":"2026-10-06T12:14:07.550929Z","file":"trace2/tr2_tgt_event.c","line":207,"t_abs":0.001008,"code":0}
{"event":"version","sid":"20261006T121407.564364Z-Ha9d4ceab-P0001553e","thread":"main","time":"2026-10-06T12:14:07.564772Z","file":"common-init.c","line":57,"evt":"4","exe":"2.50.1 (Apple Git-155)"}
{"event":"start","sid":"20261006T121407.564364Z-Ha9d4ceab-P0001553e","thread":"main","time":"2026-10-06T12:14:07.564790Z","file":"common-init.c","line":58,"t_abs":0.000714,"argv":["/Library/Developer/CommandLineTools/usr/bin/git","-C","/var/folders/f1/2xjyyqkn5plc19fx4nt4tpt00000gn/T/dperf03-git-tg8ewO/0","ls-files","--others","--exclude-standard","-z"]}
{"event":"version","sid":"20261006T121407.564364Z-Ha9d4ceab-P00015538","thread":"main","time":"2026-10-06T12:14:07.564910Z","file":"common-init.c","line":57,"evt":"4","exe":"2.50.1 (Apple Git-155)"}
{"event":"start","sid":"20261006T121407.564364Z-Ha9d4ceab-P00015538","thread":"main","time":"2026-10-06T12:14:07.564920Z","file":"common-init.c","line":58,"t_abs":0.000848,"argv":["/Library/Developer/CommandLineTools/usr/bin/git","-C","/var/folders/f1/2xjyyqkn5plc19fx4nt4tpt00000gn/T/dperf03-git-tg8ewO/0","diff","--name-only","-z","--no-renames","25c6fd86b294866f225e66128541f43f7fc589dd","--"]}
{"event":"def_repo","sid":"20261006T121407.564364Z-Ha9d4ceab-P0001553e","thread":"main","time":"2026-10-06T12:14:07.564925Z","file":"repository.c","line":241,"repo":1,"worktree":"/private/var/folders/f1/2xjyyqkn5plc19fx4nt4tpt00000gn/T/dperf03-git-tg8ewO/0"}
{"event":"cmd_name","sid":"20261006T121407.564364Z-Ha9d4ceab-P00015538","thread":"main","time":"2026-10-06T12:14:07.564956Z","file":"git.c","line":477,"name":"diff","hierarchy":"diff"}
{"event":"cmd_name","sid":"20261006T121407.564364Z-Ha9d4ceab-P0001553e","thread":"main","time":"2026-10-06T12:14:07.565046Z","file":"git.c","line":477,"name":"ls-files","hierarchy":"ls-files"}
{"event":"def_repo","sid":"20261006T121407.564364Z-Ha9d4ceab-P00015538","thread":"main","time":"2026-10-06T12:14:07.565064Z","file":"repository.c","line":241,"repo":1,"worktree":"/private/var/folders/f1/2xjyyqkn5plc19fx4nt4tpt00000gn/T/dperf03-git-tg8ewO/0"}
{"event":"region_enter","sid":"20261006T121407.564364Z-Ha9d4ceab-P0001553e","thread":"main","time":"2026-10-06T12:14:07.565167Z","file":"read-cache.c","line":2357,"repo":1,"nesting":1,"category":"index","label":"do_read_index","msg":".git/index"}
{"event":"region_enter","sid":"20261006T121407.564364Z-Ha9d4ceab-P0001553e","thread":"main","time":"2026-10-06T12:14:07.565220Z","file":"cache-tree.c","line":643,"repo":1,"nesting":2,"category":"cache_tree","label":"read"}
{"event":"region_leave","sid":"20261006T121407.564364Z-Ha9d4ceab-P0001553e","thread":"main","time":"2026-10-06T12:14:07.565227Z","file":"cache-tree.c","line":645,"repo":1,"t_rel":0.000006,"nesting":2,"category":"cache_tree","label":"read"}
{"event":"data","sid":"20261006T121407.564364Z-Ha9d4ceab-P0001553e","thread":"main","time":"2026-10-06T12:14:07.565233Z","file":"read-cache.c","line":2306,"repo":1,"t_abs":0.001157,"t_rel":0.000065,"nesting":2,"category":"index","key":"read/version","value":"2"}
{"event":"data","sid":"20261006T121407.564364Z-Ha9d4ceab-P0001553e","thread":"main","time":"2026-10-06T12:14:07.565239Z","file":"read-cache.c","line":2308,"repo":1,"t_abs":0.001164,"t_rel":0.000072,"nesting":2,"category":"index","key":"read/cache_nr","value":"1"}
{"event":"region_leave","sid":"20261006T121407.564364Z-Ha9d4ceab-P0001553e","thread":"main","time":"2026-10-06T12:14:07.565244Z","file":"read-cache.c","line":2362,"repo":1,"t_rel":0.000076,"nesting":1,"category":"index","label":"do_read_index","msg":".git/index"}
{"event":"region_enter","sid":"20261006T121407.564364Z-Ha9d4ceab-P0001553e","thread":"main","time":"2026-10-06T12:14:07.565327Z","file":"dir.c","line":3090,"repo":1,"nesting":1,"category":"dir","label":"read_directory"}
{"event":"region_enter","sid":"20261006T121407.564364Z-Ha9d4ceab-P0001553e","thread":"main","time":"2026-10-06T12:14:07.565791Z","file":"name-hash.c","line":597,"repo":1,"nesting":2,"category":"index","label":"name-hash-init"}
{"event":"region_leave","sid":"20261006T121407.564364Z-Ha9d4ceab-P0001553e","thread":"main","time":"2026-10-06T12:14:07.565801Z","file":"name-hash.c","line":618,"repo":1,"t_rel":0.000011,"nesting":2,"category":"index","label":"name-hash-init"}
{"event":"data","sid":"20261006T121407.564364Z-Ha9d4ceab-P0001553e","thread":"main","time":"2026-10-06T12:14:07.565809Z","file":"dir.c","line":3058,"repo":1,"t_abs":0.001732,"t_rel":0.000481,"nesting":2,"category":"read_directory","key":"path","value":""}
{"event":"data","sid":"20261006T121407.564364Z-Ha9d4ceab-P0001553e","thread":"main","time":"2026-10-06T12:14:07.565815Z","file":"dir.c","line":3067,"repo":1,"t_abs":0.001740,"t_rel":0.000489,"nesting":2,"category":"read_directory","key":"directories-visited","value":"1"}
{"event":"data","sid":"20261006T121407.564364Z-Ha9d4ceab-P0001553e","thread":"main","time":"2026-10-06T12:14:07.565820Z","file":"dir.c","line":3069,"repo":1,"t_abs":0.001744,"t_rel":0.000493,"nesting":2,"category":"read_directory","key":"paths-visited","value":"2"}
{"event":"region_leave","sid":"20261006T121407.564364Z-Ha9d4ceab-P0001553e","thread":"main","time":"2026-10-06T12:14:07.565824Z","file":"dir.c","line":3113,"repo":1,"t_rel":0.000497,"nesting":1,"category":"dir","label":"read_directory"}
{"event":"exit","sid":"20261006T121407.564364Z-Ha9d4ceab-P0001553e","thread":"main","time":"2026-10-06T12:14:07.565831Z","file":"git.c","line":747,"t_abs":0.001756,"code":0}
{"event":"atexit","sid":"20261006T121407.564364Z-Ha9d4ceab-P0001553e","thread":"main","time":"2026-10-06T12:14:07.565836Z","file":"trace2/tr2_tgt_event.c","line":207,"t_abs":0.001760,"code":0}
{"event":"region_enter","sid":"20261006T121407.564364Z-Ha9d4ceab-P00015538","thread":"main","time":"2026-10-06T12:14:07.566012Z","file":"read-cache.c","line":2357,"repo":1,"nesting":1,"category":"index","label":"do_read_index","msg":".git/index"}
{"event":"region_enter","sid":"20261006T121407.564364Z-Ha9d4ceab-P00015538","thread":"main","time":"2026-10-06T12:14:07.566037Z","file":"cache-tree.c","line":643,"repo":1,"nesting":2,"category":"cache_tree","label":"read"}
{"event":"region_leave","sid":"20261006T121407.564364Z-Ha9d4ceab-P00015538","thread":"main","time":"2026-10-06T12:14:07.566043Z","file":"cache-tree.c","line":645,"repo":1,"t_rel":0.000006,"nesting":2,"category":"cache_tree","label":"read"}
{"event":"data","sid":"20261006T121407.564364Z-Ha9d4ceab-P00015538","thread":"main","time":"2026-10-06T12:14:07.566049Z","file":"read-cache.c","line":2306,"repo":1,"t_abs":0.001978,"t_rel":0.000038,"nesting":2,"category":"index","key":"read/version","value":"2"}
{"event":"data","sid":"20261006T121407.564364Z-Ha9d4ceab-P00015538","thread":"main","time":"2026-10-06T12:14:07.566070Z","file":"read-cache.c","line":2308,"repo":1,"t_abs":0.001998,"t_rel":0.000058,"nesting":2,"category":"index","key":"read/cache_nr","value":"1"}
{"event":"region_leave","sid":"20261006T121407.564364Z-Ha9d4ceab-P00015538","thread":"main","time":"2026-10-06T12:14:07.566075Z","file":"read-cache.c","line":2362,"repo":1,"t_rel":0.000063,"nesting":1,"category":"index","label":"do_read_index","msg":".git/index"}
{"event":"region_enter","sid":"20261006T121407.564364Z-Ha9d4ceab-P00015538","thread":"main","time":"2026-10-06T12:14:07.566113Z","file":"unpack-trees.c","line":1905,"repo":1,"nesting":1,"category":"unpack_trees","label":"unpack_trees"}
{"event":"region_enter","sid":"20261006T121407.564364Z-Ha9d4ceab-P00015538","thread":"main","time":"2026-10-06T12:14:07.566175Z","file":"unpack-trees.c","line":2009,"repo":1,"nesting":2,"category":"unpack_trees","label":"traverse_trees"}
{"event":"region_leave","sid":"20261006T121407.564364Z-Ha9d4ceab-P00015538","thread":"main","time":"2026-10-06T12:14:07.566188Z","file":"unpack-trees.c","line":2011,"repo":1,"t_rel":0.000014,"nesting":2,"category":"unpack_trees","label":"traverse_trees"}
{"event":"region_leave","sid":"20261006T121407.564364Z-Ha9d4ceab-P00015538","thread":"main","time":"2026-10-06T12:14:07.566197Z","file":"unpack-trees.c","line":2108,"repo":1,"t_rel":0.000085,"nesting":1,"category":"unpack_trees","label":"unpack_trees"}
{"event":"region_enter","sid":"20261006T121407.564364Z-Ha9d4ceab-P00015538","thread":"main","time":"2026-10-06T12:14:07.566434Z","file":"read-cache.c","line":2357,"repo":1,"nesting":1,"category":"index","label":"do_read_index","msg":".git/index"}
{"event":"region_enter","sid":"20261006T121407.564364Z-Ha9d4ceab-P00015538","thread":"main","time":"2026-10-06T12:14:07.566458Z","file":"cache-tree.c","line":643,"repo":1,"nesting":2,"category":"cache_tree","label":"read"}
{"event":"region_leave","sid":"20261006T121407.564364Z-Ha9d4ceab-P00015538","thread":"main","time":"2026-10-06T12:14:07.566464Z","file":"cache-tree.c","line":645,"repo":1,"t_rel":0.000006,"nesting":2,"category":"cache_tree","label":"read"}
{"event":"data","sid":"20261006T121407.564364Z-Ha9d4ceab-P00015538","thread":"main","time":"2026-10-06T12:14:07.566469Z","file":"read-cache.c","line":2306,"repo":1,"t_abs":0.002398,"t_rel":0.000036,"nesting":2,"category":"index","key":"read/version","value":"2"}
{"event":"data","sid":"20261006T121407.564364Z-Ha9d4ceab-P00015538","thread":"main","time":"2026-10-06T12:14:07.566474Z","file":"read-cache.c","line":2308,"repo":1,"t_abs":0.002403,"t_rel":0.000041,"nesting":2,"category":"index","key":"read/cache_nr","value":"1"}
{"event":"region_leave","sid":"20261006T121407.564364Z-Ha9d4ceab-P00015538","thread":"main","time":"2026-10-06T12:14:07.566479Z","file":"read-cache.c","line":2362,"repo":1,"t_rel":0.000046,"nesting":1,"category":"index","label":"do_read_index","msg":".git/index"}
{"event":"region_enter","sid":"20261006T121407.564364Z-Ha9d4ceab-P00015538","thread":"main","time":"2026-10-06T12:14:07.566484Z","file":"read-cache.c","line":1513,"nesting":1,"category":"index","label":"refresh"}
{"event":"data","sid":"20261006T121407.564364Z-Ha9d4ceab-P00015538","thread":"main","time":"2026-10-06T12:14:07.566540Z","file":"read-cache.c","line":1595,"t_abs":0.002467,"t_rel":0.000055,"nesting":2,"category":"index","key":"refresh/sum_lstat","value":"1"}
{"event":"data","sid":"20261006T121407.564364Z-Ha9d4ceab-P00015538","thread":"main","time":"2026-10-06T12:14:07.566548Z","file":"read-cache.c","line":1596,"t_abs":0.002476,"t_rel":0.000064,"nesting":2,"category":"index","key":"refresh/sum_scan","value":"1"}
{"event":"region_leave","sid":"20261006T121407.564364Z-Ha9d4ceab-P00015538","thread":"main","time":"2026-10-06T12:14:07.566554Z","file":"read-cache.c","line":1597,"t_rel":0.000071,"nesting":1,"category":"index","label":"refresh"}
{"event":"region_enter","sid":"20261006T121407.564364Z-Ha9d4ceab-P00015538","thread":"main","time":"2026-10-06T12:14:07.566595Z","file":"read-cache.c","line":3139,"repo":1,"nesting":1,"category":"index","label":"do_write_index","msg":"/private/var/folders/f1/2xjyyqkn5plc19fx4nt4tpt00000gn/T/dperf03-git-tg8ewO/0/.git/index.lock"}
{"event":"region_enter","sid":"20261006T121407.564364Z-Ha9d4ceab-P00015538","thread":"main","time":"2026-10-06T12:14:07.566606Z","file":"cache-tree.c","line":546,"repo":1,"nesting":2,"category":"cache_tree","label":"write"}
{"event":"region_leave","sid":"20261006T121407.564364Z-Ha9d4ceab-P00015538","thread":"main","time":"2026-10-06T12:14:07.566612Z","file":"cache-tree.c","line":548,"repo":1,"t_rel":0.000006,"nesting":2,"category":"cache_tree","label":"write"}
{"event":"data","sid":"20261006T121407.564364Z-Ha9d4ceab-P00015538","thread":"main","time":"2026-10-06T12:14:07.566670Z","file":"read-cache.c","line":3091,"repo":1,"t_abs":0.002599,"t_rel":0.000076,"nesting":2,"category":"index","key":"write/version","value":"2"}
{"event":"data","sid":"20261006T121407.564364Z-Ha9d4ceab-P00015538","thread":"main","time":"2026-10-06T12:14:07.566678Z","file":"read-cache.c","line":3093,"repo":1,"t_abs":0.002606,"t_rel":0.000083,"nesting":2,"category":"index","key":"write/cache_nr","value":"1"}
{"event":"region_leave","sid":"20261006T121407.564364Z-Ha9d4ceab-P00015538","thread":"main","time":"2026-10-06T12:14:07.566684Z","file":"read-cache.c","line":3142,"repo":1,"t_rel":0.000090,"nesting":1,"category":"index","label":"do_write_index","msg":"/private/var/folders/f1/2xjyyqkn5plc19fx4nt4tpt00000gn/T/dperf03-git-tg8ewO/0/.git/index.lock"}
{"event":"exit","sid":"20261006T121407.564364Z-Ha9d4ceab-P00015538","thread":"main","time":"2026-10-06T12:14:07.566876Z","file":"git.c","line":747,"t_abs":0.002805,"code":0}
{"event":"data_json","sid":"20261006T121407.564364Z-Ha9d4ceab-P00015538","thread":"main","time":"2026-10-06T12:14:07.566883Z","file":"tree-walk.c","line":186,"repo":1,"t_abs":0.002812,"t_rel":0.002812,"nesting":1,"category":"traverse_trees","key":"statistics","value":{"traverse_trees_count":1,"traverse_trees_max_depth":1}}
{"event":"atexit","sid":"20261006T121407.564364Z-Ha9d4ceab-P00015538","thread":"main","time":"2026-10-06T12:14:07.566889Z","file":"trace2/tr2_tgt_event.c","line":207,"t_abs":0.002818,"code":0}
{"event":"version","sid":"20261006T121407.578319Z-Ha9d4ceab-P00015544","thread":"main","time":"2026-10-06T12:14:07.578661Z","file":"common-init.c","line":57,"evt":"4","exe":"2.50.1 (Apple Git-155)"}
{"event":"start","sid":"20261006T121407.578319Z-Ha9d4ceab-P00015544","thread":"main","time":"2026-10-06T12:14:07.578684Z","file":"common-init.c","line":58,"t_abs":0.000596,"argv":["/Library/Developer/CommandLineTools/usr/bin/git","-C","/var/folders/f1/2xjyyqkn5plc19fx4nt4tpt00000gn/T/dperf03-git-tg8ewO/0","rev-parse","HEAD"]}
{"event":"cmd_name","sid":"20261006T121407.578319Z-Ha9d4ceab-P00015544","thread":"main","time":"2026-10-06T12:14:07.578729Z","file":"git.c","line":477,"name":"rev-parse","hierarchy":"rev-parse"}
{"event":"def_repo","sid":"20261006T121407.578319Z-Ha9d4ceab-P00015544","thread":"main","time":"2026-10-06T12:14:07.578842Z","file":"repository.c","line":241,"repo":1,"worktree":"/private/var/folders/f1/2xjyyqkn5plc19fx4nt4tpt00000gn/T/dperf03-git-tg8ewO/0"}
{"event":"exit","sid":"20261006T121407.578319Z-Ha9d4ceab-P00015544","thread":"main","time":"2026-10-06T12:14:07.579032Z","file":"git.c","line":747,"t_abs":0.000945,"code":0}
{"event":"atexit","sid":"20261006T121407.578319Z-Ha9d4ceab-P00015544","thread":"main","time":"2026-10-06T12:14:07.579039Z","file":"trace2/tr2_tgt_event.c","line":207,"t_abs":0.000951,"code":0}
