{"event":"version","sid":"20261006T121407.609322Z-Ha9d4ceab-P00015553","thread":"main","time":"2026-10-06T12:14:07.609672Z","file":"common-init.c","line":57,"evt":"4","exe":"2.50.1 (Apple Git-155)"}
{"event":"start","sid":"20261006T121407.609322Z-Ha9d4ceab-P00015553","thread":"main","time":"2026-10-06T12:14:07.609710Z","file":"common-init.c","line":58,"t_abs":0.000735,"argv":["/Library/Developer/CommandLineTools/usr/bin/git","-C","/var/folders/f1/2xjyyqkn5plc19fx4nt4tpt00000gn/T/dperf03-git-tg8ewO/0","diff","--name-only","-z","--no-renames","25c6fd86b294866f225e66128541f43f7fc589dd","--"]}
{"event":"cmd_name","sid":"20261006T121407.609322Z-Ha9d4ceab-P00015553","thread":"main","time":"2026-10-06T12:14:07.609762Z","file":"git.c","line":477,"name":"diff","hierarchy":"diff"}
{"event":"def_repo","sid":"20261006T121407.609322Z-Ha9d4ceab-P00015553","thread":"main","time":"2026-10-06T12:14:07.609870Z","file":"repository.c","line":241,"repo":1,"worktree":"/private/var/folders/f1/2xjyyqkn5plc19fx4nt4tpt00000gn/T/dperf03-git-tg8ewO/0"}
{"event":"region_enter","sid":"20261006T121407.609322Z-Ha9d4ceab-P00015553","thread":"main","time":"2026-10-06T12:14:07.610747Z","file":"read-cache.c","line":2357,"repo":1,"nesting":1,"category":"index","label":"do_read_index","msg":".git/index"}
{"event":"region_enter","sid":"20261006T121407.609322Z-Ha9d4ceab-P00015553","thread":"main","time":"2026-10-06T12:14:07.610775Z","file":"cache-tree.c","line":643,"repo":1,"nesting":2,"category":"cache_tree","label":"read"}
{"event":"region_leave","sid":"20261006T121407.609322Z-Ha9d4ceab-P00015553","thread":"main","time":"2026-10-06T12:14:07.610781Z","file":"cache-tree.c","line":645,"repo":1,"t_rel":0.000006,"nesting":2,"category":"cache_tree","label":"read"}
{"event":"data","sid":"20261006T121407.609322Z-Ha9d4ceab-P00015553","thread":"main","time":"2026-10-06T12:14:07.610788Z","file":"read-cache.c","line":2306,"repo":1,"t_abs":0.001812,"t_rel":0.000040,"nesting":2,"category":"index","key":"read/version","value":"2"}
{"event":"data","sid":"20261006T121407.609322Z-Ha9d4ceab-P00015553","thread":"main","time":"2026-10-06T12:14:07.610795Z","file":"read-cache.c","line":2308,"repo":1,"t_abs":0.001820,"t_rel":0.000048,"nesting":2,"category":"index","key":"read/cache_nr","value":"1"}
{"event":"region_leave","sid":"20261006T121407.609322Z-Ha9d4ceab-P00015553","thread":"main","time":"2026-10-06T12:14:07.610800Z","file":"read-cache.c","line":2362,"repo":1,"t_rel":0.000053,"nesting":1,"category":"index","label":"do_read_index","msg":".git/index"}
{"event":"region_enter","sid":"20261006T121407.609322Z-Ha9d4ceab-P00015553","thread":"main","time":"2026-10-06T12:14:07.610840Z","file":"unpack-trees.c","line":1905,"repo":1,"nesting":1,"category":"unpack_trees","label":"unpack_trees"}
{"event":"region_enter","sid":"20261006T121407.609322Z-Ha9d4ceab-P00015553","thread":"main","time":"2026-10-06T12:14:07.610903Z","file":"unpack-trees.c","line":2009,"repo":1,"nesting":2,"category":"unpack_trees","label":"traverse_trees"}
{"event":"region_leave","sid":"20261006T121407.609322Z-Ha9d4ceab-P00015553","thread":"main","time":"2026-10-06T12:14:07.610991Z","file":"unpack-trees.c","line":2011,"repo":1,"t_rel":0.000088,"nesting":2,"category":"unpack_trees","label":"traverse_trees"}
{"event":"region_leave","sid":"20261006T121407.609322Z-Ha9d4ceab-P00015553","thread":"main","time":"2026-10-06T12:14:07.611000Z","file":"unpack-trees.c","line":2108,"repo":1,"t_rel":0.000160,"nesting":1,"category":"unpack_trees","label":"unpack_trees"}
{"event":"exit","sid":"20261006T121407.609322Z-Ha9d4ceab-P00015553","thread":"main","time":"2026-10-06T12:14:07.611011Z","file":"git.c","line":747,"t_abs":0.002036,"code":0}
{"event":"data_json","sid":"20261006T121407.609322Z-Ha9d4ceab-P00015553","thread":"main","time":"2026-10-06T12:14:07.611016Z","file":"tree-walk.c","line":186,"repo":1,"t_abs":0.002041,"t_rel":0.002041,"nesting":1,"category":"traverse_trees","key":"statistics","value":{"traverse_trees_count":1,"traverse_trees_max_depth":1}}
{"event":"atexit","sid":"20261006T121407.609322Z-Ha9d4ceab-P00015553","thread":"main","time":"2026-10-06T12:14:07.611022Z","file":"trace2/tr2_tgt_event.c","line":207,"t_abs":0.002047,"code":0}
{"event":"version","sid":"20261006T121407.621894Z-Ha9d4ceab-P00015559","thread":"main","time":"2026-10-06T12:14:07.622201Z","file":"common-init.c","line":57,"evt":"4","exe":"2.50.1 (Apple Git-155)"}
{"event":"start","sid":"20261006T121407.621894Z-Ha9d4ceab-P00015559","thread":"main","time":"2026-10-06T12:14:07.622225Z","file":"common-init.c","line":58,"t_abs":0.000550,"argv":["/Library/Developer/CommandLineTools/usr/bin/git","-C","/var/folders/f1/2xjyyqkn5plc19fx4nt4tpt00000gn/T/dperf03-git-tg8ewO/0","ls-files","--others","--exclude-standard","-z"]}
{"event":"def_repo","sid":"20261006T121407.621894Z-Ha9d4ceab-P00015559","thread":"main","time":"2026-10-06T12:14:07.622374Z","file":"repository.c","line":241,"repo":1,"worktree":"/private/var/folders/f1/2xjyyqkn5plc19fx4nt4tpt00000gn/T/dperf03-git-tg8ewO/0"}
{"event":"cmd_name","sid":"20261006T121407.621894Z-Ha9d4ceab-P00015559","thread":"main","time":"2026-10-06T12:14:07.622507Z","file":"git.c","line":477,"name":"ls-files","hierarchy":"ls-files"}
{"event":"region_enter","sid":"20261006T121407.621894Z-Ha9d4ceab-P00015559","thread":"main","time":"2026-10-06T12:14:07.622611Z","file":"read-cache.c","line":2357,"repo":1,"nesting":1,"category":"index","label":"do_read_index","msg":".git/index"}
{"event":"region_enter","sid":"20261006T121407.621894Z-Ha9d4ceab-P00015559","thread":"main","time":"2026-10-06T12:14:07.622643Z","file":"cache-tree.c","line":643,"repo":1,"nesting":2,"category":"cache_tree","label":"read"}
{"event":"region_leave","sid":"20261006T121407.621894Z-Ha9d4ceab-P00015559","thread":"main","time":"2026-10-06T12:14:07.622651Z","file":"cache-tree.c","line":645,"repo":1,"t_rel":0.000009,"nesting":2,"category":"cache_tree","label":"read"}
{"event":"data","sid":"20261006T121407.621894Z-Ha9d4ceab-P00015559","thread":"main","time":"2026-10-06T12:14:07.622660Z","file":"read-cache.c","line":2306,"repo":1,"t_abs":0.000985,"t_rel":0.000050,"nesting":2,"category":"index","key":"read/version","value":"2"}
{"event":"data","sid":"20261006T121407.621894Z-Ha9d4ceab-P00015559","thread":"main","time":"2026-10-06T12:14:07.622667Z","file":"read-cache.c","line":2308,"repo":1,"t_abs":0.000992,"t_rel":0.000057,"nesting":2,"category":"index","key":"read/cache_nr","value":"1"}
{"event":"region_leave","sid":"20261006T121407.621894Z-Ha9d4ceab-P00015559","thread":"main","time":"2026-10-06T12:14:07.622672Z","file":"read-cache.c","line":2362,"repo":1,"t_rel":0.000061,"nesting":1,"category":"index","label":"do_read_index","msg":".git/index"}
{"event":"region_enter","sid":"20261006T121407.621894Z-Ha9d4ceab-P00015559","thread":"main","time":"2026-10-06T12:14:07.622741Z","file":"dir.c","line":3090,"repo":1,"nesting":1,"category":"dir","label":"read_directory"}
{"event":"region_enter","sid":"20261006T121407.621894Z-Ha9d4ceab-P00015559","thread":"main","time":"2026-10-06T12:14:07.623231Z","file":"name-hash.c","line":597,"repo":1,"nesting":2,"category":"index","label":"name-hash-init"}
{"event":"region_leave","sid":"20261006T121407.621894Z-Ha9d4ceab-P00015559","thread":"main","time":"2026-10-06T12:14:07.623242Z","file":"name-hash.c","line":618,"repo":1,"t_rel":0.000010,"nesting":2,"category":"index","label":"name-hash-init"}
{"event":"data","sid":"20261006T121407.621894Z-Ha9d4ceab-P00015559","thread":"main","time":"2026-10-06T12:14:07.623250Z","file":"dir.c","line":3058,"repo":1,"t_abs":0.001574,"t_rel":0.000509,"nesting":2,"category":"read_directory","key":"path","value":""}
{"event":"data","sid":"20261006T121407.621894Z-Ha9d4ceab-P00015559","thread":"main","time":"2026-10-06T12:14:07.623258Z","file":"dir.c","line":3067,"repo":1,"t_abs":0.001582,"t_rel":0.000517,"nesting":2,"category":"read_directory","key":"directories-visited","value":"1"}
{"event":"data","sid":"20261006T121407.621894Z-Ha9d4ceab-P00015559","thread":"main","time":"2026-10-06T12:14:07.623268Z","file":"dir.c","line":3069,"repo":1,"t_abs":0.001592,"t_rel":0.000527,"nesting":2,"category":"read_directory","key":"paths-visited","value":"2"}
{"event":"region_leave","sid":"20261006T121407.621894Z-Ha9d4ceab-P00015559","thread":"main","time":"2026-10-06T12:14:07.623289Z","file":"dir.c","line":3113,"repo":1,"t_rel":0.000548,"nesting":1,"category":"dir","label":"read_directory"}
{"event":"exit","sid":"20261006T121407.621894Z-Ha9d4ceab-P00015559","thread":"main","time":"2026-10-06T12:14:07.623295Z","file":"git.c","line":747,"t_abs":0.001620,"code":0}
{"event":"atexit","sid":"20261006T121407.621894Z-Ha9d4ceab-P00015559","thread":"main","time":"2026-10-06T12:14:07.623302Z","file":"trace2/tr2_tgt_event.c","line":207,"t_abs":0.001626,"code":0}
{"event":"version","sid":"20261006T121407.634205Z-Ha9d4ceab-P0001555f","thread":"main","time":"2026-10-06T12:14:07.634485Z","file":"common-init.c","line":57,"evt":"4","exe":"2.50.1 (Apple Git-155)"}
{"event":"start","sid":"20261006T121407.634205Z-Ha9d4ceab-P0001555f","thread":"main","time":"2026-10-06T12:14:07.634508Z","file":"common-init.c","line":58,"t_abs":0.000528,"argv":["/Library/Developer/CommandLineTools/usr/bin/git","-C","/var/folders/f1/2xjyyqkn5plc19fx4nt4tpt00000gn/T/dperf03-git-tg8ewO/0","rev-parse","HEAD"]}
{"event":"cmd_name","sid":"20261006T121407.634205Z-Ha9d4ceab-P0001555f","thread":"main","time":"2026-10-06T12:14:07.634555Z","file":"git.c","line":477,"name":"rev-parse","hierarchy":"rev-parse"}
{"event":"def_repo","sid":"20261006T121407.634205Z-Ha9d4ceab-P0001555f","thread":"main","time":"2026-10-06T12:14:07.634663Z","file":"repository.c","line":241,"repo":1,"worktree":"/private/var/folders/f1/2xjyyqkn5plc19fx4nt4tpt00000gn/T/dperf03-git-tg8ewO/0"}
{"event":"exit","sid":"20261006T121407.634205Z-Ha9d4ceab-P0001555f","thread":"main","time":"2026-10-06T12:14:07.634857Z","file":"git.c","line":747,"t_abs":0.000877,"code":0}
{"event":"atexit","sid":"20261006T121407.634205Z-Ha9d4ceab-P0001555f","thread":"main","time":"2026-10-06T12:14:07.634863Z","file":"trace2/tr2_tgt_event.c","line":207,"t_abs":0.000883,"code":0}
{"event":"version","sid":"20261006T121407.658648Z-Ha9d4ceab-P00015571","thread":"main","time":"2026-10-06T12:14:07.659014Z","file":"common-init.c","line":57,"evt":"4","exe":"2.50.1 (Apple Git-155)"}
{"event":"start","sid":"20261006T121407.658648Z-Ha9d4ceab-P00015571","thread":"main","time":"2026-10-06T12:14:07.659041Z","file":"common-init.c","line":58,"t_abs":0.000679,"argv":["/Library/Developer/CommandLineTools/usr/bin/git","-C","/var/folders/f1/2xjyyqkn5plc19fx4nt4tpt00000gn/T/dperf03-git-tg8ewO/0","ls-files","--others","--exclude-standard","-z"]}
{"event":"version","sid":"20261006T121407.658650Z-Ha9d4ceab-P0001556b","thread":"main","time":"2026-10-06T12:14:07.659165Z","file":"common-init.c","line":57,"evt":"4","exe":"2.50.1 (Apple Git-155)"}
{"event":"start","sid":"20261006T121407.658650Z-Ha9d4ceab-P0001556b","thread":"main","time":"2026-10-06T12:14:07.659174Z","file":"common-init.c","line":58,"t_abs":0.000806,"argv":["/Library/Developer/CommandLineTools/usr/bin/git","-C","/var/folders/f1/2xjyyqkn5plc19fx4nt4tpt00000gn/T/dperf03-git-tg8ewO/0","diff","--name-only","-z","--no-renames","b44476e2ae80e316cb35c251b121e70c99176578","--"]}
{"event":"def_repo","sid":"20261006T121407.658648Z-Ha9d4ceab-P00015571","thread":"main","time":"2026-10-06T12:14:07.659194Z","file":"repository.c","line":241,"repo":1,"worktree":"/private/var/folders/f1/2xjyyqkn5plc19fx4nt4tpt00000gn/T/dperf03-git-tg8ewO/0"}
{"event":"cmd_name","sid":"20261006T121407.658650Z-Ha9d4ceab-P0001556b","thread":"main","time":"2026-10-06T12:14:07.659213Z","file":"git.c","line":477,"name":"diff","hierarchy":"diff"}
{"event":"def_repo","sid":"20261006T121407.658650Z-Ha9d4ceab-P0001556b","thread":"main","time":"2026-10-06T12:14:07.659334Z","file":"repository.c","line":241,"repo":1,"worktree":"/private/var/folders/f1/2xjyyqkn5plc19fx4nt4tpt00000gn/T/dperf03-git-tg8ewO/0"}
{"event":"cmd_name","sid":"20261006T121407.658648Z-Ha9d4ceab-P00015571","thread":"main","time":"2026-10-06T12:14:07.659340Z","file":"git.c","line":477,"name":"ls-files","hierarchy":"ls-files"}
{"event":"region_enter","sid":"20261006T121407.658648Z-Ha9d4ceab-P00015571","thread":"main","time":"2026-10-06T12:14:07.659474Z","file":"read-cache.c","line":2357,"repo":1,"nesting":1,"category":"index","label":"do_read_index","msg":".git/index"}
{"event":"region_enter","sid":"20261006T121407.658648Z-Ha9d4ceab-P00015571","thread":"main","time":"2026-10-06T12:14:07.659532Z","file":"cache-tree.c","line":643,"repo":1,"nesting":2,"category":"cache_tree","label":"read"}
{"event":"region_leave","sid":"20261006T121407.658648Z-Ha9d4ceab-P00015571","thread":"main","time":"2026-10-06T12:14:07.659550Z","file":"cache-tree.c","line":645,"repo":1,"t_rel":0.000018,"nesting":2,"category":"cache_tree","label":"read"}
{"event":"data","sid":"20261006T121407.658648Z-Ha9d4ceab-P00015571","thread":"main","time":"2026-10-06T12:14:07.659562Z","file":"read-cache.c","line":2306,"repo":1,"t_abs":0.001200,"t_rel":0.000088,"nesting":2,"category":"index","key":"read/version","value":"2"}
{"event":"data","sid":"20261006T121407.658648Z-Ha9d4ceab-P00015571","thread":"main","time":"2026-10-06T12:14:07.659568Z","file":"read-cache.c","line":2308,"repo":1,"t_abs":0.001207,"t_rel":0.000095,"nesting":2,"category":"index","key":"read/cache_nr","value":"1"}
{"event":"region_leave","sid":"20261006T121407.658648Z-Ha9d4ceab-P00015571","thread":"main","time":"2026-10-06T12:14:07.659575Z","file":"read-cache.c","line":2362,"repo":1,"t_rel":0.000101,"nesting":1,"category":"index","label":"do_read_index","msg":".git/index"}
{"event":"region_enter","sid":"20261006T121407.658648Z-Ha9d4ceab-P00015571","thread":"main","time":"2026-10-06T12:14:07.659648Z","file":"dir.c","line":3090,"repo":1,"nesting":1,"category":"dir","label":"read_directory"}
{"event":"region_enter","sid":"20261006T121407.658648Z-Ha9d4ceab-P00015571","thread":"main","time":"2026-10-06T12:14:07.660105Z","file":"name-hash.c","line":597,"repo":1,"nesting":2,"category":"index","label":"name-hash-init"}
{"event":"region_leave","sid":"20261006T121407.658648Z-Ha9d4ceab-P00015571","thread":"main","time":"2026-10-06T12:14:07.660114Z","file":"name-hash.c","line":618,"repo":1,"t_rel":0.000010,"nesting":2,"category":"index","label":"name-hash-init"}
{"event":"data","sid":"20261006T121407.658648Z-Ha9d4ceab-P00015571","thread":"main","time":"2026-10-06T12:14:07.660121Z","file":"dir.c","line":3058,"repo":1,"t_abs":0.001759,"t_rel":0.000472,"nesting":2,"category":"read_directory","key":"path","value":""}
{"event":"data","sid":"20261006T121407.658648Z-Ha9d4ceab-P00015571","thread":"main","time":"2026-10-06T12:14:07.660126Z","file":"dir.c","line":3067,"repo":1,"t_abs":0.001764,"t_rel":0.000477,"nesting":2,"category":"read_directory","key":"directories-visited","value":"1"}
{"event":"data","sid":"20261006T121407.658648Z-Ha9d4ceab-P00015571","thread":"main","time":"2026-10-06T12:14:07.660131Z","file":"dir.c","line":3069,"repo":1,"t_abs":0.001770,"t_rel":0.000483,"nesting":2,"category":"read_directory","key":"paths-visited","value":"2"}
{"event":"region_leave","sid":"20261006T121407.658648Z-Ha9d4ceab-P00015571","thread":"main","time":"2026-10-06T12:14:07.660135Z","file":"dir.c","line":3113,"repo":1,"t_rel":0.000487,"nesting":1,"category":"dir","label":"read_directory"}
{"event":"exit","sid":"20261006T121407.658648Z-Ha9d4ceab-P00015571","thread":"main","time":"2026-10-06T12:14:07.660143Z","file":"git.c","line":747,"t_abs":0.001781,"code":0}
{"event":"atexit","sid":"20261006T121407.658648Z-Ha9d4ceab-P00015571","thread":"main","time":"2026-10-06T12:14:07.660148Z","file":"trace2/tr2_tgt_event.c","line":207,"t_abs":0.001786,"code":0}
{"event":"region_enter","sid":"20261006T121407.658650Z-Ha9d4ceab-P0001556b","thread":"main","time":"2026-10-06T12:14:07.660284Z","file":"read-cache.c","line":2357,"repo":1,"nesting":1,"category":"index","label":"do_read_index","msg":".git/index"}
{"event":"region_enter","sid":"20261006T121407.658650Z-Ha9d4ceab-P0001556b","thread":"main","time":"2026-10-06T12:14:07.660308Z","file":"cache-tree.c","line":643,"repo":1,"nesting":2,"category":"cache_tree","label":"read"}
{"event":"region_leave","sid":"20261006T121407.658650Z-Ha9d4ceab-P0001556b","thread":"main","time":"2026-10-06T12:14:07.660313Z","file":"cache-tree.c","line":645,"repo":1,"t_rel":0.000006,"nesting":2,"category":"cache_tree","label":"read"}
{"event":"data","sid":"20261006T121407.658650Z-Ha9d4ceab-P0001556b","thread":"main","time":"2026-10-06T12:14:07.660334Z","file":"read-cache.c","line":2306,"repo":1,"t_abs":0.001966,"t_rel":0.000051,"nesting":2,"category":"index","key":"read/version","value":"2"}
{"event":"data","sid":"20261006T121407.658650Z-Ha9d4ceab-P0001556b","thread":"main","time":"2026-10-06T12:14:07.660341Z","file":"read-cache.c","line":2308,"repo":1,"t_abs":0.001972,"t_rel":0.000057,"nesting":2,"category":"index","key":"read/cache_nr","value":"1"}
{"event":"region_leave","sid":"20261006T121407.658650Z-Ha9d4ceab-P0001556b","thread":"main","time":"2026-10-06T12:14:07.660345Z","file":"read-cache.c","line":2362,"repo":1,"t_rel":0.000062,"nesting":1,"category":"index","label":"do_read_index","msg":".git/index"}
{"event":"region_enter","sid":"20261006T121407.658650Z-Ha9d4ceab-P0001556b","thread":"main","time":"2026-10-06T12:14:07.660383Z","file":"unpack-trees.c","line":1905,"repo":1,"nesting":1,"category":"unpack_trees","label":"unpack_trees"}
{"event":"region_enter","sid":"20261006T121407.658650Z-Ha9d4ceab-P0001556b","thread":"main","time":"2026-10-06T12:14:07.660455Z","file":"unpack-trees.c","line":2009,"repo":1,"nesting":2,"category":"unpack_trees","label":"traverse_trees"}
{"event":"region_leave","sid":"20261006T121407.658650Z-Ha9d4ceab-P0001556b","thread":"main","time":"2026-10-06T12:14:07.660541Z","file":"unpack-trees.c","line":2011,"repo":1,"t_rel":0.000088,"nesting":2,"category":"unpack_trees","label":"traverse_trees"}
{"event":"region_leave","sid":"20261006T121407.658650Z-Ha9d4ceab-P0001556b","thread":"main","time":"2026-10-06T12:14:07.660551Z","file":"unpack-trees.c","line":2108,"repo":1,"t_rel":0.000168,"nesting":1,"category":"unpack_trees","label":"unpack_trees"}
{"event":"exit","sid":"20261006T121407.658650Z-Ha9d4ceab-P0001556b","thread":"main","time":"2026-10-06T12:14:07.660564Z","file":"git.c","line":747,"t_abs":0.002195,"code":0}
{"event":"data_json","sid":"20261006T121407.658650Z-Ha9d4ceab-P0001556b","thread":"main","time":"2026-10-06T12:14:07.660571Z","file":"tree-walk.c","line":186,"repo":1,"t_abs":0.002203,"t_rel":0.002203,"nesting":1,"category":"traverse_trees","key":"statistics","value":{"traverse_trees_count":1,"traverse_trees_max_depth":1}}
{"event":"atexit","sid":"20261006T121407.658650Z-Ha9d4ceab-P0001556b","thread":"main","time":"2026-10-06T12:14:07.660578Z","file":"trace2/tr2_tgt_event.c","line":207,"t_abs":0.002209,"code":0}
{"event":"version","sid":"20261006T121407.671301Z-Ha9d4ceab-P00015577","thread":"main","time":"2026-10-06T12:14:07.671596Z","file":"common-init.c","line":57,"evt":"4","exe":"2.50.1 (Apple Git-155)"}
{"event":"start","sid":"20261006T121407.671301Z-Ha9d4ceab-P00015577","thread":"main","time":"2026-10-06T12:14:07.671622Z","file":"common-init.c","line":58,"t_abs":0.000526,"argv":["/Library/Developer/CommandLineTools/usr/bin/git","-C","/var/folders/f1/2xjyyqkn5plc19fx4nt4tpt00000gn/T/dperf03-git-tg8ewO/0","rev-parse","HEAD"]}
{"event":"cmd_name","sid":"20261006T121407.671301Z-Ha9d4ceab-P00015577","thread":"main","time":"2026-10-06T12:14:07.671669Z","file":"git.c","line":477,"name":"rev-parse","hierarchy":"rev-parse"}
{"event":"def_repo","sid":"20261006T121407.671301Z-Ha9d4ceab-P00015577","thread":"main","time":"2026-10-06T12:14:07.671781Z","file":"repository.c","line":241,"repo":1,"worktree":"/private/var/folders/f1/2xjyyqkn5plc19fx4nt4tpt00000gn/T/dperf03-git-tg8ewO/0"}
{"event":"exit","sid":"20261006T121407.671301Z-Ha9d4ceab-P00015577","thread":"main","time":"2026-10-06T12:14:07.671982Z","file":"git.c","line":747,"t_abs":0.000886,"code":0}
{"event":"atexit","sid":"20261006T121407.671301Z-Ha9d4ceab-P00015577","thread":"main","time":"2026-10-06T12:14:07.671988Z","file":"trace2/tr2_tgt_event.c","line":207,"t_abs":0.000893,"code":0}
