`server.hmr.protocol/host/port/path/clientPort/timeout/server` is deprecated. Use `server.ws.*` instead. Note that this option may be set by a plugin. Set VITE_DEPRECATION_TRACE=1 to see where it is called.

DevTools listening on ws://127.0.0.1:56479/devtools/browser/2f535dad-872e-4071-b071-65b956eb0a1a
Trying to load the allocator multiple times. This is *not* supported.
[99029:141634383:1007/063630.157255:ERROR:ui/display/mac/cv_display_link_mac.mm:188] CVDisplayLinkCreateWithCGDisplay failed. CVReturn: -6670
[99029:141634586:1007/063630.157544:ERROR:ui/display/mac/cv_display_link_mac.mm:188] CVDisplayLinkCreateWithCGDisplay failed. CVReturn: -6670
[99029:141634383:1007/063630.159251:ERROR:ui/display/mac/cv_display_link_mac.mm:188] CVDisplayLinkCreateWithCGDisplay failed. CVReturn: -6670
[99029:141634586:1007/063630.159305:ERROR:ui/display/mac/cv_display_link_mac.mm:188] CVDisplayLinkCreateWithCGDisplay failed. CVReturn: -6670
[99029:141634383:1007/063630.159795:ERROR:ui/display/mac/cv_display_link_mac.mm:188] CVDisplayLinkCreateWithCGDisplay failed. CVReturn: -6670
[99029:141634586:1007/063630.159838:ERROR:ui/display/mac/cv_display_link_mac.mm:188] CVDisplayLinkCreateWithCGDisplay failed. CVReturn: -6670
[99029:141634383:1007/063630.159934:ERROR:ui/display/mac/cv_display_link_mac.mm:188] CVDisplayLinkCreateWithCGDisplay failed. CVReturn: -6670
[99029:141634586:1007/063630.159970:ERROR:ui/display/mac/cv_display_link_mac.mm:188] CVDisplayLinkCreateWithCGDisplay failed. CVReturn: -6670
[99029:141634383:1007/063630.160054:ERROR:ui/display/mac/cv_display_link_mac.mm:188] CVDisplayLinkCreateWithCGDisplay failed. CVReturn: -6670
[99029:141634586:1007/063630.160151:ERROR:ui/display/mac/cv_display_link_mac.mm:188] CVDisplayLinkCreateWithCGDisplay failed. CVReturn: -6670
[99029:141634383:1007/063630.167020:ERROR:ui/display/mac/cv_display_link_mac.mm:188] CVDisplayLinkCreateWithCGDisplay failed. CVReturn: -6670
[99029:141634586:1007/063630.167083:ERROR:ui/display/mac/cv_display_link_mac.mm:188] CVDisplayLinkCreateWithCGDisplay failed. CVReturn: -6670
[99029:141634383:1007/063630.286048:ERROR:ui/display/mac/cv_display_link_mac.mm:188] CVDisplayLinkCreateWithCGDisplay failed. CVReturn: -6670
[99029:141634586:1007/063630.286118:ERROR:ui/display/mac/cv_display_link_mac.mm:188] CVDisplayLinkCreateWithCGDisplay failed. CVReturn: -6670
[99029:141634383:1007/063630.287637:ERROR:ui/display/mac/cv_display_link_mac.mm:188] CVDisplayLinkCreateWithCGDisplay failed. CVReturn: -6670
[99029:141634586:1007/063630.287696:ERROR:ui/display/mac/cv_display_link_mac.mm:188] CVDisplayLinkCreateWithCGDisplay failed. CVReturn: -6670
[99029:141634383:1007/063630.288494:ERROR:ui/display/mac/cv_display_link_mac.mm:188] CVDisplayLinkCreateWithCGDisplay failed. CVReturn: -6670
[99029:141634586:1007/063630.288529:ERROR:ui/display/mac/cv_display_link_mac.mm:188] CVDisplayLinkCreateWithCGDisplay failed. CVReturn: -6670
[99029:141634383:1007/063630.288620:ERROR:ui/display/mac/cv_display_link_mac.mm:188] CVDisplayLinkCreateWithCGDisplay failed. CVReturn: -6670
[99029:141634586:1007/063630.288657:ERROR:ui/display/mac/cv_display_link_mac.mm:188] CVDisplayLinkCreateWithCGDisplay failed. CVReturn: -6670
[99029:141634383:1007/063630.288750:ERROR:ui/display/mac/cv_display_link_mac.mm:188] CVDisplayLinkCreateWithCGDisplay failed. CVReturn: -6670
[99029:141634586:1007/063630.288779:ERROR:ui/display/mac/cv_display_link_mac.mm:188] CVDisplayLinkCreateWithCGDisplay failed. CVReturn: -6670
[99029:141634383:1007/063632.210699:ERROR:ui/display/mac/cv_display_link_mac.mm:188] CVDisplayLinkCreateWithCGDisplay failed. CVReturn: -6670
[99029:141634586:1007/063632.210772:ERROR:ui/display/mac/cv_display_link_mac.mm:188] CVDisplayLinkCreateWithCGDisplay failed. CVReturn: -6670
[99029:141634383:1007/063632.281137:ERROR:ui/display/mac/cv_display_link_mac.mm:188] CVDisplayLinkCreateWithCGDisplay failed. CVReturn: -6670
[99029:141634586:1007/063632.281194:ERROR:ui/display/mac/cv_display_link_mac.mm:188] CVDisplayLinkCreateWithCGDisplay failed. CVReturn: -6670
[99029:141634383:1007/063632.306663:ERROR:ui/display/mac/cv_display_link_mac.mm:188] CVDisplayLinkCreateWithCGDisplay failed. CVReturn: -6670
[99029:141634586:1007/063632.306724:ERROR:ui/display/mac/cv_display_link_mac.mm:188] CVDisplayLinkCreateWithCGDisplay failed. CVReturn: -6670
[99029:141634383:1007/063632.370512:ERROR:ui/display/mac/cv_display_link_mac.mm:188] CVDisplayLinkCreateWithCGDisplay failed. CVReturn: -6670
[99029:141634586:1007/063632.370580:ERROR:ui/display/mac/cv_display_link_mac.mm:188] CVDisplayLinkCreateWithCGDisplay failed. CVReturn: -6670
[99029:141634383:1007/063632.396149:ERROR:ui/display/mac/cv_display_link_mac.mm:188] CVDisplayLinkCreateWithCGDisplay failed. CVReturn: -6670
[99029:141634586:1007/063632.396211:ERROR:ui/display/mac/cv_display_link_mac.mm:188] CVDisplayLinkCreateWithCGDisplay failed. CVReturn: -6670
[99029:141634383:1007/063632.440485:ERROR:ui/display/mac/cv_display_link_mac.mm:188] CVDisplayLinkCreateWithCGDisplay failed. CVReturn: -6670
[99029:141634586:1007/063632.440542:ERROR:ui/display/mac/cv_display_link_mac.mm:188] CVDisplayLinkCreateWithCGDisplay failed. CVReturn: -6670
[99029:141634383:1007/063632.468806:ERROR:ui/display/mac/cv_display_link_mac.mm:188] CVDisplayLinkCreateWithCGDisplay failed. CVReturn: -6670
[99029:141634586:1007/063632.468872:ERROR:ui/display/mac/cv_display_link_mac.mm:188] CVDisplayLinkCreateWithCGDisplay failed. CVReturn: -6670
[98080:141634324:1007/063632.643127:ERROR:google_apis/gcm/engine/registration_request.cc:291] Registration response error message: DEPRECATED_ENDPOINT
node:internal/process/promises:394
    triggerUncaughtException(err, true /* fromPromise */);
    ^

page.waitForEvent: Timeout 4500ms exceeded while waiting for event "filechooser"
=========================== logs ===========================
waiting for event "filechooser"
============================================================
    at upload (/Users/citrine/Projects/AgentHarness/Flow-worktrees/web-message-settings-app/apps/web/test/conversation-recovery.browser.ts:1161:31)
    at <anonymous> (/Users/citrine/Projects/AgentHarness/Flow-worktrees/web-message-settings-app/apps/web/test/conversation-recovery.browser.ts:1175:63)
    at async run (/Users/citrine/Projects/AgentHarness/Flow-worktrees/web-message-settings-app/apps/web/test/conversation-recovery.browser.ts:471:11)
    at async worker (/Users/citrine/Projects/AgentHarness/Flow-worktrees/web-message-settings-app/apps/web/test/conversation-recovery.browser.ts:1153:5) {
  log: [],
  name: 'TimeoutError'
}

Node.js v24.20.0
[98080:141634324:1007/063636.215036:ERROR:google_apis/gcm/engine/connection_factory_impl.cc:484] ConnectionHandler failed with net error: -2
[98080:141632034:1007/063636.234783:ERROR:content/browser/gpu/gpu_process_host.cc:1130] GPU process exited unexpectedly: exit_code=15
