
DevTools listening on ws://127.0.0.1:57200/devtools/browser/65740e80-0007-421b-87a8-dcc7fb2af311
Trying to load the allocator multiple times. This is *not* supported.
[31101:186227484:1007/183956.611340:ERROR:base/process/process_mac.cc:98] task_policy_set TASK_SUPPRESSION_POLICY: (os/kern) invalid argument (4)
[31101:186227441:1007/183956.734764:ERROR:google_apis/gcm/engine/registration_request.cc:291] Registration response error message: DEPRECATED_ENDPOINT
Created TensorFlow Lite XNNPACK delegate for CPU.
[47663:186248391:1007/184012.843860:VERBOSE1:chrome/updater/updater.cc:364] Version: 156.0.8067.0, opt, ARM_64, command line: /Users/citrine/Library/Application Support/Google/GoogleUpdater/156.0.8067.0/GoogleUpdater.app/Contents/MacOS/GoogleUpdater --wake-all --enable-logging --vmodule=*/components/update_client/*=2,*/chrome/enterprise_companion/*=2,*/chrome/updater/*=2
[47663:186248391:1007/184012.844386:VERBOSE1:chrome/updater/updater.cc:367] OS version: 26.6.2, arch: arm64, System uptime (seconds): 898384, parent pid: 31101
[47663:186248391:1007/184012.846553:VERBOSE1:chrome/updater/updater.cc:372] Available disk space in install directory (/Users/citrine/Library/Application Support/Google/GoogleUpdater): 14442008576B (13.450GiB) / 994662584320B (926.352GiB)
[47663:186248391:1007/184012.846579:VERBOSE1:chrome/updater/updater.cc:376] Available disk space in temporary directory (/private/tmp/arc-geometry-first-rgv61qvz/scratch): 14442008576B (13.450GiB) / 994662584320B (926.352GiB)
[47663:186248391:1007/184012.846639:VERBOSE2:chrome/updater/event_history.cc:266] Emitted a UPDATER_PROCESS START event to the history log
[47680:186248411:1007/184012.854168:VERBOSE1:chrome/updater/updater.cc:364] Version: 156.0.8067.0, opt, ARM_64, command line: /Users/citrine/Library/Application Support/Google/GoogleUpdater/156.0.8067.0/GoogleUpdater.app/Contents/MacOS/GoogleUpdater --crash-handler --database=/Users/citrine/Library/Application Support/Google/GoogleUpdater/156.0.8067.0/Crashpad --url=https://clients2.google.com/cr/report --annotation=prod=Update4 --annotation=ver=156.0.8067.0 --handshake-fd=6 --enable-logging --vmodule=*/components/update_client/*=2,*/chrome/enterprise_companion/*=2,*/chrome/updater/*=2
[47680:186248411:1007/184012.854724:VERBOSE1:chrome/updater/updater.cc:367] OS version: 26.6.2, arch: arm64, System uptime (seconds): 898384, parent pid: 1
[47680:186248411:1007/184012.856920:VERBOSE1:chrome/updater/updater.cc:372] Available disk space in install directory (/Users/citrine/Library/Application Support/Google/GoogleUpdater): 14442008576B (13.450GiB) / 994662584320B (926.352GiB)
[47680:186248411:1007/184012.856947:VERBOSE1:chrome/updater/updater.cc:376] Available disk space in temporary directory (/private/tmp/arc-geometry-first-rgv61qvz/scratch): 14442008576B (13.450GiB) / 994662584320B (926.352GiB)
[47680:186248411:1007/184012.857027:VERBOSE2:chrome/updater/event_history.cc:266] Emitted a UPDATER_PROCESS START event to the history log
[47663:186248391:1007/184012.857515:VERBOSE1:chrome/updater/crash_reporter.cc:123] Crash handler launched and ready.
[47663:186248391:1007/184012.858215:VERBOSE1:chrome/updater/crash_client.cc:108] Found 0 completed crash reports
[47663:186248391:1007/184012.858303:VERBOSE1:chrome/updater/crash_client.cc:132] Found 0 pending crash reports
[47663:186248391:1007/184012.858392:ERROR:third_party/crashpad/crashpad/util/file/file_io_posix.cc:145] open /Users/citrine/Library/Application Support/Google/RLZ/Crashpad/settings.dat: No such file or directory (2)
[47663:186248391:1007/184012.858404:ERROR:third_party/crashpad/crashpad/util/file/file_io_posix.cc:145] open /Users/citrine/Library/Application Support/Google/Measurement/Crashpad/settings.dat: No such file or directory (2)
[47663:186248391:1007/184012.858413:ERROR:third_party/crashpad/crashpad/util/file/file_io_posix.cc:145] open /Users/citrine/Library/Application Support/Google/consentOptions/Crashpad/settings.dat: No such file or directory (2)
[47663:186248391:1007/184012.858420:ERROR:third_party/crashpad/crashpad/util/file/file_io_posix.cc:145] open /Users/citrine/Library/Application Support/Google/Chrome for Testing/Crashpad/settings.dat: No such file or directory (2)
[47663:186248391:1007/184012.858428:ERROR:third_party/crashpad/crashpad/util/file/file_io_posix.cc:145] open /Users/citrine/Library/Application Support/Google/AndroidStudio2024.1/Crashpad/settings.dat: No such file or directory (2)
[47663:186248391:1007/184012.858683:VERBOSE1:chrome/updater/updater.cc:105] Crash reporting initialized.
[47663:186248428:1007/184012.858954:VERBOSE1:chrome/updater/app/app_wakeall.cc:58] Launching `/Users/citrine/Library/Application Support/Google/GoogleUpdater/156.0.8067.0/GoogleUpdater.app/Contents/MacOS/GoogleUpdater --wake`
[47686:186248432:1007/184012.865729:VERBOSE1:chrome/updater/updater.cc:364] Version: 156.0.8067.0, opt, ARM_64, command line: /Users/citrine/Library/Application Support/Google/GoogleUpdater/156.0.8067.0/GoogleUpdater.app/Contents/MacOS/GoogleUpdater --wake --enable-logging --vmodule=*/components/update_client/*=2,*/chrome/enterprise_companion/*=2,*/chrome/updater/*=2
[47686:186248432:1007/184012.866196:VERBOSE1:chrome/updater/updater.cc:367] OS version: 26.6.2, arch: arm64, System uptime (seconds): 898384, parent pid: 47663
[47686:186248432:1007/184012.867766:VERBOSE1:chrome/updater/updater.cc:372] Available disk space in install directory (/Users/citrine/Library/Application Support/Google/GoogleUpdater): 14441938944B (13.450GiB) / 994662584320B (926.352GiB)
[47686:186248432:1007/184012.867790:VERBOSE1:chrome/updater/updater.cc:376] Available disk space in temporary directory (/private/tmp/arc-geometry-first-rgv61qvz/scratch): 14441938944B (13.450GiB) / 994662584320B (926.352GiB)
[47686:186248432:1007/184012.867841:VERBOSE2:chrome/updater/event_history.cc:266] Emitted a UPDATER_PROCESS START event to the history log
[47698:186248448:1007/184012.875578:VERBOSE1:chrome/updater/updater.cc:364] Version: 156.0.8067.0, opt, ARM_64, command line: /Users/citrine/Library/Application Support/Google/GoogleUpdater/156.0.8067.0/GoogleUpdater.app/Contents/MacOS/GoogleUpdater --crash-handler --database=/Users/citrine/Library/Application Support/Google/GoogleUpdater/156.0.8067.0/Crashpad --url=https://clients2.google.com/cr/report --annotation=prod=Update4 --annotation=ver=156.0.8067.0 --handshake-fd=6 --enable-logging --vmodule=*/components/update_client/*=2,*/chrome/enterprise_companion/*=2,*/chrome/updater/*=2
[47698:186248448:1007/184012.876143:VERBOSE1:chrome/updater/updater.cc:367] OS version: 26.6.2, arch: arm64, System uptime (seconds): 898384, parent pid: 1
[47698:186248448:1007/184012.877764:VERBOSE1:chrome/updater/updater.cc:372] Available disk space in install directory (/Users/citrine/Library/Application Support/Google/GoogleUpdater): 14441938944B (13.450GiB) / 994662584320B (926.352GiB)
[47698:186248448:1007/184012.877791:VERBOSE1:chrome/updater/updater.cc:376] Available disk space in temporary directory (/private/tmp/arc-geometry-first-rgv61qvz/scratch): 14441938944B (13.450GiB) / 994662584320B (926.352GiB)
[47698:186248448:1007/184012.877846:VERBOSE2:chrome/updater/event_history.cc:266] Emitted a UPDATER_PROCESS START event to the history log
[47686:186248432:1007/184012.878301:VERBOSE1:chrome/updater/crash_reporter.cc:123] Crash handler launched and ready.
[47686:186248432:1007/184012.878998:VERBOSE1:chrome/updater/crash_client.cc:108] Found 0 completed crash reports
[47686:186248432:1007/184012.879103:VERBOSE1:chrome/updater/crash_client.cc:132] Found 0 pending crash reports
[47686:186248432:1007/184012.879230:ERROR:third_party/crashpad/crashpad/util/file/file_io_posix.cc:145] open /Users/citrine/Library/Application Support/Google/RLZ/Crashpad/settings.dat: No such file or directory (2)
[47686:186248432:1007/184012.879247:ERROR:third_party/crashpad/crashpad/util/file/file_io_posix.cc:145] open /Users/citrine/Library/Application Support/Google/Measurement/Crashpad/settings.dat: No such file or directory (2)
[47686:186248432:1007/184012.879255:ERROR:third_party/crashpad/crashpad/util/file/file_io_posix.cc:145] open /Users/citrine/Library/Application Support/Google/consentOptions/Crashpad/settings.dat: No such file or directory (2)
[47686:186248432:1007/184012.879265:ERROR:third_party/crashpad/crashpad/util/file/file_io_posix.cc:145] open /Users/citrine/Library/Application Support/Google/Chrome for Testing/Crashpad/settings.dat: No such file or directory (2)
[47686:186248432:1007/184012.879273:ERROR:third_party/crashpad/crashpad/util/file/file_io_posix.cc:145] open /Users/citrine/Library/Application Support/Google/AndroidStudio2024.1/Crashpad/settings.dat: No such file or directory (2)
[47686:186248432:1007/184012.879454:VERBOSE1:chrome/updater/updater.cc:105] Crash reporting initialized.
[47686:186248432:1007/184012.879611:VERBOSE1:chrome/updater/ipc/update_service_internal_proxy_mojo.cc:61] Run
