docs/evidence/x01-artifact-verifier/av03-center-inputs/apps/server/src/active-steering/admission-policy.ts(1,33): error TS2307: Cannot find module 'pg' or its corresponding type declarations.
docs/evidence/x01-artifact-verifier/av03-center-inputs/apps/server/src/active-steering/admission.ts(1,39): error TS2307: Cannot find module 'pg' or its corresponding type declarations.
docs/evidence/x01-artifact-verifier/av03-center-inputs/apps/server/src/active-steering/commands.ts(3,39): error TS2307: Cannot find module 'pg' or its corresponding type declarations.
docs/evidence/x01-artifact-verifier/av03-center-inputs/apps/server/src/active-steering/finalization.ts(1,39): error TS2307: Cannot find module 'pg' or its corresponding type declarations.
docs/evidence/x01-artifact-verifier/av03-center-inputs/apps/server/src/active-steering/finalization.ts(28,32): error TS7006: Parameter 'row' implicitly has an 'any' type.
docs/evidence/x01-artifact-verifier/av03-center-inputs/apps/server/src/active-steering/finalization.ts(51,23): error TS7006: Parameter 'row' implicitly has an 'any' type.
docs/evidence/x01-artifact-verifier/av03-center-inputs/apps/server/src/active-steering/finalization.ts(56,23): error TS7006: Parameter 'row' implicitly has an 'any' type.
docs/evidence/x01-artifact-verifier/av03-center-inputs/apps/server/src/active-steering/index.ts(2,38): error TS2307: Cannot find module 'fastify' or its corresponding type declarations.
docs/evidence/x01-artifact-verifier/av03-center-inputs/apps/server/src/active-steering/index.ts(3,27): error TS2307: Cannot find module 'pg' or its corresponding type declarations.
docs/evidence/x01-artifact-verifier/av03-center-inputs/apps/server/src/active-steering/index.ts(27,77): error TS7006: Parameter 'request' implicitly has an 'any' type.
docs/evidence/x01-artifact-verifier/av03-center-inputs/apps/server/src/active-steering/index.ts(27,86): error TS7006: Parameter 'reply' implicitly has an 'any' type.
docs/evidence/x01-artifact-verifier/av03-center-inputs/apps/server/src/active-steering/index.ts(32,74): error TS7006: Parameter 'request' implicitly has an 'any' type.
docs/evidence/x01-artifact-verifier/av03-center-inputs/apps/server/src/active-steering/index.ts(32,83): error TS7006: Parameter 'reply' implicitly has an 'any' type.
docs/evidence/x01-artifact-verifier/av03-center-inputs/apps/server/src/active-steering/index.ts(38,44): error TS7006: Parameter 'request' implicitly has an 'any' type.
docs/evidence/x01-artifact-verifier/av03-center-inputs/apps/server/src/active-steering/index.ts(39,45): error TS7006: Parameter 'request' implicitly has an 'any' type.
docs/evidence/x01-artifact-verifier/av03-center-inputs/apps/server/src/active-steering/index.ts(40,53): error TS7006: Parameter 'request' implicitly has an 'any' type.
docs/evidence/x01-artifact-verifier/av03-center-inputs/apps/server/src/active-steering/index.ts(41,45): error TS7006: Parameter 'request' implicitly has an 'any' type.
docs/evidence/x01-artifact-verifier/av03-center-inputs/apps/server/src/active-steering/index.ts(42,67): error TS7006: Parameter 'request' implicitly has an 'any' type.
docs/evidence/x01-artifact-verifier/av03-center-inputs/apps/server/src/active-steering/index.ts(42,76): error TS7006: Parameter 'reply' implicitly has an 'any' type.
docs/evidence/x01-artifact-verifier/av03-center-inputs/apps/server/src/active-steering/index.ts(47,73): error TS7006: Parameter 'request' implicitly has an 'any' type.
docs/evidence/x01-artifact-verifier/av03-center-inputs/apps/server/src/active-steering/index.ts(47,82): error TS7006: Parameter 'reply' implicitly has an 'any' type.
docs/evidence/x01-artifact-verifier/av03-center-inputs/apps/server/src/active-steering/index.ts(52,102): error TS7006: Parameter 'request' implicitly has an 'any' type.
docs/evidence/x01-artifact-verifier/av03-center-inputs/apps/server/src/active-steering/index.ts(52,111): error TS7006: Parameter 'reply' implicitly has an 'any' type.
docs/evidence/x01-artifact-verifier/av03-center-inputs/apps/server/src/active-steering/queries.ts(1,27): error TS2307: Cannot find module 'pg' or its corresponding type declarations.
docs/evidence/x01-artifact-verifier/av03-center-inputs/apps/server/src/active-steering/queries.ts(38,46): error TS7006: Parameter 'row' implicitly has an 'any' type.
docs/evidence/x01-artifact-verifier/av03-center-inputs/apps/server/src/active-steering/results.ts(1,33): error TS2307: Cannot find module 'pg' or its corresponding type declarations.
docs/evidence/x01-artifact-verifier/av03-center-inputs/apps/server/src/active-steering/results.ts(20,196): error TS7006: Parameter 'row' implicitly has an 'any' type.
docs/evidence/x01-artifact-verifier/av03-center-inputs/apps/server/src/active-steering/storage.ts(2,33): error TS2307: Cannot find module 'pg' or its corresponding type declarations.
docs/evidence/x01-artifact-verifier/av03-center-inputs/apps/server/src/assistant-stream-compatibility/index.ts(1,38): error TS2307: Cannot find module 'fastify' or its corresponding type declarations.
docs/evidence/x01-artifact-verifier/av03-center-inputs/apps/server/src/assistant-stream-compatibility/index.ts(2,27): error TS2307: Cannot find module 'pg' or its corresponding type declarations.
docs/evidence/x01-artifact-verifier/av03-center-inputs/apps/server/src/assistant-stream/index.ts(1,38): error TS2307: Cannot find module 'fastify' or its corresponding type declarations.
docs/evidence/x01-artifact-verifier/av03-center-inputs/apps/server/src/assistant-stream/index.ts(2,27): error TS2307: Cannot find module 'pg' or its corresponding type declarations.
docs/evidence/x01-artifact-verifier/av03-center-inputs/apps/server/src/assistant-stream/index.ts(19,109): error TS7006: Parameter 'request' implicitly has an 'any' type.
docs/evidence/x01-artifact-verifier/av03-center-inputs/apps/server/src/assistant-stream/index.ts(23,170): error TS7006: Parameter 'request' implicitly has an 'any' type.
docs/evidence/x01-artifact-verifier/av03-center-inputs/apps/server/src/assistant-stream/index.ts(34,91): error TS7006: Parameter 'request' implicitly has an 'any' type.
docs/evidence/x01-artifact-verifier/av03-center-inputs/apps/server/src/assistant-stream/queries.ts(1,39): error TS2307: Cannot find module 'pg' or its corresponding type declarations.
docs/evidence/x01-artifact-verifier/av03-center-inputs/apps/server/src/assistant-stream/queries.ts(36,61): error TS7006: Parameter 'row' implicitly has an 'any' type.
docs/evidence/x01-artifact-verifier/av03-center-inputs/apps/server/src/assistant-stream/queries.ts(57,18): error TS7006: Parameter 'row' implicitly has an 'any' type.
docs/evidence/x01-artifact-verifier/av03-center-inputs/apps/server/src/assistant-stream/queries.ts(58,66): error TS7006: Parameter 'row' implicitly has an 'any' type.
docs/evidence/x01-artifact-verifier/av03-center-inputs/apps/server/src/assistant-stream/settlement.ts(1,33): error TS2307: Cannot find module 'pg' or its corresponding type declarations.
docs/evidence/x01-artifact-verifier/av03-center-inputs/apps/server/src/assistant-stream/settlement.ts(27,18): error TS7006: Parameter 'block' implicitly has an 'any' type.
docs/evidence/x01-artifact-verifier/av03-center-inputs/apps/server/src/assistant-stream/settlement.ts(27,113): error TS7006: Parameter 'marker' implicitly has an 'any' type.
docs/evidence/x01-artifact-verifier/av03-center-inputs/apps/server/src/assistant-stream/settlement.ts(28,30): error TS7006: Parameter 'marker' implicitly has an 'any' type.
docs/evidence/x01-artifact-verifier/av03-center-inputs/apps/server/src/assistant-stream/settlement.ts(35,20): error TS7006: Parameter 'tool' implicitly has an 'any' type.
docs/evidence/x01-artifact-verifier/av03-center-inputs/apps/server/src/assistant-stream/settlement.ts(35,38): error TS7006: Parameter 'marker' implicitly has an 'any' type.
docs/evidence/x01-artifact-verifier/av03-center-inputs/apps/server/src/assistant-stream/settlement.ts(43,30): error TS7006: Parameter 'block' implicitly has an 'any' type.
docs/evidence/x01-artifact-verifier/av03-center-inputs/apps/server/src/assistant-stream/settlement.ts(43,317): error TS7006: Parameter 'block' implicitly has an 'any' type.
docs/evidence/x01-artifact-verifier/av03-center-inputs/apps/server/src/assistant-stream/settlement.ts(46,153): error TS7006: Parameter 'block' implicitly has an 'any' type.
docs/evidence/x01-artifact-verifier/av03-center-inputs/apps/server/src/assistant-stream/settlement.ts(46,185): error TS7006: Parameter 'block' implicitly has an 'any' type.
docs/evidence/x01-artifact-verifier/av03-center-inputs/apps/server/src/assistant-stream/store.ts(1,33): error TS2307: Cannot find module 'pg' or its corresponding type declarations.
docs/evidence/x01-artifact-verifier/av03-center-inputs/apps/server/src/assistant/index.ts(1,38): error TS2307: Cannot find module 'fastify' or its corresponding type declarations.
docs/evidence/x01-artifact-verifier/av03-center-inputs/apps/server/src/assistant/index.ts(2,27): error TS2307: Cannot find module 'pg' or its corresponding type declarations.
docs/evidence/x01-artifact-verifier/av03-center-inputs/apps/server/src/assistant/index.ts(19,125): error TS7006: Parameter 'request' implicitly has an 'any' type.
docs/evidence/x01-artifact-verifier/av03-center-inputs/apps/server/src/assistant/index.ts(24,70): error TS7006: Parameter 'request' implicitly has an 'any' type.
docs/evidence/x01-artifact-verifier/av03-center-inputs/apps/server/src/assistant/store.ts(3,39): error TS2307: Cannot find module 'pg' or its corresponding type declarations.
docs/evidence/x01-artifact-verifier/av03-center-inputs/apps/server/src/assistant/store.ts(129,36): error TS7006: Parameter 'row' implicitly has an 'any' type.
docs/evidence/x01-artifact-verifier/av03-center-inputs/apps/server/src/assistant/store.ts(133,42): error TS2345: Argument of type '{}' is not assignable to parameter of type 'PreviewRow'.
  Type '{}' is missing the following properties from type 'PreviewRow': binding_index, prefix, has_more, digest, and 14 more.
docs/evidence/x01-artifact-verifier/av03-center-inputs/apps/server/src/attachments/index.ts(3,38): error TS2307: Cannot find module 'fastify' or its corresponding type declarations.
docs/evidence/x01-artifact-verifier/av03-center-inputs/apps/server/src/attachments/index.ts(4,27): error TS2307: Cannot find module 'pg' or its corresponding type declarations.
docs/evidence/x01-artifact-verifier/av03-center-inputs/apps/server/src/attachments/index.ts(38,27): error TS7006: Parameter 'routes' implicitly has an 'any' type.
docs/evidence/x01-artifact-verifier/av03-center-inputs/apps/server/src/attachments/index.ts(40,77): error TS7006: Parameter '_request' implicitly has an 'any' type.
docs/evidence/x01-artifact-verifier/av03-center-inputs/apps/server/src/attachments/index.ts(40,87): error TS7006: Parameter 'body' implicitly has an 'any' type.
docs/evidence/x01-artifact-verifier/av03-center-inputs/apps/server/src/attachments/index.ts(40,93): error TS7006: Parameter 'done' implicitly has an 'any' type.
docs/evidence/x01-artifact-verifier/av03-center-inputs/apps/server/src/attachments/index.ts(47,5): error TS2347: Untyped function calls may not accept type arguments.
docs/evidence/x01-artifact-verifier/av03-center-inputs/apps/server/src/attachments/index.ts(47,90): error TS7006: Parameter 'request' implicitly has an 'any' type.
docs/evidence/x01-artifact-verifier/av03-center-inputs/apps/server/src/attachments/index.ts(48,5): error TS2347: Untyped function calls may not accept type arguments.
docs/evidence/x01-artifact-verifier/av03-center-inputs/apps/server/src/attachments/index.ts(48,108): error TS7006: Parameter 'request' implicitly has an 'any' type.
docs/evidence/x01-artifact-verifier/av03-center-inputs/apps/server/src/attachments/index.ts(48,117): error TS7006: Parameter 'reply' implicitly has an 'any' type.
docs/evidence/x01-artifact-verifier/av03-center-inputs/apps/server/src/attachments/index.ts(49,5): error TS2347: Untyped function calls may not accept type arguments.
docs/evidence/x01-artifact-verifier/av03-center-inputs/apps/server/src/attachments/index.ts(49,77): error TS7006: Parameter 'request' implicitly has an 'any' type.
docs/evidence/x01-artifact-verifier/av03-center-inputs/apps/server/src/attachments/index.ts(53,5): error TS2347: Untyped function calls may not accept type arguments.
docs/evidence/x01-artifact-verifier/av03-center-inputs/apps/server/src/attachments/index.ts(53,92): error TS7006: Parameter 'request' implicitly has an 'any' type.
docs/evidence/x01-artifact-verifier/av03-center-inputs/apps/server/src/attachments/index.ts(57,5): error TS2347: Untyped function calls may not accept type arguments.
docs/evidence/x01-artifact-verifier/av03-center-inputs/apps/server/src/attachments/index.ts(57,90): error TS7006: Parameter 'request' implicitly has an 'any' type.
docs/evidence/x01-artifact-verifier/av03-center-inputs/apps/server/src/attachments/index.ts(58,5): error TS2347: Untyped function calls may not accept type arguments.
docs/evidence/x01-artifact-verifier/av03-center-inputs/apps/server/src/attachments/index.ts(58,138): error TS7006: Parameter 'request' implicitly has an 'any' type.
docs/evidence/x01-artifact-verifier/av03-center-inputs/apps/server/src/attachments/storage.ts(2,39): error TS2307: Cannot find module 'pg' or its corresponding type declarations.
docs/evidence/x01-artifact-verifier/av03-center-inputs/apps/server/src/attachments/storage.ts(52,135): error TS7006: Parameter 'row' implicitly has an 'any' type.
docs/evidence/x01-artifact-verifier/av03-center-inputs/apps/server/src/browser-session/index.ts(2,68): error TS2307: Cannot find module 'fastify' or its corresponding type declarations.
docs/evidence/x01-artifact-verifier/av03-center-inputs/apps/server/src/browser-session/index.ts(3,41): error TS2307: Cannot find module '@fastify/cors' or its corresponding type declarations.
docs/evidence/x01-artifact-verifier/av03-center-inputs/apps/server/src/browser-session/index.ts(4,27): error TS2307: Cannot find module 'pg' or its corresponding type declarations.
docs/evidence/x01-artifact-verifier/av03-center-inputs/apps/server/src/browser-session/index.ts(28,38): error TS7006: Parameter '_' implicitly has an 'any' type.
docs/evidence/x01-artifact-verifier/av03-center-inputs/apps/server/src/browser-session/index.ts(28,41): error TS7006: Parameter 'i' implicitly has an 'any' type.
docs/evidence/x01-artifact-verifier/av03-center-inputs/apps/server/src/browser-session/index.ts(28,44): error TS7006: Parameter 'a' implicitly has an 'any' type.
docs/evidence/x01-artifact-verifier/av03-center-inputs/apps/server/src/browser-session/index.ts(36,41): error TS7006: Parameter 'part' implicitly has an 'any' type.
docs/evidence/x01-artifact-verifier/av03-center-inputs/apps/server/src/browser-session/index.ts(36,69): error TS7006: Parameter 'part' implicitly has an 'any' type.
docs/evidence/x01-artifact-verifier/av03-center-inputs/apps/server/src/browser-session/index.ts(121,42): error TS7006: Parameter 'request' implicitly has an 'any' type.
docs/evidence/x01-artifact-verifier/av03-center-inputs/apps/server/src/browser-session/index.ts(121,51): error TS7006: Parameter 'reply' implicitly has an 'any' type.
docs/evidence/x01-artifact-verifier/av03-center-inputs/apps/server/src/browser-session/index.ts(122,51): error TS7006: Parameter 'request' implicitly has an 'any' type.
docs/evidence/x01-artifact-verifier/av03-center-inputs/apps/server/src/browser-session/index.ts(122,60): error TS7006: Parameter 'reply' implicitly has an 'any' type.
docs/evidence/x01-artifact-verifier/av03-center-inputs/apps/server/src/browser-session/index.ts(123,50): error TS7006: Parameter 'request' implicitly has an 'any' type.
docs/evidence/x01-artifact-verifier/av03-center-inputs/apps/server/src/browser-session/index.ts(123,59): error TS7006: Parameter 'reply' implicitly has an 'any' type.
docs/evidence/x01-artifact-verifier/av03-center-inputs/apps/server/src/browser-session/store.ts(3,27): error TS2307: Cannot find module 'pg' or its corresponding type declarations.
docs/evidence/x01-artifact-verifier/av03-center-inputs/apps/server/src/commands.ts(1,27): error TS2307: Cannot find module 'pg' or its corresponding type declarations.
docs/evidence/x01-artifact-verifier/av03-center-inputs/apps/server/src/commands.ts(2,29): error TS2307: Cannot find module 'pg-boss' or its corresponding type declarations.
docs/evidence/x01-artifact-verifier/av03-center-inputs/apps/server/src/context-transparency/migration.ts(2,27): error TS2307: Cannot find module 'pg' or its corresponding type declarations.
docs/evidence/x01-artifact-verifier/av03-center-inputs/apps/server/src/context-transparency/routes.ts(1,38): error TS2307: Cannot find module 'fastify' or its corresponding type declarations.
docs/evidence/x01-artifact-verifier/av03-center-inputs/apps/server/src/context-transparency/routes.ts(2,27): error TS2307: Cannot find module 'pg' or its corresponding type declarations.
docs/evidence/x01-artifact-verifier/av03-center-inputs/apps/server/src/context-transparency/routes.ts(10,80): error TS7006: Parameter 'request' implicitly has an 'any' type.
docs/evidence/x01-artifact-verifier/av03-center-inputs/apps/server/src/context-transparency/routes.ts(10,89): error TS7006: Parameter 'reply' implicitly has an 'any' type.
docs/evidence/x01-artifact-verifier/av03-center-inputs/apps/server/src/context-transparency/store.ts(2,33): error TS2307: Cannot find module 'pg' or its corresponding type declarations.
docs/evidence/x01-artifact-verifier/av03-center-inputs/apps/server/src/conversation-context/index.ts(1,38): error TS2307: Cannot find module 'fastify' or its corresponding type declarations.
docs/evidence/x01-artifact-verifier/av03-center-inputs/apps/server/src/conversation-context/index.ts(2,27): error TS2307: Cannot find module 'pg' or its corresponding type declarations.
docs/evidence/x01-artifact-verifier/av03-center-inputs/apps/server/src/conversation-context/index.ts(19,128): error TS7006: Parameter 'request' implicitly has an 'any' type.
docs/evidence/x01-artifact-verifier/av03-center-inputs/apps/server/src/conversation-context/store.ts(2,39): error TS2307: Cannot find module 'pg' or its corresponding type declarations.
docs/evidence/x01-artifact-verifier/av03-center-inputs/apps/server/src/conversation-context/store.ts(73,27): error TS7006: Parameter 'row' implicitly has an 'any' type.
docs/evidence/x01-artifact-verifier/av03-center-inputs/apps/server/src/conversation-context/store.ts(120,213): error TS7006: Parameter 'source' implicitly has an 'any' type.
docs/evidence/x01-artifact-verifier/av03-center-inputs/apps/server/src/conversation-context/store.ts(121,348): error TS7006: Parameter 'source' implicitly has an 'any' type.
docs/evidence/x01-artifact-verifier/av03-center-inputs/apps/server/src/conversation-context/store.ts(122,41): error TS7006: Parameter 'head' implicitly has an 'any' type.
docs/evidence/x01-artifact-verifier/av03-center-inputs/apps/server/src/conversation-queue/commands.ts(3,27): error TS2307: Cannot find module 'pg' or its corresponding type declarations.
docs/evidence/x01-artifact-verifier/av03-center-inputs/apps/server/src/conversation-queue/controls.ts(1,27): error TS2307: Cannot find module 'pg' or its corresponding type declarations.
docs/evidence/x01-artifact-verifier/av03-center-inputs/apps/server/src/conversation-queue/controls.ts(2,29): error TS2307: Cannot find module 'pg-boss' or its corresponding type declarations.
docs/evidence/x01-artifact-verifier/av03-center-inputs/apps/server/src/conversation-queue/gate.ts(3,33): error TS2307: Cannot find module 'pg' or its corresponding type declarations.
docs/evidence/x01-artifact-verifier/av03-center-inputs/apps/server/src/conversation-queue/index.ts(1,38): error TS2307: Cannot find module 'fastify' or its corresponding type declarations.
docs/evidence/x01-artifact-verifier/av03-center-inputs/apps/server/src/conversation-queue/index.ts(2,27): error TS2307: Cannot find module 'pg' or its corresponding type declarations.
docs/evidence/x01-artifact-verifier/av03-center-inputs/apps/server/src/conversation-queue/index.ts(3,29): error TS2307: Cannot find module 'pg-boss' or its corresponding type declarations.
docs/evidence/x01-artifact-verifier/av03-center-inputs/apps/server/src/conversation-queue/index.ts(29,78): error TS7006: Parameter 'request' implicitly has an 'any' type.
docs/evidence/x01-artifact-verifier/av03-center-inputs/apps/server/src/conversation-queue/index.ts(30,86): error TS7006: Parameter 'request' implicitly has an 'any' type.
docs/evidence/x01-artifact-verifier/av03-center-inputs/apps/server/src/conversation-queue/index.ts(30,95): error TS7006: Parameter 'reply' implicitly has an 'any' type.
docs/evidence/x01-artifact-verifier/av03-center-inputs/apps/server/src/conversation-queue/index.ts(31,79): error TS7006: Parameter 'request' implicitly has an 'any' type.
docs/evidence/x01-artifact-verifier/av03-center-inputs/apps/server/src/conversation-queue/index.ts(31,88): error TS7006: Parameter 'reply' implicitly has an 'any' type.
docs/evidence/x01-artifact-verifier/av03-center-inputs/apps/server/src/conversation-queue/index.ts(32,71): error TS7006: Parameter 'request' implicitly has an 'any' type.
docs/evidence/x01-artifact-verifier/av03-center-inputs/apps/server/src/conversation-queue/index.ts(36,95): error TS7006: Parameter 'request' implicitly has an 'any' type.
docs/evidence/x01-artifact-verifier/av03-center-inputs/apps/server/src/conversation-queue/index.ts(37,103): error TS7006: Parameter 'request' implicitly has an 'any' type.
docs/evidence/x01-artifact-verifier/av03-center-inputs/apps/server/src/conversation-queue/promotion.ts(1,39): error TS2307: Cannot find module 'pg' or its corresponding type declarations.
docs/evidence/x01-artifact-verifier/av03-center-inputs/apps/server/src/conversation-queue/promotion.ts(3,29): error TS2307: Cannot find module 'pg-boss' or its corresponding type declarations.
docs/evidence/x01-artifact-verifier/av03-center-inputs/apps/server/src/conversation-queue/queries.ts(1,27): error TS2307: Cannot find module 'pg' or its corresponding type declarations.
docs/evidence/x01-artifact-verifier/av03-center-inputs/apps/server/src/conversation-queue/queries.ts(13,71): error TS7006: Parameter 'row' implicitly has an 'any' type.
docs/evidence/x01-artifact-verifier/av03-center-inputs/apps/server/src/conversation-queue/queries.ts(14,32): error TS7006: Parameter 'row' implicitly has an 'any' type.
docs/evidence/x01-artifact-verifier/av03-center-inputs/apps/server/src/conversation-queue/store.ts(2,33): error TS2307: Cannot find module 'pg' or its corresponding type declarations.
docs/evidence/x01-artifact-verifier/av03-center-inputs/apps/server/src/conversations/admission.ts(4,33): error TS2307: Cannot find module 'pg' or its corresponding type declarations.
docs/evidence/x01-artifact-verifier/av03-center-inputs/apps/server/src/conversations/admission.ts(5,29): error TS2307: Cannot find module 'pg-boss' or its corresponding type declarations.
docs/evidence/x01-artifact-verifier/av03-center-inputs/apps/server/src/conversations/commands.ts(6,27): error TS2307: Cannot find module 'pg' or its corresponding type declarations.
docs/evidence/x01-artifact-verifier/av03-center-inputs/apps/server/src/conversations/commands.ts(7,29): error TS2307: Cannot find module 'pg-boss' or its corresponding type declarations.
docs/evidence/x01-artifact-verifier/av03-center-inputs/apps/server/src/conversations/index.ts(3,38): error TS2307: Cannot find module 'fastify' or its corresponding type declarations.
docs/evidence/x01-artifact-verifier/av03-center-inputs/apps/server/src/conversations/index.ts(4,27): error TS2307: Cannot find module 'pg' or its corresponding type declarations.
docs/evidence/x01-artifact-verifier/av03-center-inputs/apps/server/src/conversations/index.ts(5,29): error TS2307: Cannot find module 'pg-boss' or its corresponding type declarations.
docs/evidence/x01-artifact-verifier/av03-center-inputs/apps/server/src/conversations/index.ts(30,36): error TS7006: Parameter 'request' implicitly has an 'any' type.
docs/evidence/x01-artifact-verifier/av03-center-inputs/apps/server/src/conversations/index.ts(30,45): error TS7006: Parameter 'reply' implicitly has an 'any' type.
docs/evidence/x01-artifact-verifier/av03-center-inputs/apps/server/src/conversations/index.ts(44,41): error TS7006: Parameter 'request' implicitly has an 'any' type.
docs/evidence/x01-artifact-verifier/av03-center-inputs/apps/server/src/conversations/index.ts(44,50): error TS7006: Parameter 'reply' implicitly has an 'any' type.
docs/evidence/x01-artifact-verifier/av03-center-inputs/apps/server/src/conversations/index.ts(45,79): error TS7006: Parameter 'request' implicitly has an 'any' type.
docs/evidence/x01-artifact-verifier/av03-center-inputs/apps/server/src/conversations/index.ts(45,88): error TS7006: Parameter 'reply' implicitly has an 'any' type.
docs/evidence/x01-artifact-verifier/av03-center-inputs/apps/server/src/conversations/index.ts(46,33): error TS7006: Parameter 'request' implicitly has an 'any' type.
docs/evidence/x01-artifact-verifier/av03-center-inputs/apps/server/src/conversations/index.ts(50,72): error TS7006: Parameter 'request' implicitly has an 'any' type.
docs/evidence/x01-artifact-verifier/av03-center-inputs/apps/server/src/conversations/index.ts(50,81): error TS7006: Parameter 'reply' implicitly has an 'any' type.
docs/evidence/x01-artifact-verifier/av03-center-inputs/apps/server/src/conversations/index.ts(56,71): error TS7006: Parameter 'request' implicitly has an 'any' type.
docs/evidence/x01-artifact-verifier/av03-center-inputs/apps/server/src/conversations/index.ts(60,131): error TS7006: Parameter 'request' implicitly has an 'any' type.
docs/evidence/x01-artifact-verifier/av03-center-inputs/apps/server/src/conversations/message-settings-migration.ts(2,27): error TS2307: Cannot find module 'pg' or its corresponding type declarations.
docs/evidence/x01-artifact-verifier/av03-center-inputs/apps/server/src/conversations/queries.ts(1,27): error TS2307: Cannot find module 'pg' or its corresponding type declarations.
docs/evidence/x01-artifact-verifier/av03-center-inputs/apps/server/src/conversations/replies.ts(2,33): error TS2307: Cannot find module 'pg' or its corresponding type declarations.
docs/evidence/x01-artifact-verifier/av03-center-inputs/apps/server/src/conversations/replies.ts(26,30): error TS7006: Parameter 'record' implicitly has an 'any' type.
docs/evidence/x01-artifact-verifier/av03-center-inputs/apps/server/src/conversations/state.ts(4,33): error TS2307: Cannot find module 'pg' or its corresponding type declarations.
docs/evidence/x01-artifact-verifier/av03-center-inputs/apps/server/src/conversations/turn-read.ts(1,33): error TS2307: Cannot find module 'pg' or its corresponding type declarations.
docs/evidence/x01-artifact-verifier/av03-center-inputs/apps/server/src/conversations/turn-read.ts(15,37): error TS7006: Parameter 'task' implicitly has an 'any' type.
docs/evidence/x01-artifact-verifier/av03-center-inputs/apps/server/src/conversations/turn-read.ts(19,33): error TS2339: Property 'submission' does not exist on type '{}'.
docs/evidence/x01-artifact-verifier/av03-center-inputs/apps/server/src/conversations/turn-read.ts(23,58): error TS2345: Argument of type '{}[]' is not assignable to parameter of type 'readonly TaskRecord[]'.
  Type '{}' is missing the following properties from type 'TaskRecord': id, submission, status, verification_status, and 9 more.
docs/evidence/x01-artifact-verifier/av03-center-inputs/apps/server/src/conversations/turn-read.ts(27,49): error TS2339: Property 'submission' does not exist on type '{}'.
docs/evidence/x01-artifact-verifier/av03-center-inputs/apps/server/src/conversations/turn-read.ts(27,133): error TS2339: Property 'submission' does not exist on type '{}'.
docs/evidence/x01-artifact-verifier/av03-center-inputs/apps/server/src/conversations/turn-read.ts(28,66): error TS2345: Argument of type '{}' is not assignable to parameter of type 'TaskRecord'.
  Type '{}' is missing the following properties from type 'TaskRecord': id, submission, status, verification_status, and 9 more.
docs/evidence/x01-artifact-verifier/av03-center-inputs/apps/server/src/conversations/turn-read.ts(29,52): error TS2339: Property 'id' does not exist on type '{}'.
docs/evidence/x01-artifact-verifier/av03-center-inputs/apps/server/src/database.ts(1,39): error TS2307: Cannot find module 'pg' or its corresponding type declarations.
docs/evidence/x01-artifact-verifier/av03-center-inputs/apps/server/src/database.ts(18,19): error TS7006: Parameter 'error' implicitly has an 'any' type.
docs/evidence/x01-artifact-verifier/av03-center-inputs/apps/server/src/database.ts(18,26): error TS7006: Parameter 'borrowed' implicitly has an 'any' type.
docs/evidence/x01-artifact-verifier/av03-center-inputs/apps/server/src/engineering/index.ts(3,38): error TS2307: Cannot find module 'fastify' or its corresponding type declarations.
docs/evidence/x01-artifact-verifier/av03-center-inputs/apps/server/src/engineering/index.ts(4,27): error TS2307: Cannot find module 'pg' or its corresponding type declarations.
docs/evidence/x01-artifact-verifier/av03-center-inputs/apps/server/src/engineering/index.ts(12,54): error TS7006: Parameter 'request' implicitly has an 'any' type.
docs/evidence/x01-artifact-verifier/av03-center-inputs/apps/server/src/engineering/index.ts(17,101): error TS7006: Parameter 'request' implicitly has an 'any' type.
docs/evidence/x01-artifact-verifier/av03-center-inputs/apps/server/src/engineering/index.ts(17,110): error TS7006: Parameter 'reply' implicitly has an 'any' type.
docs/evidence/x01-artifact-verifier/av03-center-inputs/apps/server/src/engineering/index.ts(23,47): error TS7006: Parameter 'request' implicitly has an 'any' type.
docs/evidence/x01-artifact-verifier/av03-center-inputs/apps/server/src/engineering/index.ts(28,94): error TS7006: Parameter 'request' implicitly has an 'any' type.
docs/evidence/x01-artifact-verifier/av03-center-inputs/apps/server/src/engineering/index.ts(28,103): error TS7006: Parameter 'reply' implicitly has an 'any' type.
docs/evidence/x01-artifact-verifier/av03-center-inputs/apps/server/src/engineering/native-profile.ts(1,39): error TS2307: Cannot find module 'pg' or its corresponding type declarations.
docs/evidence/x01-artifact-verifier/av03-center-inputs/apps/server/src/engineering/native-verification.ts(2,33): error TS2307: Cannot find module 'pg' or its corresponding type declarations.
docs/evidence/x01-artifact-verifier/av03-center-inputs/apps/server/src/engineering/profile.ts(2,39): error TS2307: Cannot find module 'pg' or its corresponding type declarations.
docs/evidence/x01-artifact-verifier/av03-center-inputs/apps/server/src/engineering/verification.ts(2,33): error TS2307: Cannot find module 'pg' or its corresponding type declarations.
docs/evidence/x01-artifact-verifier/av03-center-inputs/apps/server/src/events.ts(2,39): error TS2307: Cannot find module 'pg' or its corresponding type declarations.
docs/evidence/x01-artifact-verifier/av03-center-inputs/apps/server/src/evidence.ts(2,33): error TS2307: Cannot find module 'pg' or its corresponding type declarations.
docs/evidence/x01-artifact-verifier/av03-center-inputs/apps/server/src/execution-profiles/index.ts(3,38): error TS2307: Cannot find module 'fastify' or its corresponding type declarations.
docs/evidence/x01-artifact-verifier/av03-center-inputs/apps/server/src/execution-profiles/index.ts(4,27): error TS2307: Cannot find module 'pg' or its corresponding type declarations.
docs/evidence/x01-artifact-verifier/av03-center-inputs/apps/server/src/execution-profiles/index.ts(19,45): error TS7006: Parameter 'request' implicitly has an 'any' type.
docs/evidence/x01-artifact-verifier/av03-center-inputs/apps/server/src/execution-profiles/index.ts(24,92): error TS7006: Parameter 'request' implicitly has an 'any' type.
docs/evidence/x01-artifact-verifier/av03-center-inputs/apps/server/src/execution-profiles/index.ts(24,101): error TS7006: Parameter 'reply' implicitly has an 'any' type.
docs/evidence/x01-artifact-verifier/av03-center-inputs/apps/server/src/execution-profiles/index.ts(29,56): error TS7006: Parameter '_' implicitly has an 'any' type.
docs/evidence/x01-artifact-verifier/av03-center-inputs/apps/server/src/execution-profiles/index.ts(29,59): error TS7006: Parameter 'index' implicitly has an 'any' type.
docs/evidence/x01-artifact-verifier/av03-center-inputs/apps/server/src/execution-profiles/publication.ts(3,39): error TS2307: Cannot find module 'pg' or its corresponding type declarations.
docs/evidence/x01-artifact-verifier/av03-center-inputs/apps/server/src/execution-profiles/store.ts(5,39): error TS2307: Cannot find module 'pg' or its corresponding type declarations.
docs/evidence/x01-artifact-verifier/av03-center-inputs/apps/server/src/execution-profiles/store.ts(58,32): error TS7006: Parameter 'row' implicitly has an 'any' type.
docs/evidence/x01-artifact-verifier/av03-center-inputs/apps/server/src/execution-profiles/store.ts(83,30): error TS7006: Parameter 'row' implicitly has an 'any' type.
docs/evidence/x01-artifact-verifier/av03-center-inputs/apps/server/src/goal-context/freshness.ts(1,33): error TS2307: Cannot find module 'pg' or its corresponding type declarations.
docs/evidence/x01-artifact-verifier/av03-center-inputs/apps/server/src/goal-context/freshness.ts(10,27): error TS7006: Parameter 'row' implicitly has an 'any' type.
docs/evidence/x01-artifact-verifier/av03-center-inputs/apps/server/src/goal-context/index.ts(2,38): error TS2307: Cannot find module 'fastify' or its corresponding type declarations.
docs/evidence/x01-artifact-verifier/av03-center-inputs/apps/server/src/goal-context/index.ts(3,27): error TS2307: Cannot find module 'pg' or its corresponding type declarations.
docs/evidence/x01-artifact-verifier/av03-center-inputs/apps/server/src/goal-context/index.ts(19,136): error TS7006: Parameter 'request' implicitly has an 'any' type.
docs/evidence/x01-artifact-verifier/av03-center-inputs/apps/server/src/goal-context/store.ts(2,39): error TS2307: Cannot find module 'pg' or its corresponding type declarations.
docs/evidence/x01-artifact-verifier/av03-center-inputs/apps/server/src/goal-context/store.ts(95,41): error TS7006: Parameter 'head' implicitly has an 'any' type.
docs/evidence/x01-artifact-verifier/av03-center-inputs/apps/server/src/goal-context/store.ts(111,27): error TS7006: Parameter 'row' implicitly has an 'any' type.
docs/evidence/x01-artifact-verifier/av03-center-inputs/apps/server/src/goal-delivery/details.ts(1,33): error TS2307: Cannot find module 'pg' or its corresponding type declarations.
docs/evidence/x01-artifact-verifier/av03-center-inputs/apps/server/src/goal-delivery/explanations.ts(2,33): error TS2307: Cannot find module 'pg' or its corresponding type declarations.
docs/evidence/x01-artifact-verifier/av03-center-inputs/apps/server/src/goal-delivery/explanations.ts(26,21): error TS7006: Parameter 'row' implicitly has an 'any' type.
docs/evidence/x01-artifact-verifier/av03-center-inputs/apps/server/src/goal-delivery/index.ts(1,38): error TS2307: Cannot find module 'fastify' or its corresponding type declarations.
docs/evidence/x01-artifact-verifier/av03-center-inputs/apps/server/src/goal-delivery/index.ts(2,27): error TS2307: Cannot find module 'pg' or its corresponding type declarations.
docs/evidence/x01-artifact-verifier/av03-center-inputs/apps/server/src/goal-delivery/index.ts(25,73): error TS7006: Parameter 'request' implicitly has an 'any' type.
docs/evidence/x01-artifact-verifier/av03-center-inputs/apps/server/src/goal-delivery/index.ts(25,82): error TS7006: Parameter 'reply' implicitly has an 'any' type.
docs/evidence/x01-artifact-verifier/av03-center-inputs/apps/server/src/goal-delivery/metadata.ts(2,33): error TS2307: Cannot find module 'pg' or its corresponding type declarations.
docs/evidence/x01-artifact-verifier/av03-center-inputs/apps/server/src/goal-delivery/metadata.ts(19,77): error TS7006: Parameter 'count' implicitly has an 'any' type.
docs/evidence/x01-artifact-verifier/av03-center-inputs/apps/server/src/goal-delivery/metadata.ts(19,84): error TS7006: Parameter 'node' implicitly has an 'any' type.
docs/evidence/x01-artifact-verifier/av03-center-inputs/apps/server/src/goal-delivery/metadata.ts(22,92): error TS7006: Parameter 'node' implicitly has an 'any' type.
docs/evidence/x01-artifact-verifier/av03-center-inputs/apps/server/src/goal-delivery/metadata.ts(25,30): error TS7006: Parameter 'row' implicitly has an 'any' type.
docs/evidence/x01-artifact-verifier/av03-center-inputs/apps/server/src/goal-delivery/metadata.ts(37,41): error TS7006: Parameter 'node' implicitly has an 'any' type.
docs/evidence/x01-artifact-verifier/av03-center-inputs/apps/server/src/goal-delivery/metadata.ts(37,121): error TS7006: Parameter 'id' implicitly has an 'any' type.
docs/evidence/x01-artifact-verifier/av03-center-inputs/apps/server/src/goal-delivery/metadata.ts(46,62): error TS7006: Parameter 'row' implicitly has an 'any' type.
docs/evidence/x01-artifact-verifier/av03-center-inputs/apps/server/src/goal-delivery/metadata.ts(47,79): error TS2345: Argument of type 'unknown[]' is not assignable to parameter of type 'string[]'.
  Type 'unknown' is not assignable to type 'string'.
docs/evidence/x01-artifact-verifier/av03-center-inputs/apps/server/src/goal-delivery/metadata.ts(49,30): error TS7006: Parameter 'node' implicitly has an 'any' type.
docs/evidence/x01-artifact-verifier/av03-center-inputs/apps/server/src/goal-delivery/metadata.ts(49,91): error TS7006: Parameter 'row' implicitly has an 'any' type.
docs/evidence/x01-artifact-verifier/av03-center-inputs/apps/server/src/goal-delivery/state.ts(1,33): error TS2307: Cannot find module 'pg' or its corresponding type declarations.
docs/evidence/x01-artifact-verifier/av03-center-inputs/apps/server/src/goal-graph-proposals/index.ts(1,38): error TS2307: Cannot find module 'fastify' or its corresponding type declarations.
docs/evidence/x01-artifact-verifier/av03-center-inputs/apps/server/src/goal-graph-proposals/index.ts(2,27): error TS2307: Cannot find module 'pg' or its corresponding type declarations.
docs/evidence/x01-artifact-verifier/av03-center-inputs/apps/server/src/goal-graph-proposals/index.ts(23,122): error TS7006: Parameter 'request' implicitly has an 'any' type.
docs/evidence/x01-artifact-verifier/av03-center-inputs/apps/server/src/goal-graph-proposals/index.ts(23,131): error TS7006: Parameter 'reply' implicitly has an 'any' type.
docs/evidence/x01-artifact-verifier/av03-center-inputs/apps/server/src/goal-graph-proposals/index.ts(25,73): error TS7006: Parameter 'request' implicitly has an 'any' type.
docs/evidence/x01-artifact-verifier/av03-center-inputs/apps/server/src/goal-graph-proposals/index.ts(29,72): error TS7006: Parameter 'request' implicitly has an 'any' type.
docs/evidence/x01-artifact-verifier/av03-center-inputs/apps/server/src/goal-graph-proposals/index.ts(30,79): error TS7006: Parameter 'request' implicitly has an 'any' type.
docs/evidence/x01-artifact-verifier/av03-center-inputs/apps/server/src/goal-graph-proposals/store.ts(3,39): error TS2307: Cannot find module 'pg' or its corresponding type declarations.
docs/evidence/x01-artifact-verifier/av03-center-inputs/apps/server/src/goal-graph-runs/index.ts(2,27): error TS2307: Cannot find module 'pg' or its corresponding type declarations.
docs/evidence/x01-artifact-verifier/av03-center-inputs/apps/server/src/goal-graph-runs/index.ts(3,29): error TS2307: Cannot find module 'pg-boss' or its corresponding type declarations.
docs/evidence/x01-artifact-verifier/av03-center-inputs/apps/server/src/goal-graph-runs/index.ts(4,38): error TS2307: Cannot find module 'fastify' or its corresponding type declarations.
docs/evidence/x01-artifact-verifier/av03-center-inputs/apps/server/src/goal-graph-runs/index.ts(27,68): error TS7006: Parameter 'request' implicitly has an 'any' type.
docs/evidence/x01-artifact-verifier/av03-center-inputs/apps/server/src/goal-graph-runs/index.ts(31,76): error TS7006: Parameter 'request' implicitly has an 'any' type.
docs/evidence/x01-artifact-verifier/av03-center-inputs/apps/server/src/goal-graph-runs/index.ts(31,85): error TS7006: Parameter 'reply' implicitly has an 'any' type.
docs/evidence/x01-artifact-verifier/av03-center-inputs/apps/server/src/goal-graph-runs/index.ts(32,67): error TS7006: Parameter 'request' implicitly has an 'any' type.
docs/evidence/x01-artifact-verifier/av03-center-inputs/apps/server/src/goal-graph-runs/index.ts(33,75): error TS7006: Parameter 'request' implicitly has an 'any' type.
docs/evidence/x01-artifact-verifier/av03-center-inputs/apps/server/src/goal-graph-runs/index.ts(34,73): error TS7006: Parameter 'request' implicitly has an 'any' type.
docs/evidence/x01-artifact-verifier/av03-center-inputs/apps/server/src/goal-graph-runs/index.ts(37,44): error TS7006: Parameter 'request' implicitly has an 'any' type.
docs/evidence/x01-artifact-verifier/av03-center-inputs/apps/server/src/goal-graph-runs/index.ts(38,43): error TS7006: Parameter 'request' implicitly has an 'any' type.
docs/evidence/x01-artifact-verifier/av03-center-inputs/apps/server/src/goal-graph-runs/index.ts(39,47): error TS7006: Parameter 'request' implicitly has an 'any' type.
docs/evidence/x01-artifact-verifier/av03-center-inputs/apps/server/src/goal-graph-runs/index.ts(40,69): error TS7006: Parameter 'request' implicitly has an 'any' type.
docs/evidence/x01-artifact-verifier/av03-center-inputs/apps/server/src/goal-graph-runs/runner.ts(1,39): error TS2307: Cannot find module 'pg' or its corresponding type declarations.
docs/evidence/x01-artifact-verifier/av03-center-inputs/apps/server/src/goal-graph-runs/store.ts(2,39): error TS2307: Cannot find module 'pg' or its corresponding type declarations.
docs/evidence/x01-artifact-verifier/av03-center-inputs/apps/server/src/goal-graph-runs/store.ts(3,29): error TS2307: Cannot find module 'pg-boss' or its corresponding type declarations.
docs/evidence/x01-artifact-verifier/av03-center-inputs/apps/server/src/goal-graph-runs/store.ts(87,146): error TS7006: Parameter 'row' implicitly has an 'any' type.
docs/evidence/x01-artifact-verifier/av03-center-inputs/apps/server/src/goal-graph-runs/store.ts(88,38): error TS7006: Parameter 'task' implicitly has an 'any' type.
docs/evidence/x01-artifact-verifier/av03-center-inputs/apps/server/src/goal-graph-runs/store.ts(89,27): error TS7006: Parameter 'row' implicitly has an 'any' type.
docs/evidence/x01-artifact-verifier/av03-center-inputs/apps/server/src/goal-graph-runs/store.ts(91,63): error TS2339: Property 'harness' does not exist on type '{}'.
docs/evidence/x01-artifact-verifier/av03-center-inputs/apps/server/src/goal-graph-runs/store.ts(93,45): error TS2345: Argument of type '{}' is not assignable to parameter of type 'TaskSummaryRow'.
  Type '{}' is missing the following properties from type 'TaskSummaryRow': id, title, harness, status, and 3 more.
docs/evidence/x01-artifact-verifier/av03-center-inputs/apps/server/src/goal-graph-runs/store.ts(111,44): error TS7006: Parameter 'row' implicitly has an 'any' type.
docs/evidence/x01-artifact-verifier/av03-center-inputs/apps/server/src/goal-native-executions/index.ts(1,38): error TS2307: Cannot find module 'fastify' or its corresponding type declarations.
docs/evidence/x01-artifact-verifier/av03-center-inputs/apps/server/src/goal-native-executions/index.ts(2,27): error TS2307: Cannot find module 'pg' or its corresponding type declarations.
docs/evidence/x01-artifact-verifier/av03-center-inputs/apps/server/src/goal-native-executions/index.ts(3,29): error TS2307: Cannot find module 'pg-boss' or its corresponding type declarations.
docs/evidence/x01-artifact-verifier/av03-center-inputs/apps/server/src/goal-native-executions/index.ts(10,83): error TS7006: Parameter 'request' implicitly has an 'any' type.
docs/evidence/x01-artifact-verifier/av03-center-inputs/apps/server/src/goal-native-executions/index.ts(10,92): error TS7006: Parameter 'reply' implicitly has an 'any' type.
docs/evidence/x01-artifact-verifier/av03-center-inputs/apps/server/src/goal-native-executions/store.ts(1,27): error TS2307: Cannot find module 'pg' or its corresponding type declarations.
docs/evidence/x01-artifact-verifier/av03-center-inputs/apps/server/src/goal-native-executions/store.ts(2,29): error TS2307: Cannot find module 'pg-boss' or its corresponding type declarations.
docs/evidence/x01-artifact-verifier/av03-center-inputs/apps/server/src/goal-plan-confirmation/index.ts(2,38): error TS2307: Cannot find module 'fastify' or its corresponding type declarations.
docs/evidence/x01-artifact-verifier/av03-center-inputs/apps/server/src/goal-plan-confirmation/index.ts(3,27): error TS2307: Cannot find module 'pg' or its corresponding type declarations.
docs/evidence/x01-artifact-verifier/av03-center-inputs/apps/server/src/goal-plan-confirmation/index.ts(4,29): error TS2307: Cannot find module 'pg-boss' or its corresponding type declarations.
docs/evidence/x01-artifact-verifier/av03-center-inputs/apps/server/src/goal-plan-confirmation/index.ts(20,143): error TS7006: Parameter 'request' implicitly has an 'any' type.
docs/evidence/x01-artifact-verifier/av03-center-inputs/apps/server/src/goal-plan-confirmation/store.ts(1,39): error TS2307: Cannot find module 'pg' or its corresponding type declarations.
docs/evidence/x01-artifact-verifier/av03-center-inputs/apps/server/src/goal-plan-confirmation/store.ts(2,29): error TS2307: Cannot find module 'pg-boss' or its corresponding type declarations.
docs/evidence/x01-artifact-verifier/av03-center-inputs/apps/server/src/goal-progression/advance.ts(1,27): error TS2307: Cannot find module 'pg' or its corresponding type declarations.
docs/evidence/x01-artifact-verifier/av03-center-inputs/apps/server/src/goal-progression/advance.ts(2,29): error TS2307: Cannot find module 'pg-boss' or its corresponding type declarations.
docs/evidence/x01-artifact-verifier/av03-center-inputs/apps/server/src/goal-progression/index.ts(2,27): error TS2307: Cannot find module 'pg' or its corresponding type declarations.
docs/evidence/x01-artifact-verifier/av03-center-inputs/apps/server/src/goal-progression/index.ts(3,38): error TS2307: Cannot find module 'fastify' or its corresponding type declarations.
docs/evidence/x01-artifact-verifier/av03-center-inputs/apps/server/src/goal-progression/index.ts(25,121): error TS7006: Parameter 'request' implicitly has an 'any' type.
docs/evidence/x01-artifact-verifier/av03-center-inputs/apps/server/src/goal-progression/index.ts(25,130): error TS7006: Parameter 'reply' implicitly has an 'any' type.
docs/evidence/x01-artifact-verifier/av03-center-inputs/apps/server/src/goal-progression/index.ts(27,77): error TS7006: Parameter 'request' implicitly has an 'any' type.
docs/evidence/x01-artifact-verifier/av03-center-inputs/apps/server/src/goal-progression/index.ts(28,85): error TS7006: Parameter 'request' implicitly has an 'any' type.
docs/evidence/x01-artifact-verifier/av03-center-inputs/apps/server/src/goal-progression/provenance.ts(1,33): error TS2307: Cannot find module 'pg' or its corresponding type declarations.
docs/evidence/x01-artifact-verifier/av03-center-inputs/apps/server/src/goal-progression/provenance.ts(26,103): error TS7006: Parameter 'row' implicitly has an 'any' type.
docs/evidence/x01-artifact-verifier/av03-center-inputs/apps/server/src/goal-progression/store.ts(2,39): error TS2307: Cannot find module 'pg' or its corresponding type declarations.
docs/evidence/x01-artifact-verifier/av03-center-inputs/apps/server/src/goal-run-authority/runner-project-fence.ts(1,39): error TS2307: Cannot find module 'pg' or its corresponding type declarations.
docs/evidence/x01-artifact-verifier/av03-center-inputs/apps/server/src/goal-tool-runs/authorize.ts(2,39): error TS2307: Cannot find module 'pg' or its corresponding type declarations.
docs/evidence/x01-artifact-verifier/av03-center-inputs/apps/server/src/goal-tool-runs/index.ts(2,38): error TS2307: Cannot find module 'fastify' or its corresponding type declarations.
docs/evidence/x01-artifact-verifier/av03-center-inputs/apps/server/src/goal-tool-runs/index.ts(3,27): error TS2307: Cannot find module 'pg' or its corresponding type declarations.
docs/evidence/x01-artifact-verifier/av03-center-inputs/apps/server/src/goal-tool-runs/index.ts(4,29): error TS2307: Cannot find module 'pg-boss' or its corresponding type declarations.
docs/evidence/x01-artifact-verifier/av03-center-inputs/apps/server/src/goal-tool-runs/index.ts(28,44): error TS7006: Parameter 'request' implicitly has an 'any' type.
docs/evidence/x01-artifact-verifier/av03-center-inputs/apps/server/src/goal-tool-runs/index.ts(29,47): error TS7006: Parameter 'request' implicitly has an 'any' type.
docs/evidence/x01-artifact-verifier/av03-center-inputs/apps/server/src/goal-tool-runs/index.ts(33,44): error TS7006: Parameter 'request' implicitly has an 'any' type.
docs/evidence/x01-artifact-verifier/av03-center-inputs/apps/server/src/goal-tool-runs/index.ts(34,46): error TS7006: Parameter 'request' implicitly has an 'any' type.
docs/evidence/x01-artifact-verifier/av03-center-inputs/apps/server/src/goal-tool-runs/index.ts(35,75): error TS7006: Parameter 'request' implicitly has an 'any' type.
docs/evidence/x01-artifact-verifier/av03-center-inputs/apps/server/src/goal-tool-runs/index.ts(35,84): error TS7006: Parameter 'reply' implicitly has an 'any' type.
docs/evidence/x01-artifact-verifier/av03-center-inputs/apps/server/src/goal-tool-runs/index.ts(36,66): error TS7006: Parameter 'request' implicitly has an 'any' type.
docs/evidence/x01-artifact-verifier/av03-center-inputs/apps/server/src/goal-tool-runs/index.ts(37,74): error TS7006: Parameter 'request' implicitly has an 'any' type.
docs/evidence/x01-artifact-verifier/av03-center-inputs/apps/server/src/goal-tool-runs/index.ts(38,72): error TS7006: Parameter 'request' implicitly has an 'any' type.
docs/evidence/x01-artifact-verifier/av03-center-inputs/apps/server/src/goal-tool-runs/runner.ts(1,27): error TS2307: Cannot find module 'pg' or its corresponding type declarations.
docs/evidence/x01-artifact-verifier/av03-center-inputs/apps/server/src/goal-tool-runs/runner.ts(2,29): error TS2307: Cannot find module 'pg-boss' or its corresponding type declarations.
docs/evidence/x01-artifact-verifier/av03-center-inputs/apps/server/src/goal-tool-runs/store.ts(3,39): error TS2307: Cannot find module 'pg' or its corresponding type declarations.
docs/evidence/x01-artifact-verifier/av03-center-inputs/apps/server/src/goal-tool-runs/store.ts(4,29): error TS2307: Cannot find module 'pg-boss' or its corresponding type declarations.
docs/evidence/x01-artifact-verifier/av03-center-inputs/apps/server/src/goal-tool-runs/store.ts(53,61): error TS7006: Parameter 'row' implicitly has an 'any' type.
docs/evidence/x01-artifact-verifier/av03-center-inputs/apps/server/src/goals/commands.ts(5,39): error TS2307: Cannot find module 'pg' or its corresponding type declarations.
docs/evidence/x01-artifact-verifier/av03-center-inputs/apps/server/src/goals/commands.ts(6,29): error TS2307: Cannot find module 'pg-boss' or its corresponding type declarations.
docs/evidence/x01-artifact-verifier/av03-center-inputs/apps/server/src/goals/index.ts(2,27): error TS2307: Cannot find module 'pg' or its corresponding type declarations.
docs/evidence/x01-artifact-verifier/av03-center-inputs/apps/server/src/goals/index.ts(3,29): error TS2307: Cannot find module 'pg-boss' or its corresponding type declarations.
docs/evidence/x01-artifact-verifier/av03-center-inputs/apps/server/src/goals/index.ts(4,38): error TS2307: Cannot find module 'fastify' or its corresponding type declarations.
docs/evidence/x01-artifact-verifier/av03-center-inputs/apps/server/src/goals/index.ts(25,33): error TS7006: Parameter 'request' implicitly has an 'any' type.
docs/evidence/x01-artifact-verifier/av03-center-inputs/apps/server/src/goals/index.ts(25,42): error TS7006: Parameter 'reply' implicitly has an 'any' type.
docs/evidence/x01-artifact-verifier/av03-center-inputs/apps/server/src/goals/index.ts(29,57): error TS7006: Parameter 'request' implicitly has an 'any' type.
docs/evidence/x01-artifact-verifier/av03-center-inputs/apps/server/src/goals/index.ts(33,67): error TS7006: Parameter 'request' implicitly has an 'any' type.
docs/evidence/x01-artifact-verifier/av03-center-inputs/apps/server/src/goals/index.ts(35,88): error TS7006: Parameter 'request' implicitly has an 'any' type.
docs/evidence/x01-artifact-verifier/av03-center-inputs/apps/server/src/goals/index.ts(44,68): error TS7006: Parameter 'request' implicitly has an 'any' type.
docs/evidence/x01-artifact-verifier/av03-center-inputs/apps/server/src/goals/index.ts(47,249): error TS7006: Parameter 'row' implicitly has an 'any' type.
docs/evidence/x01-artifact-verifier/av03-center-inputs/apps/server/src/goals/state.ts(5,33): error TS2307: Cannot find module 'pg' or its corresponding type declarations.
docs/evidence/x01-artifact-verifier/av03-center-inputs/apps/server/src/goals/state.ts(35,38): error TS7006: Parameter 'node' implicitly has an 'any' type.
docs/evidence/x01-artifact-verifier/av03-center-inputs/apps/server/src/goals/state.ts(35,118): error TS7006: Parameter 'id' implicitly has an 'any' type.
docs/evidence/x01-artifact-verifier/av03-center-inputs/apps/server/src/goals/state.ts(40,91): error TS7006: Parameter 'row' implicitly has an 'any' type.
docs/evidence/x01-artifact-verifier/av03-center-inputs/apps/server/src/goals/state.ts(43,30): error TS7006: Parameter 'row' implicitly has an 'any' type.
docs/evidence/x01-artifact-verifier/av03-center-inputs/apps/server/src/goals/state.ts(43,86): error TS7006: Parameter 'row' implicitly has an 'any' type.
docs/evidence/x01-artifact-verifier/av03-center-inputs/apps/server/src/goals/state.ts(59,70): error TS7006: Parameter 'row' implicitly has an 'any' type.
docs/evidence/x01-artifact-verifier/av03-center-inputs/apps/server/src/goals/state.ts(59,110): error TS7006: Parameter 'row' implicitly has an 'any' type.
docs/evidence/x01-artifact-verifier/av03-center-inputs/apps/server/src/index.ts(37,21): error TS2307: Cannot find module 'fastify' or its corresponding type declarations.
docs/evidence/x01-artifact-verifier/av03-center-inputs/apps/server/src/index.ts(38,18): error TS2307: Cannot find module '@fastify/cors' or its corresponding type declarations.
docs/evidence/x01-artifact-verifier/av03-center-inputs/apps/server/src/index.ts(39,22): error TS2307: Cannot find module 'pg' or its corresponding type declarations.
docs/evidence/x01-artifact-verifier/av03-center-inputs/apps/server/src/index.ts(58,16): error TS2664: Invalid module name in augmentation, module 'fastify' cannot be found.
docs/evidence/x01-artifact-verifier/av03-center-inputs/apps/server/src/index.ts(80,20): error TS7006: Parameter 'error' implicitly has an 'any' type.
docs/evidence/x01-artifact-verifier/av03-center-inputs/apps/server/src/index.ts(159,24): error TS7006: Parameter 'error' implicitly has an 'any' type.
docs/evidence/x01-artifact-verifier/av03-center-inputs/apps/server/src/index.ts(159,31): error TS7006: Parameter '_request' implicitly has an 'any' type.
docs/evidence/x01-artifact-verifier/av03-center-inputs/apps/server/src/index.ts(159,41): error TS7006: Parameter 'reply' implicitly has an 'any' type.
docs/evidence/x01-artifact-verifier/av03-center-inputs/apps/server/src/index.ts(203,34): error TS7006: Parameter 'request' implicitly has an 'any' type.
docs/evidence/x01-artifact-verifier/av03-center-inputs/apps/server/src/index.ts(208,33): error TS7006: Parameter 'request' implicitly has an 'any' type.
docs/evidence/x01-artifact-verifier/av03-center-inputs/apps/server/src/index.ts(210,67): error TS7006: Parameter 'request' implicitly has an 'any' type.
docs/evidence/x01-artifact-verifier/av03-center-inputs/apps/server/src/index.ts(211,37): error TS7006: Parameter 'request' implicitly has an 'any' type.
docs/evidence/x01-artifact-verifier/av03-center-inputs/apps/server/src/index.ts(216,34): error TS7006: Parameter 'request' implicitly has an 'any' type.
docs/evidence/x01-artifact-verifier/av03-center-inputs/apps/server/src/index.ts(221,33): error TS7006: Parameter 'request' implicitly has an 'any' type.
docs/evidence/x01-artifact-verifier/av03-center-inputs/apps/server/src/index.ts(221,42): error TS7006: Parameter 'reply' implicitly has an 'any' type.
docs/evidence/x01-artifact-verifier/av03-center-inputs/apps/server/src/index.ts(227,57): error TS7006: Parameter 'request' implicitly has an 'any' type.
docs/evidence/x01-artifact-verifier/av03-center-inputs/apps/server/src/index.ts(228,113): error TS7006: Parameter 'request' implicitly has an 'any' type.
docs/evidence/x01-artifact-verifier/av03-center-inputs/apps/server/src/index.ts(229,59): error TS7006: Parameter 'request' implicitly has an 'any' type.
docs/evidence/x01-artifact-verifier/av03-center-inputs/apps/server/src/index.ts(230,67): error TS7006: Parameter 'request' implicitly has an 'any' type.
docs/evidence/x01-artifact-verifier/av03-center-inputs/apps/server/src/index.ts(235,65): error TS7006: Parameter 'request' implicitly has an 'any' type.
docs/evidence/x01-artifact-verifier/av03-center-inputs/apps/server/src/index.ts(236,79): error TS7006: Parameter 'request' implicitly has an 'any' type.
docs/evidence/x01-artifact-verifier/av03-center-inputs/apps/server/src/knowledge/index.ts(1,38): error TS2307: Cannot find module 'fastify' or its corresponding type declarations.
docs/evidence/x01-artifact-verifier/av03-center-inputs/apps/server/src/knowledge/index.ts(2,27): error TS2307: Cannot find module 'pg' or its corresponding type declarations.
docs/evidence/x01-artifact-verifier/av03-center-inputs/apps/server/src/knowledge/index.ts(28,92): error TS7006: Parameter 'request' implicitly has an 'any' type.
docs/evidence/x01-artifact-verifier/av03-center-inputs/apps/server/src/knowledge/index.ts(28,101): error TS7006: Parameter 'reply' implicitly has an 'any' type.
docs/evidence/x01-artifact-verifier/av03-center-inputs/apps/server/src/knowledge/index.ts(29,84): error TS7006: Parameter 'request' implicitly has an 'any' type.
docs/evidence/x01-artifact-verifier/av03-center-inputs/apps/server/src/knowledge/index.ts(33,93): error TS7006: Parameter 'request' implicitly has an 'any' type.
docs/evidence/x01-artifact-verifier/av03-center-inputs/apps/server/src/knowledge/index.ts(34,110): error TS7006: Parameter 'request' implicitly has an 'any' type.
docs/evidence/x01-artifact-verifier/av03-center-inputs/apps/server/src/knowledge/index.ts(34,119): error TS7006: Parameter 'reply' implicitly has an 'any' type.
docs/evidence/x01-artifact-verifier/av03-center-inputs/apps/server/src/knowledge/index.ts(35,133): error TS7006: Parameter 'request' implicitly has an 'any' type.
docs/evidence/x01-artifact-verifier/av03-center-inputs/apps/server/src/knowledge/index.ts(36,83): error TS7006: Parameter 'request' implicitly has an 'any' type.
docs/evidence/x01-artifact-verifier/av03-center-inputs/apps/server/src/knowledge/index.ts(40,85): error TS7006: Parameter 'request' implicitly has an 'any' type.
docs/evidence/x01-artifact-verifier/av03-center-inputs/apps/server/src/knowledge/search.ts(1,27): error TS2307: Cannot find module 'pg' or its corresponding type declarations.
docs/evidence/x01-artifact-verifier/av03-center-inputs/apps/server/src/knowledge/storage.ts(2,39): error TS2307: Cannot find module 'pg' or its corresponding type declarations.
docs/evidence/x01-artifact-verifier/av03-center-inputs/apps/server/src/knowledge/storage.ts(94,19): error TS7006: Parameter 'row' implicitly has an 'any' type.
docs/evidence/x01-artifact-verifier/av03-center-inputs/apps/server/src/m2-workspace.ts(2,38): error TS2307: Cannot find module 'fastify' or its corresponding type declarations.
docs/evidence/x01-artifact-verifier/av03-center-inputs/apps/server/src/m2-workspace.ts(3,39): error TS2307: Cannot find module 'pg' or its corresponding type declarations.
docs/evidence/x01-artifact-verifier/av03-center-inputs/apps/server/src/m2-workspace.ts(24,99): error TS7006: Parameter 'request' implicitly has an 'any' type.
docs/evidence/x01-artifact-verifier/av03-center-inputs/apps/server/src/m2-workspace.ts(76,51): error TS7006: Parameter 'row' implicitly has an 'any' type.
docs/evidence/x01-artifact-verifier/av03-center-inputs/apps/server/src/m2-workspace.ts(98,19): error TS7006: Parameter 'row' implicitly has an 'any' type.
docs/evidence/x01-artifact-verifier/av03-center-inputs/apps/server/src/native-activity-body/index.ts(1,38): error TS2307: Cannot find module 'fastify' or its corresponding type declarations.
docs/evidence/x01-artifact-verifier/av03-center-inputs/apps/server/src/native-activity-body/index.ts(2,27): error TS2307: Cannot find module 'pg' or its corresponding type declarations.
docs/evidence/x01-artifact-verifier/av03-center-inputs/apps/server/src/native-activity-body/index.ts(20,85): error TS7006: Parameter 'request' implicitly has an 'any' type.
docs/evidence/x01-artifact-verifier/av03-center-inputs/apps/server/src/native-activity-body/index.ts(20,93): error TS7006: Parameter 'reply' implicitly has an 'any' type.
docs/evidence/x01-artifact-verifier/av03-center-inputs/apps/server/src/native-activity-body/index.ts(24,139): error TS7006: Parameter 'request' implicitly has an 'any' type.
docs/evidence/x01-artifact-verifier/av03-center-inputs/apps/server/src/native-activity-body/index.ts(24,147): error TS7006: Parameter 'reply' implicitly has an 'any' type.
docs/evidence/x01-artifact-verifier/av03-center-inputs/apps/server/src/native-activity-body/index.ts(32,56): error TS7006: Parameter 'request' implicitly has an 'any' type.
docs/evidence/x01-artifact-verifier/av03-center-inputs/apps/server/src/native-activity-body/index.ts(32,65): error TS7006: Parameter 'reply' implicitly has an 'any' type.
docs/evidence/x01-artifact-verifier/av03-center-inputs/apps/server/src/native-activity-body/read.ts(1,39): error TS2307: Cannot find module 'pg' or its corresponding type declarations.
docs/evidence/x01-artifact-verifier/av03-center-inputs/apps/server/src/native-activity-body/read.ts(32,19): error TS7006: Parameter 'row' implicitly has an 'any' type.
docs/evidence/x01-artifact-verifier/av03-center-inputs/apps/server/src/native-activity-body/read.ts(32,23): error TS7006: Parameter 'index' implicitly has an 'any' type.
docs/evidence/x01-artifact-verifier/av03-center-inputs/apps/server/src/native-activity-body/read.ts(35,45): error TS7006: Parameter 'row' implicitly has an 'any' type.
docs/evidence/x01-artifact-verifier/av03-center-inputs/apps/server/src/native-activity-body/store.ts(2,33): error TS2307: Cannot find module 'pg' or its corresponding type declarations.
docs/evidence/x01-artifact-verifier/av03-center-inputs/apps/server/src/native-activity/index.ts(1,38): error TS2307: Cannot find module 'fastify' or its corresponding type declarations.
docs/evidence/x01-artifact-verifier/av03-center-inputs/apps/server/src/native-activity/index.ts(2,27): error TS2307: Cannot find module 'pg' or its corresponding type declarations.
docs/evidence/x01-artifact-verifier/av03-center-inputs/apps/server/src/native-activity/index.ts(17,110): error TS7006: Parameter 'request' implicitly has an 'any' type.
docs/evidence/x01-artifact-verifier/av03-center-inputs/apps/server/src/native-activity/index.ts(22,62): error TS7006: Parameter 'request' implicitly has an 'any' type.
docs/evidence/x01-artifact-verifier/av03-center-inputs/apps/server/src/native-activity/store.ts(1,39): error TS2307: Cannot find module 'pg' or its corresponding type declarations.
docs/evidence/x01-artifact-verifier/av03-center-inputs/apps/server/src/native-harness-migration.ts(2,27): error TS2307: Cannot find module 'pg' or its corresponding type declarations.
docs/evidence/x01-artifact-verifier/av03-center-inputs/apps/server/src/package-artifacts/input.ts(1,17): error TS2307: Cannot find module 'npm-package-arg' or its corresponding type declarations.
docs/evidence/x01-artifact-verifier/av03-center-inputs/apps/server/src/package-artifacts/source.ts(3,20): error TS2307: Cannot find module 'pacote' or its corresponding type declarations.
docs/evidence/x01-artifact-verifier/av03-center-inputs/apps/server/src/package-artifacts/source.ts(73,47): error TS7006: Parameter 'stream' implicitly has an 'any' type.
docs/evidence/x01-artifact-verifier/av03-center-inputs/apps/server/src/package-artifacts/storage.ts(5,18): error TS2307: Cannot find module 'ssri' or its corresponding type declarations.
docs/evidence/x01-artifact-verifier/av03-center-inputs/apps/server/src/plugin-installations/commands.ts(3,39): error TS2307: Cannot find module 'pg' or its corresponding type declarations.
docs/evidence/x01-artifact-verifier/av03-center-inputs/apps/server/src/plugin-installations/migration.ts(2,27): error TS2307: Cannot find module 'pg' or its corresponding type declarations.
docs/evidence/x01-artifact-verifier/av03-center-inputs/apps/server/src/plugin-installations/routes.ts(1,68): error TS2307: Cannot find module 'fastify' or its corresponding type declarations.
docs/evidence/x01-artifact-verifier/av03-center-inputs/apps/server/src/plugin-installations/routes.ts(2,27): error TS2307: Cannot find module 'pg' or its corresponding type declarations.
docs/evidence/x01-artifact-verifier/av03-center-inputs/apps/server/src/plugin-installations/routes.ts(37,162): error TS7006: Parameter 'request' implicitly has an 'any' type.
docs/evidence/x01-artifact-verifier/av03-center-inputs/apps/server/src/plugin-installations/routes.ts(37,171): error TS7006: Parameter 'reply' implicitly has an 'any' type.
docs/evidence/x01-artifact-verifier/av03-center-inputs/apps/server/src/plugin-installations/routes.ts(47,132): error TS7006: Parameter 'request' implicitly has an 'any' type.
docs/evidence/x01-artifact-verifier/av03-center-inputs/apps/server/src/plugin-installations/routes.ts(47,141): error TS7006: Parameter 'reply' implicitly has an 'any' type.
docs/evidence/x01-artifact-verifier/av03-center-inputs/apps/server/src/plugin-installations/routes.ts(57,74): error TS7006: Parameter 'request' implicitly has an 'any' type.
docs/evidence/x01-artifact-verifier/av03-center-inputs/apps/server/src/plugin-installations/routes.ts(57,83): error TS7006: Parameter 'reply' implicitly has an 'any' type.
docs/evidence/x01-artifact-verifier/av03-center-inputs/apps/server/src/plugin-installations/routes.ts(61,133): error TS7006: Parameter 'request' implicitly has an 'any' type.
docs/evidence/x01-artifact-verifier/av03-center-inputs/apps/server/src/plugin-installations/routes.ts(61,142): error TS7006: Parameter 'reply' implicitly has an 'any' type.
docs/evidence/x01-artifact-verifier/av03-center-inputs/apps/server/src/plugin-installations/routes.ts(71,131): error TS7006: Parameter 'request' implicitly has an 'any' type.
docs/evidence/x01-artifact-verifier/av03-center-inputs/apps/server/src/plugin-installations/routes.ts(71,140): error TS7006: Parameter 'reply' implicitly has an 'any' type.
docs/evidence/x01-artifact-verifier/av03-center-inputs/apps/server/src/plugin-installations/routes.ts(77,69): error TS7006: Parameter 'row' implicitly has an 'any' type.
docs/evidence/x01-artifact-verifier/av03-center-inputs/apps/server/src/plugin-installations/store.ts(1,33): error TS2307: Cannot find module 'pg' or its corresponding type declarations.
docs/evidence/x01-artifact-verifier/av03-center-inputs/apps/server/src/plugin-package-fetches/commands.ts(2,27): error TS2307: Cannot find module 'pg' or its corresponding type declarations.
docs/evidence/x01-artifact-verifier/av03-center-inputs/apps/server/src/plugin-package-fetches/index.ts(2,27): error TS2307: Cannot find module 'pg' or its corresponding type declarations.
docs/evidence/x01-artifact-verifier/av03-center-inputs/apps/server/src/plugin-package-fetches/routes.ts(1,38): error TS2307: Cannot find module 'fastify' or its corresponding type declarations.
docs/evidence/x01-artifact-verifier/av03-center-inputs/apps/server/src/plugin-package-fetches/routes.ts(2,27): error TS2307: Cannot find module 'pg' or its corresponding type declarations.
docs/evidence/x01-artifact-verifier/av03-center-inputs/apps/server/src/plugin-package-fetches/routes.ts(20,159): error TS7006: Parameter 'request' implicitly has an 'any' type.
docs/evidence/x01-artifact-verifier/av03-center-inputs/apps/server/src/plugin-package-fetches/routes.ts(20,168): error TS7006: Parameter 'reply' implicitly has an 'any' type.
docs/evidence/x01-artifact-verifier/av03-center-inputs/apps/server/src/plugin-package-fetches/routes.ts(25,67): error TS7006: Parameter 'request' implicitly has an 'any' type.
docs/evidence/x01-artifact-verifier/av03-center-inputs/apps/server/src/plugin-package-fetches/routes.ts(26,131): error TS7006: Parameter 'request' implicitly has an 'any' type.
docs/evidence/x01-artifact-verifier/av03-center-inputs/apps/server/src/plugin-package-fetches/routes.ts(26,140): error TS7006: Parameter 'reply' implicitly has an 'any' type.
docs/evidence/x01-artifact-verifier/av03-center-inputs/apps/server/src/plugin-package-fetches/routes.ts(31,130): error TS7006: Parameter 'request' implicitly has an 'any' type.
docs/evidence/x01-artifact-verifier/av03-center-inputs/apps/server/src/plugin-package-fetches/routes.ts(37,63): error TS7006: Parameter 'row' implicitly has an 'any' type.
docs/evidence/x01-artifact-verifier/av03-center-inputs/apps/server/src/plugin-package-fetches/routes.ts(41,130): error TS7006: Parameter 'request' implicitly has an 'any' type.
docs/evidence/x01-artifact-verifier/av03-center-inputs/apps/server/src/plugin-package-fetches/routes.ts(46,68): error TS7006: Parameter 'row' implicitly has an 'any' type.
docs/evidence/x01-artifact-verifier/av03-center-inputs/apps/server/src/plugin-package-fetches/store.ts(1,33): error TS2307: Cannot find module 'pg' or its corresponding type declarations.
docs/evidence/x01-artifact-verifier/av03-center-inputs/apps/server/src/plugin-package-fetches/store.ts(36,33): error TS7006: Parameter 'attempt' implicitly has an 'any' type.
docs/evidence/x01-artifact-verifier/av03-center-inputs/apps/server/src/plugin-package-fetches/store.ts(38,100): error TS7006: Parameter 'attempt' implicitly has an 'any' type.
docs/evidence/x01-artifact-verifier/av03-center-inputs/apps/server/src/plugin-package-fetches/worker.ts(2,39): error TS2307: Cannot find module 'pg' or its corresponding type declarations.
docs/evidence/x01-artifact-verifier/av03-center-inputs/apps/server/src/plugin-runtime/artifact.ts(1,33): error TS2307: Cannot find module 'pg' or its corresponding type declarations.
docs/evidence/x01-artifact-verifier/av03-center-inputs/apps/server/src/plugin-runtime/artifact.ts(27,43): error TS7006: Parameter 'row' implicitly has an 'any' type.
docs/evidence/x01-artifact-verifier/av03-center-inputs/apps/server/src/plugin-runtime/artifact.ts(27,88): error TS7006: Parameter 'row' implicitly has an 'any' type.
docs/evidence/x01-artifact-verifier/av03-center-inputs/apps/server/src/plugin-runtime/claim.ts(4,33): error TS2307: Cannot find module 'pg' or its corresponding type declarations.
docs/evidence/x01-artifact-verifier/av03-center-inputs/apps/server/src/plugin-runtime/commands.ts(2,39): error TS2307: Cannot find module 'pg' or its corresponding type declarations.
docs/evidence/x01-artifact-verifier/av03-center-inputs/apps/server/src/plugin-runtime/commands.ts(3,29): error TS2307: Cannot find module 'pg-boss' or its corresponding type declarations.
docs/evidence/x01-artifact-verifier/av03-center-inputs/apps/server/src/plugin-runtime/host-candidates.ts(1,33): error TS2307: Cannot find module 'pg' or its corresponding type declarations.
docs/evidence/x01-artifact-verifier/av03-center-inputs/apps/server/src/plugin-runtime/host-candidates.ts(34,38): error TS7006: Parameter 'row' implicitly has an 'any' type.
docs/evidence/x01-artifact-verifier/av03-center-inputs/apps/server/src/plugin-runtime/removal-references.ts(1,33): error TS2307: Cannot find module 'pg' or its corresponding type declarations.
docs/evidence/x01-artifact-verifier/av03-center-inputs/apps/server/src/plugin-runtime/removal-references.ts(60,32): error TS7006: Parameter 'row' implicitly has an 'any' type.
docs/evidence/x01-artifact-verifier/av03-center-inputs/apps/server/src/plugin-runtime/routes.ts(3,38): error TS2307: Cannot find module 'fastify' or its corresponding type declarations.
docs/evidence/x01-artifact-verifier/av03-center-inputs/apps/server/src/plugin-runtime/routes.ts(4,27): error TS2307: Cannot find module 'pg' or its corresponding type declarations.
docs/evidence/x01-artifact-verifier/av03-center-inputs/apps/server/src/plugin-runtime/routes.ts(5,29): error TS2307: Cannot find module 'pg-boss' or its corresponding type declarations.
docs/evidence/x01-artifact-verifier/av03-center-inputs/apps/server/src/plugin-runtime/routes.ts(29,94): error TS7006: Parameter 'request' implicitly has an 'any' type.
docs/evidence/x01-artifact-verifier/av03-center-inputs/apps/server/src/plugin-runtime/routes.ts(29,103): error TS7006: Parameter 'reply' implicitly has an 'any' type.
docs/evidence/x01-artifact-verifier/av03-center-inputs/apps/server/src/plugin-runtime/routes.ts(36,104): error TS7006: Parameter 'request' implicitly has an 'any' type.
docs/evidence/x01-artifact-verifier/av03-center-inputs/apps/server/src/plugin-runtime/routes.ts(36,113): error TS7006: Parameter 'reply' implicitly has an 'any' type.
docs/evidence/x01-artifact-verifier/av03-center-inputs/apps/server/src/plugin-runtime/routes.ts(43,132): error TS7006: Parameter 'request' implicitly has an 'any' type.
docs/evidence/x01-artifact-verifier/av03-center-inputs/apps/server/src/plugin-runtime/routes.ts(43,141): error TS7006: Parameter 'reply' implicitly has an 'any' type.
docs/evidence/x01-artifact-verifier/av03-center-inputs/apps/server/src/plugin-runtime/routes.ts(48,126): error TS7006: Parameter 'request' implicitly has an 'any' type.
docs/evidence/x01-artifact-verifier/av03-center-inputs/apps/server/src/plugin-runtime/routes.ts(48,135): error TS7006: Parameter 'reply' implicitly has an 'any' type.
docs/evidence/x01-artifact-verifier/av03-center-inputs/apps/server/src/plugin-runtime/routes.ts(54,80): error TS7006: Parameter 'request' implicitly has an 'any' type.
docs/evidence/x01-artifact-verifier/av03-center-inputs/apps/server/src/plugin-runtime/routes.ts(54,89): error TS7006: Parameter 'reply' implicitly has an 'any' type.
docs/evidence/x01-artifact-verifier/av03-center-inputs/apps/server/src/plugin-runtime/routes.ts(59,123): error TS7006: Parameter 'request' implicitly has an 'any' type.
docs/evidence/x01-artifact-verifier/av03-center-inputs/apps/server/src/plugin-runtime/routes.ts(59,132): error TS7006: Parameter 'reply' implicitly has an 'any' type.
docs/evidence/x01-artifact-verifier/av03-center-inputs/apps/server/src/plugin-runtime/routes.ts(65,74): error TS7006: Parameter 'request' implicitly has an 'any' type.
docs/evidence/x01-artifact-verifier/av03-center-inputs/apps/server/src/plugin-runtime/routes.ts(65,83): error TS7006: Parameter 'reply' implicitly has an 'any' type.
docs/evidence/x01-artifact-verifier/av03-center-inputs/apps/server/src/plugin-runtime/routes.ts(68,79): error TS7006: Parameter 'request' implicitly has an 'any' type.
docs/evidence/x01-artifact-verifier/av03-center-inputs/apps/server/src/plugin-runtime/routes.ts(68,88): error TS7006: Parameter 'reply' implicitly has an 'any' type.
docs/evidence/x01-artifact-verifier/av03-center-inputs/apps/server/src/plugin-runtime/store.ts(2,39): error TS2307: Cannot find module 'pg' or its corresponding type declarations.
docs/evidence/x01-artifact-verifier/av03-center-inputs/apps/server/src/plugin-runtime/verification.test.ts(2,33): error TS2307: Cannot find module 'pg' or its corresponding type declarations.
docs/evidence/x01-artifact-verifier/av03-center-inputs/apps/server/src/plugin-runtime/verification.ts(2,39): error TS2307: Cannot find module 'pg' or its corresponding type declarations.
docs/evidence/x01-artifact-verifier/av03-center-inputs/apps/server/src/plugin-runtime/verification.ts(34,52): error TS7006: Parameter 'row' implicitly has an 'any' type.
docs/evidence/x01-artifact-verifier/av03-center-inputs/apps/server/src/plugins/commands.ts(2,39): error TS2307: Cannot find module 'pg' or its corresponding type declarations.
docs/evidence/x01-artifact-verifier/av03-center-inputs/apps/server/src/plugins/index.ts(2,38): error TS2307: Cannot find module 'fastify' or its corresponding type declarations.
docs/evidence/x01-artifact-verifier/av03-center-inputs/apps/server/src/plugins/index.ts(3,27): error TS2307: Cannot find module 'pg' or its corresponding type declarations.
docs/evidence/x01-artifact-verifier/av03-center-inputs/apps/server/src/plugins/index.ts(27,76): error TS7006: Parameter 'request' implicitly has an 'any' type.
docs/evidence/x01-artifact-verifier/av03-center-inputs/apps/server/src/plugins/index.ts(27,85): error TS7006: Parameter 'reply' implicitly has an 'any' type.
docs/evidence/x01-artifact-verifier/av03-center-inputs/apps/server/src/plugins/index.ts(32,110): error TS7006: Parameter 'request' implicitly has an 'any' type.
docs/evidence/x01-artifact-verifier/av03-center-inputs/apps/server/src/plugins/index.ts(37,102): error TS7006: Parameter 'request' implicitly has an 'any' type.
docs/evidence/x01-artifact-verifier/av03-center-inputs/apps/server/src/plugins/index.ts(43,95): error TS7006: Parameter 'request' implicitly has an 'any' type.
docs/evidence/x01-artifact-verifier/av03-center-inputs/apps/server/src/plugins/index.ts(45,92): error TS7006: Parameter 'request' implicitly has an 'any' type.
docs/evidence/x01-artifact-verifier/av03-center-inputs/apps/server/src/plugins/index.ts(49,94): error TS7006: Parameter 'request' implicitly has an 'any' type.
docs/evidence/x01-artifact-verifier/av03-center-inputs/apps/server/src/plugins/index.ts(53,104): error TS7006: Parameter 'request' implicitly has an 'any' type.
docs/evidence/x01-artifact-verifier/av03-center-inputs/apps/server/src/plugins/queries.ts(1,33): error TS2307: Cannot find module 'pg' or its corresponding type declarations.
docs/evidence/x01-artifact-verifier/av03-center-inputs/apps/server/src/plugins/storage.ts(1,33): error TS2307: Cannot find module 'pg' or its corresponding type declarations.
docs/evidence/x01-artifact-verifier/av03-center-inputs/apps/server/src/plugins/storage.ts(30,65): error TS7006: Parameter 'field' implicitly has an 'any' type.
docs/evidence/x01-artifact-verifier/av03-center-inputs/apps/server/src/projects/commands.ts(2,39): error TS2307: Cannot find module 'pg' or its corresponding type declarations.
docs/evidence/x01-artifact-verifier/av03-center-inputs/apps/server/src/projects/index.ts(1,38): error TS2307: Cannot find module 'fastify' or its corresponding type declarations.
docs/evidence/x01-artifact-verifier/av03-center-inputs/apps/server/src/projects/index.ts(2,27): error TS2307: Cannot find module 'pg' or its corresponding type declarations.
docs/evidence/x01-artifact-verifier/av03-center-inputs/apps/server/src/projects/index.ts(21,103): error TS7006: Parameter 'request' implicitly has an 'any' type.
docs/evidence/x01-artifact-verifier/av03-center-inputs/apps/server/src/projects/index.ts(26,36): error TS7006: Parameter 'request' implicitly has an 'any' type.
docs/evidence/x01-artifact-verifier/av03-center-inputs/apps/server/src/projects/index.ts(26,45): error TS7006: Parameter 'reply' implicitly has an 'any' type.
docs/evidence/x01-artifact-verifier/av03-center-inputs/apps/server/src/projects/index.ts(31,70): error TS7006: Parameter 'request' implicitly has an 'any' type.
docs/evidence/x01-artifact-verifier/av03-center-inputs/apps/server/src/projects/index.ts(36,96): error TS7006: Parameter 'request' implicitly has an 'any' type.
docs/evidence/x01-artifact-verifier/av03-center-inputs/apps/server/src/projects/storage.ts(1,39): error TS2307: Cannot find module 'pg' or its corresponding type declarations.
docs/evidence/x01-artifact-verifier/av03-center-inputs/apps/server/src/projects/storage.ts(22,35): error TS7006: Parameter 'node' implicitly has an 'any' type.
docs/evidence/x01-artifact-verifier/av03-center-inputs/apps/server/src/projects/storage.ts(29,21): error TS7006: Parameter 'row' implicitly has an 'any' type.
docs/evidence/x01-artifact-verifier/av03-center-inputs/apps/server/src/projects/storage.ts(37,40): error TS7006: Parameter 'row' implicitly has an 'any' type.
docs/evidence/x01-artifact-verifier/av03-center-inputs/apps/server/src/protocol-dispatch/index.ts(2,38): error TS2307: Cannot find module 'fastify' or its corresponding type declarations.
docs/evidence/x01-artifact-verifier/av03-center-inputs/apps/server/src/protocol-dispatch/index.ts(3,27): error TS2307: Cannot find module 'pg' or its corresponding type declarations.
docs/evidence/x01-artifact-verifier/av03-center-inputs/apps/server/src/protocol-dispatch/index.ts(21,66): error TS7006: Parameter 'request' implicitly has an 'any' type.
docs/evidence/x01-artifact-verifier/av03-center-inputs/apps/server/src/protocol-dispatch/index.ts(22,44): error TS7006: Parameter 'request' implicitly has an 'any' type.
docs/evidence/x01-artifact-verifier/av03-center-inputs/apps/server/src/protocol-dispatch/index.ts(23,42): error TS7006: Parameter 'request' implicitly has an 'any' type.
docs/evidence/x01-artifact-verifier/av03-center-inputs/apps/server/src/protocol-dispatch/index.ts(24,41): error TS7006: Parameter 'request' implicitly has an 'any' type.
docs/evidence/x01-artifact-verifier/av03-center-inputs/apps/server/src/protocol-dispatch/index.ts(25,49): error TS7006: Parameter 'request' implicitly has an 'any' type.
docs/evidence/x01-artifact-verifier/av03-center-inputs/apps/server/src/protocol-dispatch/index.ts(26,46): error TS7006: Parameter 'request' implicitly has an 'any' type.
docs/evidence/x01-artifact-verifier/av03-center-inputs/apps/server/src/protocol-dispatch/index.ts(27,44): error TS7006: Parameter 'request' implicitly has an 'any' type.
docs/evidence/x01-artifact-verifier/av03-center-inputs/apps/server/src/protocol-dispatch/store.ts(2,39): error TS2307: Cannot find module 'pg' or its corresponding type declarations.
docs/evidence/x01-artifact-verifier/av03-center-inputs/apps/server/src/protocol-dispatch/store.ts(36,62): error TS7006: Parameter 'row' implicitly has an 'any' type.
docs/evidence/x01-artifact-verifier/av03-center-inputs/apps/server/src/queries.ts(1,27): error TS2307: Cannot find module 'pg' or its corresponding type declarations.
docs/evidence/x01-artifact-verifier/av03-center-inputs/apps/server/src/queries.ts(17,3): error TS2322: Type '{ reset?: true | undefined; entries: unknown[]; nextCursor: any; watermark: any; hasMore: boolean; task: TaskSummary; pendingDecision: any; usage: any; }' is not assignable to type 'EventPage'.
  Types of property 'entries' are incompatible.
    Type 'unknown[]' is not assignable to type 'TimelineEntry[]'.
      Type 'unknown' is not assignable to type 'TimelineEntry'.
docs/evidence/x01-artifact-verifier/av03-center-inputs/apps/server/src/queries.ts(22,33): error TS7006: Parameter 'row' implicitly has an 'any' type.
docs/evidence/x01-artifact-verifier/av03-center-inputs/apps/server/src/queries.ts(24,64): error TS2322: Type 'unknown' is not assignable to type 'TimelineEntry'.
docs/evidence/x01-artifact-verifier/av03-center-inputs/apps/server/src/reconciliation-http.ts(1,38): error TS2307: Cannot find module 'fastify' or its corresponding type declarations.
docs/evidence/x01-artifact-verifier/av03-center-inputs/apps/server/src/reconciliation-http.ts(2,27): error TS2307: Cannot find module 'pg' or its corresponding type declarations.
docs/evidence/x01-artifact-verifier/av03-center-inputs/apps/server/src/reconciliation-http.ts(3,29): error TS2307: Cannot find module 'pg-boss' or its corresponding type declarations.
docs/evidence/x01-artifact-verifier/av03-center-inputs/apps/server/src/reconciliation-http.ts(10,105): error TS7006: Parameter 'request' implicitly has an 'any' type.
docs/evidence/x01-artifact-verifier/av03-center-inputs/apps/server/src/reconciliation-http.ts(12,86): error TS7006: Parameter 'request' implicitly has an 'any' type.
docs/evidence/x01-artifact-verifier/av03-center-inputs/apps/server/src/reconciliation-http.ts(17,81): error TS7006: Parameter 'request' implicitly has an 'any' type.
docs/evidence/x01-artifact-verifier/av03-center-inputs/apps/server/src/reconciliation-http.ts(22,79): error TS7006: Parameter 'request' implicitly has an 'any' type.
docs/evidence/x01-artifact-verifier/av03-center-inputs/apps/server/src/reconciliation.ts(3,39): error TS2307: Cannot find module 'pg' or its corresponding type declarations.
docs/evidence/x01-artifact-verifier/av03-center-inputs/apps/server/src/reconciliation.ts(4,29): error TS2307: Cannot find module 'pg-boss' or its corresponding type declarations.
docs/evidence/x01-artifact-verifier/av03-center-inputs/apps/server/src/reconciliation.ts(49,44): error TS7006: Parameter 'row' implicitly has an 'any' type.
docs/evidence/x01-artifact-verifier/av03-center-inputs/apps/server/src/runner-claim-receipts.ts(2,33): error TS2307: Cannot find module 'pg' or its corresponding type declarations.
docs/evidence/x01-artifact-verifier/av03-center-inputs/apps/server/src/runner-claim-routes.test.ts(1,21): error TS2307: Cannot find module 'fastify' or its corresponding type declarations.
docs/evidence/x01-artifact-verifier/av03-center-inputs/apps/server/src/runner-claim-routes.test.ts(10,24): error TS7006: Parameter 'error' implicitly has an 'any' type.
docs/evidence/x01-artifact-verifier/av03-center-inputs/apps/server/src/runner-claim-routes.test.ts(10,30): error TS7006: Parameter '_request' implicitly has an 'any' type.
docs/evidence/x01-artifact-verifier/av03-center-inputs/apps/server/src/runner-claim-routes.test.ts(10,39): error TS7006: Parameter 'reply' implicitly has an 'any' type.
docs/evidence/x01-artifact-verifier/av03-center-inputs/apps/server/src/runner-claim-routes.test.ts(27,24): error TS7006: Parameter 'error' implicitly has an 'any' type.
docs/evidence/x01-artifact-verifier/av03-center-inputs/apps/server/src/runner-claim-routes.test.ts(27,30): error TS7006: Parameter '_request' implicitly has an 'any' type.
docs/evidence/x01-artifact-verifier/av03-center-inputs/apps/server/src/runner-claim-routes.test.ts(27,39): error TS7006: Parameter 'reply' implicitly has an 'any' type.
docs/evidence/x01-artifact-verifier/av03-center-inputs/apps/server/src/runner-claim-routes.test.ts(44,24): error TS7006: Parameter 'error' implicitly has an 'any' type.
docs/evidence/x01-artifact-verifier/av03-center-inputs/apps/server/src/runner-claim-routes.test.ts(44,31): error TS7006: Parameter '_request' implicitly has an 'any' type.
docs/evidence/x01-artifact-verifier/av03-center-inputs/apps/server/src/runner-claim-routes.test.ts(44,41): error TS7006: Parameter 'reply' implicitly has an 'any' type.
docs/evidence/x01-artifact-verifier/av03-center-inputs/apps/server/src/runner-claim-routes.ts(2,38): error TS2307: Cannot find module 'fastify' or its corresponding type declarations.
docs/evidence/x01-artifact-verifier/av03-center-inputs/apps/server/src/runner-claim-routes.ts(3,27): error TS2307: Cannot find module 'pg' or its corresponding type declarations.
docs/evidence/x01-artifact-verifier/av03-center-inputs/apps/server/src/runner-claim-routes.ts(11,35): error TS7006: Parameter 'request' implicitly has an 'any' type.
docs/evidence/x01-artifact-verifier/av03-center-inputs/apps/server/src/runner-claim-routes.ts(14,20): error TS7006: Parameter 'request' implicitly has an 'any' type.
docs/evidence/x01-artifact-verifier/av03-center-inputs/apps/server/src/runner-maintenance/index.ts(2,38): error TS2307: Cannot find module 'fastify' or its corresponding type declarations.
docs/evidence/x01-artifact-verifier/av03-center-inputs/apps/server/src/runner-maintenance/index.ts(3,27): error TS2307: Cannot find module 'pg' or its corresponding type declarations.
docs/evidence/x01-artifact-verifier/av03-center-inputs/apps/server/src/runner-maintenance/index.ts(19,71): error TS7006: Parameter 'request' implicitly has an 'any' type.
docs/evidence/x01-artifact-verifier/av03-center-inputs/apps/server/src/runner-maintenance/index.ts(20,112): error TS7006: Parameter 'request' implicitly has an 'any' type.
docs/evidence/x01-artifact-verifier/av03-center-inputs/apps/server/src/runner-maintenance/index.ts(22,84): error TS7006: Parameter 'request' implicitly has an 'any' type.
docs/evidence/x01-artifact-verifier/av03-center-inputs/apps/server/src/runner-maintenance/store.ts(2,39): error TS2307: Cannot find module 'pg' or its corresponding type declarations.
docs/evidence/x01-artifact-verifier/av03-center-inputs/apps/server/src/runner-maintenance/store.ts(32,31): error TS7006: Parameter 'row' implicitly has an 'any' type.
docs/evidence/x01-artifact-verifier/av03-center-inputs/apps/server/src/runners.ts(8,39): error TS2307: Cannot find module 'pg' or its corresponding type declarations.
docs/evidence/x01-artifact-verifier/av03-center-inputs/apps/server/src/scheduler.ts(1,24): error TS2307: Cannot find module 'pg-boss' or its corresponding type declarations.
docs/evidence/x01-artifact-verifier/av03-center-inputs/apps/server/src/scheduler.ts(2,27): error TS2307: Cannot find module 'pg' or its corresponding type declarations.
docs/evidence/x01-artifact-verifier/av03-center-inputs/apps/server/src/scheduler.ts(6,20): error TS7006: Parameter 'error' implicitly has an 'any' type.
docs/evidence/x01-artifact-verifier/av03-center-inputs/apps/server/src/scheduler.ts(10,107): error TS7006: Parameter 'jobs' implicitly has an 'any' type.
docs/evidence/x01-artifact-verifier/av03-center-inputs/apps/server/src/sessions.ts(1,33): error TS2307: Cannot find module 'pg' or its corresponding type declarations.
docs/evidence/x01-artifact-verifier/av03-center-inputs/apps/server/src/shutdown/index.ts(1,38): error TS2307: Cannot find module 'fastify' or its corresponding type declarations.
docs/evidence/x01-artifact-verifier/av03-center-inputs/apps/server/src/shutdown/index.ts(10,32): error TS7006: Parameter '_request' implicitly has an 'any' type.
docs/evidence/x01-artifact-verifier/av03-center-inputs/apps/server/src/shutdown/index.ts(10,42): error TS7006: Parameter 'reply' implicitly has an 'any' type.
docs/evidence/x01-artifact-verifier/av03-center-inputs/apps/server/src/shutdown/index.ts(10,49): error TS7006: Parameter 'payload' implicitly has an 'any' type.
docs/evidence/x01-artifact-verifier/av03-center-inputs/apps/server/src/streams.ts(1,54): error TS2307: Cannot find module 'fastify' or its corresponding type declarations.
docs/evidence/x01-artifact-verifier/av03-center-inputs/apps/server/src/streams.ts(2,27): error TS2307: Cannot find module 'pg' or its corresponding type declarations.
docs/evidence/x01-artifact-verifier/av03-center-inputs/apps/server/src/streams.ts(15,104): error TS7006: Parameter 'request' implicitly has an 'any' type.
docs/evidence/x01-artifact-verifier/av03-center-inputs/apps/server/src/streams.ts(15,113): error TS7006: Parameter 'reply' implicitly has an 'any' type.
docs/evidence/x01-artifact-verifier/av03-center-inputs/apps/server/src/task-index.ts(1,38): error TS2307: Cannot find module 'fastify' or its corresponding type declarations.
docs/evidence/x01-artifact-verifier/av03-center-inputs/apps/server/src/task-index.ts(2,27): error TS2307: Cannot find module 'pg' or its corresponding type declarations.
docs/evidence/x01-artifact-verifier/av03-center-inputs/apps/server/src/task-index.ts(10,146): error TS7006: Parameter 'request' implicitly has an 'any' type.
docs/evidence/x01-artifact-verifier/av03-center-inputs/apps/server/src/task-index.ts(46,41): error TS7006: Parameter 'row' implicitly has an 'any' type.
docs/evidence/x01-artifact-verifier/av03-center-inputs/apps/server/src/tasks.ts(5,39): error TS2307: Cannot find module 'pg' or its corresponding type declarations.
docs/evidence/x01-artifact-verifier/av03-center-inputs/apps/server/src/tasks.ts(6,29): error TS2307: Cannot find module 'pg-boss' or its corresponding type declarations.
docs/evidence/x01-artifact-verifier/av03-center-inputs/apps/server/src/tasks.ts(46,76): error TS7006: Parameter 'text' implicitly has an 'any' type.
docs/evidence/x01-artifact-verifier/av03-center-inputs/apps/server/src/tasks.ts(46,82): error TS7006: Parameter 'values' implicitly has an 'any' type.
docs/evidence/x01-artifact-verifier/av03-center-inputs/apps/server/src/tasks.ts(69,111): error TS7006: Parameter 'row' implicitly has an 'any' type.
docs/evidence/x01-artifact-verifier/av03-center-inputs/apps/server/src/timeline.ts(2,33): error TS2307: Cannot find module 'pg' or its corresponding type declarations.
docs/evidence/x01-artifact-verifier/av03-center-inputs/apps/server/src/usage-readout/index.ts(1,38): error TS2307: Cannot find module 'fastify' or its corresponding type declarations.
docs/evidence/x01-artifact-verifier/av03-center-inputs/apps/server/src/usage-readout/index.ts(2,27): error TS2307: Cannot find module 'pg' or its corresponding type declarations.
docs/evidence/x01-artifact-verifier/av03-center-inputs/apps/server/src/usage-readout/index.ts(33,78): error TS7006: Parameter 'request' implicitly has an 'any' type.
docs/evidence/x01-artifact-verifier/av03-center-inputs/apps/server/src/usage-readout/index.ts(33,87): error TS7006: Parameter 'reply' implicitly has an 'any' type.
docs/evidence/x01-artifact-verifier/av03-center-inputs/apps/server/src/usage.ts(1,33): error TS2307: Cannot find module 'pg' or its corresponding type declarations.
docs/evidence/x01-artifact-verifier/av03-center-inputs/docs/evidence/x01/center-claim-fixture.ts(3,39): error TS2307: Cannot find module 'pg' or its corresponding type declarations.
