✔ normalizes legacy minute UTC (3.459708ms)
✔ normalizes legacy second UTC (0.505792ms)
✔ normalizes legacy minute Z (0.139709ms)
✔ normalizes legacy second Z (0.122167ms)
✔ normalizes space separator and Z (0.13025ms)
✔ normalizes millisecond Z (0.107875ms)
✔ normalizes one fractional digit UTC (0.096083ms)
✔ normalizes two fractional digits offset (0.11875ms)
✔ normalizes reported TUI UTC record (0.172375ms)
✔ normalizes reported COST UTC record (0.177042ms)
✔ normalizes truncate without rounding into next second (0.181667ms)
✔ normalizes minute offset (0.101083ms)
✔ normalizes Gregorian leap day (0.098ms)
✔ normalizes early leap year (0.076875ms)
✔ normalizes year zero is not 1900 (0.071958ms)
✔ normalizes early ordinary year (0.067625ms)
✔ normalizes end-of-day minute (0.096875ms)
✔ normalizes end-of-day zero fraction crosses year (0.0995ms)
✔ normalizes wrapped update followed by main sync (0.408708ms)
✔ rejects 2026-00-06T16:10Z without throwing or damaging other fields (0.190791ms)
✔ rejects 2026-13-06T16:10Z without throwing or damaging other fields (0.076208ms)
✔ rejects 2026-10-00T16:10Z without throwing or damaging other fields (0.06875ms)
✔ rejects 2026-04-31T16:10Z without throwing or damaging other fields (0.067375ms)
✔ rejects 2026-02-29T16:10Z without throwing or damaging other fields (0.061042ms)
✔ rejects 1900-02-29T16:10Z without throwing or damaging other fields (0.061041ms)
✔ rejects 0100-02-29T16:10Z without throwing or damaging other fields (0.05425ms)
✔ rejects 2026-10-06T25:00Z without throwing or damaging other fields (0.065833ms)
✔ rejects 2026-10-06T24:01Z without throwing or damaging other fields (0.058042ms)
✔ rejects 2026-10-06T24:00:01Z without throwing or damaging other fields (0.065708ms)
✔ rejects 2026-10-06T24:00:00.000001Z without throwing or damaging other fields (0.069791ms)
✔ rejects 2026-10-06T16:60Z without throwing or damaging other fields (0.060167ms)
✔ rejects 2026-10-06T16:10:60Z without throwing or damaging other fields (0.071041ms)
✔ rejects 2026-10-06T16:10 without throwing or damaging other fields (0.062291ms)
✔ rejects 2026-10-06T16:10 GMT without throwing or damaging other fields (0.060542ms)
✔ rejects 2026-10-06T16:10+01:00 without throwing or damaging other fields (0.056167ms)
✔ rejects 2026-10-06T16:10-00:00 without throwing or damaging other fields (0.053459ms)
✔ rejects 2026-10-06T16:10+00:000 without throwing or damaging other fields (0.052834ms)
✔ rejects 2026-10-06T16:10+00:00:00 without throwing or damaging other fields (0.061583ms)
✔ rejects 2026-10-06T16:10Z+01:00 without throwing or damaging other fields (0.052584ms)
✔ rejects 2026-10-06T16:10UTCjunk without throwing or damaging other fields (0.064083ms)
✔ rejects 2026-10-06T16:10:36.Z without throwing or damaging other fields (0.070875ms)
✔ rejects 2026-10-06T16:10:36.123.456Z without throwing or damaging other fields (0.24025ms)
✔ rejects 2026-10-06T16:10.5Z without throwing or damaging other fields (0.054ms)
✔ rejects 2026-1-06T16:10Z without throwing or damaging other fields (0.053334ms)
✔ rejects 026-10-06T16:10Z without throwing or damaging other fields (0.045583ms)
✔ rejects 12026-10-06T16:10Z without throwing or damaging other fields (0.045083ms)
✔ rejects -0001-10-06T16:10Z without throwing or damaging other fields (0.044541ms)
✔ rejects 更新时间待确认 without throwing or damaging other fields (0.047292ms)
✔ rejects empty update without throwing or damaging other fields (0.113291ms)
✔ equivalent UTC representations yield one instant without changing unrelated status (0.151709ms)
✔ never rescues invalid first update 2026-13-06T16:10Z with later main sync (0.058334ms)
✔ never rescues invalid first update 2026-10-06T16:10+00:000 with later main sync (0.044708ms)
✔ never rescues invalid first update 2026-xx-06T16:10Z with later main sync (0.044292ms)
✔ never rescues invalid first update 026-10-06T16:10Z with later main sync (0.044292ms)
✔ main synchronization cannot supply a missing or malformed primary update: 更新时间待确认；main 同步 2026-10-07T01:00Z (0.055084ms)
✔ main synchronization cannot supply a missing or malformed primary update: 更新 2026/13/06 16:10 UTC；main 同步 2026-10-07T01:00Z (0.045542ms)
✔ main synchronization cannot supply a missing or malformed primary update: 更新时间待确认；`main` 同步 `2026-10-07T01:00Z` (0.044834ms)
✔ main synchronization cannot supply a missing or malformed primary update: update pending; MAIN sync 2026-10-07T01:00Z (0.044208ms)
✔ allows a task identifier in the explanatory prefix: 任务 WPF-DPERF05-01 更新于2026-10-06T16:10:36Z (0.057792ms)
✔ allows a task identifier in the explanatory prefix: 任务 `WPF-DPERF05-01` 更新于 `2026-10-06T16:10:36Z`；main 同步待确认 (0.04675ms)
✔ old first update remains old even when main sync is newer (0.052292ms)
✔ future timestamp is preserved for the unchanged aggregate policy to evaluate (0.051167ms)
✔ task timing has its own whole-field contract and preserves owner provenance (0.162708ms)
✔ missing optional task timing leaves legacy status and progress intact (0.238083ms)
✔ invalid task start UNKNOWN cannot be rescued by update or another date (0.17025ms)
✔ invalid task start (empty) cannot be rescued by update or another date (0.063167ms)
✔ invalid task start 2026-10-07T01:00:00 cannot be rescued by update or another date (0.091541ms)
✔ invalid task start 2026-10-07 01:00 UTC cannot be rescued by update or another date (0.064792ms)
✔ invalid task start 2026-10-07T01:00:00+01:00 cannot be rescued by update or another date (0.062833ms)
✔ invalid task start 2026-02-29T01:00:00Z cannot be rescued by update or another date (0.062209ms)
✔ invalid task start 2026-10-07T24:00:00Z cannot be rescued by update or another date (0.062ms)
✔ invalid task start 2026-10-07T01:00:00Z later 2026-10-07T02:00:00Z cannot be rescued by update or another date (0.061875ms)
✔ invalid task start opened 2026-10-07T01:00:00Z cannot be rescued by update or another date (0.059ms)
✔ duplicate 任务开工时间 is isolated from legacy errors and cannot choose last value (0.090959ms)
✔ duplicate 任务完成时间 is isolated from legacy errors and cannot choose last value (0.061083ms)
✔ duplicate 任务时间来源 is isolated from legacy errors and cannot choose last value (0.05875ms)
✔ known completion preserves seconds precision; reversed interval is a timing-only issue (0.126167ms)
✔ UNKNOWN end is distinct from NOT_COMPLETED and source absence does not authorize timing (0.063333ms)
✔ completion alone, future declarations and branch completion never supply a start (0.098541ms)
✔ waiting records remain source text, including OPEN/UNKNOWN and overlapping intervals (0.123833ms)
✔ ordinary duplicated status fields retain existing errors (0.058333ms)
ℹ tests 81
ℹ suites 0
ℹ pass 81
ℹ fail 0
ℹ cancelled 0
ℹ skipped 0
ℹ todo 0
ℹ duration_ms 70.313125
