{"event":"version","sid":"20261006T121352.680442Z-Ha9d4ceab-P00011436","thread":"main","time":"2026-10-06T12:13:52.680827Z","file":"common-init.c","line":57,"evt":"4","exe":"2.50.1 (Apple Git-155)"}
{"event":"start","sid":"20261006T121352.680442Z-Ha9d4ceab-P00011436","thread":"main","time":"2026-10-06T12:13:52.680875Z","file":"common-init.c","line":58,"t_abs":0.000822,"argv":["/Library/Developer/CommandLineTools/usr/bin/git","-C","/var/folders/f1/2xjyyqkn5plc19fx4nt4tpt00000gn/T/dperf03-git-yr1peE/0","branch","--show-current"]}
{"event":"version","sid":"20261006T121352.680464Z-Ha9d4ceab-P00011430","thread":"main","time":"2026-10-06T12:13:52.680989Z","file":"common-init.c","line":57,"evt":"4","exe":"2.50.1 (Apple Git-155)"}
{"event":"start","sid":"20261006T121352.680464Z-Ha9d4ceab-P00011430","thread":"main","time":"2026-10-06T12:13:52.681002Z","file":"common-init.c","line":58,"t_abs":0.000942,"argv":["/Library/Developer/CommandLineTools/usr/bin/git","-C","/var/folders/f1/2xjyyqkn5plc19fx4nt4tpt00000gn/T/dperf03-git-yr1peE/0","rev-parse","--show-toplevel"]}
{"event":"version","sid":"20261006T121352.680464Z-Ha9d4ceab-P00011442","thread":"main","time":"2026-10-06T12:13:52.681019Z","file":"common-init.c","line":57,"evt":"4","exe":"2.50.1 (Apple Git-155)"}
{"event":"start","sid":"20261006T121352.680464Z-Ha9d4ceab-P00011442","thread":"main","time":"2026-10-06T12:13:52.681031Z","file":"common-init.c","line":58,"t_abs":0.000992,"argv":["/Library/Developer/CommandLineTools/usr/bin/git","-C","/var/folders/f1/2xjyyqkn5plc19fx4nt4tpt00000gn/T/dperf03-git-yr1peE/0","status","--porcelain","--untracked-files=normal"]}
{"event":"cmd_name","sid":"20261006T121352.680464Z-Ha9d4ceab-P00011430","thread":"main","time":"2026-10-06T12:13:52.681056Z","file":"git.c","line":477,"name":"rev-parse","hierarchy":"rev-parse"}
{"event":"def_repo","sid":"20261006T121352.680442Z-Ha9d4ceab-P00011436","thread":"main","time":"2026-10-06T12:13:52.681068Z","file":"repository.c","line":241,"repo":1,"worktree":"/private/var/folders/f1/2xjyyqkn5plc19fx4nt4tpt00000gn/T/dperf03-git-yr1peE/0"}
{"event":"cmd_name","sid":"20261006T121352.680442Z-Ha9d4ceab-P00011436","thread":"main","time":"2026-10-06T12:13:52.681104Z","file":"git.c","line":477,"name":"branch","hierarchy":"branch"}
{"event":"def_repo","sid":"20261006T121352.680464Z-Ha9d4ceab-P00011430","thread":"main","time":"2026-10-06T12:13:52.681187Z","file":"repository.c","line":241,"repo":1,"worktree":"/private/var/folders/f1/2xjyyqkn5plc19fx4nt4tpt00000gn/T/dperf03-git-yr1peE/0"}
{"event":"def_repo","sid":"20261006T121352.680464Z-Ha9d4ceab-P00011442","thread":"main","time":"2026-10-06T12:13:52.681198Z","file":"repository.c","line":241,"repo":1,"worktree":"/private/var/folders/f1/2xjyyqkn5plc19fx4nt4tpt00000gn/T/dperf03-git-yr1peE/0"}
{"event":"exit","sid":"20261006T121352.680442Z-Ha9d4ceab-P00011436","thread":"main","time":"2026-10-06T12:13:52.681350Z","file":"git.c","line":747,"t_abs":0.001297,"code":0}
{"event":"atexit","sid":"20261006T121352.680442Z-Ha9d4ceab-P00011436","thread":"main","time":"2026-10-06T12:13:52.681357Z","file":"trace2/tr2_tgt_event.c","line":207,"t_abs":0.001304,"code":0}
{"event":"version","sid":"20261006T121352.680476Z-Ha9d4ceab-P0001143c","thread":"main","time":"2026-10-06T12:13:52.681354Z","file":"common-init.c","line":57,"evt":"4","exe":"2.50.1 (Apple Git-155)"}
{"event":"cmd_name","sid":"20261006T121352.680464Z-Ha9d4ceab-P00011442","thread":"main","time":"2026-10-06T12:13:52.681372Z","file":"git.c","line":477,"name":"status","hierarchy":"status"}
{"event":"exit","sid":"20261006T121352.680464Z-Ha9d4ceab-P00011430","thread":"main","time":"2026-10-06T12:13:52.681375Z","file":"git.c","line":747,"t_abs":0.001315,"code":0}
{"event":"start","sid":"20261006T121352.680476Z-Ha9d4ceab-P0001143c","thread":"main","time":"2026-10-06T12:13:52.681374Z","file":"common-init.c","line":58,"t_abs":0.001233,"argv":["/Library/Developer/CommandLineTools/usr/bin/git","-C","/var/folders/f1/2xjyyqkn5plc19fx4nt4tpt00000gn/T/dperf03-git-yr1peE/0","rev-parse","HEAD"]}
{"event":"atexit","sid":"20261006T121352.680464Z-Ha9d4ceab-P00011430","thread":"main","time":"2026-10-06T12:13:52.681386Z","file":"trace2/tr2_tgt_event.c","line":207,"t_abs":0.001326,"code":0}
{"event":"cmd_name","sid":"20261006T121352.680476Z-Ha9d4ceab-P0001143c","thread":"main","time":"2026-10-06T12:13:52.681445Z","file":"git.c","line":477,"name":"rev-parse","hierarchy":"rev-parse"}
{"event":"def_repo","sid":"20261006T121352.680476Z-Ha9d4ceab-P0001143c","thread":"main","time":"2026-10-06T12:13:52.681618Z","file":"repository.c","line":241,"repo":1,"worktree":"/private/var/folders/f1/2xjyyqkn5plc19fx4nt4tpt00000gn/T/dperf03-git-yr1peE/0"}
{"event":"region_enter","sid":"20261006T121352.680464Z-Ha9d4ceab-P00011442","thread":"main","time":"2026-10-06T12:13:52.681624Z","file":"read-cache.c","line":2357,"repo":1,"nesting":1,"category":"index","label":"do_read_index","msg":".git/index"}
{"event":"region_enter","sid":"20261006T121352.680464Z-Ha9d4ceab-P00011442","thread":"main","time":"2026-10-06T12:13:52.681672Z","file":"cache-tree.c","line":643,"repo":1,"nesting":2,"category":"cache_tree","label":"read"}
{"event":"region_leave","sid":"20261006T121352.680464Z-Ha9d4ceab-P00011442","thread":"main","time":"2026-10-06T12:13:52.681681Z","file":"cache-tree.c","line":645,"repo":1,"t_rel":0.000008,"nesting":2,"category":"cache_tree","label":"read"}
{"event":"data","sid":"20261006T121352.680464Z-Ha9d4ceab-P00011442","thread":"main","time":"2026-10-06T12:13:52.681692Z","file":"read-cache.c","line":2306,"repo":1,"t_abs":0.001653,"t_rel":0.000068,"nesting":2,"category":"index","key":"read/version","value":"2"}
{"event":"data","sid":"20261006T121352.680464Z-Ha9d4ceab-P00011442","thread":"main","time":"2026-10-06T12:13:52.681699Z","file":"read-cache.c","line":2308,"repo":1,"t_abs":0.001660,"t_rel":0.000075,"nesting":2,"category":"index","key":"read/cache_nr","value":"1"}
{"event":"region_leave","sid":"20261006T121352.680464Z-Ha9d4ceab-P00011442","thread":"main","time":"2026-10-06T12:13:52.681707Z","file":"read-cache.c","line":2362,"repo":1,"t_rel":0.000083,"nesting":1,"category":"index","label":"do_read_index","msg":".git/index"}
{"event":"region_enter","sid":"20261006T121352.680464Z-Ha9d4ceab-P00011442","thread":"main","time":"2026-10-06T12:13:52.681716Z","file":"read-cache.c","line":1513,"nesting":1,"category":"index","label":"refresh"}
{"event":"exit","sid":"20261006T121352.680476Z-Ha9d4ceab-P0001143c","thread":"main","time":"2026-10-06T12:13:52.681897Z","file":"git.c","line":747,"t_abs":0.001756,"code":0}
{"event":"atexit","sid":"20261006T121352.680476Z-Ha9d4ceab-P0001143c","thread":"main","time":"2026-10-06T12:13:52.681908Z","file":"trace2/tr2_tgt_event.c","line":207,"t_abs":0.001767,"code":0}
{"event":"data","sid":"20261006T121352.680464Z-Ha9d4ceab-P00011442","thread":"main","time":"2026-10-06T12:13:52.682461Z","file":"read-cache.c","line":1595,"t_abs":0.002422,"t_rel":0.000744,"nesting":2,"category":"index","key":"refresh/sum_lstat","value":"1"}
{"event":"data","sid":"20261006T121352.680464Z-Ha9d4ceab-P00011442","thread":"main","time":"2026-10-06T12:13:52.682478Z","file":"read-cache.c","line":1596,"t_abs":0.002439,"t_rel":0.000761,"nesting":2,"category":"index","key":"refresh/sum_scan","value":"0"}
{"event":"region_leave","sid":"20261006T121352.680464Z-Ha9d4ceab-P00011442","thread":"main","time":"2026-10-06T12:13:52.682484Z","file":"read-cache.c","line":1597,"t_rel":0.000767,"nesting":1,"category":"index","label":"refresh"}
{"event":"region_enter","sid":"20261006T121352.680464Z-Ha9d4ceab-P00011442","thread":"main","time":"2026-10-06T12:13:52.682558Z","file":"wt-status.c","line":841,"repo":1,"nesting":1,"category":"status","label":"worktrees"}
{"event":"region_enter","sid":"20261006T121352.680464Z-Ha9d4ceab-P00011442","thread":"main","time":"2026-10-06T12:13:52.682580Z","file":"diffcore-rename.c","line":1407,"repo":1,"nesting":2,"category":"diff","label":"setup"}
{"event":"region_leave","sid":"20261006T121352.680464Z-Ha9d4ceab-P00011442","thread":"main","time":"2026-10-06T12:13:52.682586Z","file":"diffcore-rename.c","line":1460,"repo":1,"t_rel":0.000007,"nesting":2,"category":"diff","label":"setup"}
{"event":"region_enter","sid":"20261006T121352.680464Z-Ha9d4ceab-P00011442","thread":"main","time":"2026-10-06T12:13:52.682610Z","file":"diffcore-rename.c","line":1640,"repo":1,"nesting":2,"category":"diff","label":"write back to queue"}
{"event":"region_leave","sid":"20261006T121352.680464Z-Ha9d4ceab-P00011442","thread":"main","time":"2026-10-06T12:13:52.682616Z","file":"diffcore-rename.c","line":1717,"repo":1,"t_rel":0.000005,"nesting":2,"category":"diff","label":"write back to queue"}
{"event":"region_leave","sid":"20261006T121352.680464Z-Ha9d4ceab-P00011442","thread":"main","time":"2026-10-06T12:13:52.682624Z","file":"wt-status.c","line":843,"repo":1,"t_rel":0.000065,"nesting":1,"category":"status","label":"worktrees"}
{"event":"region_enter","sid":"20261006T121352.680464Z-Ha9d4ceab-P00011442","thread":"main","time":"2026-10-06T12:13:52.682629Z","file":"wt-status.c","line":850,"repo":1,"nesting":1,"category":"status","label":"index"}
{"event":"region_enter","sid":"20261006T121352.680464Z-Ha9d4ceab-P00011442","thread":"main","time":"2026-10-06T12:13:52.682827Z","file":"unpack-trees.c","line":1905,"repo":1,"nesting":2,"category":"unpack_trees","label":"unpack_trees"}
{"event":"region_leave","sid":"20261006T121352.680464Z-Ha9d4ceab-P00011442","thread":"main","time":"2026-10-06T12:13:52.682934Z","file":"unpack-trees.c","line":2108,"repo":1,"t_rel":0.000107,"nesting":2,"category":"unpack_trees","label":"unpack_trees"}
{"event":"region_enter","sid":"20261006T121352.680464Z-Ha9d4ceab-P00011442","thread":"main","time":"2026-10-06T12:13:52.682943Z","file":"diffcore-rename.c","line":1407,"repo":1,"nesting":2,"category":"diff","label":"setup"}
{"event":"region_leave","sid":"20261006T121352.680464Z-Ha9d4ceab-P00011442","thread":"main","time":"2026-10-06T12:13:52.682948Z","file":"diffcore-rename.c","line":1460,"repo":1,"t_rel":0.000005,"nesting":2,"category":"diff","label":"setup"}
{"event":"region_enter","sid":"20261006T121352.680464Z-Ha9d4ceab-P00011442","thread":"main","time":"2026-10-06T12:13:52.682952Z","file":"diffcore-rename.c","line":1640,"repo":1,"nesting":2,"category":"diff","label":"write back to queue"}
{"event":"region_leave","sid":"20261006T121352.680464Z-Ha9d4ceab-P00011442","thread":"main","time":"2026-10-06T12:13:52.682956Z","file":"diffcore-rename.c","line":1717,"repo":1,"t_rel":0.000004,"nesting":2,"category":"diff","label":"write back to queue"}
{"event":"region_leave","sid":"20261006T121352.680464Z-Ha9d4ceab-P00011442","thread":"main","time":"2026-10-06T12:13:52.682962Z","file":"wt-status.c","line":852,"repo":1,"t_rel":0.000333,"nesting":1,"category":"status","label":"index"}
{"event":"region_enter","sid":"20261006T121352.680464Z-Ha9d4ceab-P00011442","thread":"main","time":"2026-10-06T12:13:52.682966Z","file":"wt-status.c","line":855,"repo":1,"nesting":1,"category":"status","label":"untracked"}
{"event":"region_enter","sid":"20261006T121352.680464Z-Ha9d4ceab-P00011442","thread":"main","time":"2026-10-06T12:13:52.683021Z","file":"dir.c","line":3090,"repo":1,"nesting":2,"category":"dir","label":"read_directory"}
{"event":"region_leave","sid":"20261006T121352.680464Z-Ha9d4ceab-P00011442","thread":"main","time":"2026-10-06T12:13:52.683092Z","file":"dir.c","line":3113,"repo":1,"t_rel":0.000070,"nesting":2,"category":"dir","label":"read_directory"}
{"event":"region_leave","sid":"20261006T121352.680464Z-Ha9d4ceab-P00011442","thread":"main","time":"2026-10-06T12:13:52.683108Z","file":"wt-status.c","line":857,"repo":1,"t_rel":0.000142,"nesting":1,"category":"status","label":"untracked"}
{"event":"data","sid":"20261006T121352.680464Z-Ha9d4ceab-P00011442","thread":"main","time":"2026-10-06T12:13:52.683137Z","file":"wt-status.c","line":2569,"repo":1,"t_abs":0.003098,"t_rel":0.003098,"nesting":1,"category":"status","key":"count/changed","value":"0"}
{"event":"data","sid":"20261006T121352.680464Z-Ha9d4ceab-P00011442","thread":"main","time":"2026-10-06T12:13:52.683143Z","file":"wt-status.c","line":2571,"repo":1,"t_abs":0.003105,"t_rel":0.003105,"nesting":1,"category":"status","key":"count/untracked","value":"0"}
{"event":"data","sid":"20261006T121352.680464Z-Ha9d4ceab-P00011442","thread":"main","time":"2026-10-06T12:13:52.683165Z","file":"wt-status.c","line":2572,"repo":1,"t_abs":0.003126,"t_rel":0.003126,"nesting":1,"category":"status","key":"count/ignored","value":"0"}
{"event":"region_enter","sid":"20261006T121352.680464Z-Ha9d4ceab-P00011442","thread":"main","time":"2026-10-06T12:13:52.683169Z","file":"wt-status.c","line":2574,"repo":1,"nesting":1,"category":"status","label":"print"}
{"event":"region_leave","sid":"20261006T121352.680464Z-Ha9d4ceab-P00011442","thread":"main","time":"2026-10-06T12:13:52.683174Z","file":"wt-status.c","line":2595,"repo":1,"t_rel":0.000004,"nesting":1,"category":"status","label":"print"}
{"event":"exit","sid":"20261006T121352.680464Z-Ha9d4ceab-P00011442","thread":"main","time":"2026-10-06T12:13:52.683180Z","file":"git.c","line":747,"t_abs":0.003142,"code":0}
{"event":"data_json","sid":"20261006T121352.680464Z-Ha9d4ceab-P00011442","thread":"main","time":"2026-10-06T12:13:52.683185Z","file":"tree-walk.c","line":186,"repo":1,"t_abs":0.003146,"t_rel":0.003146,"nesting":1,"category":"traverse_trees","key":"statistics","value":{"traverse_trees_count":1,"traverse_trees_max_depth":1}}
{"event":"atexit","sid":"20261006T121352.680464Z-Ha9d4ceab-P00011442","thread":"main","time":"2026-10-06T12:13:52.683190Z","file":"trace2/tr2_tgt_event.c","line":207,"t_abs":0.003151,"code":0}
{"event":"version","sid":"20261006T121352.693732Z-Ha9d4ceab-P00011450","thread":"main","time":"2026-10-06T12:13:52.694131Z","file":"common-init.c","line":57,"evt":"4","exe":"2.50.1 (Apple Git-155)"}
{"event":"start","sid":"20261006T121352.693732Z-Ha9d4ceab-P00011450","thread":"main","time":"2026-10-06T12:13:52.694151Z","file":"common-init.c","line":58,"t_abs":0.000638,"argv":["/Library/Developer/CommandLineTools/usr/bin/git","-C","/var/folders/f1/2xjyyqkn5plc19fx4nt4tpt00000gn/T/dperf03-git-yr1peE/2","branch","--show-current"]}
{"event":"version","sid":"20261006T121352.693722Z-Ha9d4ceab-P0001144a","thread":"main","time":"2026-10-06T12:13:52.694283Z","file":"common-init.c","line":57,"evt":"4","exe":"2.50.1 (Apple Git-155)"}
{"event":"start","sid":"20261006T121352.693722Z-Ha9d4ceab-P0001144a","thread":"main","time":"2026-10-06T12:13:52.694298Z","file":"common-init.c","line":58,"t_abs":0.000838,"argv":["/Library/Developer/CommandLineTools/usr/bin/git","-C","/var/folders/f1/2xjyyqkn5plc19fx4nt4tpt00000gn/T/dperf03-git-yr1peE/2","rev-parse","--show-toplevel"]}
{"event":"def_repo","sid":"20261006T121352.693732Z-Ha9d4ceab-P00011450","thread":"main","time":"2026-10-06T12:13:52.694335Z","file":"repository.c","line":241,"repo":1,"worktree":"/private/var/folders/f1/2xjyyqkn5plc19fx4nt4tpt00000gn/T/dperf03-git-yr1peE/2"}
{"event":"cmd_name","sid":"20261006T121352.693722Z-Ha9d4ceab-P0001144a","thread":"main","time":"2026-10-06T12:13:52.694349Z","file":"git.c","line":477,"name":"rev-parse","hierarchy":"rev-parse"}
{"event":"cmd_name","sid":"20261006T121352.693732Z-Ha9d4ceab-P00011450","thread":"main","time":"2026-10-06T12:13:52.694367Z","file":"git.c","line":477,"name":"branch","hierarchy":"branch"}
{"event":"def_repo","sid":"20261006T121352.693722Z-Ha9d4ceab-P0001144a","thread":"main","time":"2026-10-06T12:13:52.694482Z","file":"repository.c","line":241,"repo":1,"worktree":"/private/var/folders/f1/2xjyyqkn5plc19fx4nt4tpt00000gn/T/dperf03-git-yr1peE/2"}
{"event":"version","sid":"20261006T121352.694243Z-Ha9d4ceab-P00011457","thread":"main","time":"2026-10-06T12:13:52.694607Z","file":"common-init.c","line":57,"evt":"4","exe":"2.50.1 (Apple Git-155)"}
{"event":"exit","sid":"20261006T121352.693732Z-Ha9d4ceab-P00011450","thread":"main","time":"2026-10-06T12:13:52.694612Z","file":"git.c","line":747,"t_abs":0.001099,"code":0}
{"event":"start","sid":"20261006T121352.694243Z-Ha9d4ceab-P00011457","thread":"main","time":"2026-10-06T12:13:52.694623Z","file":"common-init.c","line":58,"t_abs":0.000627,"argv":["/Library/Developer/CommandLineTools/usr/bin/git","-C","/var/folders/f1/2xjyyqkn5plc19fx4nt4tpt00000gn/T/dperf03-git-yr1peE/2","rev-parse","HEAD"]}
{"event":"atexit","sid":"20261006T121352.693732Z-Ha9d4ceab-P00011450","thread":"main","time":"2026-10-06T12:13:52.694628Z","file":"trace2/tr2_tgt_event.c","line":207,"t_abs":0.001115,"code":0}
{"event":"exit","sid":"20261006T121352.693722Z-Ha9d4ceab-P0001144a","thread":"main","time":"2026-10-06T12:13:52.694644Z","file":"git.c","line":747,"t_abs":0.001184,"code":0}
{"event":"atexit","sid":"20261006T121352.693722Z-Ha9d4ceab-P0001144a","thread":"main","time":"2026-10-06T12:13:52.694662Z","file":"trace2/tr2_tgt_event.c","line":207,"t_abs":0.001201,"code":0}
{"event":"cmd_name","sid":"20261006T121352.694243Z-Ha9d4ceab-P00011457","thread":"main","time":"2026-10-06T12:13:52.694692Z","file":"git.c","line":477,"name":"rev-parse","hierarchy":"rev-parse"}
{"event":"def_repo","sid":"20261006T121352.694243Z-Ha9d4ceab-P00011457","thread":"main","time":"2026-10-06T12:13:52.694808Z","file":"repository.c","line":241,"repo":1,"worktree":"/private/var/folders/f1/2xjyyqkn5plc19fx4nt4tpt00000gn/T/dperf03-git-yr1peE/2"}
{"event":"exit","sid":"20261006T121352.694243Z-Ha9d4ceab-P00011457","thread":"main","time":"2026-10-06T12:13:52.695003Z","file":"git.c","line":747,"t_abs":0.001007,"code":0}
{"event":"atexit","sid":"20261006T121352.694243Z-Ha9d4ceab-P00011457","thread":"main","time":"2026-10-06T12:13:52.695009Z","file":"trace2/tr2_tgt_event.c","line":207,"t_abs":0.001014,"code":0}
{"event":"version","sid":"20261006T121352.694951Z-Ha9d4ceab-P0001145d","thread":"main","time":"2026-10-06T12:13:52.695531Z","file":"common-init.c","line":57,"evt":"4","exe":"2.50.1 (Apple Git-155)"}
{"event":"start","sid":"20261006T121352.694951Z-Ha9d4ceab-P0001145d","thread":"main","time":"2026-10-06T12:13:52.695540Z","file":"common-init.c","line":58,"t_abs":0.000846,"argv":["/Library/Developer/CommandLineTools/usr/bin/git","-C","/var/folders/f1/2xjyyqkn5plc19fx4nt4tpt00000gn/T/dperf03-git-yr1peE/2","status","--porcelain","--untracked-files=normal"]}
{"event":"def_repo","sid":"20261006T121352.694951Z-Ha9d4ceab-P0001145d","thread":"main","time":"2026-10-06T12:13:52.695666Z","file":"repository.c","line":241,"repo":1,"worktree":"/private/var/folders/f1/2xjyyqkn5plc19fx4nt4tpt00000gn/T/dperf03-git-yr1peE/2"}
{"event":"cmd_name","sid":"20261006T121352.694951Z-Ha9d4ceab-P0001145d","thread":"main","time":"2026-10-06T12:13:52.695822Z","file":"git.c","line":477,"name":"status","hierarchy":"status"}
{"event":"region_enter","sid":"20261006T121352.694951Z-Ha9d4ceab-P0001145d","thread":"main","time":"2026-10-06T12:13:52.695997Z","file":"read-cache.c","line":2357,"repo":1,"nesting":1,"category":"index","label":"do_read_index","msg":".git/index"}
{"event":"region_enter","sid":"20261006T121352.694951Z-Ha9d4ceab-P0001145d","thread":"main","time":"2026-10-06T12:13:52.696092Z","file":"cache-tree.c","line":643,"repo":1,"nesting":2,"category":"cache_tree","label":"read"}
{"event":"region_leave","sid":"20261006T121352.694951Z-Ha9d4ceab-P0001145d","thread":"main","time":"2026-10-06T12:13:52.696100Z","file":"cache-tree.c","line":645,"repo":1,"t_rel":0.000007,"nesting":2,"category":"cache_tree","label":"read"}
{"event":"data","sid":"20261006T121352.694951Z-Ha9d4ceab-P0001145d","thread":"main","time":"2026-10-06T12:13:52.696110Z","file":"read-cache.c","line":2306,"repo":1,"t_abs":0.001416,"t_rel":0.000113,"nesting":2,"category":"index","key":"read/version","value":"2"}
{"event":"data","sid":"20261006T121352.694951Z-Ha9d4ceab-P0001145d","thread":"main","time":"2026-10-06T12:13:52.696115Z","file":"read-cache.c","line":2308,"repo":1,"t_abs":0.001422,"t_rel":0.000119,"nesting":2,"category":"index","key":"read/cache_nr","value":"2"}
{"event":"region_leave","sid":"20261006T121352.694951Z-Ha9d4ceab-P0001145d","thread":"main","time":"2026-10-06T12:13:52.696122Z","file":"read-cache.c","line":2362,"repo":1,"t_rel":0.000126,"nesting":1,"category":"index","label":"do_read_index","msg":".git/index"}
{"event":"region_enter","sid":"20261006T121352.694951Z-Ha9d4ceab-P0001145d","thread":"main","time":"2026-10-06T12:13:52.696130Z","file":"read-cache.c","line":1513,"nesting":1,"category":"index","label":"refresh"}
{"event":"data","sid":"20261006T121352.694951Z-Ha9d4ceab-P0001145d","thread":"main","time":"2026-10-06T12:13:52.696167Z","file":"read-cache.c","line":1595,"t_abs":0.001473,"t_rel":0.000036,"nesting":2,"category":"index","key":"refresh/sum_lstat","value":"2"}
{"event":"data","sid":"20261006T121352.694951Z-Ha9d4ceab-P0001145d","thread":"main","time":"2026-10-06T12:13:52.696177Z","file":"read-cache.c","line":1596,"t_abs":0.001483,"t_rel":0.000046,"nesting":2,"category":"index","key":"refresh/sum_scan","value":"0"}
{"event":"region_leave","sid":"20261006T121352.694951Z-Ha9d4ceab-P0001145d","thread":"main","time":"2026-10-06T12:13:52.696183Z","file":"read-cache.c","line":1597,"t_rel":0.000052,"nesting":1,"category":"index","label":"refresh"}
{"event":"region_enter","sid":"20261006T121352.694951Z-Ha9d4ceab-P0001145d","thread":"main","time":"2026-10-06T12:13:52.696230Z","file":"wt-status.c","line":841,"repo":1,"nesting":1,"category":"status","label":"worktrees"}
{"event":"region_enter","sid":"20261006T121352.694951Z-Ha9d4ceab-P0001145d","thread":"main","time":"2026-10-06T12:13:52.696254Z","file":"diffcore-rename.c","line":1407,"repo":1,"nesting":2,"category":"diff","label":"setup"}
{"event":"region_leave","sid":"20261006T121352.694951Z-Ha9d4ceab-P0001145d","thread":"main","time":"2026-10-06T12:13:52.696258Z","file":"diffcore-rename.c","line":1460,"repo":1,"t_rel":0.000006,"nesting":2,"category":"diff","label":"setup"}
{"event":"region_enter","sid":"20261006T121352.694951Z-Ha9d4ceab-P0001145d","thread":"main","time":"2026-10-06T12:13:52.696262Z","file":"diffcore-rename.c","line":1640,"repo":1,"nesting":2,"category":"diff","label":"write back to queue"}
{"event":"region_leave","sid":"20261006T121352.694951Z-Ha9d4ceab-P0001145d","thread":"main","time":"2026-10-06T12:13:52.696266Z","file":"diffcore-rename.c","line":1717,"repo":1,"t_rel":0.000003,"nesting":2,"category":"diff","label":"write back to queue"}
{"event":"region_leave","sid":"20261006T121352.694951Z-Ha9d4ceab-P0001145d","thread":"main","time":"2026-10-06T12:13:52.696274Z","file":"wt-status.c","line":843,"repo":1,"t_rel":0.000046,"nesting":1,"category":"status","label":"worktrees"}
{"event":"region_enter","sid":"20261006T121352.694951Z-Ha9d4ceab-P0001145d","thread":"main","time":"2026-10-06T12:13:52.696279Z","file":"wt-status.c","line":850,"repo":1,"nesting":1,"category":"status","label":"index"}
{"event":"region_enter","sid":"20261006T121352.694951Z-Ha9d4ceab-P0001145d","thread":"main","time":"2026-10-06T12:13:52.697021Z","file":"unpack-trees.c","line":1905,"repo":1,"nesting":2,"category":"unpack_trees","label":"unpack_trees"}
{"event":"region_leave","sid":"20261006T121352.694951Z-Ha9d4ceab-P0001145d","thread":"main","time":"2026-10-06T12:13:52.697096Z","file":"unpack-trees.c","line":2108,"repo":1,"t_rel":0.000074,"nesting":2,"category":"unpack_trees","label":"unpack_trees"}
{"event":"region_enter","sid":"20261006T121352.694951Z-Ha9d4ceab-P0001145d","thread":"main","time":"2026-10-06T12:13:52.697101Z","file":"diffcore-rename.c","line":1407,"repo":1,"nesting":2,"category":"diff","label":"setup"}
{"event":"region_leave","sid":"20261006T121352.694951Z-Ha9d4ceab-P0001145d","thread":"main","time":"2026-10-06T12:13:52.697105Z","file":"diffcore-rename.c","line":1460,"repo":1,"t_rel":0.000004,"nesting":2,"category":"diff","label":"setup"}
{"event":"region_enter","sid":"20261006T121352.694951Z-Ha9d4ceab-P0001145d","thread":"main","time":"2026-10-06T12:13:52.697109Z","file":"diffcore-rename.c","line":1640,"repo":1,"nesting":2,"category":"diff","label":"write back to queue"}
{"event":"region_leave","sid":"20261006T121352.694951Z-Ha9d4ceab-P0001145d","thread":"main","time":"2026-10-06T12:13:52.697112Z","file":"diffcore-rename.c","line":1717,"repo":1,"t_rel":0.000004,"nesting":2,"category":"diff","label":"write back to queue"}
{"event":"region_leave","sid":"20261006T121352.694951Z-Ha9d4ceab-P0001145d","thread":"main","time":"2026-10-06T12:13:52.697116Z","file":"wt-status.c","line":852,"repo":1,"t_rel":0.000837,"nesting":1,"category":"status","label":"index"}
{"event":"region_enter","sid":"20261006T121352.694951Z-Ha9d4ceab-P0001145d","thread":"main","time":"2026-10-06T12:13:52.697120Z","file":"wt-status.c","line":855,"repo":1,"nesting":1,"category":"status","label":"untracked"}
{"event":"region_enter","sid":"20261006T121352.694951Z-Ha9d4ceab-P0001145d","thread":"main","time":"2026-10-06T12:13:52.697177Z","file":"dir.c","line":3090,"repo":1,"nesting":2,"category":"dir","label":"read_directory"}
{"event":"region_leave","sid":"20261006T121352.694951Z-Ha9d4ceab-P0001145d","thread":"main","time":"2026-10-06T12:13:52.697246Z","file":"dir.c","line":3113,"repo":1,"t_rel":0.000068,"nesting":2,"category":"dir","label":"read_directory"}
{"event":"region_leave","sid":"20261006T121352.694951Z-Ha9d4ceab-P0001145d","thread":"main","time":"2026-10-06T12:13:52.697252Z","file":"wt-status.c","line":857,"repo":1,"t_rel":0.000132,"nesting":1,"category":"status","label":"untracked"}
{"event":"data","sid":"20261006T121352.694951Z-Ha9d4ceab-P0001145d","thread":"main","time":"2026-10-06T12:13:52.697273Z","file":"wt-status.c","line":2569,"repo":1,"t_abs":0.002580,"t_rel":0.002580,"nesting":1,"category":"status","key":"count/changed","value":"1"}
{"event":"data","sid":"20261006T121352.694951Z-Ha9d4ceab-P0001145d","thread":"main","time":"2026-10-06T12:13:52.697278Z","file":"wt-status.c","line":2571,"repo":1,"t_abs":0.002584,"t_rel":0.002584,"nesting":1,"category":"status","key":"count/untracked","value":"0"}
{"event":"data","sid":"20261006T121352.694951Z-Ha9d4ceab-P0001145d","thread":"main","time":"2026-10-06T12:13:52.697282Z","file":"wt-status.c","line":2572,"repo":1,"t_abs":0.002588,"t_rel":0.002588,"nesting":1,"category":"status","key":"count/ignored","value":"0"}
{"event":"region_enter","sid":"20261006T121352.694951Z-Ha9d4ceab-P0001145d","thread":"main","time":"2026-10-06T12:13:52.697286Z","file":"wt-status.c","line":2574,"repo":1,"nesting":1,"category":"status","label":"print"}
{"event":"region_leave","sid":"20261006T121352.694951Z-Ha9d4ceab-P0001145d","thread":"main","time":"2026-10-06T12:13:52.697295Z","file":"wt-status.c","line":2595,"repo":1,"t_rel":0.000009,"nesting":1,"category":"status","label":"print"}
{"event":"exit","sid":"20261006T121352.694951Z-Ha9d4ceab-P0001145d","thread":"main","time":"2026-10-06T12:13:52.697300Z","file":"git.c","line":747,"t_abs":0.002606,"code":0}
{"event":"data_json","sid":"20261006T121352.694951Z-Ha9d4ceab-P0001145d","thread":"main","time":"2026-10-06T12:13:52.697304Z","file":"tree-walk.c","line":186,"repo":1,"t_abs":0.002611,"t_rel":0.002611,"nesting":1,"category":"traverse_trees","key":"statistics","value":{"traverse_trees_count":1,"traverse_trees_max_depth":1}}
{"event":"atexit","sid":"20261006T121352.694951Z-Ha9d4ceab-P0001145d","thread":"main","time":"2026-10-06T12:13:52.697309Z","file":"trace2/tr2_tgt_event.c","line":207,"t_abs":0.002616,"code":0}
{"event":"version","sid":"20261006T121352.706520Z-Ha9d4ceab-P00011468","thread":"main","time":"2026-10-06T12:13:52.706777Z","file":"common-init.c","line":57,"evt":"4","exe":"2.50.1 (Apple Git-155)"}
{"event":"start","sid":"20261006T121352.706520Z-Ha9d4ceab-P00011468","thread":"main","time":"2026-10-06T12:13:52.706799Z","file":"common-init.c","line":58,"t_abs":0.000516,"argv":["/Library/Developer/CommandLineTools/usr/bin/git","-C","/var/folders/f1/2xjyyqkn5plc19fx4nt4tpt00000gn/T/dperf03-git-yr1peE/2","show","7bd8e3c4feb44a814e0b274aca36ddeefcccd528:plans/temp/status.md"]}
{"event":"def_repo","sid":"20261006T121352.706520Z-Ha9d4ceab-P00011468","thread":"main","time":"2026-10-06T12:13:52.706984Z","file":"repository.c","line":241,"repo":1,"worktree":"/private/var/folders/f1/2xjyyqkn5plc19fx4nt4tpt00000gn/T/dperf03-git-yr1peE/2"}
{"event":"cmd_name","sid":"20261006T121352.706520Z-Ha9d4ceab-P00011468","thread":"main","time":"2026-10-06T12:13:52.707125Z","file":"git.c","line":477,"name":"show","hierarchy":"show"}
{"event":"exit","sid":"20261006T121352.706520Z-Ha9d4ceab-P00011468","thread":"main","time":"2026-10-06T12:13:52.708184Z","file":"git.c","line":747,"t_abs":0.001900,"code":0}
{"event":"atexit","sid":"20261006T121352.706520Z-Ha9d4ceab-P00011468","thread":"main","time":"2026-10-06T12:13:52.708193Z","file":"trace2/tr2_tgt_event.c","line":207,"t_abs":0.001909,"code":0}
