{"event":"version","sid":"20261006T121352.347153Z-Ha9d4ceab-P0001131d","thread":"main","time":"2026-10-06T12:13:52.347530Z","file":"common-init.c","line":57,"evt":"4","exe":"2.50.1 (Apple Git-155)"}
{"event":"start","sid":"20261006T121352.347153Z-Ha9d4ceab-P0001131d","thread":"main","time":"2026-10-06T12:13:52.347562Z","file":"common-init.c","line":58,"t_abs":0.000788,"argv":["/Library/Developer/CommandLineTools/usr/bin/git","-C","/var/folders/f1/2xjyyqkn5plc19fx4nt4tpt00000gn/T/dperf03-git-yr1peE/0","cat-file","-t","f1e975db65b8f406ee07759e8c3214b33037d801"]}
{"event":"version","sid":"20261006T121352.347147Z-Ha9d4ceab-P00011329","thread":"main","time":"2026-10-06T12:13:52.347666Z","file":"common-init.c","line":57,"evt":"4","exe":"2.50.1 (Apple Git-155)"}
{"event":"start","sid":"20261006T121352.347147Z-Ha9d4ceab-P00011329","thread":"main","time":"2026-10-06T12:13:52.347678Z","file":"common-init.c","line":58,"t_abs":0.000936,"argv":["/Library/Developer/CommandLineTools/usr/bin/git","-C","/var/folders/f1/2xjyyqkn5plc19fx4nt4tpt00000gn/T/dperf03-git-yr1peE/0","cat-file","-t","f1e975db65b8f406ee07759e8c3214b33037d801"]}
{"event":"version","sid":"20261006T121352.347149Z-Ha9d4ceab-P00011317","thread":"main","time":"2026-10-06T12:13:52.347698Z","file":"common-init.c","line":57,"evt":"4","exe":"2.50.1 (Apple Git-155)"}
{"event":"def_repo","sid":"20261006T121352.347153Z-Ha9d4ceab-P0001131d","thread":"main","time":"2026-10-06T12:13:52.347706Z","file":"repository.c","line":241,"repo":1,"worktree":"/private/var/folders/f1/2xjyyqkn5plc19fx4nt4tpt00000gn/T/dperf03-git-yr1peE/0"}
{"event":"start","sid":"20261006T121352.347149Z-Ha9d4ceab-P00011317","thread":"main","time":"2026-10-06T12:13:52.347706Z","file":"common-init.c","line":58,"t_abs":0.000973,"argv":["/Library/Developer/CommandLineTools/usr/bin/git","-C","/var/folders/f1/2xjyyqkn5plc19fx4nt4tpt00000gn/T/dperf03-git-yr1peE/0","cat-file","-t","f1e975db65b8f406ee07759e8c3214b33037d801"]}
{"event":"def_repo","sid":"20261006T121352.347147Z-Ha9d4ceab-P00011329","thread":"main","time":"2026-10-06T12:13:52.347835Z","file":"repository.c","line":241,"repo":1,"worktree":"/private/var/folders/f1/2xjyyqkn5plc19fx4nt4tpt00000gn/T/dperf03-git-yr1peE/0"}
{"event":"cmd_name","sid":"20261006T121352.347153Z-Ha9d4ceab-P0001131d","thread":"main","time":"2026-10-06T12:13:52.347849Z","file":"git.c","line":477,"name":"cat-file","hierarchy":"cat-file"}
{"event":"def_repo","sid":"20261006T121352.347149Z-Ha9d4ceab-P00011317","thread":"main","time":"2026-10-06T12:13:52.347863Z","file":"repository.c","line":241,"repo":1,"worktree":"/private/var/folders/f1/2xjyyqkn5plc19fx4nt4tpt00000gn/T/dperf03-git-yr1peE/0"}
{"event":"version","sid":"20261006T121352.347151Z-Ha9d4ceab-P00011323","thread":"main","time":"2026-10-06T12:13:52.347888Z","file":"common-init.c","line":57,"evt":"4","exe":"2.50.1 (Apple Git-155)"}
{"event":"start","sid":"20261006T121352.347151Z-Ha9d4ceab-P00011323","thread":"main","time":"2026-10-06T12:13:52.347896Z","file":"common-init.c","line":58,"t_abs":0.001170,"argv":["/Library/Developer/CommandLineTools/usr/bin/git","-C","/var/folders/f1/2xjyyqkn5plc19fx4nt4tpt00000gn/T/dperf03-git-yr1peE/0","cat-file","-t","f1e975db65b8f406ee07759e8c3214b33037d801"]}
{"event":"cmd_name","sid":"20261006T121352.347147Z-Ha9d4ceab-P00011329","thread":"main","time":"2026-10-06T12:13:52.348007Z","file":"git.c","line":477,"name":"cat-file","hierarchy":"cat-file"}
{"event":"cmd_name","sid":"20261006T121352.347149Z-Ha9d4ceab-P00011317","thread":"main","time":"2026-10-06T12:13:52.348022Z","file":"git.c","line":477,"name":"cat-file","hierarchy":"cat-file"}
{"event":"def_repo","sid":"20261006T121352.347151Z-Ha9d4ceab-P00011323","thread":"main","time":"2026-10-06T12:13:52.348083Z","file":"repository.c","line":241,"repo":1,"worktree":"/private/var/folders/f1/2xjyyqkn5plc19fx4nt4tpt00000gn/T/dperf03-git-yr1peE/0"}
{"event":"cmd_name","sid":"20261006T121352.347151Z-Ha9d4ceab-P00011323","thread":"main","time":"2026-10-06T12:13:52.348220Z","file":"git.c","line":477,"name":"cat-file","hierarchy":"cat-file"}
{"event":"exit","sid":"20261006T121352.347153Z-Ha9d4ceab-P0001131d","thread":"main","time":"2026-10-06T12:13:52.348586Z","file":"git.c","line":747,"t_abs":0.001813,"code":0}
{"event":"atexit","sid":"20261006T121352.347153Z-Ha9d4ceab-P0001131d","thread":"main","time":"2026-10-06T12:13:52.348605Z","file":"trace2/tr2_tgt_event.c","line":207,"t_abs":0.001831,"code":0}
{"event":"exit","sid":"20261006T121352.347147Z-Ha9d4ceab-P00011329","thread":"main","time":"2026-10-06T12:13:52.348689Z","file":"git.c","line":747,"t_abs":0.001947,"code":0}
{"event":"atexit","sid":"20261006T121352.347147Z-Ha9d4ceab-P00011329","thread":"main","time":"2026-10-06T12:13:52.348695Z","file":"trace2/tr2_tgt_event.c","line":207,"t_abs":0.001954,"code":0}
{"event":"exit","sid":"20261006T121352.347149Z-Ha9d4ceab-P00011317","thread":"main","time":"2026-10-06T12:13:52.348712Z","file":"git.c","line":747,"t_abs":0.001978,"code":0}
{"event":"atexit","sid":"20261006T121352.347149Z-Ha9d4ceab-P00011317","thread":"main","time":"2026-10-06T12:13:52.348719Z","file":"trace2/tr2_tgt_event.c","line":207,"t_abs":0.001985,"code":0}
{"event":"exit","sid":"20261006T121352.347151Z-Ha9d4ceab-P00011323","thread":"main","time":"2026-10-06T12:13:52.348940Z","file":"git.c","line":747,"t_abs":0.002213,"code":0}
{"event":"atexit","sid":"20261006T121352.347151Z-Ha9d4ceab-P00011323","thread":"main","time":"2026-10-06T12:13:52.348947Z","file":"trace2/tr2_tgt_event.c","line":207,"t_abs":0.002220,"code":0}
{"event":"version","sid":"20261006T121352.361165Z-Ha9d4ceab-P0001133b","thread":"main","time":"2026-10-06T12:13:52.361520Z","file":"common-init.c","line":57,"evt":"4","exe":"2.50.1 (Apple Git-155)"}
{"event":"start","sid":"20261006T121352.361165Z-Ha9d4ceab-P0001133b","thread":"main","time":"2026-10-06T12:13:52.361539Z","file":"common-init.c","line":58,"t_abs":0.000735,"argv":["/Library/Developer/CommandLineTools/usr/bin/git","-C","/var/folders/f1/2xjyyqkn5plc19fx4nt4tpt00000gn/T/dperf03-git-yr1peE/0","ls-tree","-r","-z","--full-tree","f1e975db65b8f406ee07759e8c3214b33037d801","--",":(literal)sample.txt"]}
{"event":"version","sid":"20261006T121352.361165Z-Ha9d4ceab-P00011341","thread":"main","time":"2026-10-06T12:13:52.361657Z","file":"common-init.c","line":57,"evt":"4","exe":"2.50.1 (Apple Git-155)"}
{"event":"start","sid":"20261006T121352.361165Z-Ha9d4ceab-P00011341","thread":"main","time":"2026-10-06T12:13:52.361670Z","file":"common-init.c","line":58,"t_abs":0.000882,"argv":["/Library/Developer/CommandLineTools/usr/bin/git","-C","/var/folders/f1/2xjyyqkn5plc19fx4nt4tpt00000gn/T/dperf03-git-yr1peE/0","ls-tree","-r","-z","--full-tree","f1e975db65b8f406ee07759e8c3214b33037d801","--",":(literal)sample.txt"]}
{"event":"def_repo","sid":"20261006T121352.361165Z-Ha9d4ceab-P0001133b","thread":"main","time":"2026-10-06T12:13:52.361681Z","file":"repository.c","line":241,"repo":1,"worktree":"/private/var/folders/f1/2xjyyqkn5plc19fx4nt4tpt00000gn/T/dperf03-git-yr1peE/0"}
{"event":"version","sid":"20261006T121352.361163Z-Ha9d4ceab-P0001132f","thread":"main","time":"2026-10-06T12:13:52.361693Z","file":"common-init.c","line":57,"evt":"4","exe":"2.50.1 (Apple Git-155)"}
{"event":"start","sid":"20261006T121352.361163Z-Ha9d4ceab-P0001132f","thread":"main","time":"2026-10-06T12:13:52.361702Z","file":"common-init.c","line":58,"t_abs":0.000909,"argv":["/Library/Developer/CommandLineTools/usr/bin/git","-C","/var/folders/f1/2xjyyqkn5plc19fx4nt4tpt00000gn/T/dperf03-git-yr1peE/0","ls-tree","-r","-z","--full-tree","f1e975db65b8f406ee07759e8c3214b33037d801","--",":(literal)sample.txt"]}
{"event":"cmd_name","sid":"20261006T121352.361165Z-Ha9d4ceab-P0001133b","thread":"main","time":"2026-10-06T12:13:52.361824Z","file":"git.c","line":477,"name":"ls-tree","hierarchy":"ls-tree"}
{"event":"def_repo","sid":"20261006T121352.361165Z-Ha9d4ceab-P00011341","thread":"main","time":"2026-10-06T12:13:52.361828Z","file":"repository.c","line":241,"repo":1,"worktree":"/private/var/folders/f1/2xjyyqkn5plc19fx4nt4tpt00000gn/T/dperf03-git-yr1peE/0"}
{"event":"def_repo","sid":"20261006T121352.361163Z-Ha9d4ceab-P0001132f","thread":"main","time":"2026-10-06T12:13:52.361858Z","file":"repository.c","line":241,"repo":1,"worktree":"/private/var/folders/f1/2xjyyqkn5plc19fx4nt4tpt00000gn/T/dperf03-git-yr1peE/0"}
{"event":"version","sid":"20261006T121352.361161Z-Ha9d4ceab-P00011335","thread":"main","time":"2026-10-06T12:13:52.361897Z","file":"common-init.c","line":57,"evt":"4","exe":"2.50.1 (Apple Git-155)"}
{"event":"start","sid":"20261006T121352.361161Z-Ha9d4ceab-P00011335","thread":"main","time":"2026-10-06T12:13:52.361909Z","file":"common-init.c","line":58,"t_abs":0.001110,"argv":["/Library/Developer/CommandLineTools/usr/bin/git","-C","/var/folders/f1/2xjyyqkn5plc19fx4nt4tpt00000gn/T/dperf03-git-yr1peE/0","ls-tree","-r","-z","--full-tree","f1e975db65b8f406ee07759e8c3214b33037d801","--",":(literal)sample.txt"]}
{"event":"cmd_name","sid":"20261006T121352.361165Z-Ha9d4ceab-P00011341","thread":"main","time":"2026-10-06T12:13:52.361999Z","file":"git.c","line":477,"name":"ls-tree","hierarchy":"ls-tree"}
{"event":"cmd_name","sid":"20261006T121352.361163Z-Ha9d4ceab-P0001132f","thread":"main","time":"2026-10-06T12:13:52.362057Z","file":"git.c","line":477,"name":"ls-tree","hierarchy":"ls-tree"}
{"event":"def_repo","sid":"20261006T121352.361161Z-Ha9d4ceab-P00011335","thread":"main","time":"2026-10-06T12:13:52.362111Z","file":"repository.c","line":241,"repo":1,"worktree":"/private/var/folders/f1/2xjyyqkn5plc19fx4nt4tpt00000gn/T/dperf03-git-yr1peE/0"}
{"event":"cmd_name","sid":"20261006T121352.361161Z-Ha9d4ceab-P00011335","thread":"main","time":"2026-10-06T12:13:52.362241Z","file":"git.c","line":477,"name":"ls-tree","hierarchy":"ls-tree"}
{"event":"exit","sid":"20261006T121352.361165Z-Ha9d4ceab-P0001133b","thread":"main","time":"2026-10-06T12:13:52.362619Z","file":"git.c","line":747,"t_abs":0.001815,"code":0}
{"event":"atexit","sid":"20261006T121352.361165Z-Ha9d4ceab-P0001133b","thread":"main","time":"2026-10-06T12:13:52.362625Z","file":"trace2/tr2_tgt_event.c","line":207,"t_abs":0.001821,"code":0}
{"event":"exit","sid":"20261006T121352.361165Z-Ha9d4ceab-P00011341","thread":"main","time":"2026-10-06T12:13:52.362757Z","file":"git.c","line":747,"t_abs":0.001970,"code":0}
{"event":"atexit","sid":"20261006T121352.361165Z-Ha9d4ceab-P00011341","thread":"main","time":"2026-10-06T12:13:52.362765Z","file":"trace2/tr2_tgt_event.c","line":207,"t_abs":0.001977,"code":0}
{"event":"exit","sid":"20261006T121352.361163Z-Ha9d4ceab-P0001132f","thread":"main","time":"2026-10-06T12:13:52.362801Z","file":"git.c","line":747,"t_abs":0.002008,"code":0}
{"event":"atexit","sid":"20261006T121352.361163Z-Ha9d4ceab-P0001132f","thread":"main","time":"2026-10-06T12:13:52.362809Z","file":"trace2/tr2_tgt_event.c","line":207,"t_abs":0.002015,"code":0}
{"event":"exit","sid":"20261006T121352.361161Z-Ha9d4ceab-P00011335","thread":"main","time":"2026-10-06T12:13:52.362940Z","file":"git.c","line":747,"t_abs":0.002141,"code":0}
{"event":"atexit","sid":"20261006T121352.361161Z-Ha9d4ceab-P00011335","thread":"main","time":"2026-10-06T12:13:52.362947Z","file":"trace2/tr2_tgt_event.c","line":207,"t_abs":0.002148,"code":0}
{"event":"version","sid":"20261006T121352.375187Z-Ha9d4ceab-P00011347","thread":"main","time":"2026-10-06T12:13:52.375549Z","file":"common-init.c","line":57,"evt":"4","exe":"2.50.1 (Apple Git-155)"}
{"event":"start","sid":"20261006T121352.375187Z-Ha9d4ceab-P00011347","thread":"main","time":"2026-10-06T12:13:52.375567Z","file":"common-init.c","line":58,"t_abs":0.000766,"argv":["/Library/Developer/CommandLineTools/usr/bin/git","-C","/var/folders/f1/2xjyyqkn5plc19fx4nt4tpt00000gn/T/dperf03-git-yr1peE/0","merge-base","--is-ancestor","f1e975db65b8f406ee07759e8c3214b33037d801","f1e975db65b8f406ee07759e8c3214b33037d801"]}
{"event":"version","sid":"20261006T121352.375187Z-Ha9d4ceab-P00011359","thread":"main","time":"2026-10-06T12:13:52.375681Z","file":"common-init.c","line":57,"evt":"4","exe":"2.50.1 (Apple Git-155)"}
{"event":"start","sid":"20261006T121352.375187Z-Ha9d4ceab-P00011359","thread":"main","time":"2026-10-06T12:13:52.375692Z","file":"common-init.c","line":58,"t_abs":0.000877,"argv":["/Library/Developer/CommandLineTools/usr/bin/git","-C","/var/folders/f1/2xjyyqkn5plc19fx4nt4tpt00000gn/T/dperf03-git-yr1peE/0","merge-base","--is-ancestor","f1e975db65b8f406ee07759e8c3214b33037d801","f1e975db65b8f406ee07759e8c3214b33037d801"]}
{"event":"def_repo","sid":"20261006T121352.375187Z-Ha9d4ceab-P00011347","thread":"main","time":"2026-10-06T12:13:52.375696Z","file":"repository.c","line":241,"repo":1,"worktree":"/private/var/folders/f1/2xjyyqkn5plc19fx4nt4tpt00000gn/T/dperf03-git-yr1peE/0"}
{"event":"version","sid":"20261006T121352.375190Z-Ha9d4ceab-P00011353","thread":"main","time":"2026-10-06T12:13:52.375709Z","file":"common-init.c","line":57,"evt":"4","exe":"2.50.1 (Apple Git-155)"}
{"event":"start","sid":"20261006T121352.375190Z-Ha9d4ceab-P00011353","thread":"main","time":"2026-10-06T12:13:52.375739Z","file":"common-init.c","line":58,"t_abs":0.000929,"argv":["/Library/Developer/CommandLineTools/usr/bin/git","-C","/var/folders/f1/2xjyyqkn5plc19fx4nt4tpt00000gn/T/dperf03-git-yr1peE/0","merge-base","--is-ancestor","f1e975db65b8f406ee07759e8c3214b33037d801","f1e975db65b8f406ee07759e8c3214b33037d801"]}
{"event":"def_repo","sid":"20261006T121352.375187Z-Ha9d4ceab-P00011359","thread":"main","time":"2026-10-06T12:13:52.375863Z","file":"repository.c","line":241,"repo":1,"worktree":"/private/var/folders/f1/2xjyyqkn5plc19fx4nt4tpt00000gn/T/dperf03-git-yr1peE/0"}
{"event":"def_repo","sid":"20261006T121352.375190Z-Ha9d4ceab-P00011353","thread":"main","time":"2026-10-06T12:13:52.375902Z","file":"repository.c","line":241,"repo":1,"worktree":"/private/var/folders/f1/2xjyyqkn5plc19fx4nt4tpt00000gn/T/dperf03-git-yr1peE/0"}
{"event":"cmd_name","sid":"20261006T121352.375187Z-Ha9d4ceab-P00011347","thread":"main","time":"2026-10-06T12:13:52.375968Z","file":"git.c","line":477,"name":"merge-base","hierarchy":"merge-base"}
{"event":"version","sid":"20261006T121352.375190Z-Ha9d4ceab-P0001134d","thread":"main","time":"2026-10-06T12:13:52.376025Z","file":"common-init.c","line":57,"evt":"4","exe":"2.50.1 (Apple Git-155)"}
{"event":"start","sid":"20261006T121352.375190Z-Ha9d4ceab-P0001134d","thread":"main","time":"2026-10-06T12:13:52.376039Z","file":"common-init.c","line":58,"t_abs":0.001200,"argv":["/Library/Developer/CommandLineTools/usr/bin/git","-C","/var/folders/f1/2xjyyqkn5plc19fx4nt4tpt00000gn/T/dperf03-git-yr1peE/0","merge-base","--is-ancestor","f1e975db65b8f406ee07759e8c3214b33037d801","f1e975db65b8f406ee07759e8c3214b33037d801"]}
{"event":"cmd_name","sid":"20261006T121352.375190Z-Ha9d4ceab-P00011353","thread":"main","time":"2026-10-06T12:13:52.376142Z","file":"git.c","line":477,"name":"merge-base","hierarchy":"merge-base"}
{"event":"cmd_name","sid":"20261006T121352.375187Z-Ha9d4ceab-P00011359","thread":"main","time":"2026-10-06T12:13:52.376158Z","file":"git.c","line":477,"name":"merge-base","hierarchy":"merge-base"}
{"event":"def_repo","sid":"20261006T121352.375190Z-Ha9d4ceab-P0001134d","thread":"main","time":"2026-10-06T12:13:52.376326Z","file":"repository.c","line":241,"repo":1,"worktree":"/private/var/folders/f1/2xjyyqkn5plc19fx4nt4tpt00000gn/T/dperf03-git-yr1peE/0"}
{"event":"cmd_name","sid":"20261006T121352.375190Z-Ha9d4ceab-P0001134d","thread":"main","time":"2026-10-06T12:13:52.376479Z","file":"git.c","line":477,"name":"merge-base","hierarchy":"merge-base"}
{"event":"exit","sid":"20261006T121352.375190Z-Ha9d4ceab-P00011353","thread":"main","time":"2026-10-06T12:13:52.377123Z","file":"git.c","line":747,"t_abs":0.002313,"code":0}
{"event":"atexit","sid":"20261006T121352.375190Z-Ha9d4ceab-P00011353","thread":"main","time":"2026-10-06T12:13:52.377130Z","file":"trace2/tr2_tgt_event.c","line":207,"t_abs":0.002320,"code":0}
{"event":"exit","sid":"20261006T121352.375187Z-Ha9d4ceab-P00011359","thread":"main","time":"2026-10-06T12:13:52.377179Z","file":"git.c","line":747,"t_abs":0.002362,"code":0}
{"event":"atexit","sid":"20261006T121352.375187Z-Ha9d4ceab-P00011359","thread":"main","time":"2026-10-06T12:13:52.377194Z","file":"trace2/tr2_tgt_event.c","line":207,"t_abs":0.002379,"code":0}
{"event":"exit","sid":"20261006T121352.375187Z-Ha9d4ceab-P00011347","thread":"main","time":"2026-10-06T12:13:52.377199Z","file":"git.c","line":747,"t_abs":0.002396,"code":0}
{"event":"atexit","sid":"20261006T121352.375187Z-Ha9d4ceab-P00011347","thread":"main","time":"2026-10-06T12:13:52.377233Z","file":"trace2/tr2_tgt_event.c","line":207,"t_abs":0.002431,"code":0}
{"event":"exit","sid":"20261006T121352.375190Z-Ha9d4ceab-P0001134d","thread":"main","time":"2026-10-06T12:13:52.377206Z","file":"git.c","line":747,"t_abs":0.002367,"code":0}
{"event":"atexit","sid":"20261006T121352.375190Z-Ha9d4ceab-P0001134d","thread":"main","time":"2026-10-06T12:13:52.377248Z","file":"trace2/tr2_tgt_event.c","line":207,"t_abs":0.002409,"code":0}
{"event":"version","sid":"20261006T121352.390565Z-Ha9d4ceab-P0001136b","thread":"main","time":"2026-10-06T12:13:52.390944Z","file":"common-init.c","line":57,"evt":"4","exe":"2.50.1 (Apple Git-155)"}
{"event":"start","sid":"20261006T121352.390565Z-Ha9d4ceab-P0001136b","thread":"main","time":"2026-10-06T12:13:52.390963Z","file":"common-init.c","line":58,"t_abs":0.000776,"argv":["/Library/Developer/CommandLineTools/usr/bin/git","-C","/var/folders/f1/2xjyyqkn5plc19fx4nt4tpt00000gn/T/dperf03-git-yr1peE/0","ls-files","--others","--exclude-standard","-z"]}
{"event":"version","sid":"20261006T121352.390568Z-Ha9d4ceab-P00011371","thread":"main","time":"2026-10-06T12:13:52.391071Z","file":"common-init.c","line":57,"evt":"4","exe":"2.50.1 (Apple Git-155)"}
{"event":"start","sid":"20261006T121352.390568Z-Ha9d4ceab-P00011371","thread":"main","time":"2026-10-06T12:13:52.391083Z","file":"common-init.c","line":58,"t_abs":0.000902,"argv":["/Library/Developer/CommandLineTools/usr/bin/git","-C","/var/folders/f1/2xjyyqkn5plc19fx4nt4tpt00000gn/T/dperf03-git-yr1peE/0","cat-file","-t","f1e975db65b8f406ee07759e8c3214b33037d801"]}
{"event":"def_repo","sid":"20261006T121352.390565Z-Ha9d4ceab-P0001136b","thread":"main","time":"2026-10-06T12:13:52.391100Z","file":"repository.c","line":241,"repo":1,"worktree":"/private/var/folders/f1/2xjyyqkn5plc19fx4nt4tpt00000gn/T/dperf03-git-yr1peE/0"}
{"event":"version","sid":"20261006T121352.390567Z-Ha9d4ceab-P0001135f","thread":"main","time":"2026-10-06T12:13:52.391104Z","file":"common-init.c","line":57,"evt":"4","exe":"2.50.1 (Apple Git-155)"}
{"event":"start","sid":"20261006T121352.390567Z-Ha9d4ceab-P0001135f","thread":"main","time":"2026-10-06T12:13:52.391114Z","file":"common-init.c","line":58,"t_abs":0.000916,"argv":["/Library/Developer/CommandLineTools/usr/bin/git","-C","/var/folders/f1/2xjyyqkn5plc19fx4nt4tpt00000gn/T/dperf03-git-yr1peE/0","cat-file","-t","f1e975db65b8f406ee07759e8c3214b33037d801"]}
{"event":"def_repo","sid":"20261006T121352.390568Z-Ha9d4ceab-P00011371","thread":"main","time":"2026-10-06T12:13:52.391233Z","file":"repository.c","line":241,"repo":1,"worktree":"/private/var/folders/f1/2xjyyqkn5plc19fx4nt4tpt00000gn/T/dperf03-git-yr1peE/0"}
{"event":"cmd_name","sid":"20261006T121352.390565Z-Ha9d4ceab-P0001136b","thread":"main","time":"2026-10-06T12:13:52.391235Z","file":"git.c","line":477,"name":"ls-files","hierarchy":"ls-files"}
{"event":"def_repo","sid":"20261006T121352.390567Z-Ha9d4ceab-P0001135f","thread":"main","time":"2026-10-06T12:13:52.391265Z","file":"repository.c","line":241,"repo":1,"worktree":"/private/var/folders/f1/2xjyyqkn5plc19fx4nt4tpt00000gn/T/dperf03-git-yr1peE/0"}
{"event":"version","sid":"20261006T121352.390566Z-Ha9d4ceab-P00011365","thread":"main","time":"2026-10-06T12:13:52.391293Z","file":"common-init.c","line":57,"evt":"4","exe":"2.50.1 (Apple Git-155)"}
{"event":"start","sid":"20261006T121352.390566Z-Ha9d4ceab-P00011365","thread":"main","time":"2026-10-06T12:13:52.391301Z","file":"common-init.c","line":58,"t_abs":0.001108,"argv":["/Library/Developer/CommandLineTools/usr/bin/git","-C","/var/folders/f1/2xjyyqkn5plc19fx4nt4tpt00000gn/T/dperf03-git-yr1peE/0","diff","--name-only","-z","--no-renames","f1e975db65b8f406ee07759e8c3214b33037d801","--"]}
{"event":"cmd_name","sid":"20261006T121352.390566Z-Ha9d4ceab-P00011365","thread":"main","time":"2026-10-06T12:13:52.391355Z","file":"git.c","line":477,"name":"diff","hierarchy":"diff"}
{"event":"region_enter","sid":"20261006T121352.390565Z-Ha9d4ceab-P0001136b","thread":"main","time":"2026-10-06T12:13:52.391381Z","file":"read-cache.c","line":2357,"repo":1,"nesting":1,"category":"index","label":"do_read_index","msg":".git/index"}
{"event":"cmd_name","sid":"20261006T121352.390568Z-Ha9d4ceab-P00011371","thread":"main","time":"2026-10-06T12:13:52.391385Z","file":"git.c","line":477,"name":"cat-file","hierarchy":"cat-file"}
{"event":"cmd_name","sid":"20261006T121352.390567Z-Ha9d4ceab-P0001135f","thread":"main","time":"2026-10-06T12:13:52.391435Z","file":"git.c","line":477,"name":"cat-file","hierarchy":"cat-file"}
{"event":"region_enter","sid":"20261006T121352.390565Z-Ha9d4ceab-P0001136b","thread":"main","time":"2026-10-06T12:13:52.391441Z","file":"cache-tree.c","line":643,"repo":1,"nesting":2,"category":"cache_tree","label":"read"}
{"event":"region_leave","sid":"20261006T121352.390565Z-Ha9d4ceab-P0001136b","thread":"main","time":"2026-10-06T12:13:52.391449Z","file":"cache-tree.c","line":645,"repo":1,"t_rel":0.000008,"nesting":2,"category":"cache_tree","label":"read"}
{"event":"data","sid":"20261006T121352.390565Z-Ha9d4ceab-P0001136b","thread":"main","time":"2026-10-06T12:13:52.391457Z","file":"read-cache.c","line":2306,"repo":1,"t_abs":0.001271,"t_rel":0.000076,"nesting":2,"category":"index","key":"read/version","value":"2"}
{"event":"data","sid":"20261006T121352.390565Z-Ha9d4ceab-P0001136b","thread":"main","time":"2026-10-06T12:13:52.391467Z","file":"read-cache.c","line":2308,"repo":1,"t_abs":0.001280,"t_rel":0.000085,"nesting":2,"category":"index","key":"read/cache_nr","value":"1"}
{"event":"region_leave","sid":"20261006T121352.390565Z-Ha9d4ceab-P0001136b","thread":"main","time":"2026-10-06T12:13:52.391479Z","file":"read-cache.c","line":2362,"repo":1,"t_rel":0.000098,"nesting":1,"category":"index","label":"do_read_index","msg":".git/index"}
{"event":"def_repo","sid":"20261006T121352.390566Z-Ha9d4ceab-P00011365","thread":"main","time":"2026-10-06T12:13:52.391533Z","file":"repository.c","line":241,"repo":1,"worktree":"/private/var/folders/f1/2xjyyqkn5plc19fx4nt4tpt00000gn/T/dperf03-git-yr1peE/0"}
{"event":"region_enter","sid":"20261006T121352.390565Z-Ha9d4ceab-P0001136b","thread":"main","time":"2026-10-06T12:13:52.391607Z","file":"dir.c","line":3090,"repo":1,"nesting":1,"category":"dir","label":"read_directory"}
{"event":"region_enter","sid":"20261006T121352.390565Z-Ha9d4ceab-P0001136b","thread":"main","time":"2026-10-06T12:13:52.392082Z","file":"name-hash.c","line":597,"repo":1,"nesting":2,"category":"index","label":"name-hash-init"}
{"event":"region_leave","sid":"20261006T121352.390565Z-Ha9d4ceab-P0001136b","thread":"main","time":"2026-10-06T12:13:52.392092Z","file":"name-hash.c","line":618,"repo":1,"t_rel":0.000011,"nesting":2,"category":"index","label":"name-hash-init"}
{"event":"data","sid":"20261006T121352.390565Z-Ha9d4ceab-P0001136b","thread":"main","time":"2026-10-06T12:13:52.392099Z","file":"dir.c","line":3058,"repo":1,"t_abs":0.001912,"t_rel":0.000491,"nesting":2,"category":"read_directory","key":"path","value":""}
{"event":"data","sid":"20261006T121352.390565Z-Ha9d4ceab-P0001136b","thread":"main","time":"2026-10-06T12:13:52.392105Z","file":"dir.c","line":3067,"repo":1,"t_abs":0.001918,"t_rel":0.000497,"nesting":2,"category":"read_directory","key":"directories-visited","value":"1"}
{"event":"data","sid":"20261006T121352.390565Z-Ha9d4ceab-P0001136b","thread":"main","time":"2026-10-06T12:13:52.392111Z","file":"dir.c","line":3069,"repo":1,"t_abs":0.001924,"t_rel":0.000503,"nesting":2,"category":"read_directory","key":"paths-visited","value":"2"}
{"event":"region_leave","sid":"20261006T121352.390565Z-Ha9d4ceab-P0001136b","thread":"main","time":"2026-10-06T12:13:52.392115Z","file":"dir.c","line":3113,"repo":1,"t_rel":0.000508,"nesting":1,"category":"dir","label":"read_directory"}
{"event":"exit","sid":"20261006T121352.390565Z-Ha9d4ceab-P0001136b","thread":"main","time":"2026-10-06T12:13:52.392123Z","file":"git.c","line":747,"t_abs":0.001936,"code":0}
{"event":"atexit","sid":"20261006T121352.390565Z-Ha9d4ceab-P0001136b","thread":"main","time":"2026-10-06T12:13:52.392127Z","file":"trace2/tr2_tgt_event.c","line":207,"t_abs":0.001940,"code":0}
{"event":"exit","sid":"20261006T121352.390567Z-Ha9d4ceab-P0001135f","thread":"main","time":"2026-10-06T12:13:52.392215Z","file":"git.c","line":747,"t_abs":0.002015,"code":0}
{"event":"exit","sid":"20261006T121352.390568Z-Ha9d4ceab-P00011371","thread":"main","time":"2026-10-06T12:13:52.392241Z","file":"git.c","line":747,"t_abs":0.002046,"code":0}
{"event":"atexit","sid":"20261006T121352.390567Z-Ha9d4ceab-P0001135f","thread":"main","time":"2026-10-06T12:13:52.392259Z","file":"trace2/tr2_tgt_event.c","line":207,"t_abs":0.002060,"code":0}
{"event":"atexit","sid":"20261006T121352.390568Z-Ha9d4ceab-P00011371","thread":"main","time":"2026-10-06T12:13:52.392270Z","file":"trace2/tr2_tgt_event.c","line":207,"t_abs":0.002087,"code":0}
{"event":"region_enter","sid":"20261006T121352.390566Z-Ha9d4ceab-P00011365","thread":"main","time":"2026-10-06T12:13:52.392497Z","file":"read-cache.c","line":2357,"repo":1,"nesting":1,"category":"index","label":"do_read_index","msg":".git/index"}
{"event":"region_enter","sid":"20261006T121352.390566Z-Ha9d4ceab-P00011365","thread":"main","time":"2026-10-06T12:13:52.392529Z","file":"cache-tree.c","line":643,"repo":1,"nesting":2,"category":"cache_tree","label":"read"}
{"event":"region_leave","sid":"20261006T121352.390566Z-Ha9d4ceab-P00011365","thread":"main","time":"2026-10-06T12:13:52.392537Z","file":"cache-tree.c","line":645,"repo":1,"t_rel":0.000008,"nesting":2,"category":"cache_tree","label":"read"}
{"event":"data","sid":"20261006T121352.390566Z-Ha9d4ceab-P00011365","thread":"main","time":"2026-10-06T12:13:52.392546Z","file":"read-cache.c","line":2306,"repo":1,"t_abs":0.002353,"t_rel":0.000048,"nesting":2,"category":"index","key":"read/version","value":"2"}
{"event":"data","sid":"20261006T121352.390566Z-Ha9d4ceab-P00011365","thread":"main","time":"2026-10-06T12:13:52.392553Z","file":"read-cache.c","line":2308,"repo":1,"t_abs":0.002360,"t_rel":0.000055,"nesting":2,"category":"index","key":"read/cache_nr","value":"1"}
{"event":"region_leave","sid":"20261006T121352.390566Z-Ha9d4ceab-P00011365","thread":"main","time":"2026-10-06T12:13:52.392558Z","file":"read-cache.c","line":2362,"repo":1,"t_rel":0.000060,"nesting":1,"category":"index","label":"do_read_index","msg":".git/index"}
{"event":"region_enter","sid":"20261006T121352.390566Z-Ha9d4ceab-P00011365","thread":"main","time":"2026-10-06T12:13:52.392602Z","file":"unpack-trees.c","line":1905,"repo":1,"nesting":1,"category":"unpack_trees","label":"unpack_trees"}
{"event":"region_enter","sid":"20261006T121352.390566Z-Ha9d4ceab-P00011365","thread":"main","time":"2026-10-06T12:13:52.392682Z","file":"unpack-trees.c","line":2009,"repo":1,"nesting":2,"category":"unpack_trees","label":"traverse_trees"}
{"event":"region_leave","sid":"20261006T121352.390566Z-Ha9d4ceab-P00011365","thread":"main","time":"2026-10-06T12:13:52.392786Z","file":"unpack-trees.c","line":2011,"repo":1,"t_rel":0.000106,"nesting":2,"category":"unpack_trees","label":"traverse_trees"}
{"event":"region_leave","sid":"20261006T121352.390566Z-Ha9d4ceab-P00011365","thread":"main","time":"2026-10-06T12:13:52.392796Z","file":"unpack-trees.c","line":2108,"repo":1,"t_rel":0.000196,"nesting":1,"category":"unpack_trees","label":"unpack_trees"}
{"event":"exit","sid":"20261006T121352.390566Z-Ha9d4ceab-P00011365","thread":"main","time":"2026-10-06T12:13:52.392810Z","file":"git.c","line":747,"t_abs":0.002618,"code":0}
{"event":"data_json","sid":"20261006T121352.390566Z-Ha9d4ceab-P00011365","thread":"main","time":"2026-10-06T12:13:52.392818Z","file":"tree-walk.c","line":186,"repo":1,"t_abs":0.002625,"t_rel":0.002625,"nesting":1,"category":"traverse_trees","key":"statistics","value":{"traverse_trees_count":1,"traverse_trees_max_depth":1}}
{"event":"atexit","sid":"20261006T121352.390566Z-Ha9d4ceab-P00011365","thread":"main","time":"2026-10-06T12:13:52.392823Z","file":"trace2/tr2_tgt_event.c","line":207,"t_abs":0.002631,"code":0}
{"event":"version","sid":"20261006T121352.404681Z-Ha9d4ceab-P0001137d","thread":"main","time":"2026-10-06T12:13:52.404993Z","file":"common-init.c","line":57,"evt":"4","exe":"2.50.1 (Apple Git-155)"}
{"event":"start","sid":"20261006T121352.404681Z-Ha9d4ceab-P0001137d","thread":"main","time":"2026-10-06T12:13:52.405031Z","file":"common-init.c","line":58,"t_abs":0.000706,"argv":["/Library/Developer/CommandLineTools/usr/bin/git","-C","/var/folders/f1/2xjyyqkn5plc19fx4nt4tpt00000gn/T/dperf03-git-yr1peE/0","cat-file","-t","f1e975db65b8f406ee07759e8c3214b33037d801"]}
{"event":"version","sid":"20261006T121352.404683Z-Ha9d4ceab-P00011389","thread":"main","time":"2026-10-06T12:13:52.405130Z","file":"common-init.c","line":57,"evt":"4","exe":"2.50.1 (Apple Git-155)"}
{"event":"start","sid":"20261006T121352.404683Z-Ha9d4ceab-P00011389","thread":"main","time":"2026-10-06T12:13:52.405140Z","file":"common-init.c","line":58,"t_abs":0.000792,"argv":["/Library/Developer/CommandLineTools/usr/bin/git","-C","/var/folders/f1/2xjyyqkn5plc19fx4nt4tpt00000gn/T/dperf03-git-yr1peE/0","ls-tree","-r","-z","--full-tree","f1e975db65b8f406ee07759e8c3214b33037d801","--",":(literal)sample.txt"]}
{"event":"version","sid":"20261006T121352.404682Z-Ha9d4ceab-P00011377","thread":"main","time":"2026-10-06T12:13:52.405156Z","file":"common-init.c","line":57,"evt":"4","exe":"2.50.1 (Apple Git-155)"}
{"event":"def_repo","sid":"20261006T121352.404681Z-Ha9d4ceab-P0001137d","thread":"main","time":"2026-10-06T12:13:52.405166Z","file":"repository.c","line":241,"repo":1,"worktree":"/private/var/folders/f1/2xjyyqkn5plc19fx4nt4tpt00000gn/T/dperf03-git-yr1peE/0"}
{"event":"start","sid":"20261006T121352.404682Z-Ha9d4ceab-P00011377","thread":"main","time":"2026-10-06T12:13:52.405165Z","file":"common-init.c","line":58,"t_abs":0.000835,"argv":["/Library/Developer/CommandLineTools/usr/bin/git","-C","/var/folders/f1/2xjyyqkn5plc19fx4nt4tpt00000gn/T/dperf03-git-yr1peE/0","cat-file","-t","f1e975db65b8f406ee07759e8c3214b33037d801"]}
{"event":"def_repo","sid":"20261006T121352.404683Z-Ha9d4ceab-P00011389","thread":"main","time":"2026-10-06T12:13:52.405293Z","file":"repository.c","line":241,"repo":1,"worktree":"/private/var/folders/f1/2xjyyqkn5plc19fx4nt4tpt00000gn/T/dperf03-git-yr1peE/0"}
{"event":"cmd_name","sid":"20261006T121352.404681Z-Ha9d4ceab-P0001137d","thread":"main","time":"2026-10-06T12:13:52.405307Z","file":"git.c","line":477,"name":"cat-file","hierarchy":"cat-file"}
{"event":"def_repo","sid":"20261006T121352.404682Z-Ha9d4ceab-P00011377","thread":"main","time":"2026-10-06T12:13:52.405322Z","file":"repository.c","line":241,"repo":1,"worktree":"/private/var/folders/f1/2xjyyqkn5plc19fx4nt4tpt00000gn/T/dperf03-git-yr1peE/0"}
{"event":"version","sid":"20261006T121352.404683Z-Ha9d4ceab-P00011383","thread":"main","time":"2026-10-06T12:13:52.405352Z","file":"common-init.c","line":57,"evt":"4","exe":"2.50.1 (Apple Git-155)"}
{"event":"start","sid":"20261006T121352.404683Z-Ha9d4ceab-P00011383","thread":"main","time":"2026-10-06T12:13:52.405361Z","file":"common-init.c","line":58,"t_abs":0.001025,"argv":["/Library/Developer/CommandLineTools/usr/bin/git","-C","/var/folders/f1/2xjyyqkn5plc19fx4nt4tpt00000gn/T/dperf03-git-yr1peE/0","rev-parse","HEAD"]}
{"event":"cmd_name","sid":"20261006T121352.404683Z-Ha9d4ceab-P00011383","thread":"main","time":"2026-10-06T12:13:52.405412Z","file":"git.c","line":477,"name":"rev-parse","hierarchy":"rev-parse"}
{"event":"cmd_name","sid":"20261006T121352.404683Z-Ha9d4ceab-P00011389","thread":"main","time":"2026-10-06T12:13:52.405466Z","file":"git.c","line":477,"name":"ls-tree","hierarchy":"ls-tree"}
{"event":"cmd_name","sid":"20261006T121352.404682Z-Ha9d4ceab-P00011377","thread":"main","time":"2026-10-06T12:13:52.405475Z","file":"git.c","line":477,"name":"cat-file","hierarchy":"cat-file"}
{"event":"def_repo","sid":"20261006T121352.404683Z-Ha9d4ceab-P00011383","thread":"main","time":"2026-10-06T12:13:52.405550Z","file":"repository.c","line":241,"repo":1,"worktree":"/private/var/folders/f1/2xjyyqkn5plc19fx4nt4tpt00000gn/T/dperf03-git-yr1peE/0"}
{"event":"exit","sid":"20261006T121352.404683Z-Ha9d4ceab-P00011383","thread":"main","time":"2026-10-06T12:13:52.405741Z","file":"git.c","line":747,"t_abs":0.001405,"code":0}
{"event":"atexit","sid":"20261006T121352.404683Z-Ha9d4ceab-P00011383","thread":"main","time":"2026-10-06T12:13:52.405763Z","file":"trace2/tr2_tgt_event.c","line":207,"t_abs":0.001426,"code":0}
{"event":"exit","sid":"20261006T121352.404681Z-Ha9d4ceab-P0001137d","thread":"main","time":"2026-10-06T12:13:52.406039Z","file":"git.c","line":747,"t_abs":0.001714,"code":0}
{"event":"atexit","sid":"20261006T121352.404681Z-Ha9d4ceab-P0001137d","thread":"main","time":"2026-10-06T12:13:52.406045Z","file":"trace2/tr2_tgt_event.c","line":207,"t_abs":0.001720,"code":0}
{"event":"exit","sid":"20261006T121352.404682Z-Ha9d4ceab-P00011377","thread":"main","time":"2026-10-06T12:13:52.406147Z","file":"git.c","line":747,"t_abs":0.001816,"code":0}
{"event":"atexit","sid":"20261006T121352.404682Z-Ha9d4ceab-P00011377","thread":"main","time":"2026-10-06T12:13:52.406154Z","file":"trace2/tr2_tgt_event.c","line":207,"t_abs":0.001823,"code":0}
{"event":"exit","sid":"20261006T121352.404683Z-Ha9d4ceab-P00011389","thread":"main","time":"2026-10-06T12:13:52.406211Z","file":"git.c","line":747,"t_abs":0.001863,"code":0}
{"event":"atexit","sid":"20261006T121352.404683Z-Ha9d4ceab-P00011389","thread":"main","time":"2026-10-06T12:13:52.406218Z","file":"trace2/tr2_tgt_event.c","line":207,"t_abs":0.001870,"code":0}
{"event":"version","sid":"20261006T121352.417519Z-Ha9d4ceab-P0001138f","thread":"main","time":"2026-10-06T12:13:52.417846Z","file":"common-init.c","line":57,"evt":"4","exe":"2.50.1 (Apple Git-155)"}
{"event":"start","sid":"20261006T121352.417519Z-Ha9d4ceab-P0001138f","thread":"main","time":"2026-10-06T12:13:52.417864Z","file":"common-init.c","line":58,"t_abs":0.000630,"argv":["/Library/Developer/CommandLineTools/usr/bin/git","-C","/var/folders/f1/2xjyyqkn5plc19fx4nt4tpt00000gn/T/dperf03-git-yr1peE/0","ls-tree","-r","-z","--full-tree","f1e975db65b8f406ee07759e8c3214b33037d801","--",":(literal)sample.txt"]}
{"event":"def_repo","sid":"20261006T121352.417519Z-Ha9d4ceab-P0001138f","thread":"main","time":"2026-10-06T12:13:52.417991Z","file":"repository.c","line":241,"repo":1,"worktree":"/private/var/folders/f1/2xjyyqkn5plc19fx4nt4tpt00000gn/T/dperf03-git-yr1peE/0"}
{"event":"version","sid":"20261006T121352.417540Z-Ha9d4ceab-P0001139b","thread":"main","time":"2026-10-06T12:13:52.417996Z","file":"common-init.c","line":57,"evt":"4","exe":"2.50.1 (Apple Git-155)"}
{"event":"start","sid":"20261006T121352.417540Z-Ha9d4ceab-P0001139b","thread":"main","time":"2026-10-06T12:13:52.418004Z","file":"common-init.c","line":58,"t_abs":0.000763,"argv":["/Library/Developer/CommandLineTools/usr/bin/git","-C","/var/folders/f1/2xjyyqkn5plc19fx4nt4tpt00000gn/T/dperf03-git-yr1peE/0","ls-tree","-r","-z","--full-tree","f1e975db65b8f406ee07759e8c3214b33037d801","--",":(literal)sample.txt"]}
{"event":"version","sid":"20261006T121352.417564Z-Ha9d4ceab-P00011395","thread":"main","time":"2026-10-06T12:13:52.418027Z","file":"common-init.c","line":57,"evt":"4","exe":"2.50.1 (Apple Git-155)"}
{"event":"start","sid":"20261006T121352.417564Z-Ha9d4ceab-P00011395","thread":"main","time":"2026-10-06T12:13:52.418037Z","file":"common-init.c","line":58,"t_abs":0.000809,"argv":["/Library/Developer/CommandLineTools/usr/bin/git","-C","/var/folders/f1/2xjyyqkn5plc19fx4nt4tpt00000gn/T/dperf03-git-yr1peE/0","ls-tree","-r","-z","--full-tree","f1e975db65b8f406ee07759e8c3214b33037d801","--",":(literal)sample.txt"]}
{"event":"cmd_name","sid":"20261006T121352.417519Z-Ha9d4ceab-P0001138f","thread":"main","time":"2026-10-06T12:13:52.418123Z","file":"git.c","line":477,"name":"ls-tree","hierarchy":"ls-tree"}
{"event":"def_repo","sid":"20261006T121352.417540Z-Ha9d4ceab-P0001139b","thread":"main","time":"2026-10-06T12:13:52.418155Z","file":"repository.c","line":241,"repo":1,"worktree":"/private/var/folders/f1/2xjyyqkn5plc19fx4nt4tpt00000gn/T/dperf03-git-yr1peE/0"}
{"event":"def_repo","sid":"20261006T121352.417564Z-Ha9d4ceab-P00011395","thread":"main","time":"2026-10-06T12:13:52.418199Z","file":"repository.c","line":241,"repo":1,"worktree":"/private/var/folders/f1/2xjyyqkn5plc19fx4nt4tpt00000gn/T/dperf03-git-yr1peE/0"}
{"event":"cmd_name","sid":"20261006T121352.417540Z-Ha9d4ceab-P0001139b","thread":"main","time":"2026-10-06T12:13:52.418292Z","file":"git.c","line":477,"name":"ls-tree","hierarchy":"ls-tree"}
{"event":"cmd_name","sid":"20261006T121352.417564Z-Ha9d4ceab-P00011395","thread":"main","time":"2026-10-06T12:13:52.418344Z","file":"git.c","line":477,"name":"ls-tree","hierarchy":"ls-tree"}
{"event":"exit","sid":"20261006T121352.417519Z-Ha9d4ceab-P0001138f","thread":"main","time":"2026-10-06T12:13:52.418924Z","file":"git.c","line":747,"t_abs":0.001690,"code":0}
{"event":"atexit","sid":"20261006T121352.417519Z-Ha9d4ceab-P0001138f","thread":"main","time":"2026-10-06T12:13:52.418931Z","file":"trace2/tr2_tgt_event.c","line":207,"t_abs":0.001697,"code":0}
{"event":"exit","sid":"20261006T121352.417540Z-Ha9d4ceab-P0001139b","thread":"main","time":"2026-10-06T12:13:52.418993Z","file":"git.c","line":747,"t_abs":0.001751,"code":0}
{"event":"atexit","sid":"20261006T121352.417540Z-Ha9d4ceab-P0001139b","thread":"main","time":"2026-10-06T12:13:52.419000Z","file":"trace2/tr2_tgt_event.c","line":207,"t_abs":0.001758,"code":0}
{"event":"exit","sid":"20261006T121352.417564Z-Ha9d4ceab-P00011395","thread":"main","time":"2026-10-06T12:13:52.419044Z","file":"git.c","line":747,"t_abs":0.001815,"code":0}
{"event":"atexit","sid":"20261006T121352.417564Z-Ha9d4ceab-P00011395","thread":"main","time":"2026-10-06T12:13:52.419051Z","file":"trace2/tr2_tgt_event.c","line":207,"t_abs":0.001823,"code":0}
