{"event":"version","sid":"20261006T121352.430864Z-Ha9d4ceab-P000113a1","thread":"main","time":"2026-10-06T12:13:52.431182Z","file":"common-init.c","line":57,"evt":"4","exe":"2.50.1 (Apple Git-155)"}
{"event":"start","sid":"20261006T121352.430864Z-Ha9d4ceab-P000113a1","thread":"main","time":"2026-10-06T12:13:52.431207Z","file":"common-init.c","line":58,"t_abs":0.000689,"argv":["/Library/Developer/CommandLineTools/usr/bin/git","-C","/var/folders/f1/2xjyyqkn5plc19fx4nt4tpt00000gn/T/dperf03-git-yr1peE/0","diff","--name-only","-z","--no-renames","f1e975db65b8f406ee07759e8c3214b33037d801","--"]}
{"event":"cmd_name","sid":"20261006T121352.430864Z-Ha9d4ceab-P000113a1","thread":"main","time":"2026-10-06T12:13:52.431262Z","file":"git.c","line":477,"name":"diff","hierarchy":"diff"}
{"event":"version","sid":"20261006T121352.430862Z-Ha9d4ceab-P000113a7","thread":"main","time":"2026-10-06T12:13:52.431323Z","file":"common-init.c","line":57,"evt":"4","exe":"2.50.1 (Apple Git-155)"}
{"event":"start","sid":"20261006T121352.430862Z-Ha9d4ceab-P000113a7","thread":"main","time":"2026-10-06T12:13:52.431331Z","file":"common-init.c","line":58,"t_abs":0.000819,"argv":["/Library/Developer/CommandLineTools/usr/bin/git","-C","/var/folders/f1/2xjyyqkn5plc19fx4nt4tpt00000gn/T/dperf03-git-yr1peE/0","ls-files","--others","--exclude-standard","-z"]}
{"event":"def_repo","sid":"20261006T121352.430864Z-Ha9d4ceab-P000113a1","thread":"main","time":"2026-10-06T12:13:52.431370Z","file":"repository.c","line":241,"repo":1,"worktree":"/private/var/folders/f1/2xjyyqkn5plc19fx4nt4tpt00000gn/T/dperf03-git-yr1peE/0"}
{"event":"def_repo","sid":"20261006T121352.430862Z-Ha9d4ceab-P000113a7","thread":"main","time":"2026-10-06T12:13:52.431478Z","file":"repository.c","line":241,"repo":1,"worktree":"/private/var/folders/f1/2xjyyqkn5plc19fx4nt4tpt00000gn/T/dperf03-git-yr1peE/0"}
{"event":"cmd_name","sid":"20261006T121352.430862Z-Ha9d4ceab-P000113a7","thread":"main","time":"2026-10-06T12:13:52.431613Z","file":"git.c","line":477,"name":"ls-files","hierarchy":"ls-files"}
{"event":"region_enter","sid":"20261006T121352.430862Z-Ha9d4ceab-P000113a7","thread":"main","time":"2026-10-06T12:13:52.431723Z","file":"read-cache.c","line":2357,"repo":1,"nesting":1,"category":"index","label":"do_read_index","msg":".git/index"}
{"event":"region_enter","sid":"20261006T121352.430862Z-Ha9d4ceab-P000113a7","thread":"main","time":"2026-10-06T12:13:52.431759Z","file":"cache-tree.c","line":643,"repo":1,"nesting":2,"category":"cache_tree","label":"read"}
{"event":"region_leave","sid":"20261006T121352.430862Z-Ha9d4ceab-P000113a7","thread":"main","time":"2026-10-06T12:13:52.431766Z","file":"cache-tree.c","line":645,"repo":1,"t_rel":0.000007,"nesting":2,"category":"cache_tree","label":"read"}
{"event":"data","sid":"20261006T121352.430862Z-Ha9d4ceab-P000113a7","thread":"main","time":"2026-10-06T12:13:52.431775Z","file":"read-cache.c","line":2306,"repo":1,"t_abs":0.001264,"t_rel":0.000053,"nesting":2,"category":"index","key":"read/version","value":"2"}
{"event":"data","sid":"20261006T121352.430862Z-Ha9d4ceab-P000113a7","thread":"main","time":"2026-10-06T12:13:52.431782Z","file":"read-cache.c","line":2308,"repo":1,"t_abs":0.001271,"t_rel":0.000060,"nesting":2,"category":"index","key":"read/cache_nr","value":"1"}
{"event":"region_leave","sid":"20261006T121352.430862Z-Ha9d4ceab-P000113a7","thread":"main","time":"2026-10-06T12:13:52.431788Z","file":"read-cache.c","line":2362,"repo":1,"t_rel":0.000066,"nesting":1,"category":"index","label":"do_read_index","msg":".git/index"}
{"event":"region_enter","sid":"20261006T121352.430862Z-Ha9d4ceab-P000113a7","thread":"main","time":"2026-10-06T12:13:52.431869Z","file":"dir.c","line":3090,"repo":1,"nesting":1,"category":"dir","label":"read_directory"}
{"event":"region_enter","sid":"20261006T121352.430864Z-Ha9d4ceab-P000113a1","thread":"main","time":"2026-10-06T12:13:52.432230Z","file":"read-cache.c","line":2357,"repo":1,"nesting":1,"category":"index","label":"do_read_index","msg":".git/index"}
{"event":"region_enter","sid":"20261006T121352.430864Z-Ha9d4ceab-P000113a1","thread":"main","time":"2026-10-06T12:13:52.432255Z","file":"cache-tree.c","line":643,"repo":1,"nesting":2,"category":"cache_tree","label":"read"}
{"event":"region_enter","sid":"20261006T121352.430862Z-Ha9d4ceab-P000113a7","thread":"main","time":"2026-10-06T12:13:52.432264Z","file":"name-hash.c","line":597,"repo":1,"nesting":2,"category":"index","label":"name-hash-init"}
{"event":"region_leave","sid":"20261006T121352.430864Z-Ha9d4ceab-P000113a1","thread":"main","time":"2026-10-06T12:13:52.432271Z","file":"cache-tree.c","line":645,"repo":1,"t_rel":0.000016,"nesting":2,"category":"cache_tree","label":"read"}
{"event":"region_leave","sid":"20261006T121352.430862Z-Ha9d4ceab-P000113a7","thread":"main","time":"2026-10-06T12:13:52.432277Z","file":"name-hash.c","line":618,"repo":1,"t_rel":0.000013,"nesting":2,"category":"index","label":"name-hash-init"}
{"event":"data","sid":"20261006T121352.430864Z-Ha9d4ceab-P000113a1","thread":"main","time":"2026-10-06T12:13:52.432279Z","file":"read-cache.c","line":2306,"repo":1,"t_abs":0.001760,"t_rel":0.000047,"nesting":2,"category":"index","key":"read/version","value":"2"}
{"event":"data","sid":"20261006T121352.430862Z-Ha9d4ceab-P000113a7","thread":"main","time":"2026-10-06T12:13:52.432284Z","file":"dir.c","line":3058,"repo":1,"t_abs":0.001772,"t_rel":0.000415,"nesting":2,"category":"read_directory","key":"path","value":""}
{"event":"data","sid":"20261006T121352.430864Z-Ha9d4ceab-P000113a1","thread":"main","time":"2026-10-06T12:13:52.432285Z","file":"read-cache.c","line":2308,"repo":1,"t_abs":0.001768,"t_rel":0.000055,"nesting":2,"category":"index","key":"read/cache_nr","value":"1"}
{"event":"data","sid":"20261006T121352.430862Z-Ha9d4ceab-P000113a7","thread":"main","time":"2026-10-06T12:13:52.432299Z","file":"dir.c","line":3067,"repo":1,"t_abs":0.001787,"t_rel":0.000430,"nesting":2,"category":"read_directory","key":"directories-visited","value":"1"}
{"event":"region_leave","sid":"20261006T121352.430864Z-Ha9d4ceab-P000113a1","thread":"main","time":"2026-10-06T12:13:52.432300Z","file":"read-cache.c","line":2362,"repo":1,"t_rel":0.000070,"nesting":1,"category":"index","label":"do_read_index","msg":".git/index"}
{"event":"data","sid":"20261006T121352.430862Z-Ha9d4ceab-P000113a7","thread":"main","time":"2026-10-06T12:13:52.432305Z","file":"dir.c","line":3069,"repo":1,"t_abs":0.001794,"t_rel":0.000437,"nesting":2,"category":"read_directory","key":"paths-visited","value":"2"}
{"event":"region_leave","sid":"20261006T121352.430862Z-Ha9d4ceab-P000113a7","thread":"main","time":"2026-10-06T12:13:52.432311Z","file":"dir.c","line":3113,"repo":1,"t_rel":0.000442,"nesting":1,"category":"dir","label":"read_directory"}
{"event":"exit","sid":"20261006T121352.430862Z-Ha9d4ceab-P000113a7","thread":"main","time":"2026-10-06T12:13:52.432319Z","file":"git.c","line":747,"t_abs":0.001807,"code":0}
{"event":"atexit","sid":"20261006T121352.430862Z-Ha9d4ceab-P000113a7","thread":"main","time":"2026-10-06T12:13:52.432323Z","file":"trace2/tr2_tgt_event.c","line":207,"t_abs":0.001811,"code":0}
{"event":"region_enter","sid":"20261006T121352.430864Z-Ha9d4ceab-P000113a1","thread":"main","time":"2026-10-06T12:13:52.432335Z","file":"unpack-trees.c","line":1905,"repo":1,"nesting":1,"category":"unpack_trees","label":"unpack_trees"}
{"event":"region_enter","sid":"20261006T121352.430864Z-Ha9d4ceab-P000113a1","thread":"main","time":"2026-10-06T12:13:52.432395Z","file":"unpack-trees.c","line":2009,"repo":1,"nesting":2,"category":"unpack_trees","label":"traverse_trees"}
{"event":"region_leave","sid":"20261006T121352.430864Z-Ha9d4ceab-P000113a1","thread":"main","time":"2026-10-06T12:13:52.432483Z","file":"unpack-trees.c","line":2011,"repo":1,"t_rel":0.000089,"nesting":2,"category":"unpack_trees","label":"traverse_trees"}
{"event":"region_leave","sid":"20261006T121352.430864Z-Ha9d4ceab-P000113a1","thread":"main","time":"2026-10-06T12:13:52.432491Z","file":"unpack-trees.c","line":2108,"repo":1,"t_rel":0.000156,"nesting":1,"category":"unpack_trees","label":"unpack_trees"}
{"event":"exit","sid":"20261006T121352.430864Z-Ha9d4ceab-P000113a1","thread":"main","time":"2026-10-06T12:13:52.432501Z","file":"git.c","line":747,"t_abs":0.001984,"code":0}
{"event":"data_json","sid":"20261006T121352.430864Z-Ha9d4ceab-P000113a1","thread":"main","time":"2026-10-06T12:13:52.432515Z","file":"tree-walk.c","line":186,"repo":1,"t_abs":0.001996,"t_rel":0.001996,"nesting":1,"category":"traverse_trees","key":"statistics","value":{"traverse_trees_count":1,"traverse_trees_max_depth":1}}
{"event":"atexit","sid":"20261006T121352.430864Z-Ha9d4ceab-P000113a1","thread":"main","time":"2026-10-06T12:13:52.432520Z","file":"trace2/tr2_tgt_event.c","line":207,"t_abs":0.002002,"code":0}
{"event":"version","sid":"20261006T121352.443857Z-Ha9d4ceab-P000113ad","thread":"main","time":"2026-10-06T12:13:52.444346Z","file":"common-init.c","line":57,"evt":"4","exe":"2.50.1 (Apple Git-155)"}
{"event":"start","sid":"20261006T121352.443857Z-Ha9d4ceab-P000113ad","thread":"main","time":"2026-10-06T12:13:52.444375Z","file":"common-init.c","line":58,"t_abs":0.000785,"argv":["/Library/Developer/CommandLineTools/usr/bin/git","-C","/var/folders/f1/2xjyyqkn5plc19fx4nt4tpt00000gn/T/dperf03-git-yr1peE/0","rev-parse","HEAD"]}
{"event":"cmd_name","sid":"20261006T121352.443857Z-Ha9d4ceab-P000113ad","thread":"main","time":"2026-10-06T12:13:52.444430Z","file":"git.c","line":477,"name":"rev-parse","hierarchy":"rev-parse"}
{"event":"def_repo","sid":"20261006T121352.443857Z-Ha9d4ceab-P000113ad","thread":"main","time":"2026-10-06T12:13:52.444548Z","file":"repository.c","line":241,"repo":1,"worktree":"/private/var/folders/f1/2xjyyqkn5plc19fx4nt4tpt00000gn/T/dperf03-git-yr1peE/0"}
{"event":"exit","sid":"20261006T121352.443857Z-Ha9d4ceab-P000113ad","thread":"main","time":"2026-10-06T12:13:52.444749Z","file":"git.c","line":747,"t_abs":0.001159,"code":0}
{"event":"atexit","sid":"20261006T121352.443857Z-Ha9d4ceab-P000113ad","thread":"main","time":"2026-10-06T12:13:52.444756Z","file":"trace2/tr2_tgt_event.c","line":207,"t_abs":0.001166,"code":0}
{"event":"version","sid":"20261006T121352.457776Z-Ha9d4ceab-P000113b3","thread":"main","time":"2026-10-06T12:13:52.458176Z","file":"common-init.c","line":57,"evt":"4","exe":"2.50.1 (Apple Git-155)"}
{"event":"start","sid":"20261006T121352.457776Z-Ha9d4ceab-P000113b3","thread":"main","time":"2026-10-06T12:13:52.458199Z","file":"common-init.c","line":58,"t_abs":0.000712,"argv":["/Library/Developer/CommandLineTools/usr/bin/git","-C","/var/folders/f1/2xjyyqkn5plc19fx4nt4tpt00000gn/T/dperf03-git-yr1peE/0","diff","--name-only","-z","--no-renames","f1e975db65b8f406ee07759e8c3214b33037d801","--"]}
{"event":"cmd_name","sid":"20261006T121352.457776Z-Ha9d4ceab-P000113b3","thread":"main","time":"2026-10-06T12:13:52.458246Z","file":"git.c","line":477,"name":"diff","hierarchy":"diff"}
{"event":"version","sid":"20261006T121352.457775Z-Ha9d4ceab-P000113b9","thread":"main","time":"2026-10-06T12:13:52.458309Z","file":"common-init.c","line":57,"evt":"4","exe":"2.50.1 (Apple Git-155)"}
{"event":"start","sid":"20261006T121352.457775Z-Ha9d4ceab-P000113b9","thread":"main","time":"2026-10-06T12:13:52.458319Z","file":"common-init.c","line":58,"t_abs":0.000827,"argv":["/Library/Developer/CommandLineTools/usr/bin/git","-C","/var/folders/f1/2xjyyqkn5plc19fx4nt4tpt00000gn/T/dperf03-git-yr1peE/0","ls-files","--others","--exclude-standard","-z"]}
{"event":"def_repo","sid":"20261006T121352.457776Z-Ha9d4ceab-P000113b3","thread":"main","time":"2026-10-06T12:13:52.458347Z","file":"repository.c","line":241,"repo":1,"worktree":"/private/var/folders/f1/2xjyyqkn5plc19fx4nt4tpt00000gn/T/dperf03-git-yr1peE/0"}
{"event":"def_repo","sid":"20261006T121352.457775Z-Ha9d4ceab-P000113b9","thread":"main","time":"2026-10-06T12:13:52.458462Z","file":"repository.c","line":241,"repo":1,"worktree":"/private/var/folders/f1/2xjyyqkn5plc19fx4nt4tpt00000gn/T/dperf03-git-yr1peE/0"}
{"event":"cmd_name","sid":"20261006T121352.457775Z-Ha9d4ceab-P000113b9","thread":"main","time":"2026-10-06T12:13:52.458584Z","file":"git.c","line":477,"name":"ls-files","hierarchy":"ls-files"}
{"event":"region_enter","sid":"20261006T121352.457775Z-Ha9d4ceab-P000113b9","thread":"main","time":"2026-10-06T12:13:52.458678Z","file":"read-cache.c","line":2357,"repo":1,"nesting":1,"category":"index","label":"do_read_index","msg":".git/index"}
{"event":"region_enter","sid":"20261006T121352.457775Z-Ha9d4ceab-P000113b9","thread":"main","time":"2026-10-06T12:13:52.458741Z","file":"cache-tree.c","line":643,"repo":1,"nesting":2,"category":"cache_tree","label":"read"}
{"event":"region_leave","sid":"20261006T121352.457775Z-Ha9d4ceab-P000113b9","thread":"main","time":"2026-10-06T12:13:52.458749Z","file":"cache-tree.c","line":645,"repo":1,"t_rel":0.000008,"nesting":2,"category":"cache_tree","label":"read"}
{"event":"data","sid":"20261006T121352.457775Z-Ha9d4ceab-P000113b9","thread":"main","time":"2026-10-06T12:13:52.458758Z","file":"read-cache.c","line":2306,"repo":1,"t_abs":0.001265,"t_rel":0.000080,"nesting":2,"category":"index","key":"read/version","value":"2"}
{"event":"data","sid":"20261006T121352.457775Z-Ha9d4ceab-P000113b9","thread":"main","time":"2026-10-06T12:13:52.458763Z","file":"read-cache.c","line":2308,"repo":1,"t_abs":0.001271,"t_rel":0.000086,"nesting":2,"category":"index","key":"read/cache_nr","value":"1"}
{"event":"region_leave","sid":"20261006T121352.457775Z-Ha9d4ceab-P000113b9","thread":"main","time":"2026-10-06T12:13:52.458768Z","file":"read-cache.c","line":2362,"repo":1,"t_rel":0.000090,"nesting":1,"category":"index","label":"do_read_index","msg":".git/index"}
{"event":"region_enter","sid":"20261006T121352.457775Z-Ha9d4ceab-P000113b9","thread":"main","time":"2026-10-06T12:13:52.458861Z","file":"dir.c","line":3090,"repo":1,"nesting":1,"category":"dir","label":"read_directory"}
{"event":"region_enter","sid":"20261006T121352.457775Z-Ha9d4ceab-P000113b9","thread":"main","time":"2026-10-06T12:13:52.459320Z","file":"name-hash.c","line":597,"repo":1,"nesting":2,"category":"index","label":"name-hash-init"}
{"event":"region_leave","sid":"20261006T121352.457775Z-Ha9d4ceab-P000113b9","thread":"main","time":"2026-10-06T12:13:52.459331Z","file":"name-hash.c","line":618,"repo":1,"t_rel":0.000012,"nesting":2,"category":"index","label":"name-hash-init"}
{"event":"data","sid":"20261006T121352.457775Z-Ha9d4ceab-P000113b9","thread":"main","time":"2026-10-06T12:13:52.459345Z","file":"dir.c","line":3058,"repo":1,"t_abs":0.001853,"t_rel":0.000495,"nesting":2,"category":"read_directory","key":"path","value":""}
{"event":"region_enter","sid":"20261006T121352.457776Z-Ha9d4ceab-P000113b3","thread":"main","time":"2026-10-06T12:13:52.459348Z","file":"read-cache.c","line":2357,"repo":1,"nesting":1,"category":"index","label":"do_read_index","msg":".git/index"}
{"event":"data","sid":"20261006T121352.457775Z-Ha9d4ceab-P000113b9","thread":"main","time":"2026-10-06T12:13:52.459352Z","file":"dir.c","line":3067,"repo":1,"t_abs":0.001859,"t_rel":0.000501,"nesting":2,"category":"read_directory","key":"directories-visited","value":"1"}
{"event":"data","sid":"20261006T121352.457775Z-Ha9d4ceab-P000113b9","thread":"main","time":"2026-10-06T12:13:52.459358Z","file":"dir.c","line":3069,"repo":1,"t_abs":0.001866,"t_rel":0.000508,"nesting":2,"category":"read_directory","key":"paths-visited","value":"3"}
{"event":"region_leave","sid":"20261006T121352.457775Z-Ha9d4ceab-P000113b9","thread":"main","time":"2026-10-06T12:13:52.459363Z","file":"dir.c","line":3113,"repo":1,"t_rel":0.000512,"nesting":1,"category":"dir","label":"read_directory"}
{"event":"exit","sid":"20261006T121352.457775Z-Ha9d4ceab-P000113b9","thread":"main","time":"2026-10-06T12:13:52.459378Z","file":"git.c","line":747,"t_abs":0.001884,"code":0}
{"event":"region_enter","sid":"20261006T121352.457776Z-Ha9d4ceab-P000113b3","thread":"main","time":"2026-10-06T12:13:52.459378Z","file":"cache-tree.c","line":643,"repo":1,"nesting":2,"category":"cache_tree","label":"read"}
{"event":"atexit","sid":"20261006T121352.457775Z-Ha9d4ceab-P000113b9","thread":"main","time":"2026-10-06T12:13:52.459383Z","file":"trace2/tr2_tgt_event.c","line":207,"t_abs":0.001891,"code":0}
{"event":"region_leave","sid":"20261006T121352.457776Z-Ha9d4ceab-P000113b3","thread":"main","time":"2026-10-06T12:13:52.459386Z","file":"cache-tree.c","line":645,"repo":1,"t_rel":0.000009,"nesting":2,"category":"cache_tree","label":"read"}
{"event":"data","sid":"20261006T121352.457776Z-Ha9d4ceab-P000113b3","thread":"main","time":"2026-10-06T12:13:52.459412Z","file":"read-cache.c","line":2306,"repo":1,"t_abs":0.001926,"t_rel":0.000065,"nesting":2,"category":"index","key":"read/version","value":"2"}
{"event":"data","sid":"20261006T121352.457776Z-Ha9d4ceab-P000113b3","thread":"main","time":"2026-10-06T12:13:52.459419Z","file":"read-cache.c","line":2308,"repo":1,"t_abs":0.001933,"t_rel":0.000072,"nesting":2,"category":"index","key":"read/cache_nr","value":"1"}
{"event":"region_leave","sid":"20261006T121352.457776Z-Ha9d4ceab-P000113b3","thread":"main","time":"2026-10-06T12:13:52.459425Z","file":"read-cache.c","line":2362,"repo":1,"t_rel":0.000077,"nesting":1,"category":"index","label":"do_read_index","msg":".git/index"}
{"event":"region_enter","sid":"20261006T121352.457776Z-Ha9d4ceab-P000113b3","thread":"main","time":"2026-10-06T12:13:52.459464Z","file":"unpack-trees.c","line":1905,"repo":1,"nesting":1,"category":"unpack_trees","label":"unpack_trees"}
{"event":"region_enter","sid":"20261006T121352.457776Z-Ha9d4ceab-P000113b3","thread":"main","time":"2026-10-06T12:13:52.459528Z","file":"unpack-trees.c","line":2009,"repo":1,"nesting":2,"category":"unpack_trees","label":"traverse_trees"}
{"event":"region_leave","sid":"20261006T121352.457776Z-Ha9d4ceab-P000113b3","thread":"main","time":"2026-10-06T12:13:52.459541Z","file":"unpack-trees.c","line":2011,"repo":1,"t_rel":0.000014,"nesting":2,"category":"unpack_trees","label":"traverse_trees"}
{"event":"region_leave","sid":"20261006T121352.457776Z-Ha9d4ceab-P000113b3","thread":"main","time":"2026-10-06T12:13:52.459552Z","file":"unpack-trees.c","line":2108,"repo":1,"t_rel":0.000088,"nesting":1,"category":"unpack_trees","label":"unpack_trees"}
{"event":"exit","sid":"20261006T121352.457776Z-Ha9d4ceab-P000113b3","thread":"main","time":"2026-10-06T12:13:52.459690Z","file":"git.c","line":747,"t_abs":0.002203,"code":0}
{"event":"data_json","sid":"20261006T121352.457776Z-Ha9d4ceab-P000113b3","thread":"main","time":"2026-10-06T12:13:52.459696Z","file":"tree-walk.c","line":186,"repo":1,"t_abs":0.002209,"t_rel":0.002209,"nesting":1,"category":"traverse_trees","key":"statistics","value":{"traverse_trees_count":1,"traverse_trees_max_depth":1}}
{"event":"atexit","sid":"20261006T121352.457776Z-Ha9d4ceab-P000113b3","thread":"main","time":"2026-10-06T12:13:52.459701Z","file":"trace2/tr2_tgt_event.c","line":207,"t_abs":0.002214,"code":0}
{"event":"version","sid":"20261006T121352.470718Z-Ha9d4ceab-P000113bf","thread":"main","time":"2026-10-06T12:13:52.471034Z","file":"common-init.c","line":57,"evt":"4","exe":"2.50.1 (Apple Git-155)"}
{"event":"start","sid":"20261006T121352.470718Z-Ha9d4ceab-P000113bf","thread":"main","time":"2026-10-06T12:13:52.471057Z","file":"common-init.c","line":58,"t_abs":0.000578,"argv":["/Library/Developer/CommandLineTools/usr/bin/git","-C","/var/folders/f1/2xjyyqkn5plc19fx4nt4tpt00000gn/T/dperf03-git-yr1peE/0","rev-parse","HEAD"]}
{"event":"cmd_name","sid":"20261006T121352.470718Z-Ha9d4ceab-P000113bf","thread":"main","time":"2026-10-06T12:13:52.471104Z","file":"git.c","line":477,"name":"rev-parse","hierarchy":"rev-parse"}
{"event":"def_repo","sid":"20261006T121352.470718Z-Ha9d4ceab-P000113bf","thread":"main","time":"2026-10-06T12:13:52.471217Z","file":"repository.c","line":241,"repo":1,"worktree":"/private/var/folders/f1/2xjyyqkn5plc19fx4nt4tpt00000gn/T/dperf03-git-yr1peE/0"}
{"event":"exit","sid":"20261006T121352.470718Z-Ha9d4ceab-P000113bf","thread":"main","time":"2026-10-06T12:13:52.471403Z","file":"git.c","line":747,"t_abs":0.000923,"code":0}
{"event":"atexit","sid":"20261006T121352.470718Z-Ha9d4ceab-P000113bf","thread":"main","time":"2026-10-06T12:13:52.471414Z","file":"trace2/tr2_tgt_event.c","line":207,"t_abs":0.000934,"code":0}
{"event":"version","sid":"20261006T121352.482605Z-Ha9d4ceab-P000113cb","thread":"main","time":"2026-10-06T12:13:52.482876Z","file":"common-init.c","line":57,"evt":"4","exe":"2.50.1 (Apple Git-155)"}
{"event":"start","sid":"20261006T121352.482605Z-Ha9d4ceab-P000113cb","thread":"main","time":"2026-10-06T12:13:52.482914Z","file":"common-init.c","line":58,"t_abs":0.000549,"argv":["/Library/Developer/CommandLineTools/usr/bin/git","-C","/var/folders/f1/2xjyyqkn5plc19fx4nt4tpt00000gn/T/dperf03-git-yr1peE/1","ls-files","--others","--exclude-standard","-z"]}
{"event":"version","sid":"20261006T121352.482605Z-Ha9d4ceab-P000113c5","thread":"main","time":"2026-10-06T12:13:52.482997Z","file":"common-init.c","line":57,"evt":"4","exe":"2.50.1 (Apple Git-155)"}
{"event":"start","sid":"20261006T121352.482605Z-Ha9d4ceab-P000113c5","thread":"main","time":"2026-10-06T12:13:52.483006Z","file":"common-init.c","line":58,"t_abs":0.000628,"argv":["/Library/Developer/CommandLineTools/usr/bin/git","-C","/var/folders/f1/2xjyyqkn5plc19fx4nt4tpt00000gn/T/dperf03-git-yr1peE/1","diff","--name-only","-z","--no-renames","f1e975db65b8f406ee07759e8c3214b33037d801","--"]}
{"event":"def_repo","sid":"20261006T121352.482605Z-Ha9d4ceab-P000113cb","thread":"main","time":"2026-10-06T12:13:52.483040Z","file":"repository.c","line":241,"repo":1,"worktree":"/private/var/folders/f1/2xjyyqkn5plc19fx4nt4tpt00000gn/T/dperf03-git-yr1peE/1"}
{"event":"cmd_name","sid":"20261006T121352.482605Z-Ha9d4ceab-P000113c5","thread":"main","time":"2026-10-06T12:13:52.483046Z","file":"git.c","line":477,"name":"diff","hierarchy":"diff"}
{"event":"def_repo","sid":"20261006T121352.482605Z-Ha9d4ceab-P000113c5","thread":"main","time":"2026-10-06T12:13:52.483153Z","file":"repository.c","line":241,"repo":1,"worktree":"/private/var/folders/f1/2xjyyqkn5plc19fx4nt4tpt00000gn/T/dperf03-git-yr1peE/1"}
{"event":"cmd_name","sid":"20261006T121352.482605Z-Ha9d4ceab-P000113cb","thread":"main","time":"2026-10-06T12:13:52.483163Z","file":"git.c","line":477,"name":"ls-files","hierarchy":"ls-files"}
{"event":"region_enter","sid":"20261006T121352.482605Z-Ha9d4ceab-P000113cb","thread":"main","time":"2026-10-06T12:13:52.483279Z","file":"read-cache.c","line":2357,"repo":1,"nesting":1,"category":"index","label":"do_read_index","msg":".git/index"}
{"event":"region_enter","sid":"20261006T121352.482605Z-Ha9d4ceab-P000113cb","thread":"main","time":"2026-10-06T12:13:52.483315Z","file":"cache-tree.c","line":643,"repo":1,"nesting":2,"category":"cache_tree","label":"read"}
{"event":"region_leave","sid":"20261006T121352.482605Z-Ha9d4ceab-P000113cb","thread":"main","time":"2026-10-06T12:13:52.483322Z","file":"cache-tree.c","line":645,"repo":1,"t_rel":0.000007,"nesting":2,"category":"cache_tree","label":"read"}
{"event":"data","sid":"20261006T121352.482605Z-Ha9d4ceab-P000113cb","thread":"main","time":"2026-10-06T12:13:52.483329Z","file":"read-cache.c","line":2306,"repo":1,"t_abs":0.000964,"t_rel":0.000050,"nesting":2,"category":"index","key":"read/version","value":"2"}
{"event":"data","sid":"20261006T121352.482605Z-Ha9d4ceab-P000113cb","thread":"main","time":"2026-10-06T12:13:52.483334Z","file":"read-cache.c","line":2308,"repo":1,"t_abs":0.000969,"t_rel":0.000055,"nesting":2,"category":"index","key":"read/cache_nr","value":"1"}
{"event":"region_leave","sid":"20261006T121352.482605Z-Ha9d4ceab-P000113cb","thread":"main","time":"2026-10-06T12:13:52.483338Z","file":"read-cache.c","line":2362,"repo":1,"t_rel":0.000060,"nesting":1,"category":"index","label":"do_read_index","msg":".git/index"}
{"event":"region_enter","sid":"20261006T121352.482605Z-Ha9d4ceab-P000113cb","thread":"main","time":"2026-10-06T12:13:52.483414Z","file":"dir.c","line":3090,"repo":1,"nesting":1,"category":"dir","label":"read_directory"}
{"event":"region_enter","sid":"20261006T121352.482605Z-Ha9d4ceab-P000113cb","thread":"main","time":"2026-10-06T12:13:52.483828Z","file":"name-hash.c","line":597,"repo":1,"nesting":2,"category":"index","label":"name-hash-init"}
{"event":"region_leave","sid":"20261006T121352.482605Z-Ha9d4ceab-P000113cb","thread":"main","time":"2026-10-06T12:13:52.483838Z","file":"name-hash.c","line":618,"repo":1,"t_rel":0.000010,"nesting":2,"category":"index","label":"name-hash-init"}
{"event":"data","sid":"20261006T121352.482605Z-Ha9d4ceab-P000113cb","thread":"main","time":"2026-10-06T12:13:52.483844Z","file":"dir.c","line":3058,"repo":1,"t_abs":0.001480,"t_rel":0.000431,"nesting":2,"category":"read_directory","key":"path","value":""}
{"event":"data","sid":"20261006T121352.482605Z-Ha9d4ceab-P000113cb","thread":"main","time":"2026-10-06T12:13:52.483863Z","file":"dir.c","line":3067,"repo":1,"t_abs":0.001499,"t_rel":0.000450,"nesting":2,"category":"read_directory","key":"directories-visited","value":"1"}
{"event":"data","sid":"20261006T121352.482605Z-Ha9d4ceab-P000113cb","thread":"main","time":"2026-10-06T12:13:52.483868Z","file":"dir.c","line":3069,"repo":1,"t_abs":0.001504,"t_rel":0.000455,"nesting":2,"category":"read_directory","key":"paths-visited","value":"2"}
{"event":"region_leave","sid":"20261006T121352.482605Z-Ha9d4ceab-P000113cb","thread":"main","time":"2026-10-06T12:13:52.483872Z","file":"dir.c","line":3113,"repo":1,"t_rel":0.000459,"nesting":1,"category":"dir","label":"read_directory"}
{"event":"exit","sid":"20261006T121352.482605Z-Ha9d4ceab-P000113cb","thread":"main","time":"2026-10-06T12:13:52.483879Z","file":"git.c","line":747,"t_abs":0.001514,"code":0}
{"event":"atexit","sid":"20261006T121352.482605Z-Ha9d4ceab-P000113cb","thread":"main","time":"2026-10-06T12:13:52.483884Z","file":"trace2/tr2_tgt_event.c","line":207,"t_abs":0.001519,"code":0}
{"event":"region_enter","sid":"20261006T121352.482605Z-Ha9d4ceab-P000113c5","thread":"main","time":"2026-10-06T12:13:52.484020Z","file":"read-cache.c","line":2357,"repo":1,"nesting":1,"category":"index","label":"do_read_index","msg":".git/index"}
{"event":"region_enter","sid":"20261006T121352.482605Z-Ha9d4ceab-P000113c5","thread":"main","time":"2026-10-06T12:13:52.484045Z","file":"cache-tree.c","line":643,"repo":1,"nesting":2,"category":"cache_tree","label":"read"}
{"event":"region_leave","sid":"20261006T121352.482605Z-Ha9d4ceab-P000113c5","thread":"main","time":"2026-10-06T12:13:52.484051Z","file":"cache-tree.c","line":645,"repo":1,"t_rel":0.000006,"nesting":2,"category":"cache_tree","label":"read"}
{"event":"data","sid":"20261006T121352.482605Z-Ha9d4ceab-P000113c5","thread":"main","time":"2026-10-06T12:13:52.484058Z","file":"read-cache.c","line":2306,"repo":1,"t_abs":0.001680,"t_rel":0.000037,"nesting":2,"category":"index","key":"read/version","value":"2"}
{"event":"data","sid":"20261006T121352.482605Z-Ha9d4ceab-P000113c5","thread":"main","time":"2026-10-06T12:13:52.484064Z","file":"read-cache.c","line":2308,"repo":1,"t_abs":0.001686,"t_rel":0.000043,"nesting":2,"category":"index","key":"read/cache_nr","value":"1"}
{"event":"region_leave","sid":"20261006T121352.482605Z-Ha9d4ceab-P000113c5","thread":"main","time":"2026-10-06T12:13:52.484068Z","file":"read-cache.c","line":2362,"repo":1,"t_rel":0.000048,"nesting":1,"category":"index","label":"do_read_index","msg":".git/index"}
{"event":"region_enter","sid":"20261006T121352.482605Z-Ha9d4ceab-P000113c5","thread":"main","time":"2026-10-06T12:13:52.484104Z","file":"unpack-trees.c","line":1905,"repo":1,"nesting":1,"category":"unpack_trees","label":"unpack_trees"}
{"event":"region_enter","sid":"20261006T121352.482605Z-Ha9d4ceab-P000113c5","thread":"main","time":"2026-10-06T12:13:52.484169Z","file":"unpack-trees.c","line":2009,"repo":1,"nesting":2,"category":"unpack_trees","label":"traverse_trees"}
{"event":"region_leave","sid":"20261006T121352.482605Z-Ha9d4ceab-P000113c5","thread":"main","time":"2026-10-06T12:13:52.484262Z","file":"unpack-trees.c","line":2011,"repo":1,"t_rel":0.000093,"nesting":2,"category":"unpack_trees","label":"traverse_trees"}
{"event":"region_leave","sid":"20261006T121352.482605Z-Ha9d4ceab-P000113c5","thread":"main","time":"2026-10-06T12:13:52.484271Z","file":"unpack-trees.c","line":2108,"repo":1,"t_rel":0.000166,"nesting":1,"category":"unpack_trees","label":"unpack_trees"}
{"event":"exit","sid":"20261006T121352.482605Z-Ha9d4ceab-P000113c5","thread":"main","time":"2026-10-06T12:13:52.484282Z","file":"git.c","line":747,"t_abs":0.001904,"code":0}
{"event":"data_json","sid":"20261006T121352.482605Z-Ha9d4ceab-P000113c5","thread":"main","time":"2026-10-06T12:13:52.484288Z","file":"tree-walk.c","line":186,"repo":1,"t_abs":0.001909,"t_rel":0.001909,"nesting":1,"category":"traverse_trees","key":"statistics","value":{"traverse_trees_count":1,"traverse_trees_max_depth":1}}
{"event":"atexit","sid":"20261006T121352.482605Z-Ha9d4ceab-P000113c5","thread":"main","time":"2026-10-06T12:13:52.484306Z","file":"trace2/tr2_tgt_event.c","line":207,"t_abs":0.001929,"code":0}
{"event":"version","sid":"20261006T121352.495228Z-Ha9d4ceab-P000113d1","thread":"main","time":"2026-10-06T12:13:52.495539Z","file":"common-init.c","line":57,"evt":"4","exe":"2.50.1 (Apple Git-155)"}
{"event":"start","sid":"20261006T121352.495228Z-Ha9d4ceab-P000113d1","thread":"main","time":"2026-10-06T12:13:52.495576Z","file":"common-init.c","line":58,"t_abs":0.000568,"argv":["/Library/Developer/CommandLineTools/usr/bin/git","-C","/var/folders/f1/2xjyyqkn5plc19fx4nt4tpt00000gn/T/dperf03-git-yr1peE/1","rev-parse","HEAD"]}
{"event":"cmd_name","sid":"20261006T121352.495228Z-Ha9d4ceab-P000113d1","thread":"main","time":"2026-10-06T12:13:52.495640Z","file":"git.c","line":477,"name":"rev-parse","hierarchy":"rev-parse"}
{"event":"def_repo","sid":"20261006T121352.495228Z-Ha9d4ceab-P000113d1","thread":"main","time":"2026-10-06T12:13:52.495787Z","file":"repository.c","line":241,"repo":1,"worktree":"/private/var/folders/f1/2xjyyqkn5plc19fx4nt4tpt00000gn/T/dperf03-git-yr1peE/1"}
{"event":"exit","sid":"20261006T121352.495228Z-Ha9d4ceab-P000113d1","thread":"main","time":"2026-10-06T12:13:52.496105Z","file":"git.c","line":747,"t_abs":0.001097,"code":0}
{"event":"atexit","sid":"20261006T121352.495228Z-Ha9d4ceab-P000113d1","thread":"main","time":"2026-10-06T12:13:52.496113Z","file":"trace2/tr2_tgt_event.c","line":207,"t_abs":0.001106,"code":0}
{"event":"version","sid":"20261006T121352.511359Z-Ha9d4ceab-P000113d7","thread":"main","time":"2026-10-06T12:13:52.511671Z","file":"common-init.c","line":57,"evt":"4","exe":"2.50.1 (Apple Git-155)"}
{"event":"start","sid":"20261006T121352.511359Z-Ha9d4ceab-P000113d7","thread":"main","time":"2026-10-06T12:13:52.511692Z","file":"common-init.c","line":58,"t_abs":0.000625,"argv":["/Library/Developer/CommandLineTools/usr/bin/git","-C","/var/folders/f1/2xjyyqkn5plc19fx4nt4tpt00000gn/T/dperf03-git-yr1peE/0","diff","--name-only","-z","--no-renames","f1e975db65b8f406ee07759e8c3214b33037d801","--"]}
{"event":"cmd_name","sid":"20261006T121352.511359Z-Ha9d4ceab-P000113d7","thread":"main","time":"2026-10-06T12:13:52.511738Z","file":"git.c","line":477,"name":"diff","hierarchy":"diff"}
{"event":"version","sid":"20261006T121352.511359Z-Ha9d4ceab-P000113dd","thread":"main","time":"2026-10-06T12:13:52.511807Z","file":"common-init.c","line":57,"evt":"4","exe":"2.50.1 (Apple Git-155)"}
{"event":"def_repo","sid":"20261006T121352.511359Z-Ha9d4ceab-P000113d7","thread":"main","time":"2026-10-06T12:13:52.511843Z","file":"repository.c","line":241,"repo":1,"worktree":"/private/var/folders/f1/2xjyyqkn5plc19fx4nt4tpt00000gn/T/dperf03-git-yr1peE/0"}
{"event":"start","sid":"20261006T121352.511359Z-Ha9d4ceab-P000113dd","thread":"main","time":"2026-10-06T12:13:52.515564Z","file":"common-init.c","line":58,"t_abs":0.004488,"argv":["/Library/Developer/CommandLineTools/usr/bin/git","-C","/var/folders/f1/2xjyyqkn5plc19fx4nt4tpt00000gn/T/dperf03-git-yr1peE/0","ls-files","--others","--exclude-standard","-z"]}
{"event":"def_repo","sid":"20261006T121352.511359Z-Ha9d4ceab-P000113dd","thread":"main","time":"2026-10-06T12:13:52.515752Z","file":"repository.c","line":241,"repo":1,"worktree":"/private/var/folders/f1/2xjyyqkn5plc19fx4nt4tpt00000gn/T/dperf03-git-yr1peE/0"}
{"event":"cmd_name","sid":"20261006T121352.511359Z-Ha9d4ceab-P000113dd","thread":"main","time":"2026-10-06T12:13:52.515867Z","file":"git.c","line":477,"name":"ls-files","hierarchy":"ls-files"}
{"event":"region_enter","sid":"20261006T121352.511359Z-Ha9d4ceab-P000113dd","thread":"main","time":"2026-10-06T12:13:52.516087Z","file":"read-cache.c","line":2357,"repo":1,"nesting":1,"category":"index","label":"do_read_index","msg":".git/index"}
{"event":"region_enter","sid":"20261006T121352.511359Z-Ha9d4ceab-P000113dd","thread":"main","time":"2026-10-06T12:13:52.516174Z","file":"cache-tree.c","line":643,"repo":1,"nesting":2,"category":"cache_tree","label":"read"}
{"event":"region_leave","sid":"20261006T121352.511359Z-Ha9d4ceab-P000113dd","thread":"main","time":"2026-10-06T12:13:52.516181Z","file":"cache-tree.c","line":645,"repo":1,"t_rel":0.000008,"nesting":2,"category":"cache_tree","label":"read"}
{"event":"data","sid":"20261006T121352.511359Z-Ha9d4ceab-P000113dd","thread":"main","time":"2026-10-06T12:13:52.516189Z","file":"read-cache.c","line":2306,"repo":1,"t_abs":0.005116,"t_rel":0.000101,"nesting":2,"category":"index","key":"read/version","value":"2"}
{"event":"data","sid":"20261006T121352.511359Z-Ha9d4ceab-P000113dd","thread":"main","time":"2026-10-06T12:13:52.516194Z","file":"read-cache.c","line":2308,"repo":1,"t_abs":0.005122,"t_rel":0.000107,"nesting":2,"category":"index","key":"read/cache_nr","value":"1"}
{"event":"region_leave","sid":"20261006T121352.511359Z-Ha9d4ceab-P000113dd","thread":"main","time":"2026-10-06T12:13:52.516199Z","file":"read-cache.c","line":2362,"repo":1,"t_rel":0.000111,"nesting":1,"category":"index","label":"do_read_index","msg":".git/index"}
{"event":"region_enter","sid":"20261006T121352.511359Z-Ha9d4ceab-P000113dd","thread":"main","time":"2026-10-06T12:13:52.516275Z","file":"dir.c","line":3090,"repo":1,"nesting":1,"category":"dir","label":"read_directory"}
{"event":"region_enter","sid":"20261006T121352.511359Z-Ha9d4ceab-P000113d7","thread":"main","time":"2026-10-06T12:13:52.516478Z","file":"read-cache.c","line":2357,"repo":1,"nesting":1,"category":"index","label":"do_read_index","msg":".git/index"}
{"event":"region_enter","sid":"20261006T121352.511359Z-Ha9d4ceab-P000113dd","thread":"main","time":"2026-10-06T12:13:52.516696Z","file":"name-hash.c","line":597,"repo":1,"nesting":2,"category":"index","label":"name-hash-init"}
{"event":"region_leave","sid":"20261006T121352.511359Z-Ha9d4ceab-P000113dd","thread":"main","time":"2026-10-06T12:13:52.520482Z","file":"name-hash.c","line":618,"repo":1,"t_rel":0.003786,"nesting":2,"category":"index","label":"name-hash-init"}
{"event":"data","sid":"20261006T121352.511359Z-Ha9d4ceab-P000113dd","thread":"main","time":"2026-10-06T12:13:52.520492Z","file":"dir.c","line":3058,"repo":1,"t_abs":0.009419,"t_rel":0.004217,"nesting":2,"category":"read_directory","key":"path","value":""}
{"event":"data","sid":"20261006T121352.511359Z-Ha9d4ceab-P000113dd","thread":"main","time":"2026-10-06T12:13:52.520500Z","file":"dir.c","line":3067,"repo":1,"t_abs":0.009427,"t_rel":0.004225,"nesting":2,"category":"read_directory","key":"directories-visited","value":"1"}
{"event":"data","sid":"20261006T121352.511359Z-Ha9d4ceab-P000113dd","thread":"main","time":"2026-10-06T12:13:52.520505Z","file":"dir.c","line":3069,"repo":1,"t_abs":0.009432,"t_rel":0.004230,"nesting":2,"category":"read_directory","key":"paths-visited","value":"2"}
{"event":"region_enter","sid":"20261006T121352.511359Z-Ha9d4ceab-P000113d7","thread":"main","time":"2026-10-06T12:13:52.520504Z","file":"cache-tree.c","line":643,"repo":1,"nesting":2,"category":"cache_tree","label":"read"}
{"event":"region_leave","sid":"20261006T121352.511359Z-Ha9d4ceab-P000113dd","thread":"main","time":"2026-10-06T12:13:52.520510Z","file":"dir.c","line":3113,"repo":1,"t_rel":0.004235,"nesting":1,"category":"dir","label":"read_directory"}
{"event":"region_leave","sid":"20261006T121352.511359Z-Ha9d4ceab-P000113d7","thread":"main","time":"2026-10-06T12:13:52.520514Z","file":"cache-tree.c","line":645,"repo":1,"t_rel":0.000011,"nesting":2,"category":"cache_tree","label":"read"}
{"event":"exit","sid":"20261006T121352.511359Z-Ha9d4ceab-P000113dd","thread":"main","time":"2026-10-06T12:13:52.520521Z","file":"git.c","line":747,"t_abs":0.009447,"code":0}
{"event":"data","sid":"20261006T121352.511359Z-Ha9d4ceab-P000113d7","thread":"main","time":"2026-10-06T12:13:52.520526Z","file":"read-cache.c","line":2306,"repo":1,"t_abs":0.009460,"t_rel":0.004048,"nesting":2,"category":"index","key":"read/version","value":"2"}
{"event":"atexit","sid":"20261006T121352.511359Z-Ha9d4ceab-P000113dd","thread":"main","time":"2026-10-06T12:13:52.520529Z","file":"trace2/tr2_tgt_event.c","line":207,"t_abs":0.009456,"code":0}
{"event":"data","sid":"20261006T121352.511359Z-Ha9d4ceab-P000113d7","thread":"main","time":"2026-10-06T12:13:52.520593Z","file":"read-cache.c","line":2308,"repo":1,"t_abs":0.009526,"t_rel":0.004114,"nesting":2,"category":"index","key":"read/cache_nr","value":"1"}
{"event":"region_leave","sid":"20261006T121352.511359Z-Ha9d4ceab-P000113d7","thread":"main","time":"2026-10-06T12:13:52.520599Z","file":"read-cache.c","line":2362,"repo":1,"t_rel":0.004120,"nesting":1,"category":"index","label":"do_read_index","msg":".git/index"}
{"event":"region_enter","sid":"20261006T121352.511359Z-Ha9d4ceab-P000113d7","thread":"main","time":"2026-10-06T12:13:52.520646Z","file":"unpack-trees.c","line":1905,"repo":1,"nesting":1,"category":"unpack_trees","label":"unpack_trees"}
{"event":"region_enter","sid":"20261006T121352.511359Z-Ha9d4ceab-P000113d7","thread":"main","time":"2026-10-06T12:13:52.520722Z","file":"unpack-trees.c","line":2009,"repo":1,"nesting":2,"category":"unpack_trees","label":"traverse_trees"}
{"event":"region_leave","sid":"20261006T121352.511359Z-Ha9d4ceab-P000113d7","thread":"main","time":"2026-10-06T12:13:52.520738Z","file":"unpack-trees.c","line":2011,"repo":1,"t_rel":0.000017,"nesting":2,"category":"unpack_trees","label":"traverse_trees"}
{"event":"region_leave","sid":"20261006T121352.511359Z-Ha9d4ceab-P000113d7","thread":"main","time":"2026-10-06T12:13:52.520747Z","file":"unpack-trees.c","line":2108,"repo":1,"t_rel":0.000101,"nesting":1,"category":"unpack_trees","label":"unpack_trees"}
{"event":"region_enter","sid":"20261006T121352.511359Z-Ha9d4ceab-P000113d7","thread":"main","time":"2026-10-06T12:13:52.521002Z","file":"read-cache.c","line":2357,"repo":1,"nesting":1,"category":"index","label":"do_read_index","msg":".git/index"}
{"event":"region_enter","sid":"20261006T121352.511359Z-Ha9d4ceab-P000113d7","thread":"main","time":"2026-10-06T12:13:52.521027Z","file":"cache-tree.c","line":643,"repo":1,"nesting":2,"category":"cache_tree","label":"read"}
{"event":"region_leave","sid":"20261006T121352.511359Z-Ha9d4ceab-P000113d7","thread":"main","time":"2026-10-06T12:13:52.521032Z","file":"cache-tree.c","line":645,"repo":1,"t_rel":0.000005,"nesting":2,"category":"cache_tree","label":"read"}
{"event":"data","sid":"20261006T121352.511359Z-Ha9d4ceab-P000113d7","thread":"main","time":"2026-10-06T12:13:52.521038Z","file":"read-cache.c","line":2306,"repo":1,"t_abs":0.009972,"t_rel":0.000036,"nesting":2,"category":"index","key":"read/version","value":"2"}
{"event":"data","sid":"20261006T121352.511359Z-Ha9d4ceab-P000113d7","thread":"main","time":"2026-10-06T12:13:52.521043Z","file":"read-cache.c","line":2308,"repo":1,"t_abs":0.009977,"t_rel":0.000041,"nesting":2,"category":"index","key":"read/cache_nr","value":"1"}
{"event":"region_leave","sid":"20261006T121352.511359Z-Ha9d4ceab-P000113d7","thread":"main","time":"2026-10-06T12:13:52.521047Z","file":"read-cache.c","line":2362,"repo":1,"t_rel":0.000045,"nesting":1,"category":"index","label":"do_read_index","msg":".git/index"}
{"event":"region_enter","sid":"20261006T121352.511359Z-Ha9d4ceab-P000113d7","thread":"main","time":"2026-10-06T12:13:52.521051Z","file":"read-cache.c","line":1513,"nesting":1,"category":"index","label":"refresh"}
{"event":"data","sid":"20261006T121352.511359Z-Ha9d4ceab-P000113d7","thread":"main","time":"2026-10-06T12:13:52.521094Z","file":"read-cache.c","line":1595,"t_abs":0.010028,"t_rel":0.000043,"nesting":2,"category":"index","key":"refresh/sum_lstat","value":"1"}
{"event":"data","sid":"20261006T121352.511359Z-Ha9d4ceab-P000113d7","thread":"main","time":"2026-10-06T12:13:52.521099Z","file":"read-cache.c","line":1596,"t_abs":0.010033,"t_rel":0.000048,"nesting":2,"category":"index","key":"refresh/sum_scan","value":"1"}
{"event":"region_leave","sid":"20261006T121352.511359Z-Ha9d4ceab-P000113d7","thread":"main","time":"2026-10-06T12:13:52.521103Z","file":"read-cache.c","line":1597,"t_rel":0.000052,"nesting":1,"category":"index","label":"refresh"}
{"event":"region_enter","sid":"20261006T121352.511359Z-Ha9d4ceab-P000113d7","thread":"main","time":"2026-10-06T12:13:52.521130Z","file":"read-cache.c","line":3139,"repo":1,"nesting":1,"category":"index","label":"do_write_index","msg":"/private/var/folders/f1/2xjyyqkn5plc19fx4nt4tpt00000gn/T/dperf03-git-yr1peE/0/.git/index.lock"}
{"event":"region_enter","sid":"20261006T121352.511359Z-Ha9d4ceab-P000113d7","thread":"main","time":"2026-10-06T12:13:52.521140Z","file":"cache-tree.c","line":546,"repo":1,"nesting":2,"category":"cache_tree","label":"write"}
{"event":"region_leave","sid":"20261006T121352.511359Z-Ha9d4ceab-P000113d7","thread":"main","time":"2026-10-06T12:13:52.521145Z","file":"cache-tree.c","line":548,"repo":1,"t_rel":0.000005,"nesting":2,"category":"cache_tree","label":"write"}
{"event":"data","sid":"20261006T121352.511359Z-Ha9d4ceab-P000113d7","thread":"main","time":"2026-10-06T12:13:52.521186Z","file":"read-cache.c","line":3091,"repo":1,"t_abs":0.010120,"t_rel":0.000056,"nesting":2,"category":"index","key":"write/version","value":"2"}
{"event":"data","sid":"20261006T121352.511359Z-Ha9d4ceab-P000113d7","thread":"main","time":"2026-10-06T12:13:52.521191Z","file":"read-cache.c","line":3093,"repo":1,"t_abs":0.010125,"t_rel":0.000061,"nesting":2,"category":"index","key":"write/cache_nr","value":"1"}
{"event":"region_leave","sid":"20261006T121352.511359Z-Ha9d4ceab-P000113d7","thread":"main","time":"2026-10-06T12:13:52.521196Z","file":"read-cache.c","line":3142,"repo":1,"t_rel":0.000066,"nesting":1,"category":"index","label":"do_write_index","msg":"/private/var/folders/f1/2xjyyqkn5plc19fx4nt4tpt00000gn/T/dperf03-git-yr1peE/0/.git/index.lock"}
{"event":"exit","sid":"20261006T121352.511359Z-Ha9d4ceab-P000113d7","thread":"main","time":"2026-10-06T12:13:52.521345Z","file":"git.c","line":747,"t_abs":0.010278,"code":0}
{"event":"data_json","sid":"20261006T121352.511359Z-Ha9d4ceab-P000113d7","thread":"main","time":"2026-10-06T12:13:52.521350Z","file":"tree-walk.c","line":186,"repo":1,"t_abs":0.010283,"t_rel":0.010283,"nesting":1,"category":"traverse_trees","key":"statistics","value":{"traverse_trees_count":1,"traverse_trees_max_depth":1}}
{"event":"atexit","sid":"20261006T121352.511359Z-Ha9d4ceab-P000113d7","thread":"main","time":"2026-10-06T12:13:52.521355Z","file":"trace2/tr2_tgt_event.c","line":207,"t_abs":0.010288,"code":0}
{"event":"version","sid":"20261006T121352.531627Z-Ha9d4ceab-P000113e3","thread":"main","time":"2026-10-06T12:13:52.531888Z","file":"common-init.c","line":57,"evt":"4","exe":"2.50.1 (Apple Git-155)"}
{"event":"start","sid":"20261006T121352.531627Z-Ha9d4ceab-P000113e3","thread":"main","time":"2026-10-06T12:13:52.531908Z","file":"common-init.c","line":58,"t_abs":0.000493,"argv":["/Library/Developer/CommandLineTools/usr/bin/git","-C","/var/folders/f1/2xjyyqkn5plc19fx4nt4tpt00000gn/T/dperf03-git-yr1peE/0","rev-parse","HEAD"]}
{"event":"cmd_name","sid":"20261006T121352.531627Z-Ha9d4ceab-P000113e3","thread":"main","time":"2026-10-06T12:13:52.531952Z","file":"git.c","line":477,"name":"rev-parse","hierarchy":"rev-parse"}
{"event":"def_repo","sid":"20261006T121352.531627Z-Ha9d4ceab-P000113e3","thread":"main","time":"2026-10-06T12:13:52.532069Z","file":"repository.c","line":241,"repo":1,"worktree":"/private/var/folders/f1/2xjyyqkn5plc19fx4nt4tpt00000gn/T/dperf03-git-yr1peE/0"}
{"event":"exit","sid":"20261006T121352.531627Z-Ha9d4ceab-P000113e3","thread":"main","time":"2026-10-06T12:13:52.532243Z","file":"git.c","line":747,"t_abs":0.000828,"code":0}
{"event":"atexit","sid":"20261006T121352.531627Z-Ha9d4ceab-P000113e3","thread":"main","time":"2026-10-06T12:13:52.532249Z","file":"trace2/tr2_tgt_event.c","line":207,"t_abs":0.000834,"code":0}
