{"event":"version","sid":"20261006T121352.561405Z-Ha9d4ceab-P000113f1","thread":"main","time":"2026-10-06T12:13:52.561703Z","file":"common-init.c","line":57,"evt":"4","exe":"2.50.1 (Apple Git-155)"}
{"event":"start","sid":"20261006T121352.561405Z-Ha9d4ceab-P000113f1","thread":"main","time":"2026-10-06T12:13:52.561729Z","file":"common-init.c","line":58,"t_abs":0.000600,"argv":["/Library/Developer/CommandLineTools/usr/bin/git","-C","/var/folders/f1/2xjyyqkn5plc19fx4nt4tpt00000gn/T/dperf03-git-yr1peE/0","diff","--name-only","-z","--no-renames","f1e975db65b8f406ee07759e8c3214b33037d801","--"]}
{"event":"cmd_name","sid":"20261006T121352.561405Z-Ha9d4ceab-P000113f1","thread":"main","time":"2026-10-06T12:13:52.561772Z","file":"git.c","line":477,"name":"diff","hierarchy":"diff"}
{"event":"def_repo","sid":"20261006T121352.561405Z-Ha9d4ceab-P000113f1","thread":"main","time":"2026-10-06T12:13:52.561871Z","file":"repository.c","line":241,"repo":1,"worktree":"/private/var/folders/f1/2xjyyqkn5plc19fx4nt4tpt00000gn/T/dperf03-git-yr1peE/0"}
{"event":"region_enter","sid":"20261006T121352.561405Z-Ha9d4ceab-P000113f1","thread":"main","time":"2026-10-06T12:13:52.562677Z","file":"read-cache.c","line":2357,"repo":1,"nesting":1,"category":"index","label":"do_read_index","msg":".git/index"}
{"event":"region_enter","sid":"20261006T121352.561405Z-Ha9d4ceab-P000113f1","thread":"main","time":"2026-10-06T12:13:52.562707Z","file":"cache-tree.c","line":643,"repo":1,"nesting":2,"category":"cache_tree","label":"read"}
{"event":"region_leave","sid":"20261006T121352.561405Z-Ha9d4ceab-P000113f1","thread":"main","time":"2026-10-06T12:13:52.562712Z","file":"cache-tree.c","line":645,"repo":1,"t_rel":0.000005,"nesting":2,"category":"cache_tree","label":"read"}
{"event":"data","sid":"20261006T121352.561405Z-Ha9d4ceab-P000113f1","thread":"main","time":"2026-10-06T12:13:52.562718Z","file":"read-cache.c","line":2306,"repo":1,"t_abs":0.001589,"t_rel":0.000040,"nesting":2,"category":"index","key":"read/version","value":"2"}
{"event":"data","sid":"20261006T121352.561405Z-Ha9d4ceab-P000113f1","thread":"main","time":"2026-10-06T12:13:52.562723Z","file":"read-cache.c","line":2308,"repo":1,"t_abs":0.001594,"t_rel":0.000045,"nesting":2,"category":"index","key":"read/cache_nr","value":"1"}
{"event":"region_leave","sid":"20261006T121352.561405Z-Ha9d4ceab-P000113f1","thread":"main","time":"2026-10-06T12:13:52.562730Z","file":"read-cache.c","line":2362,"repo":1,"t_rel":0.000052,"nesting":1,"category":"index","label":"do_read_index","msg":".git/index"}
{"event":"region_enter","sid":"20261006T121352.561405Z-Ha9d4ceab-P000113f1","thread":"main","time":"2026-10-06T12:13:52.562768Z","file":"unpack-trees.c","line":1905,"repo":1,"nesting":1,"category":"unpack_trees","label":"unpack_trees"}
{"event":"region_enter","sid":"20261006T121352.561405Z-Ha9d4ceab-P000113f1","thread":"main","time":"2026-10-06T12:13:52.562837Z","file":"unpack-trees.c","line":2009,"repo":1,"nesting":2,"category":"unpack_trees","label":"traverse_trees"}
{"event":"region_leave","sid":"20261006T121352.561405Z-Ha9d4ceab-P000113f1","thread":"main","time":"2026-10-06T12:13:52.562936Z","file":"unpack-trees.c","line":2011,"repo":1,"t_rel":0.000100,"nesting":2,"category":"unpack_trees","label":"traverse_trees"}
{"event":"region_leave","sid":"20261006T121352.561405Z-Ha9d4ceab-P000113f1","thread":"main","time":"2026-10-06T12:13:52.562943Z","file":"unpack-trees.c","line":2108,"repo":1,"t_rel":0.000176,"nesting":1,"category":"unpack_trees","label":"unpack_trees"}
{"event":"exit","sid":"20261006T121352.561405Z-Ha9d4ceab-P000113f1","thread":"main","time":"2026-10-06T12:13:52.562952Z","file":"git.c","line":747,"t_abs":0.001823,"code":0}
{"event":"data_json","sid":"20261006T121352.561405Z-Ha9d4ceab-P000113f1","thread":"main","time":"2026-10-06T12:13:52.562957Z","file":"tree-walk.c","line":186,"repo":1,"t_abs":0.001828,"t_rel":0.001828,"nesting":1,"category":"traverse_trees","key":"statistics","value":{"traverse_trees_count":1,"traverse_trees_max_depth":1}}
{"event":"atexit","sid":"20261006T121352.561405Z-Ha9d4ceab-P000113f1","thread":"main","time":"2026-10-06T12:13:52.562961Z","file":"trace2/tr2_tgt_event.c","line":207,"t_abs":0.001832,"code":0}
{"event":"version","sid":"20261006T121352.573445Z-Ha9d4ceab-P000113f7","thread":"main","time":"2026-10-06T12:13:52.573740Z","file":"common-init.c","line":57,"evt":"4","exe":"2.50.1 (Apple Git-155)"}
{"event":"start","sid":"20261006T121352.573445Z-Ha9d4ceab-P000113f7","thread":"main","time":"2026-10-06T12:13:52.573758Z","file":"common-init.c","line":58,"t_abs":0.000530,"argv":["/Library/Developer/CommandLineTools/usr/bin/git","-C","/var/folders/f1/2xjyyqkn5plc19fx4nt4tpt00000gn/T/dperf03-git-yr1peE/0","ls-files","--others","--exclude-standard","-z"]}
{"event":"def_repo","sid":"20261006T121352.573445Z-Ha9d4ceab-P000113f7","thread":"main","time":"2026-10-06T12:13:52.573913Z","file":"repository.c","line":241,"repo":1,"worktree":"/private/var/folders/f1/2xjyyqkn5plc19fx4nt4tpt00000gn/T/dperf03-git-yr1peE/0"}
{"event":"cmd_name","sid":"20261006T121352.573445Z-Ha9d4ceab-P000113f7","thread":"main","time":"2026-10-06T12:13:52.574027Z","file":"git.c","line":477,"name":"ls-files","hierarchy":"ls-files"}
{"event":"region_enter","sid":"20261006T121352.573445Z-Ha9d4ceab-P000113f7","thread":"main","time":"2026-10-06T12:13:52.574118Z","file":"read-cache.c","line":2357,"repo":1,"nesting":1,"category":"index","label":"do_read_index","msg":".git/index"}
{"event":"region_enter","sid":"20261006T121352.573445Z-Ha9d4ceab-P000113f7","thread":"main","time":"2026-10-06T12:13:52.574145Z","file":"cache-tree.c","line":643,"repo":1,"nesting":2,"category":"cache_tree","label":"read"}
{"event":"region_leave","sid":"20261006T121352.573445Z-Ha9d4ceab-P000113f7","thread":"main","time":"2026-10-06T12:13:52.574151Z","file":"cache-tree.c","line":645,"repo":1,"t_rel":0.000006,"nesting":2,"category":"cache_tree","label":"read"}
{"event":"data","sid":"20261006T121352.573445Z-Ha9d4ceab-P000113f7","thread":"main","time":"2026-10-06T12:13:52.574157Z","file":"read-cache.c","line":2306,"repo":1,"t_abs":0.000930,"t_rel":0.000039,"nesting":2,"category":"index","key":"read/version","value":"2"}
{"event":"data","sid":"20261006T121352.573445Z-Ha9d4ceab-P000113f7","thread":"main","time":"2026-10-06T12:13:52.574164Z","file":"read-cache.c","line":2308,"repo":1,"t_abs":0.000936,"t_rel":0.000045,"nesting":2,"category":"index","key":"read/cache_nr","value":"1"}
{"event":"region_leave","sid":"20261006T121352.573445Z-Ha9d4ceab-P000113f7","thread":"main","time":"2026-10-06T12:13:52.574168Z","file":"read-cache.c","line":2362,"repo":1,"t_rel":0.000050,"nesting":1,"category":"index","label":"do_read_index","msg":".git/index"}
{"event":"region_enter","sid":"20261006T121352.573445Z-Ha9d4ceab-P000113f7","thread":"main","time":"2026-10-06T12:13:52.574238Z","file":"dir.c","line":3090,"repo":1,"nesting":1,"category":"dir","label":"read_directory"}
{"event":"region_enter","sid":"20261006T121352.573445Z-Ha9d4ceab-P000113f7","thread":"main","time":"2026-10-06T12:13:52.574662Z","file":"name-hash.c","line":597,"repo":1,"nesting":2,"category":"index","label":"name-hash-init"}
{"event":"region_leave","sid":"20261006T121352.573445Z-Ha9d4ceab-P000113f7","thread":"main","time":"2026-10-06T12:13:52.574674Z","file":"name-hash.c","line":618,"repo":1,"t_rel":0.000013,"nesting":2,"category":"index","label":"name-hash-init"}
{"event":"data","sid":"20261006T121352.573445Z-Ha9d4ceab-P000113f7","thread":"main","time":"2026-10-06T12:13:52.574681Z","file":"dir.c","line":3058,"repo":1,"t_abs":0.001453,"t_rel":0.000442,"nesting":2,"category":"read_directory","key":"path","value":""}
{"event":"data","sid":"20261006T121352.573445Z-Ha9d4ceab-P000113f7","thread":"main","time":"2026-10-06T12:13:52.574689Z","file":"dir.c","line":3067,"repo":1,"t_abs":0.001460,"t_rel":0.000449,"nesting":2,"category":"read_directory","key":"directories-visited","value":"1"}
{"event":"data","sid":"20261006T121352.573445Z-Ha9d4ceab-P000113f7","thread":"main","time":"2026-10-06T12:13:52.574696Z","file":"dir.c","line":3069,"repo":1,"t_abs":0.001468,"t_rel":0.000457,"nesting":2,"category":"read_directory","key":"paths-visited","value":"2"}
{"event":"region_leave","sid":"20261006T121352.573445Z-Ha9d4ceab-P000113f7","thread":"main","time":"2026-10-06T12:13:52.574717Z","file":"dir.c","line":3113,"repo":1,"t_rel":0.000477,"nesting":1,"category":"dir","label":"read_directory"}
{"event":"exit","sid":"20261006T121352.573445Z-Ha9d4ceab-P000113f7","thread":"main","time":"2026-10-06T12:13:52.574725Z","file":"git.c","line":747,"t_abs":0.001497,"code":0}
{"event":"atexit","sid":"20261006T121352.573445Z-Ha9d4ceab-P000113f7","thread":"main","time":"2026-10-06T12:13:52.574729Z","file":"trace2/tr2_tgt_event.c","line":207,"t_abs":0.001501,"code":0}
{"event":"version","sid":"20261006T121352.585272Z-Ha9d4ceab-P000113fd","thread":"main","time":"2026-10-06T12:13:52.585563Z","file":"common-init.c","line":57,"evt":"4","exe":"2.50.1 (Apple Git-155)"}
{"event":"start","sid":"20261006T121352.585272Z-Ha9d4ceab-P000113fd","thread":"main","time":"2026-10-06T12:13:52.585582Z","file":"common-init.c","line":58,"t_abs":0.000538,"argv":["/Library/Developer/CommandLineTools/usr/bin/git","-C","/var/folders/f1/2xjyyqkn5plc19fx4nt4tpt00000gn/T/dperf03-git-yr1peE/0","rev-parse","HEAD"]}
{"event":"cmd_name","sid":"20261006T121352.585272Z-Ha9d4ceab-P000113fd","thread":"main","time":"2026-10-06T12:13:52.585623Z","file":"git.c","line":477,"name":"rev-parse","hierarchy":"rev-parse"}
{"event":"def_repo","sid":"20261006T121352.585272Z-Ha9d4ceab-P000113fd","thread":"main","time":"2026-10-06T12:13:52.585741Z","file":"repository.c","line":241,"repo":1,"worktree":"/private/var/folders/f1/2xjyyqkn5plc19fx4nt4tpt00000gn/T/dperf03-git-yr1peE/0"}
{"event":"exit","sid":"20261006T121352.585272Z-Ha9d4ceab-P000113fd","thread":"main","time":"2026-10-06T12:13:52.585936Z","file":"git.c","line":747,"t_abs":0.000892,"code":0}
{"event":"atexit","sid":"20261006T121352.585272Z-Ha9d4ceab-P000113fd","thread":"main","time":"2026-10-06T12:13:52.585942Z","file":"trace2/tr2_tgt_event.c","line":207,"t_abs":0.000899,"code":0}
{"event":"version","sid":"20261006T121352.607433Z-Ha9d4ceab-P00011409","thread":"main","time":"2026-10-06T12:13:52.607770Z","file":"common-init.c","line":57,"evt":"4","exe":"2.50.1 (Apple Git-155)"}
{"event":"start","sid":"20261006T121352.607433Z-Ha9d4ceab-P00011409","thread":"main","time":"2026-10-06T12:13:52.607788Z","file":"common-init.c","line":58,"t_abs":0.000582,"argv":["/Library/Developer/CommandLineTools/usr/bin/git","-C","/var/folders/f1/2xjyyqkn5plc19fx4nt4tpt00000gn/T/dperf03-git-yr1peE/0","diff","--name-only","-z","--no-renames","2d90634e5b3cf8435d80266b1d05dc298b4d9339","--"]}
{"event":"cmd_name","sid":"20261006T121352.607433Z-Ha9d4ceab-P00011409","thread":"main","time":"2026-10-06T12:13:52.607834Z","file":"git.c","line":477,"name":"diff","hierarchy":"diff"}
{"event":"version","sid":"20261006T121352.607433Z-Ha9d4ceab-P0001140f","thread":"main","time":"2026-10-06T12:13:52.607904Z","file":"common-init.c","line":57,"evt":"4","exe":"2.50.1 (Apple Git-155)"}
{"event":"start","sid":"20261006T121352.607433Z-Ha9d4ceab-P0001140f","thread":"main","time":"2026-10-06T12:13:52.607912Z","file":"common-init.c","line":58,"t_abs":0.000727,"argv":["/Library/Developer/CommandLineTools/usr/bin/git","-C","/var/folders/f1/2xjyyqkn5plc19fx4nt4tpt00000gn/T/dperf03-git-yr1peE/0","ls-files","--others","--exclude-standard","-z"]}
{"event":"def_repo","sid":"20261006T121352.607433Z-Ha9d4ceab-P00011409","thread":"main","time":"2026-10-06T12:13:52.607932Z","file":"repository.c","line":241,"repo":1,"worktree":"/private/var/folders/f1/2xjyyqkn5plc19fx4nt4tpt00000gn/T/dperf03-git-yr1peE/0"}
{"event":"def_repo","sid":"20261006T121352.607433Z-Ha9d4ceab-P0001140f","thread":"main","time":"2026-10-06T12:13:52.608051Z","file":"repository.c","line":241,"repo":1,"worktree":"/private/var/folders/f1/2xjyyqkn5plc19fx4nt4tpt00000gn/T/dperf03-git-yr1peE/0"}
{"event":"cmd_name","sid":"20261006T121352.607433Z-Ha9d4ceab-P0001140f","thread":"main","time":"2026-10-06T12:13:52.608169Z","file":"git.c","line":477,"name":"ls-files","hierarchy":"ls-files"}
{"event":"region_enter","sid":"20261006T121352.607433Z-Ha9d4ceab-P0001140f","thread":"main","time":"2026-10-06T12:13:52.608259Z","file":"read-cache.c","line":2357,"repo":1,"nesting":1,"category":"index","label":"do_read_index","msg":".git/index"}
{"event":"region_enter","sid":"20261006T121352.607433Z-Ha9d4ceab-P0001140f","thread":"main","time":"2026-10-06T12:13:52.608305Z","file":"cache-tree.c","line":643,"repo":1,"nesting":2,"category":"cache_tree","label":"read"}
{"event":"region_leave","sid":"20261006T121352.607433Z-Ha9d4ceab-P0001140f","thread":"main","time":"2026-10-06T12:13:52.608311Z","file":"cache-tree.c","line":645,"repo":1,"t_rel":0.000006,"nesting":2,"category":"cache_tree","label":"read"}
{"event":"data","sid":"20261006T121352.607433Z-Ha9d4ceab-P0001140f","thread":"main","time":"2026-10-06T12:13:52.608319Z","file":"read-cache.c","line":2306,"repo":1,"t_abs":0.001133,"t_rel":0.000060,"nesting":2,"category":"index","key":"read/version","value":"2"}
{"event":"data","sid":"20261006T121352.607433Z-Ha9d4ceab-P0001140f","thread":"main","time":"2026-10-06T12:13:52.608324Z","file":"read-cache.c","line":2308,"repo":1,"t_abs":0.001139,"t_rel":0.000066,"nesting":2,"category":"index","key":"read/cache_nr","value":"1"}
{"event":"region_leave","sid":"20261006T121352.607433Z-Ha9d4ceab-P0001140f","thread":"main","time":"2026-10-06T12:13:52.608330Z","file":"read-cache.c","line":2362,"repo":1,"t_rel":0.000072,"nesting":1,"category":"index","label":"do_read_index","msg":".git/index"}
{"event":"region_enter","sid":"20261006T121352.607433Z-Ha9d4ceab-P0001140f","thread":"main","time":"2026-10-06T12:13:52.608401Z","file":"dir.c","line":3090,"repo":1,"nesting":1,"category":"dir","label":"read_directory"}
{"event":"region_enter","sid":"20261006T121352.607433Z-Ha9d4ceab-P0001140f","thread":"main","time":"2026-10-06T12:13:52.608869Z","file":"name-hash.c","line":597,"repo":1,"nesting":2,"category":"index","label":"name-hash-init"}
{"event":"region_enter","sid":"20261006T121352.607433Z-Ha9d4ceab-P00011409","thread":"main","time":"2026-10-06T12:13:52.608878Z","file":"read-cache.c","line":2357,"repo":1,"nesting":1,"category":"index","label":"do_read_index","msg":".git/index"}
{"event":"region_leave","sid":"20261006T121352.607433Z-Ha9d4ceab-P0001140f","thread":"main","time":"2026-10-06T12:13:52.608889Z","file":"name-hash.c","line":618,"repo":1,"t_rel":0.000021,"nesting":2,"category":"index","label":"name-hash-init"}
{"event":"data","sid":"20261006T121352.607433Z-Ha9d4ceab-P0001140f","thread":"main","time":"2026-10-06T12:13:52.608901Z","file":"dir.c","line":3058,"repo":1,"t_abs":0.001715,"t_rel":0.000500,"nesting":2,"category":"read_directory","key":"path","value":""}
{"event":"data","sid":"20261006T121352.607433Z-Ha9d4ceab-P0001140f","thread":"main","time":"2026-10-06T12:13:52.608914Z","file":"dir.c","line":3067,"repo":1,"t_abs":0.001726,"t_rel":0.000511,"nesting":2,"category":"read_directory","key":"directories-visited","value":"1"}
{"event":"region_enter","sid":"20261006T121352.607433Z-Ha9d4ceab-P00011409","thread":"main","time":"2026-10-06T12:13:52.608921Z","file":"cache-tree.c","line":643,"repo":1,"nesting":2,"category":"cache_tree","label":"read"}
{"event":"data","sid":"20261006T121352.607433Z-Ha9d4ceab-P0001140f","thread":"main","time":"2026-10-06T12:13:52.608921Z","file":"dir.c","line":3069,"repo":1,"t_abs":0.001735,"t_rel":0.000520,"nesting":2,"category":"read_directory","key":"paths-visited","value":"2"}
{"event":"region_leave","sid":"20261006T121352.607433Z-Ha9d4ceab-P00011409","thread":"main","time":"2026-10-06T12:13:52.608927Z","file":"cache-tree.c","line":645,"repo":1,"t_rel":0.000007,"nesting":2,"category":"cache_tree","label":"read"}
{"event":"region_leave","sid":"20261006T121352.607433Z-Ha9d4ceab-P0001140f","thread":"main","time":"2026-10-06T12:13:52.608929Z","file":"dir.c","line":3113,"repo":1,"t_rel":0.000529,"nesting":1,"category":"dir","label":"read_directory"}
{"event":"data","sid":"20261006T121352.607433Z-Ha9d4ceab-P00011409","thread":"main","time":"2026-10-06T12:13:52.608935Z","file":"read-cache.c","line":2306,"repo":1,"t_abs":0.001729,"t_rel":0.000058,"nesting":2,"category":"index","key":"read/version","value":"2"}
{"event":"data","sid":"20261006T121352.607433Z-Ha9d4ceab-P00011409","thread":"main","time":"2026-10-06T12:13:52.608958Z","file":"read-cache.c","line":2308,"repo":1,"t_abs":0.001752,"t_rel":0.000081,"nesting":2,"category":"index","key":"read/cache_nr","value":"1"}
{"event":"exit","sid":"20261006T121352.607433Z-Ha9d4ceab-P0001140f","thread":"main","time":"2026-10-06T12:13:52.608939Z","file":"git.c","line":747,"t_abs":0.001753,"code":0}
{"event":"region_leave","sid":"20261006T121352.607433Z-Ha9d4ceab-P00011409","thread":"main","time":"2026-10-06T12:13:52.608964Z","file":"read-cache.c","line":2362,"repo":1,"t_rel":0.000087,"nesting":1,"category":"index","label":"do_read_index","msg":".git/index"}
{"event":"atexit","sid":"20261006T121352.607433Z-Ha9d4ceab-P0001140f","thread":"main","time":"2026-10-06T12:13:52.608971Z","file":"trace2/tr2_tgt_event.c","line":207,"t_abs":0.001785,"code":0}
{"event":"region_enter","sid":"20261006T121352.607433Z-Ha9d4ceab-P00011409","thread":"main","time":"2026-10-06T12:13:52.609007Z","file":"unpack-trees.c","line":1905,"repo":1,"nesting":1,"category":"unpack_trees","label":"unpack_trees"}
{"event":"region_enter","sid":"20261006T121352.607433Z-Ha9d4ceab-P00011409","thread":"main","time":"2026-10-06T12:13:52.609068Z","file":"unpack-trees.c","line":2009,"repo":1,"nesting":2,"category":"unpack_trees","label":"traverse_trees"}
{"event":"region_leave","sid":"20261006T121352.607433Z-Ha9d4ceab-P00011409","thread":"main","time":"2026-10-06T12:13:52.609155Z","file":"unpack-trees.c","line":2011,"repo":1,"t_rel":0.000088,"nesting":2,"category":"unpack_trees","label":"traverse_trees"}
{"event":"region_leave","sid":"20261006T121352.607433Z-Ha9d4ceab-P00011409","thread":"main","time":"2026-10-06T12:13:52.609163Z","file":"unpack-trees.c","line":2108,"repo":1,"t_rel":0.000157,"nesting":1,"category":"unpack_trees","label":"unpack_trees"}
{"event":"exit","sid":"20261006T121352.607433Z-Ha9d4ceab-P00011409","thread":"main","time":"2026-10-06T12:13:52.609173Z","file":"git.c","line":747,"t_abs":0.001968,"code":0}
{"event":"data_json","sid":"20261006T121352.607433Z-Ha9d4ceab-P00011409","thread":"main","time":"2026-10-06T12:13:52.609178Z","file":"tree-walk.c","line":186,"repo":1,"t_abs":0.001973,"t_rel":0.001973,"nesting":1,"category":"traverse_trees","key":"statistics","value":{"traverse_trees_count":1,"traverse_trees_max_depth":1}}
{"event":"atexit","sid":"20261006T121352.607433Z-Ha9d4ceab-P00011409","thread":"main","time":"2026-10-06T12:13:52.609183Z","file":"trace2/tr2_tgt_event.c","line":207,"t_abs":0.001977,"code":0}
{"event":"version","sid":"20261006T121352.619628Z-Ha9d4ceab-P00011415","thread":"main","time":"2026-10-06T12:13:52.619938Z","file":"common-init.c","line":57,"evt":"4","exe":"2.50.1 (Apple Git-155)"}
{"event":"start","sid":"20261006T121352.619628Z-Ha9d4ceab-P00011415","thread":"main","time":"2026-10-06T12:13:52.619959Z","file":"common-init.c","line":58,"t_abs":0.000543,"argv":["/Library/Developer/CommandLineTools/usr/bin/git","-C","/var/folders/f1/2xjyyqkn5plc19fx4nt4tpt00000gn/T/dperf03-git-yr1peE/0","rev-parse","HEAD"]}
{"event":"cmd_name","sid":"20261006T121352.619628Z-Ha9d4ceab-P00011415","thread":"main","time":"2026-10-06T12:13:52.620012Z","file":"git.c","line":477,"name":"rev-parse","hierarchy":"rev-parse"}
{"event":"def_repo","sid":"20261006T121352.619628Z-Ha9d4ceab-P00011415","thread":"main","time":"2026-10-06T12:13:52.620126Z","file":"repository.c","line":241,"repo":1,"worktree":"/private/var/folders/f1/2xjyyqkn5plc19fx4nt4tpt00000gn/T/dperf03-git-yr1peE/0"}
{"event":"exit","sid":"20261006T121352.619628Z-Ha9d4ceab-P00011415","thread":"main","time":"2026-10-06T12:13:52.620330Z","file":"git.c","line":747,"t_abs":0.000914,"code":0}
{"event":"atexit","sid":"20261006T121352.619628Z-Ha9d4ceab-P00011415","thread":"main","time":"2026-10-06T12:13:52.620336Z","file":"trace2/tr2_tgt_event.c","line":207,"t_abs":0.000921,"code":0}
