[
  {
    "name": "reads 199 ordered short dependencies once and records the actual SQL plan",
    "file": "/Users/citrine/Projects/AgentHarness/Flow-worktrees/goal-dependency-batch/apps/server/src/goals/dependency-content.pg.test.ts"
  },
  {
    "name": "keeps zero-query empty input and exact duplicate ordinals",
    "file": "/Users/citrine/Projects/AgentHarness/Flow-worktrees/goal-dependency-batch/apps/server/src/goals/dependency-content.pg.test.ts"
  },
  {
    "name": "includes the 48000-byte boundary and its complete crossing row",
    "file": "/Users/citrine/Projects/AgentHarness/Flow-worktrees/goal-dependency-batch/apps/server/src/goals/dependency-content.pg.test.ts"
  },
  {
    "name": "bounds returned legal content by 48000 plus one complete 1MiB artifact",
    "file": "/Users/citrine/Projects/AgentHarness/Flow-worktrees/goal-dependency-batch/apps/server/src/goals/dependency-content.pg.test.ts"
  },
  {
    "name": "preserves UTF16 sizing without normalizing Unicode or line endings",
    "file": "/Users/citrine/Projects/AgentHarness/Flow-worktrees/goal-dependency-batch/apps/server/src/goals/dependency-content.pg.test.ts"
  },
  {
    "name": "requires each of the four binding identities",
    "file": "/Users/citrine/Projects/AgentHarness/Flow-worktrees/goal-dependency-batch/apps/server/src/goals/dependency-content.pg.test.ts"
  },
  {
    "name": "preserves missing hash and length first-error order",
    "file": "/Users/citrine/Projects/AgentHarness/Flow-worktrees/goal-dependency-batch/apps/server/src/goals/dependency-content.pg.test.ts"
  },
  {
    "name": "rolls back caller writes and retains the existing project lock boundary",
    "file": "/Users/citrine/Projects/AgentHarness/Flow-worktrees/goal-dependency-batch/apps/server/src/goals/dependency-content.pg.test.ts"
  }
]
