Preparing actual old Web b1c2e39837c2208e6fc2c59a80e16797f26448b5
node:internal/errors:986
  const err = new Error(message);
              ^

Error: Command failed: git -C /Users/citrine/Projects/AgentHarness/Flow-worktrees/web-release-compatibility/ worktree add --detach /private/var/folders/f1/2xjyyqkn5plc19fx4nt4tpt00000gn/T/flow-release01-amyNNQ/new-source 8d8ab520a9d43c7b9dafb22911416ee79ebf665
fatal: invalid reference: 8d8ab520a9d43c7b9dafb22911416ee79ebf665

    at genericNodeError (node:internal/errors:986:15)
    at wrappedFn (node:internal/errors:540:14)
    at ChildProcess.exithandler (node:child_process:417:12)
    at ChildProcess.emit (node:events:514:28)
    at maybeClose (node:internal/child_process:1141:16)
    at Socket.<anonymous> (node:internal/child_process:498:11)
    at Socket.emit (node:events:514:28)
    at Pipe.<anonymous> (node:net:362:12) {
  code: 128,
  killed: false,
  signal: null,
  cmd: 'git -C /Users/citrine/Projects/AgentHarness/Flow-worktrees/web-release-compatibility/ worktree add --detach /private/var/folders/f1/2xjyyqkn5plc19fx4nt4tpt00000gn/T/flow-release01-amyNNQ/new-source 8d8ab520a9d43c7b9dafb22911416ee79ebf665',
  stdout: '',
  stderr: 'fatal: invalid reference: 8d8ab520a9d43c7b9dafb22911416ee79ebf665\n'
}

Node.js v24.20.0
