
 RUN  v4.0.18 /Users/citrine/Projects/AgentHarness/Flow-worktrees/runner-attempt-pool

 ❯ apps/runner/src/runtime-capacity.test.ts (12 tests | 1 failed) 5087ms
   ✓ defaults to one slot and explicitly overlaps four attempts without exceeding the local limit 247ms
   × honors a lower center capacity and isolates one adapter failure from other slots 4010ms
   ✓ cancels only the requested slot while the other attempt continues 105ms
   ✓ awaits every started adapter on host abort and on swallowed heartbeat authentication rejection  325ms
   ✓ stops every slot on event storage failure even if the adapter catches the rejected emit 76ms
   ✓ persists an unknown claim, lets a known slot finish, and refuses another claim after restart 197ms
   ✓ does not send a claim when its durable intent cannot be saved 6ms
   ✓ never replays an active outbox while another slot is being admitted 110ms
   ✓ rejects an invalid local slot limit 0 before admission 5ms
   ✓ rejects an invalid local slot limit 17 before admission 1ms
   ✓ rejects an invalid local slot limit 1.5 before admission 2ms
   ✓ rejects an invalid local slot limit NaN before admission 1ms

⎯⎯⎯⎯⎯⎯⎯ Failed Tests 1 ⎯⎯⎯⎯⎯⎯⎯

 FAIL  apps/runner/src/runtime-capacity.test.ts > honors a lower center capacity and isolates one adapter failure from other slots
Error: {"assigned":2,"claims":2,"outcomes":[["attempt-1","failed"]],"survivors":1,"notices":[{"type":"adapter-failed","attemptId":"attempt-1"},{"type":"recovery-waiting"}]}
 ❯ apps/runner/src/runtime-capacity.test.ts:86:120


Caused by: Error: Expected bounded runner behavior did not occur.
 ❯ eventually apps/runner/src/runtime-capacity.test.ts:17:62
 ❯ apps/runner/src/runtime-capacity.test.ts:86:9

⎯⎯⎯⎯⎯⎯⎯⎯⎯⎯⎯⎯⎯⎯⎯⎯⎯⎯⎯⎯⎯⎯⎯⎯[1/1]⎯


 Test Files  1 failed (1)
      Tests  1 failed | 11 passed (12)
   Start at  01:17:17
   Duration  5.34s (transform 112ms, setup 0ms, import 174ms, tests 5.09s, environment 0ms)

